

================================================================
== Vitis HLS Report for 'dup_strm_Pipeline_VITIS_LOOP_506_1'
================================================================
* Date:           Tue Oct 21 20:19:04 2025

* Version:        2024.2 (Build 5238294 on Nov  8 2024)
* Project:        hmac_sha256_test.prj
* Solution:       solution1 (Vivado IP Flow Target)
* Product family: zynq
* Target device:  xc7z020-clg484-1


================================================================
== Performance Estimates
================================================================
+ Timing: 
    * Summary: 
    +--------+----------+----------+------------+
    |  Clock |  Target  | Estimated| Uncertainty|
    +--------+----------+----------+------------+
    |ap_clk  |  15.00 ns|  7.452 ns|     1.50 ns|
    +--------+----------+----------+------------+

+ Latency: 
    * Summary: 
    +---------+---------+-----------+-----------+-----+-----+------------------------------------------------+
    |  Latency (cycles) |   Latency (absolute)  |  Interval |                    Pipeline                    |
    |   min   |   max   |    min    |    max    | min | max |                      Type                      |
    +---------+---------+-----------+-----------+-----+-----+------------------------------------------------+
    |        3|        3|  45.000 ns|  45.000 ns|    2|    2|  loop auto-rewind stp (delay=0 clock cycles(s))|
    +---------+---------+-----------+-----------+-----+-----+------------------------------------------------+

    + Detail: 
        * Instance: 
        N/A

        * Loop: 
        +--------------------+---------+---------+----------+-----------+-----------+------+----------+
        |                    |  Latency (cycles) | Iteration|  Initiation Interval  | Trip |          |
        |      Loop Name     |   min   |   max   |  Latency |  achieved |   target  | Count| Pipelined|
        +--------------------+---------+---------+----------+-----------+-----------+------+----------+
        |- VITIS_LOOP_506_1  |        1|        1|         2|          1|          1|     1|       yes|
        +--------------------+---------+---------+----------+-----------+-----------+------+----------+



================================================================
== Utilization Estimates
================================================================
* Summary: 
+-----------------+---------+-----+--------+-------+-----+
|       Name      | BRAM_18K| DSP |   FF   |  LUT  | URAM|
+-----------------+---------+-----+--------+-------+-----+
|DSP              |        -|    -|       -|      -|    -|
|Expression       |        -|    -|       0|     22|    -|
|FIFO             |        -|    -|       -|      -|    -|
|Instance         |        -|    -|       -|      -|    -|
|Memory           |        -|    -|       -|      -|    -|
|Multiplexer      |        -|    -|       0|     95|    -|
|Register         |        -|    -|       8|      -|    -|
+-----------------+---------+-----+--------+-------+-----+
|Total            |        0|    0|       8|    117|    0|
+-----------------+---------+-----+--------+-------+-----+
|Available        |      280|  220|  106400|  53200|    0|
+-----------------+---------+-----+--------+-------+-----+
|Utilization (%)  |        0|    0|      ~0|     ~0|    0|
+-----------------+---------+-----+--------+-------+-----+

+ Detail: 
    * Instance: 
    N/A

    * DSP: 
    N/A

    * Memory: 
    N/A

    * FIFO: 
    N/A

    * Expression: 
    +---------------------------------------+----------+----+---+----+------------+------------+
    |             Variable Name             | Operation| DSP| FF| LUT| Bitwidth P0| Bitwidth P1|
    +---------------------------------------+----------+----+---+----+------------+------------+
    |ap_block_pp0_stage0_01001_grp1         |       and|   0|  0|   2|           1|           1|
    |ap_block_pp0_stage0_01001_grp2         |       and|   0|  0|   2|           1|           1|
    |ap_block_pp0_stage0_01001_grp3         |       and|   0|  0|   2|           1|           1|
    |ap_block_state1_pp0_stage0_iter0       |       and|   0|  0|   2|           1|           1|
    |ap_block_state2_pp0_stage0_iter1_grp2  |       and|   0|  0|   2|           1|           1|
    |ap_block_state2_pp0_stage0_iter1_grp3  |       and|   0|  0|   2|           1|           1|
    |ap_condition_262                       |       and|   0|  0|   2|           1|           1|
    |ap_condition_267                       |       and|   0|  0|   2|           1|           1|
    |ap_block_pp0_stage0_11001              |        or|   0|  0|   2|           1|           1|
    |ap_block_state2_pp0_stage0_iter1_grp1  |        or|   0|  0|   2|           1|           1|
    |ap_enable_pp0                          |       xor|   0|  0|   2|           1|           2|
    +---------------------------------------+----------+----+---+----+------------+------------+
    |Total                                  |          |   0|  0|  22|          11|          12|
    +---------------------------------------+----------+----+---+----+------------+------------+

    * Multiplexer: 
    +------------------------------+----+-----------+-----+-----------+
    |             Name             | LUT| Input Size| Bits| Total Bits|
    +------------------------------+----+-----------+-----+-----------+
    |ap_done_int                   |   9|          2|    1|          2|
    |ap_enable_reg_pp0_iter1       |   9|          2|    1|          2|
    |ap_phi_mux_e_6_phi_fu_109_p4  |  14|          3|    1|          3|
    |e_6_reg_106                   |   9|          2|    1|          2|
    |end_nblk_strm1_blk_n          |   9|          2|    1|          2|
    |end_nblk_strm2_blk_n          |   9|          2|    1|          2|
    |end_nblk_strm_blk_n           |   9|          2|    1|          2|
    |nblk_strm1_blk_n              |   9|          2|    1|          2|
    |nblk_strm2_blk_n              |   9|          2|    1|          2|
    |nblk_strm_blk_n               |   9|          2|    1|          2|
    +------------------------------+----+-----------+-----+-----------+
    |Total                         |  95|         21|   10|         21|
    +------------------------------+----+-----------+-----+-----------+

    * Register: 
    +-------------------------------------------+---+----+-----+-----------+
    |                    Name                   | FF| LUT| Bits| Const Bits|
    +-------------------------------------------+---+----+-----+-----------+
    |ap_CS_fsm                                  |  1|   0|    1|          0|
    |ap_block_pp0_stage0_subdone_grp1_done_reg  |  1|   0|    1|          0|
    |ap_block_pp0_stage0_subdone_grp2_done_reg  |  1|   0|    1|          0|
    |ap_block_pp0_stage0_subdone_grp3_done_reg  |  1|   0|    1|          0|
    |ap_done_reg                                |  1|   0|    1|          0|
    |ap_enable_reg_pp0_iter1                    |  1|   0|    1|          0|
    |e_6_reg_106                                |  1|   0|    1|          0|
    |e_7_reg_117                                |  1|   0|    1|          0|
    +-------------------------------------------+---+----+-----+-----------+
    |Total                                      |  8|   0|    8|          0|
    +-------------------------------------------+---+----+-----+-----------+



================================================================
== Interface
================================================================
* Summary: 
+-------------------------------+-----+-----+------------+------------------------------------+--------------+
|           RTL Ports           | Dir | Bits|  Protocol  |            Source Object           |    C Type    |
+-------------------------------+-----+-----+------------+------------------------------------+--------------+
|ap_clk                         |   in|    1|  ap_ctrl_hs|  dup_strm_Pipeline_VITIS_LOOP_506_1|  return value|
|ap_rst                         |   in|    1|  ap_ctrl_hs|  dup_strm_Pipeline_VITIS_LOOP_506_1|  return value|
|ap_start                       |   in|    1|  ap_ctrl_hs|  dup_strm_Pipeline_VITIS_LOOP_506_1|  return value|
|ap_done                        |  out|    1|  ap_ctrl_hs|  dup_strm_Pipeline_VITIS_LOOP_506_1|  return value|
|ap_idle                        |  out|    1|  ap_ctrl_hs|  dup_strm_Pipeline_VITIS_LOOP_506_1|  return value|
|ap_ready                       |  out|    1|  ap_ctrl_hs|  dup_strm_Pipeline_VITIS_LOOP_506_1|  return value|
|end_nblk_strm_dout             |   in|    1|     ap_fifo|                       end_nblk_strm|       pointer|
|end_nblk_strm_empty_n          |   in|    1|     ap_fifo|                       end_nblk_strm|       pointer|
|end_nblk_strm_read             |  out|    1|     ap_fifo|                       end_nblk_strm|       pointer|
|end_nblk_strm_num_data_valid   |   in|    6|     ap_fifo|                       end_nblk_strm|       pointer|
|end_nblk_strm_fifo_cap         |   in|    6|     ap_fifo|                       end_nblk_strm|       pointer|
|nblk_strm_dout                 |   in|   64|     ap_fifo|                           nblk_strm|       pointer|
|nblk_strm_empty_n              |   in|    1|     ap_fifo|                           nblk_strm|       pointer|
|nblk_strm_read                 |  out|    1|     ap_fifo|                           nblk_strm|       pointer|
|nblk_strm_num_data_valid       |   in|    6|     ap_fifo|                           nblk_strm|       pointer|
|nblk_strm_fifo_cap             |   in|    6|     ap_fifo|                           nblk_strm|       pointer|
|nblk_strm1_din                 |  out|   64|     ap_fifo|                          nblk_strm1|       pointer|
|nblk_strm1_full_n              |   in|    1|     ap_fifo|                          nblk_strm1|       pointer|
|nblk_strm1_write               |  out|    1|     ap_fifo|                          nblk_strm1|       pointer|
|nblk_strm1_num_data_valid      |   in|   32|     ap_fifo|                          nblk_strm1|       pointer|
|nblk_strm1_fifo_cap            |   in|   32|     ap_fifo|                          nblk_strm1|       pointer|
|end_nblk_strm1_din             |  out|    1|     ap_fifo|                      end_nblk_strm1|       pointer|
|end_nblk_strm1_full_n          |   in|    1|     ap_fifo|                      end_nblk_strm1|       pointer|
|end_nblk_strm1_write           |  out|    1|     ap_fifo|                      end_nblk_strm1|       pointer|
|end_nblk_strm1_num_data_valid  |   in|   32|     ap_fifo|                      end_nblk_strm1|       pointer|
|end_nblk_strm1_fifo_cap        |   in|   32|     ap_fifo|                      end_nblk_strm1|       pointer|
|nblk_strm2_din                 |  out|   64|     ap_fifo|                          nblk_strm2|       pointer|
|nblk_strm2_full_n              |   in|    1|     ap_fifo|                          nblk_strm2|       pointer|
|nblk_strm2_write               |  out|    1|     ap_fifo|                          nblk_strm2|       pointer|
|nblk_strm2_num_data_valid      |   in|   32|     ap_fifo|                          nblk_strm2|       pointer|
|nblk_strm2_fifo_cap            |   in|   32|     ap_fifo|                          nblk_strm2|       pointer|
|end_nblk_strm2_din             |  out|    1|     ap_fifo|                      end_nblk_strm2|       pointer|
|end_nblk_strm2_full_n          |   in|    1|     ap_fifo|                      end_nblk_strm2|       pointer|
|end_nblk_strm2_write           |  out|    1|     ap_fifo|                      end_nblk_strm2|       pointer|
|end_nblk_strm2_num_data_valid  |   in|   32|     ap_fifo|                      end_nblk_strm2|       pointer|
|end_nblk_strm2_fifo_cap        |   in|   32|     ap_fifo|                      end_nblk_strm2|       pointer|
|e                              |   in|    1|     ap_none|                                   e|        scalar|
+-------------------------------+-----+-----+------------+------------------------------------+--------------+

