

================================================================
== Vitis HLS Report for 'dup_strm'
================================================================
* Date:           Tue Oct 21 20:19:05 2025

* Version:        2024.2 (Build 5238294 on Nov  8 2024)
* Project:        hmac_sha256_test.prj
* Solution:       solution1 (Vivado IP Flow Target)
* Product family: zynq
* Target device:  xc7z020-clg484-1


================================================================
== Performance Estimates
================================================================
+ Timing: 
    * Summary: 
    +--------+----------+----------+------------+
    |  Clock |  Target  | Estimated| Uncertainty|
    +--------+----------+----------+------------+
    |ap_clk  |  15.00 ns|  7.452 ns|     1.50 ns|
    +--------+----------+----------+------------+

+ Latency: 
    * Summary: 
    +---------+---------+-----------+-----------+-----+-----+---------+
    |  Latency (cycles) |   Latency (absolute)  |  Interval | Pipeline|
    |   min   |   max   |    min    |    max    | min | max |   Type  |
    +---------+---------+-----------+-----------+-----+-----+---------+
    |        6|        6|  90.000 ns|  90.000 ns|    6|    6|       no|
    +---------+---------+-----------+-----------+-----+-----+---------+

    + Detail: 
        * Instance: 
        +----------------------------------------------+------------------------------------+---------+---------+-----------+-----------+-----+-----+------------------------------------------------+
        |                                              |                                    |  Latency (cycles) |   Latency (absolute)  |  Interval |                    Pipeline                    |
        |                   Instance                   |               Module               |   min   |   max   |    min    |    max    | min | max |                      Type                      |
        +----------------------------------------------+------------------------------------+---------+---------+-----------+-----------+-----+-----+------------------------------------------------+
        |grp_dup_strm_Pipeline_VITIS_LOOP_506_1_fu_62  |dup_strm_Pipeline_VITIS_LOOP_506_1  |        3|        3|  45.000 ns|  45.000 ns|    2|    2|  loop auto-rewind stp (delay=0 clock cycles(s))|
        +----------------------------------------------+------------------------------------+---------+---------+-----------+-----------+-----+-----+------------------------------------------------+

        * Loop: 
        N/A



================================================================
== Utilization Estimates
================================================================
* Summary: 
+-----------------+---------+-----+--------+-------+-----+
|       Name      | BRAM_18K| DSP |   FF   |  LUT  | URAM|
+-----------------+---------+-----+--------+-------+-----+
|DSP              |        -|    -|       -|      -|    -|
|Expression       |        -|    -|       0|      4|    -|
|FIFO             |        -|    -|       -|      -|    -|
|Instance         |        -|    -|       8|    117|    -|
|Memory           |        -|    -|       -|      -|    -|
|Multiplexer      |        -|    -|       0|    130|    -|
|Register         |        -|    -|       8|      -|    -|
+-----------------+---------+-----+--------+-------+-----+
|Total            |        0|    0|      16|    251|    0|
+-----------------+---------+-----+--------+-------+-----+
|Available        |      280|  220|  106400|  53200|    0|
+-----------------+---------+-----+--------+-------+-----+
|Utilization (%)  |        0|    0|      ~0|     ~0|    0|
+-----------------+---------+-----+--------+-------+-----+

+ Detail: 
    * Instance: 
    +----------------------------------------------+------------------------------------+---------+----+---+-----+-----+
    |                   Instance                   |               Module               | BRAM_18K| DSP| FF| LUT | URAM|
    +----------------------------------------------+------------------------------------+---------+----+---+-----+-----+
    |grp_dup_strm_Pipeline_VITIS_LOOP_506_1_fu_62  |dup_strm_Pipeline_VITIS_LOOP_506_1  |        0|   0|  8|  117|    0|
    +----------------------------------------------+------------------------------------+---------+----+---+-----+-----+
    |Total                                         |                                    |        0|   0|  8|  117|    0|
    +----------------------------------------------+------------------------------------+---------+----+---+-----+-----+

    * DSP: 
    N/A

    * Memory: 
    N/A

    * FIFO: 
    N/A

    * Expression: 
    +-----------------+----------+----+---+----+------------+------------+
    |  Variable Name  | Operation| DSP| FF| LUT| Bitwidth P0| Bitwidth P1|
    +-----------------+----------+----+---+----+------------+------------+
    |ap_block_state1  |        or|   0|  0|   2|           1|           1|
    |ap_block_state4  |        or|   0|  0|   2|           1|           1|
    +-----------------+----------+----+---+----+------------+------------+
    |Total            |          |   0|  0|   4|           2|           2|
    +-----------------+----------+----+---+----+------------+------------+

    * Multiplexer: 
    +----------------------+----+-----------+-----+-----------+
    |         Name         | LUT| Input Size| Bits| Total Bits|
    +----------------------+----+-----------+-----+-----------+
    |ap_NS_fsm             |  25|          5|    1|          5|
    |ap_done               |   9|          2|    1|          2|
    |end_nblk_strm1_blk_n  |   9|          2|    1|          2|
    |end_nblk_strm1_din    |   9|          2|    1|          2|
    |end_nblk_strm1_write  |  14|          3|    1|          3|
    |end_nblk_strm2_blk_n  |   9|          2|    1|          2|
    |end_nblk_strm2_din    |   9|          2|    1|          2|
    |end_nblk_strm2_write  |  14|          3|    1|          3|
    |end_nblk_strm_blk_n   |   9|          2|    1|          2|
    |end_nblk_strm_read    |  14|          3|    1|          3|
    |real_start            |   9|          2|    1|          2|
    +----------------------+----+-----------+-----+-----------+
    |Total                 | 130|         28|   11|         28|
    +----------------------+----+-----------+-----+-----------+

    * Register: 
    +-----------------------------------------------------------+---+----+-----+-----------+
    |                            Name                           | FF| LUT| Bits| Const Bits|
    +-----------------------------------------------------------+---+----+-----+-----------+
    |ap_CS_fsm                                                  |  4|   0|    4|          0|
    |ap_done_reg                                                |  1|   0|    1|          0|
    |e_reg_121                                                  |  1|   0|    1|          0|
    |grp_dup_strm_Pipeline_VITIS_LOOP_506_1_fu_62_ap_start_reg  |  1|   0|    1|          0|
    |start_once_reg                                             |  1|   0|    1|          0|
    +-----------------------------------------------------------+---+----+-----+-----------+
    |Total                                                      |  8|   0|    8|          0|
    +-----------------------------------------------------------+---+----+-----+-----------+



================================================================
== Interface
================================================================
* Summary: 
+-------------------------------+-----+-----+------------+----------------+--------------+
|           RTL Ports           | Dir | Bits|  Protocol  |  Source Object |    C Type    |
+-------------------------------+-----+-----+------------+----------------+--------------+
|ap_clk                         |   in|    1|  ap_ctrl_hs|        dup_strm|  return value|
|ap_rst                         |   in|    1|  ap_ctrl_hs|        dup_strm|  return value|
|ap_start                       |   in|    1|  ap_ctrl_hs|        dup_strm|  return value|
|start_full_n                   |   in|    1|  ap_ctrl_hs|        dup_strm|  return value|
|ap_done                        |  out|    1|  ap_ctrl_hs|        dup_strm|  return value|
|ap_continue                    |   in|    1|  ap_ctrl_hs|        dup_strm|  return value|
|ap_idle                        |  out|    1|  ap_ctrl_hs|        dup_strm|  return value|
|ap_ready                       |  out|    1|  ap_ctrl_hs|        dup_strm|  return value|
|start_out                      |  out|    1|  ap_ctrl_hs|        dup_strm|  return value|
|start_write                    |  out|    1|  ap_ctrl_hs|        dup_strm|  return value|
|nblk_strm_dout                 |   in|   64|     ap_fifo|       nblk_strm|       pointer|
|nblk_strm_empty_n              |   in|    1|     ap_fifo|       nblk_strm|       pointer|
|nblk_strm_read                 |  out|    1|     ap_fifo|       nblk_strm|       pointer|
|nblk_strm_num_data_valid       |   in|    6|     ap_fifo|       nblk_strm|       pointer|
|nblk_strm_fifo_cap             |   in|    6|     ap_fifo|       nblk_strm|       pointer|
|end_nblk_strm_dout             |   in|    1|     ap_fifo|   end_nblk_strm|       pointer|
|end_nblk_strm_empty_n          |   in|    1|     ap_fifo|   end_nblk_strm|       pointer|
|end_nblk_strm_read             |  out|    1|     ap_fifo|   end_nblk_strm|       pointer|
|end_nblk_strm_num_data_valid   |   in|    6|     ap_fifo|   end_nblk_strm|       pointer|
|end_nblk_strm_fifo_cap         |   in|    6|     ap_fifo|   end_nblk_strm|       pointer|
|nblk_strm1_din                 |  out|   64|     ap_fifo|      nblk_strm1|       pointer|
|nblk_strm1_full_n              |   in|    1|     ap_fifo|      nblk_strm1|       pointer|
|nblk_strm1_write               |  out|    1|     ap_fifo|      nblk_strm1|       pointer|
|nblk_strm1_num_data_valid      |   in|   32|     ap_fifo|      nblk_strm1|       pointer|
|nblk_strm1_fifo_cap            |   in|   32|     ap_fifo|      nblk_strm1|       pointer|
|end_nblk_strm1_din             |  out|    1|     ap_fifo|  end_nblk_strm1|       pointer|
|end_nblk_strm1_full_n          |   in|    1|     ap_fifo|  end_nblk_strm1|       pointer|
|end_nblk_strm1_write           |  out|    1|     ap_fifo|  end_nblk_strm1|       pointer|
|end_nblk_strm1_num_data_valid  |   in|   32|     ap_fifo|  end_nblk_strm1|       pointer|
|end_nblk_strm1_fifo_cap        |   in|   32|     ap_fifo|  end_nblk_strm1|       pointer|
|nblk_strm2_din                 |  out|   64|     ap_fifo|      nblk_strm2|       pointer|
|nblk_strm2_full_n              |   in|    1|     ap_fifo|      nblk_strm2|       pointer|
|nblk_strm2_write               |  out|    1|     ap_fifo|      nblk_strm2|       pointer|
|nblk_strm2_num_data_valid      |   in|   32|     ap_fifo|      nblk_strm2|       pointer|
|nblk_strm2_fifo_cap            |   in|   32|     ap_fifo|      nblk_strm2|       pointer|
|end_nblk_strm2_din             |  out|    1|     ap_fifo|  end_nblk_strm2|       pointer|
|end_nblk_strm2_full_n          |   in|    1|     ap_fifo|  end_nblk_strm2|       pointer|
|end_nblk_strm2_write           |  out|    1|     ap_fifo|  end_nblk_strm2|       pointer|
|end_nblk_strm2_num_data_valid  |   in|   32|     ap_fifo|  end_nblk_strm2|       pointer|
|end_nblk_strm2_fifo_cap        |   in|   32|     ap_fifo|  end_nblk_strm2|       pointer|
+-------------------------------+-----+-----+------------+----------------+--------------+

