

================================================================
== Vitis HLS Report for 'generateMsgSchedule'
================================================================
* Date:           Sat Oct 18 18:24:32 2025

* Version:        2024.2 (Build 5238294 on Nov  8 2024)
* Project:        hmac_sha256_test.prj
* Solution:       solution1 (Vivado IP Flow Target)
* Product family: zynq
* Target device:  xc7z020-clg484-1


================================================================
== Performance Estimates
================================================================
+ Timing: 
    * Summary: 
    +--------+---------+----------+------------+
    |  Clock |  Target | Estimated| Uncertainty|
    +--------+---------+----------+------------+
    |ap_clk  |  3.33 ns|  7.847 ns|     1.05 ns|
    +--------+---------+----------+------------+

+ Latency: 
    * Summary: 
    +---------+---------+----------+----------+-----+-----+---------+
    |  Latency (cycles) |  Latency (absolute) |  Interval | Pipeline|
    |   min   |   max   |    min   |    max   | min | max |   Type  |
    +---------+---------+----------+----------+-----+-----+---------+
    |        ?|        ?|         ?|         ?|    ?|    ?|       no|
    +---------+---------+----------+----------+-----+-----+---------+

    + Detail: 
        * Instance: 
        +------------------------------------------------------------------+-------------------------------------------------------+---------+---------+-----------+-----------+-----+-----+------------------------------------------------+
        |                                                                  |                                                       |  Latency (cycles) |   Latency (absolute)  |  Interval |                    Pipeline                    |
        |                             Instance                             |                         Module                        |   min   |   max   |    min    |    max    | min | max |                      Type                      |
        +------------------------------------------------------------------+-------------------------------------------------------+---------+---------+-----------+-----------+-----+-----+------------------------------------------------+
        |grp_generateMsgSchedule_Pipeline_LOOP_SHA256_PREPARE_WT16_fu_223  |generateMsgSchedule_Pipeline_LOOP_SHA256_PREPARE_WT16  |       18|       18|  89.208 ns|  89.208 ns|   17|   17|  loop auto-rewind stp (delay=0 clock cycles(s))|
        |grp_generateMsgSchedule_Pipeline_LOOP_SHA256_PREPARE_WT64_fu_261  |generateMsgSchedule_Pipeline_LOOP_SHA256_PREPARE_WT64  |       51|       51|   0.400 us|   0.400 us|   49|   49|  loop auto-rewind stp (delay=0 clock cycles(s))|
        +------------------------------------------------------------------+-------------------------------------------------------+---------+---------+-----------+-----------+-----+-----+------------------------------------------------+

        * Loop: 
        +---------------------+---------+---------+----------+-----------+-----------+------+----------+
        |                     |  Latency (cycles) | Iteration|  Initiation Interval  | Trip |          |
        |      Loop Name      |   min   |   max   |  Latency |  achieved |   target  | Count| Pipelined|
        +---------------------+---------+---------+----------+-----------+-----------+------+----------+
        |- VITIS_LOOP_528_1   |        ?|        ?|         ?|          -|          -|     ?|        no|
        | + VITIS_LOOP_530_2  |        ?|        ?|        77|          -|          -|     ?|        no|
        +---------------------+---------+---------+----------+-----------+-----------+------+----------+



================================================================
== Utilization Estimates
================================================================
* Summary: 
+-----------------+---------+-----+--------+-------+-----+
|       Name      | BRAM_18K| DSP |   FF   |  LUT  | URAM|
+-----------------+---------+-----+--------+-------+-----+
|DSP              |        -|    -|       -|      -|    -|
|Expression       |        -|    -|       0|      4|    -|
|FIFO             |        -|    -|       -|      -|    -|
|Instance         |        -|    1|    2123|    706|    -|
|Memory           |        -|    -|       -|      -|    -|
|Multiplexer      |        -|    -|       0|    142|    -|
|Register         |        -|    -|     721|      -|    -|
+-----------------+---------+-----+--------+-------+-----+
|Total            |        0|    1|    2844|    852|    0|
+-----------------+---------+-----+--------+-------+-----+
|Available        |      280|  220|  106400|  53200|    0|
+-----------------+---------+-----+--------+-------+-----+
|Utilization (%)  |        0|   ~0|       2|      1|    0|
+-----------------+---------+-----+--------+-------+-----+

+ Detail: 
    * Instance: 
    +------------------------------------------------------------------+-------------------------------------------------------+---------+----+-----+-----+-----+
    |                             Instance                             |                         Module                        | BRAM_18K| DSP|  FF | LUT | URAM|
    +------------------------------------------------------------------+-------------------------------------------------------+---------+----+-----+-----+-----+
    |add_64ns_64ns_64_3_1_U133                                         |add_64ns_64ns_64_3_1                                   |        0|   0|  389|   66|    0|
    |grp_generateMsgSchedule_Pipeline_LOOP_SHA256_PREPARE_WT16_fu_223  |generateMsgSchedule_Pipeline_LOOP_SHA256_PREPARE_WT16  |        0|   0|  524|  141|    0|
    |grp_generateMsgSchedule_Pipeline_LOOP_SHA256_PREPARE_WT64_fu_261  |generateMsgSchedule_Pipeline_LOOP_SHA256_PREPARE_WT64  |        0|   1|  821|  433|    0|
    |icmp_64ns_64ns_1_3_1_U132                                         |icmp_64ns_64ns_1_3_1                                   |        0|   0|  389|   66|    0|
    +------------------------------------------------------------------+-------------------------------------------------------+---------+----+-----+-----+-----+
    |Total                                                             |                                                       |        0|   1| 2123|  706|    0|
    +------------------------------------------------------------------+-------------------------------------------------------+---------+----+-----+-----+-----+

    * DSP: 
    N/A

    * Memory: 
    N/A

    * FIFO: 
    N/A

    * Expression: 
    +-----------------+----------+----+---+----+------------+------------+
    |  Variable Name  | Operation| DSP| FF| LUT| Bitwidth P0| Bitwidth P1|
    +-----------------+----------+----+---+----+------------+------------+
    |ap_block_state3  |       and|   0|  0|   2|           1|           1|
    |ap_block_state1  |        or|   0|  0|   2|           1|           1|
    +-----------------+----------+----+---+----+------------+------------+
    |Total            |          |   0|  0|   4|           2|           2|
    +-----------------+----------+----+---+----+------------+------------+

    * Multiplexer: 
    +----------------------+----+-----------+-----+-----------+
    |         Name         | LUT| Input Size| Bits| Total Bits|
    +----------------------+----+-----------+-----+-----------+
    |ap_NS_fsm             |  65|         13|    1|         13|
    |ap_done               |   9|          2|    1|          2|
    |blk_strm_blk_n        |   9|          2|    1|          2|
    |e_4_reg_202           |   9|          2|    1|          2|
    |end_nblk_strm1_blk_n  |   9|          2|    1|          2|
    |i_5_reg_211           |   9|          2|   64|        128|
    |nblk_strm1_blk_n      |   9|          2|    1|          2|
    |w_strm_din            |   9|          2|   32|         64|
    |w_strm_write          |  14|          3|    1|          3|
    +----------------------+----+-----------+-----+-----------+
    |Total                 | 142|         30|  103|        218|
    +----------------------+----+-----------+-----+-----------+

    * Register: 
    +-------------------------------------------------------------------------------+----+----+-----+-----------+
    |                                      Name                                     | FF | LUT| Bits| Const Bits|
    +-------------------------------------------------------------------------------+----+----+-----+-----------+
    |ap_CS_fsm                                                                      |  12|   0|   12|          0|
    |ap_done_reg                                                                    |   1|   0|    1|          0|
    |blk_10_reg_703                                                                 |  32|   0|   32|          0|
    |blk_11_reg_708                                                                 |  32|   0|   32|          0|
    |blk_12_reg_713                                                                 |  32|   0|   32|          0|
    |blk_13_reg_718                                                                 |  32|   0|   32|          0|
    |blk_14_reg_723                                                                 |  32|   0|   32|          0|
    |blk_15_reg_698                                                                 |  32|   0|   32|          0|
    |blk_1_reg_653                                                                  |  32|   0|   32|          0|
    |blk_2_reg_658                                                                  |  32|   0|   32|          0|
    |blk_3_reg_663                                                                  |  32|   0|   32|          0|
    |blk_4_reg_668                                                                  |  32|   0|   32|          0|
    |blk_5_reg_673                                                                  |  32|   0|   32|          0|
    |blk_6_reg_678                                                                  |  32|   0|   32|          0|
    |blk_7_reg_683                                                                  |  32|   0|   32|          0|
    |blk_8_reg_688                                                                  |  32|   0|   32|          0|
    |blk_9_reg_693                                                                  |  32|   0|   32|          0|
    |blk_reg_648                                                                    |  32|   0|   32|          0|
    |e_4_reg_202                                                                    |   1|   0|    1|          0|
    |e_reg_630                                                                      |   1|   0|    1|          0|
    |grp_generateMsgSchedule_Pipeline_LOOP_SHA256_PREPARE_WT16_fu_223_ap_start_reg  |   1|   0|    1|          0|
    |grp_generateMsgSchedule_Pipeline_LOOP_SHA256_PREPARE_WT64_fu_261_ap_start_reg  |   1|   0|    1|          0|
    |i_5_reg_211                                                                    |  64|   0|   64|          0|
    |i_reg_643                                                                      |  64|   0|   64|          0|
    |n_reg_635                                                                      |  64|   0|   64|          0|
    +-------------------------------------------------------------------------------+----+----+-----+-----------+
    |Total                                                                          | 721|   0|  721|          0|
    +-------------------------------------------------------------------------------+----+----+-----+-----------+



================================================================
== Interface
================================================================
* Summary: 
+-------------------------------+-----+-----+------------+---------------------+--------------+
|           RTL Ports           | Dir | Bits|  Protocol  |    Source Object    |    C Type    |
+-------------------------------+-----+-----+------------+---------------------+--------------+
|ap_clk                         |   in|    1|  ap_ctrl_hs|  generateMsgSchedule|  return value|
|ap_rst                         |   in|    1|  ap_ctrl_hs|  generateMsgSchedule|  return value|
|ap_start                       |   in|    1|  ap_ctrl_hs|  generateMsgSchedule|  return value|
|ap_done                        |  out|    1|  ap_ctrl_hs|  generateMsgSchedule|  return value|
|ap_continue                    |   in|    1|  ap_ctrl_hs|  generateMsgSchedule|  return value|
|ap_idle                        |  out|    1|  ap_ctrl_hs|  generateMsgSchedule|  return value|
|ap_ready                       |  out|    1|  ap_ctrl_hs|  generateMsgSchedule|  return value|
|blk_strm_dout                  |   in|  512|     ap_fifo|             blk_strm|       pointer|
|blk_strm_empty_n               |   in|    1|     ap_fifo|             blk_strm|       pointer|
|blk_strm_read                  |  out|    1|     ap_fifo|             blk_strm|       pointer|
|blk_strm_num_data_valid        |   in|    6|     ap_fifo|             blk_strm|       pointer|
|blk_strm_fifo_cap              |   in|    6|     ap_fifo|             blk_strm|       pointer|
|nblk_strm1_dout                |   in|   64|     ap_fifo|           nblk_strm1|       pointer|
|nblk_strm1_empty_n             |   in|    1|     ap_fifo|           nblk_strm1|       pointer|
|nblk_strm1_read                |  out|    1|     ap_fifo|           nblk_strm1|       pointer|
|nblk_strm1_num_data_valid      |   in|    6|     ap_fifo|           nblk_strm1|       pointer|
|nblk_strm1_fifo_cap            |   in|    6|     ap_fifo|           nblk_strm1|       pointer|
|end_nblk_strm1_dout            |   in|    1|     ap_fifo|       end_nblk_strm1|       pointer|
|end_nblk_strm1_empty_n         |   in|    1|     ap_fifo|       end_nblk_strm1|       pointer|
|end_nblk_strm1_read            |  out|    1|     ap_fifo|       end_nblk_strm1|       pointer|
|end_nblk_strm1_num_data_valid  |   in|    6|     ap_fifo|       end_nblk_strm1|       pointer|
|end_nblk_strm1_fifo_cap        |   in|    6|     ap_fifo|       end_nblk_strm1|       pointer|
|w_strm_din                     |  out|   32|     ap_fifo|               w_strm|       pointer|
|w_strm_full_n                  |   in|    1|     ap_fifo|               w_strm|       pointer|
|w_strm_write                   |  out|    1|     ap_fifo|               w_strm|       pointer|
|w_strm_num_data_valid          |   in|   32|     ap_fifo|               w_strm|       pointer|
|w_strm_fifo_cap                |   in|   32|     ap_fifo|               w_strm|       pointer|
+-------------------------------+-----+-----+------------+---------------------+--------------+

