

================================================================
== Vitis HLS Report for 'generateMsgSchedule_Pipeline_LOOP_SHA256_PREPARE_WT64'
================================================================
* Date:           Sat Oct 18 18:24:31 2025

* Version:        2024.2 (Build 5238294 on Nov  8 2024)
* Project:        hmac_sha256_test.prj
* Solution:       solution1 (Vivado IP Flow Target)
* Product family: zynq
* Target device:  xc7z020-clg484-1


================================================================
== Performance Estimates
================================================================
+ Timing: 
    * Summary: 
    +--------+---------+----------+------------+
    |  Clock |  Target | Estimated| Uncertainty|
    +--------+---------+----------+------------+
    |ap_clk  |  3.33 ns|  7.847 ns|     1.05 ns|
    +--------+---------+----------+------------+

+ Latency: 
    * Summary: 
    +---------+---------+----------+----------+-----+-----+------------------------------------------------+
    |  Latency (cycles) |  Latency (absolute) |  Interval |                    Pipeline                    |
    |   min   |   max   |    min   |    max   | min | max |                      Type                      |
    +---------+---------+----------+----------+-----+-----+------------------------------------------------+
    |       51|       51|  0.400 us|  0.400 us|   49|   49|  loop auto-rewind stp (delay=0 clock cycles(s))|
    +---------+---------+----------+----------+-----+-----+------------------------------------------------+

    + Detail: 
        * Instance: 
        N/A

        * Loop: 
        +----------------------------+---------+---------+----------+-----------+-----------+------+----------+
        |                            |  Latency (cycles) | Iteration|  Initiation Interval  | Trip |          |
        |          Loop Name         |   min   |   max   |  Latency |  achieved |   target  | Count| Pipelined|
        +----------------------------+---------+---------+----------+-----------+-----------+------+----------+
        |- LOOP_SHA256_PREPARE_WT64  |       49|       49|         2|          1|          1|    48|       yes|
        +----------------------------+---------+---------+----------+-----------+-----------+------+----------+



================================================================
== Utilization Estimates
================================================================
* Summary: 
+-----------------+---------+-----+--------+-------+-----+
|       Name      | BRAM_18K| DSP |   FF   |  LUT  | URAM|
+-----------------+---------+-----+--------+-------+-----+
|DSP              |        -|    -|       -|      -|    -|
|Expression       |        -|    -|       0|    163|    -|
|FIFO             |        -|    -|       -|      -|    -|
|Instance         |        -|    1|     296|     72|    -|
|Memory           |        -|    -|       -|      -|    -|
|Multiplexer      |        -|    -|       0|    198|    -|
|Register         |        -|    -|     525|      -|    -|
+-----------------+---------+-----+--------+-------+-----+
|Total            |        0|    1|     821|    433|    0|
+-----------------+---------+-----+--------+-------+-----+
|Available        |      280|  220|  106400|  53200|    0|
+-----------------+---------+-----+--------+-------+-----+
|Utilization (%)  |        0|   ~0|      ~0|     ~0|    0|
+-----------------+---------+-----+--------+-------+-----+

+ Detail: 
    * Instance: 
    +---------------------------+----------------------+---------+----+-----+----+-----+
    |          Instance         |        Module        | BRAM_18K| DSP|  FF | LUT| URAM|
    +---------------------------+----------------------+---------+----+-----+----+-----+
    |add_32ns_32ns_32_1_1_U112  |add_32ns_32ns_32_1_1  |        0|   1|    0|   0|    0|
    |add_32ns_32ns_32_2_1_U110  |add_32ns_32ns_32_2_1  |        0|   0|  148|  36|    0|
    |add_32ns_32ns_32_2_1_U111  |add_32ns_32ns_32_2_1  |        0|   0|  148|  36|    0|
    +---------------------------+----------------------+---------+----+-----+----+-----+
    |Total                      |                      |        0|   1|  296|  72|    0|
    +---------------------------+----------------------+---------+----+-----+----+-----+

    * DSP: 
    N/A

    * Memory: 
    N/A

    * FIFO: 
    N/A

    * Expression: 
    +----------------------------------+----------+----+---+----+------------+------------+
    |           Variable Name          | Operation| DSP| FF| LUT| Bitwidth P0| Bitwidth P1|
    +----------------------------------+----------+----+---+----+------------+------------+
    |t_3_fu_570_p2                     |         +|   0|  0|  14|           7|           1|
    |ap_block_pp0_stage0_01001         |       and|   0|  0|   2|           1|           1|
    |ap_block_state3_pp0_stage0_iter2  |       and|   0|  0|   2|           1|           1|
    |icmp_ln549_fu_403_p2              |      icmp|   0|  0|  15|           7|           8|
    |ap_enable_pp0                     |       xor|   0|  0|   2|           1|           2|
    |grp_fu_558_p1                     |       xor|   0|  0|  32|          32|          32|
    |grp_fu_564_p0                     |       xor|   0|  0|  32|          32|          32|
    |xor_ln553_2_fu_546_p2             |       xor|   0|  0|  32|          32|          32|
    |xor_ln553_fu_534_p2               |       xor|   0|  0|  32|          32|          32|
    +----------------------------------+----------+----+---+----+------------+------------+
    |Total                             |          |   0|  0| 163|         145|         141|
    +----------------------------------+----------+----+---+----+------------+------------+

    * Multiplexer: 
    +----------------------------------+----+-----------+-----+-----------+
    |               Name               | LUT| Input Size| Bits| Total Bits|
    +----------------------------------+----+-----------+-----+-----------+
    |ap_done_int                       |   9|          2|    1|          2|
    |ap_enable_reg_pp0_iter1           |   9|          2|    1|          2|
    |ap_loop_exit_ready_pp0_iter2_reg  |   9|          2|    1|          2|
    |ap_sig_allocacmp_p_load38         |   9|          2|   32|         64|
    |empty_100_fu_172                  |   9|          2|   32|         64|
    |empty_86_fu_116                   |   9|          2|   32|         64|
    |empty_87_fu_120                   |   9|          2|   32|         64|
    |empty_88_fu_124                   |   9|          2|   32|         64|
    |empty_89_fu_128                   |   9|          2|   32|         64|
    |empty_90_fu_132                   |   9|          2|   32|         64|
    |empty_91_fu_136                   |   9|          2|   32|         64|
    |empty_92_fu_140                   |   9|          2|   32|         64|
    |empty_93_fu_144                   |   9|          2|   32|         64|
    |empty_94_fu_148                   |   9|          2|   32|         64|
    |empty_95_fu_152                   |   9|          2|   32|         64|
    |empty_96_fu_156                   |   9|          2|   32|         64|
    |empty_97_fu_160                   |   9|          2|   32|         64|
    |empty_98_fu_164                   |   9|          2|   32|         64|
    |empty_99_fu_168                   |   9|          2|   32|         64|
    |empty_fu_112                      |   9|          2|   32|         64|
    |t_2_fu_108                        |   9|          2|    7|         14|
    |w_strm_blk_n                      |   9|          2|    1|          2|
    +----------------------------------+----+-----------+-----+-----------+
    |Total                             | 198|         44|  555|       1110|
    +----------------------------------+----+-----------+-----+-----------+

    * Register: 
    +----------------------------------+----+----+-----+-----------+
    |               Name               | FF | LUT| Bits| Const Bits|
    +----------------------------------+----+----+-----+-----------+
    |ap_CS_fsm                         |   1|   0|    1|          0|
    |ap_done_reg                       |   1|   0|    1|          0|
    |ap_enable_reg_pp0_iter1           |   1|   0|    1|          0|
    |ap_enable_reg_pp0_iter2           |   1|   0|    1|          0|
    |ap_loop_exit_ready_pp0_iter2_reg  |   1|   0|    1|          0|
    |empty_100_fu_172                  |  32|   0|   32|          0|
    |empty_86_fu_116                   |  32|   0|   32|          0|
    |empty_87_fu_120                   |  32|   0|   32|          0|
    |empty_88_fu_124                   |  32|   0|   32|          0|
    |empty_89_fu_128                   |  32|   0|   32|          0|
    |empty_90_fu_132                   |  32|   0|   32|          0|
    |empty_91_fu_136                   |  32|   0|   32|          0|
    |empty_92_fu_140                   |  32|   0|   32|          0|
    |empty_93_fu_144                   |  32|   0|   32|          0|
    |empty_94_fu_148                   |  32|   0|   32|          0|
    |empty_95_fu_152                   |  32|   0|   32|          0|
    |empty_96_fu_156                   |  32|   0|   32|          0|
    |empty_97_fu_160                   |  32|   0|   32|          0|
    |empty_98_fu_164                   |  32|   0|   32|          0|
    |empty_99_fu_168                   |  32|   0|   32|          0|
    |empty_fu_112                      |  32|   0|   32|          0|
    |icmp_ln549_reg_790                |   1|   0|    1|          0|
    |t_2_fu_108                        |   7|   0|    7|          0|
    +----------------------------------+----+----+-----+-----------+
    |Total                             | 525|   0|  525|          0|
    +----------------------------------+----+----+-----+-----------+



================================================================
== Interface
================================================================
* Summary: 
+-----------------------+-----+-----+------------+-------------------------------------------------------+--------------+
|       RTL Ports       | Dir | Bits|  Protocol  |                     Source Object                     |    C Type    |
+-----------------------+-----+-----+------------+-------------------------------------------------------+--------------+
|ap_clk                 |   in|    1|  ap_ctrl_hs|  generateMsgSchedule_Pipeline_LOOP_SHA256_PREPARE_WT64|  return value|
|ap_rst                 |   in|    1|  ap_ctrl_hs|  generateMsgSchedule_Pipeline_LOOP_SHA256_PREPARE_WT64|  return value|
|ap_start               |   in|    1|  ap_ctrl_hs|  generateMsgSchedule_Pipeline_LOOP_SHA256_PREPARE_WT64|  return value|
|ap_done                |  out|    1|  ap_ctrl_hs|  generateMsgSchedule_Pipeline_LOOP_SHA256_PREPARE_WT64|  return value|
|ap_idle                |  out|    1|  ap_ctrl_hs|  generateMsgSchedule_Pipeline_LOOP_SHA256_PREPARE_WT64|  return value|
|ap_ready               |  out|    1|  ap_ctrl_hs|  generateMsgSchedule_Pipeline_LOOP_SHA256_PREPARE_WT64|  return value|
|w_strm_din             |  out|   32|     ap_fifo|                                                 w_strm|       pointer|
|w_strm_full_n          |   in|    1|     ap_fifo|                                                 w_strm|       pointer|
|w_strm_write           |  out|    1|     ap_fifo|                                                 w_strm|       pointer|
|w_strm_num_data_valid  |   in|   32|     ap_fifo|                                                 w_strm|       pointer|
|w_strm_fifo_cap        |   in|   32|     ap_fifo|                                                 w_strm|       pointer|
|W_reload               |   in|   32|     ap_none|                                               W_reload|        scalar|
|W_2_reload             |   in|   32|     ap_none|                                             W_2_reload|        scalar|
|W_3_reload             |   in|   32|     ap_none|                                             W_3_reload|        scalar|
|W_4_reload             |   in|   32|     ap_none|                                             W_4_reload|        scalar|
|W_5_reload             |   in|   32|     ap_none|                                             W_5_reload|        scalar|
|W_7_reload             |   in|   32|     ap_none|                                             W_7_reload|        scalar|
|W_8_reload             |   in|   32|     ap_none|                                             W_8_reload|        scalar|
|W_9_reload             |   in|   32|     ap_none|                                             W_9_reload|        scalar|
|W_10_reload            |   in|   32|     ap_none|                                            W_10_reload|        scalar|
|W_11_reload            |   in|   32|     ap_none|                                            W_11_reload|        scalar|
|W_12_reload            |   in|   32|     ap_none|                                            W_12_reload|        scalar|
|W_13_reload            |   in|   32|     ap_none|                                            W_13_reload|        scalar|
|W_15_reload            |   in|   32|     ap_none|                                            W_15_reload|        scalar|
|W_14_reload            |   in|   32|     ap_none|                                            W_14_reload|        scalar|
|W_6_reload             |   in|   32|     ap_none|                                             W_6_reload|        scalar|
|W_1_reload             |   in|   32|     ap_none|                                             W_1_reload|        scalar|
+-----------------------+-----+-----+------------+-------------------------------------------------------+--------------+

