

================================================================
== Vitis HLS Report for 'preProcessing_Pipeline_LOOP_SHA256_GEN_COPY_TAIL_AND_ONE'
================================================================
* Date:           Sat Oct 18 18:24:28 2025

* Version:        2024.2 (Build 5238294 on Nov  8 2024)
* Project:        hmac_sha256_test.prj
* Solution:       solution1 (Vivado IP Flow Target)
* Product family: zynq
* Target device:  xc7z020-clg484-1


================================================================
== Performance Estimates
================================================================
+ Timing: 
    * Summary: 
    +--------+---------+----------+------------+
    |  Clock |  Target | Estimated| Uncertainty|
    +--------+---------+----------+------------+
    |ap_clk  |  3.33 ns|  2.065 ns|     1.05 ns|
    +--------+---------+----------+------------+

+ Latency: 
    * Summary: 
    +---------+---------+----------+----------+-----+-----+------------------------------------------------+
    |  Latency (cycles) |  Latency (absolute) |  Interval |                    Pipeline                    |
    |   min   |   max   |    min   |    max   | min | max |                      Type                      |
    +---------+---------+----------+----------+-----+-----+------------------------------------------------+
    |       31|       31|  0.103 us|  0.103 us|   30|   30|  loop auto-rewind stp (delay=0 clock cycles(s))|
    +---------+---------+----------+----------+-----+-----+------------------------------------------------+

    + Detail: 
        * Instance: 
        N/A

        * Loop: 
        +-------------------------------------+---------+---------+----------+-----------+-----------+------+----------+
        |                                     |  Latency (cycles) | Iteration|  Initiation Interval  | Trip |          |
        |              Loop Name              |   min   |   max   |  Latency |  achieved |   target  | Count| Pipelined|
        +-------------------------------------+---------+---------+----------+-----------+-----------+------+----------+
        |- LOOP_SHA256_GEN_COPY_TAIL_AND_ONE  |       29|       29|         4|          2|          1|    14|       yes|
        +-------------------------------------+---------+---------+----------+-----------+-----------+------+----------+



================================================================
== Utilization Estimates
================================================================
* Summary: 
+-----------------+---------+-----+--------+-------+-----+
|       Name      | BRAM_18K| DSP |   FF   |  LUT  | URAM|
+-----------------+---------+-----+--------+-------+-----+
|DSP              |        -|    -|       -|      -|    -|
|Expression       |        -|    -|       0|    340|    -|
|FIFO             |        -|    -|       -|      -|    -|
|Instance         |        -|    -|       -|      -|    -|
|Memory           |        -|    -|       -|      -|    -|
|Multiplexer      |        -|    -|       0|    481|    -|
|Register         |        -|    -|     588|      -|    -|
+-----------------+---------+-----+--------+-------+-----+
|Total            |        0|    0|     588|    821|    0|
+-----------------+---------+-----+--------+-------+-----+
|Available        |      280|  220|  106400|  53200|    0|
+-----------------+---------+-----+--------+-------+-----+
|Utilization (%)  |        0|    0|      ~0|      1|    0|
+-----------------+---------+-----+--------+-------+-----+

+ Detail: 
    * Instance: 
    N/A

    * DSP: 
    N/A

    * Memory: 
    N/A

    * FIFO: 
    N/A

    * Expression: 
    +---------------------------------------+----------+----+---+----+------------+------------+
    |             Variable Name             | Operation| DSP| FF| LUT| Bitwidth P0| Bitwidth P1|
    +---------------------------------------+----------+----+---+----+------------+------------+
    |add_ln160_fu_348_p2                    |         +|   0|  0|  13|           4|           1|
    |ap_block_pp0_stage0_11001              |       and|   0|  0|   2|           1|           1|
    |ap_condition_1001                      |       and|   0|  0|   2|           1|           1|
    |ap_condition_1005                      |       and|   0|  0|   2|           1|           1|
    |ap_condition_1009                      |       and|   0|  0|   2|           1|           1|
    |ap_condition_1013                      |       and|   0|  0|   2|           1|           1|
    |ap_condition_1017                      |       and|   0|  0|   2|           1|           1|
    |ap_condition_1020                      |       and|   0|  0|   2|           1|           1|
    |ap_condition_1024                      |       and|   0|  0|   2|           1|           1|
    |ap_condition_1028                      |       and|   0|  0|   2|           1|           1|
    |ap_condition_1032                      |       and|   0|  0|   2|           1|           1|
    |ap_condition_1036                      |       and|   0|  0|   2|           1|           1|
    |ap_condition_1041                      |       and|   0|  0|   2|           1|           1|
    |ap_condition_1045                      |       and|   0|  0|   2|           1|           1|
    |ap_condition_1049                      |       and|   0|  0|   2|           1|           1|
    |ap_condition_1053                      |       and|   0|  0|   2|           1|           1|
    |ap_condition_1057                      |       and|   0|  0|   2|           1|           1|
    |ap_condition_1061                      |       and|   0|  0|   2|           1|           1|
    |ap_condition_1066                      |       and|   0|  0|   2|           1|           1|
    |ap_condition_1070                      |       and|   0|  0|   2|           1|           1|
    |ap_condition_1074                      |       and|   0|  0|   2|           1|           1|
    |ap_condition_1078                      |       and|   0|  0|   2|           1|           1|
    |ap_condition_1082                      |       and|   0|  0|   2|           1|           1|
    |ap_condition_1086                      |       and|   0|  0|   2|           1|           1|
    |ap_condition_1091                      |       and|   0|  0|   2|           1|           1|
    |ap_condition_1095                      |       and|   0|  0|   2|           1|           1|
    |ap_condition_1099                      |       and|   0|  0|   2|           1|           1|
    |ap_condition_1103                      |       and|   0|  0|   2|           1|           1|
    |ap_condition_1107                      |       and|   0|  0|   2|           1|           1|
    |ap_condition_1111                      |       and|   0|  0|   2|           1|           1|
    |ap_condition_1116                      |       and|   0|  0|   2|           1|           1|
    |ap_condition_1120                      |       and|   0|  0|   2|           1|           1|
    |ap_condition_1124                      |       and|   0|  0|   2|           1|           1|
    |ap_condition_1128                      |       and|   0|  0|   2|           1|           1|
    |ap_condition_1132                      |       and|   0|  0|   2|           1|           1|
    |ap_condition_1136                      |       and|   0|  0|   2|           1|           1|
    |ap_condition_1141                      |       and|   0|  0|   2|           1|           1|
    |ap_condition_1145                      |       and|   0|  0|   2|           1|           1|
    |ap_condition_1149                      |       and|   0|  0|   2|           1|           1|
    |ap_condition_1153                      |       and|   0|  0|   2|           1|           1|
    |ap_condition_1157                      |       and|   0|  0|   2|           1|           1|
    |ap_condition_1161                      |       and|   0|  0|   2|           1|           1|
    |ap_condition_1166                      |       and|   0|  0|   2|           1|           1|
    |ap_condition_1170                      |       and|   0|  0|   2|           1|           1|
    |ap_condition_1174                      |       and|   0|  0|   2|           1|           1|
    |ap_condition_1178                      |       and|   0|  0|   2|           1|           1|
    |ap_condition_1182                      |       and|   0|  0|   2|           1|           1|
    |ap_condition_1186                      |       and|   0|  0|   2|           1|           1|
    |ap_condition_1191                      |       and|   0|  0|   2|           1|           1|
    |ap_condition_158                       |       and|   0|  0|   2|           1|           1|
    |ap_condition_851                       |       and|   0|  0|   2|           1|           1|
    |ap_condition_855                       |       and|   0|  0|   2|           1|           1|
    |ap_condition_859                       |       and|   0|  0|   2|           1|           1|
    |ap_condition_863                       |       and|   0|  0|   2|           1|           1|
    |ap_condition_870                       |       and|   0|  0|   2|           1|           1|
    |ap_condition_876                       |       and|   0|  0|   2|           1|           1|
    |ap_condition_880                       |       and|   0|  0|   2|           1|           1|
    |ap_condition_884                       |       and|   0|  0|   2|           1|           1|
    |ap_condition_888                       |       and|   0|  0|   2|           1|           1|
    |ap_condition_892                       |       and|   0|  0|   2|           1|           1|
    |ap_condition_897                       |       and|   0|  0|   2|           1|           1|
    |ap_condition_901                       |       and|   0|  0|   2|           1|           1|
    |ap_condition_905                       |       and|   0|  0|   2|           1|           1|
    |ap_condition_909                       |       and|   0|  0|   2|           1|           1|
    |ap_condition_913                       |       and|   0|  0|   2|           1|           1|
    |ap_condition_917                       |       and|   0|  0|   2|           1|           1|
    |ap_condition_922                       |       and|   0|  0|   2|           1|           1|
    |ap_condition_926                       |       and|   0|  0|   2|           1|           1|
    |ap_condition_930                       |       and|   0|  0|   2|           1|           1|
    |ap_condition_934                       |       and|   0|  0|   2|           1|           1|
    |ap_condition_938                       |       and|   0|  0|   2|           1|           1|
    |ap_condition_942                       |       and|   0|  0|   2|           1|           1|
    |ap_condition_947                       |       and|   0|  0|   2|           1|           1|
    |ap_condition_951                       |       and|   0|  0|   2|           1|           1|
    |ap_condition_955                       |       and|   0|  0|   2|           1|           1|
    |ap_condition_959                       |       and|   0|  0|   2|           1|           1|
    |ap_condition_963                       |       and|   0|  0|   2|           1|           1|
    |ap_condition_967                       |       and|   0|  0|   2|           1|           1|
    |ap_condition_972                       |       and|   0|  0|   2|           1|           1|
    |ap_condition_976                       |       and|   0|  0|   2|           1|           1|
    |ap_condition_980                       |       and|   0|  0|   2|           1|           1|
    |ap_condition_984                       |       and|   0|  0|   2|           1|           1|
    |ap_condition_988                       |       and|   0|  0|   2|           1|           1|
    |ap_condition_992                       |       and|   0|  0|   2|           1|           1|
    |ap_condition_997                       |       and|   0|  0|   2|           1|           1|
    |ap_predicate_op128_read_state3         |       and|   0|  0|   2|           1|           1|
    |ap_predicate_op131_read_state3         |       and|   0|  0|   2|           1|           1|
    |ap_predicate_op147_read_state3         |       and|   0|  0|   2|           1|           1|
    |ap_predicate_pred249_state4            |       and|   0|  0|   2|           1|           1|
    |ap_predicate_pred256_state4            |       and|   0|  0|   2|           1|           1|
    |ap_predicate_pred261_state4            |       and|   0|  0|   2|           1|           1|
    |ap_predicate_pred349_state4            |       and|   0|  0|   2|           1|           1|
    |ap_predicate_pred355_state4            |       and|   0|  0|   2|           1|           1|
    |ap_predicate_pred360_state4            |       and|   0|  0|   2|           1|           1|
    |ap_predicate_pred365_state4            |       and|   0|  0|   2|           1|           1|
    |ap_predicate_pred380_state4            |       and|   0|  0|   2|           1|           1|
    |ap_predicate_pred386_state4            |       and|   0|  0|   2|           1|           1|
    |ap_predicate_pred391_state4            |       and|   0|  0|   2|           1|           1|
    |ap_predicate_pred396_state4            |       and|   0|  0|   2|           1|           1|
    |ap_predicate_pred411_state4            |       and|   0|  0|   2|           1|           1|
    |ap_predicate_pred417_state4            |       and|   0|  0|   2|           1|           1|
    |ap_predicate_pred422_state4            |       and|   0|  0|   2|           1|           1|
    |ap_predicate_pred427_state4            |       and|   0|  0|   2|           1|           1|
    |ap_predicate_pred442_state4            |       and|   0|  0|   2|           1|           1|
    |ap_predicate_pred448_state4            |       and|   0|  0|   2|           1|           1|
    |ap_predicate_pred453_state4            |       and|   0|  0|   2|           1|           1|
    |ap_predicate_pred458_state4            |       and|   0|  0|   2|           1|           1|
    |ap_predicate_pred473_state4            |       and|   0|  0|   2|           1|           1|
    |ap_predicate_pred479_state4            |       and|   0|  0|   2|           1|           1|
    |ap_predicate_pred484_state4            |       and|   0|  0|   2|           1|           1|
    |ap_predicate_pred489_state4            |       and|   0|  0|   2|           1|           1|
    |ap_predicate_pred504_state4            |       and|   0|  0|   2|           1|           1|
    |ap_predicate_pred510_state4            |       and|   0|  0|   2|           1|           1|
    |ap_predicate_pred515_state4            |       and|   0|  0|   2|           1|           1|
    |ap_predicate_pred520_state4            |       and|   0|  0|   2|           1|           1|
    |ap_predicate_pred535_state4            |       and|   0|  0|   2|           1|           1|
    |ap_predicate_pred541_state4            |       and|   0|  0|   2|           1|           1|
    |ap_predicate_pred546_state4            |       and|   0|  0|   2|           1|           1|
    |ap_predicate_pred551_state4            |       and|   0|  0|   2|           1|           1|
    |ap_predicate_pred566_state4            |       and|   0|  0|   2|           1|           1|
    |ap_predicate_pred572_state4            |       and|   0|  0|   2|           1|           1|
    |ap_predicate_pred577_state4            |       and|   0|  0|   2|           1|           1|
    |ap_predicate_pred582_state4            |       and|   0|  0|   2|           1|           1|
    |ap_predicate_pred597_state4            |       and|   0|  0|   2|           1|           1|
    |ap_predicate_pred603_state4            |       and|   0|  0|   2|           1|           1|
    |ap_predicate_pred608_state4            |       and|   0|  0|   2|           1|           1|
    |ap_predicate_pred613_state4            |       and|   0|  0|   2|           1|           1|
    |ap_predicate_pred628_state4            |       and|   0|  0|   2|           1|           1|
    |ap_predicate_pred634_state4            |       and|   0|  0|   2|           1|           1|
    |ap_predicate_pred639_state4            |       and|   0|  0|   2|           1|           1|
    |ap_predicate_pred644_state4            |       and|   0|  0|   2|           1|           1|
    |ap_predicate_pred659_state4            |       and|   0|  0|   2|           1|           1|
    |ap_predicate_pred665_state4            |       and|   0|  0|   2|           1|           1|
    |ap_predicate_pred670_state4            |       and|   0|  0|   2|           1|           1|
    |ap_predicate_pred675_state4            |       and|   0|  0|   2|           1|           1|
    |ap_predicate_pred690_state4            |       and|   0|  0|   2|           1|           1|
    |ap_predicate_pred696_state4            |       and|   0|  0|   2|           1|           1|
    |ap_predicate_pred701_state4            |       and|   0|  0|   2|           1|           1|
    |ap_predicate_pred706_state4            |       and|   0|  0|   2|           1|           1|
    |icmp_ln160_fu_342_p2                   |      icmp|   0|  0|  13|           4|           3|
    |icmp_ln162_fu_354_p2                   |      icmp|   0|  0|  13|           4|           4|
    |icmp_ln170_fu_359_p2                   |      icmp|   0|  0|  13|           4|           4|
    |ap_block_state3_pp0_stage0_iter1_grp1  |        or|   0|  0|   2|           1|           1|
    |ap_predicate_pred278_state4            |        or|   0|  0|   2|           1|           1|
    |ap_predicate_pred303_state4            |        or|   0|  0|   2|           1|           1|
    |ap_predicate_pred313_state4            |        or|   0|  0|   2|           1|           1|
    |ap_predicate_pred322_state4            |        or|   0|  0|   2|           1|           1|
    |ap_enable_pp0                          |       xor|   0|  0|   2|           1|           2|
    +---------------------------------------+----------+----+---+----+------------+------------+
    |Total                                  |          |   0|  0| 340|         160|         157|
    +---------------------------------------+----------+----+---+----+------------+------------+

    * Multiplexer: 
    +-------------------------+----+-----------+-----+-----------+
    |           Name          | LUT| Input Size| Bits| Total Bits|
    +-------------------------+----+-----------+-----+-----------+
    |ap_NS_fsm                |  14|          3|    1|          3|
    |ap_done_int              |   9|          2|    1|          2|
    |ap_enable_reg_pp0_iter0  |   9|          2|    1|          2|
    |ap_enable_reg_pp0_iter1  |   9|          2|    1|          2|
    |b_10_fu_170              |  31|          6|   32|        192|
    |b_11_fu_174              |  31|          6|   32|        192|
    |b_12_fu_178              |  31|          6|   32|        192|
    |b_13_fu_182              |  31|          6|   32|        192|
    |b_14_fu_186              |  31|          6|   32|        192|
    |b_15_fu_190              |  31|          6|   32|        192|
    |b_3_fu_142               |  25|          5|   25|        125|
    |b_4_fu_146               |  31|          6|   32|        192|
    |b_5_fu_150               |  31|          6|   32|        192|
    |b_6_fu_154               |  31|          6|   32|        192|
    |b_7_fu_158               |  31|          6|   32|        192|
    |b_8_fu_162               |  31|          6|   32|        192|
    |b_9_fu_166               |  31|          6|   32|        192|
    |b_fu_138                 |  25|          5|   32|        160|
    |i_fu_134                 |   9|          2|    4|          8|
    |mergeKipadStrm_blk_n     |   9|          2|    1|          2|
    +-------------------------+----+-----------+-----+-----------+
    |Total                    | 481|         95|  450|       2608|
    +-------------------------+----+-----------+-----+-----------+

    * Register: 
    +-------------------------------------------+----+----+-----+-----------+
    |                    Name                   | FF | LUT| Bits| Const Bits|
    +-------------------------------------------+----+----+-----+-----------+
    |add_ln160_reg_1061                         |   4|   0|    4|          0|
    |ap_CS_fsm                                  |   2|   0|    2|          0|
    |ap_block_pp0_stage0_subdone_grp0_done_reg  |   1|   0|    1|          0|
    |ap_done_reg                                |   1|   0|    1|          0|
    |ap_enable_reg_pp0_iter0_reg                |   1|   0|    1|          0|
    |ap_enable_reg_pp0_iter1                    |   1|   0|    1|          0|
    |ap_predicate_pred249_state4                |   1|   0|    1|          0|
    |ap_predicate_pred256_state4                |   1|   0|    1|          0|
    |ap_predicate_pred261_state4                |   1|   0|    1|          0|
    |ap_predicate_pred278_state4                |   1|   0|    1|          0|
    |ap_predicate_pred303_state4                |   1|   0|    1|          0|
    |ap_predicate_pred313_state4                |   1|   0|    1|          0|
    |ap_predicate_pred322_state4                |   1|   0|    1|          0|
    |ap_predicate_pred349_state4                |   1|   0|    1|          0|
    |ap_predicate_pred355_state4                |   1|   0|    1|          0|
    |ap_predicate_pred360_state4                |   1|   0|    1|          0|
    |ap_predicate_pred365_state4                |   1|   0|    1|          0|
    |ap_predicate_pred380_state4                |   1|   0|    1|          0|
    |ap_predicate_pred386_state4                |   1|   0|    1|          0|
    |ap_predicate_pred391_state4                |   1|   0|    1|          0|
    |ap_predicate_pred396_state4                |   1|   0|    1|          0|
    |ap_predicate_pred411_state4                |   1|   0|    1|          0|
    |ap_predicate_pred417_state4                |   1|   0|    1|          0|
    |ap_predicate_pred422_state4                |   1|   0|    1|          0|
    |ap_predicate_pred427_state4                |   1|   0|    1|          0|
    |ap_predicate_pred442_state4                |   1|   0|    1|          0|
    |ap_predicate_pred448_state4                |   1|   0|    1|          0|
    |ap_predicate_pred453_state4                |   1|   0|    1|          0|
    |ap_predicate_pred458_state4                |   1|   0|    1|          0|
    |ap_predicate_pred473_state4                |   1|   0|    1|          0|
    |ap_predicate_pred479_state4                |   1|   0|    1|          0|
    |ap_predicate_pred484_state4                |   1|   0|    1|          0|
    |ap_predicate_pred489_state4                |   1|   0|    1|          0|
    |ap_predicate_pred504_state4                |   1|   0|    1|          0|
    |ap_predicate_pred510_state4                |   1|   0|    1|          0|
    |ap_predicate_pred515_state4                |   1|   0|    1|          0|
    |ap_predicate_pred520_state4                |   1|   0|    1|          0|
    |ap_predicate_pred535_state4                |   1|   0|    1|          0|
    |ap_predicate_pred541_state4                |   1|   0|    1|          0|
    |ap_predicate_pred546_state4                |   1|   0|    1|          0|
    |ap_predicate_pred551_state4                |   1|   0|    1|          0|
    |ap_predicate_pred566_state4                |   1|   0|    1|          0|
    |ap_predicate_pred572_state4                |   1|   0|    1|          0|
    |ap_predicate_pred577_state4                |   1|   0|    1|          0|
    |ap_predicate_pred582_state4                |   1|   0|    1|          0|
    |ap_predicate_pred597_state4                |   1|   0|    1|          0|
    |ap_predicate_pred603_state4                |   1|   0|    1|          0|
    |ap_predicate_pred608_state4                |   1|   0|    1|          0|
    |ap_predicate_pred613_state4                |   1|   0|    1|          0|
    |ap_predicate_pred628_state4                |   1|   0|    1|          0|
    |ap_predicate_pred634_state4                |   1|   0|    1|          0|
    |ap_predicate_pred639_state4                |   1|   0|    1|          0|
    |ap_predicate_pred644_state4                |   1|   0|    1|          0|
    |ap_predicate_pred659_state4                |   1|   0|    1|          0|
    |ap_predicate_pred665_state4                |   1|   0|    1|          0|
    |ap_predicate_pred670_state4                |   1|   0|    1|          0|
    |ap_predicate_pred675_state4                |   1|   0|    1|          0|
    |ap_predicate_pred690_state4                |   1|   0|    1|          0|
    |ap_predicate_pred696_state4                |   1|   0|    1|          0|
    |ap_predicate_pred701_state4                |   1|   0|    1|          0|
    |ap_predicate_pred706_state4                |   1|   0|    1|          0|
    |b_10_fu_170                                |  32|   0|   32|          0|
    |b_11_fu_174                                |  32|   0|   32|          0|
    |b_12_fu_178                                |  32|   0|   32|          0|
    |b_13_fu_182                                |  32|   0|   32|          0|
    |b_14_fu_186                                |  32|   0|   32|          0|
    |b_15_fu_190                                |  32|   0|   32|          0|
    |b_3_fu_142                                 |  25|   0|   32|          7|
    |b_4_fu_146                                 |  32|   0|   32|          0|
    |b_5_fu_150                                 |  32|   0|   32|          0|
    |b_6_fu_154                                 |  32|   0|   32|          0|
    |b_7_fu_158                                 |  32|   0|   32|          0|
    |b_8_fu_162                                 |  32|   0|   32|          0|
    |b_9_fu_166                                 |  32|   0|   32|          0|
    |b_fu_138                                   |  32|   0|   32|          0|
    |i_1_reg_1054                               |   4|   0|    4|          0|
    |i_fu_134                                   |   4|   0|    4|          0|
    |icmp_ln162_reg_1066                        |   1|   0|    1|          0|
    |icmp_ln170_reg_1070                        |   1|   0|    1|          0|
    |l_27_reg_1094                              |  32|   0|   32|          0|
    |reg_330                                    |   8|   0|    8|          0|
    |tmp_1_reg_1084                             |   8|   0|    8|          0|
    |trunc_ln181_reg_1079                       |   8|   0|    8|          0|
    |trunc_ln187_reg_1074                       |   8|   0|    8|          0|
    |trunc_ln192_reg_1089                       |   8|   0|    8|          0|
    +-------------------------------------------+----+----+-----+-----------+
    |Total                                      | 588|   0|  595|          7|
    +-------------------------------------------+----+----+-----+-----------+



================================================================
== Interface
================================================================
* Summary: 
+-------------------------------+-----+-----+------------+----------------------------------------------------------+--------------+
|           RTL Ports           | Dir | Bits|  Protocol  |                       Source Object                      |    C Type    |
+-------------------------------+-----+-----+------------+----------------------------------------------------------+--------------+
|ap_clk                         |   in|    1|  ap_ctrl_hs|  preProcessing_Pipeline_LOOP_SHA256_GEN_COPY_TAIL_AND_ONE|  return value|
|ap_rst                         |   in|    1|  ap_ctrl_hs|  preProcessing_Pipeline_LOOP_SHA256_GEN_COPY_TAIL_AND_ONE|  return value|
|ap_start                       |   in|    1|  ap_ctrl_hs|  preProcessing_Pipeline_LOOP_SHA256_GEN_COPY_TAIL_AND_ONE|  return value|
|ap_done                        |  out|    1|  ap_ctrl_hs|  preProcessing_Pipeline_LOOP_SHA256_GEN_COPY_TAIL_AND_ONE|  return value|
|ap_idle                        |  out|    1|  ap_ctrl_hs|  preProcessing_Pipeline_LOOP_SHA256_GEN_COPY_TAIL_AND_ONE|  return value|
|ap_ready                       |  out|    1|  ap_ctrl_hs|  preProcessing_Pipeline_LOOP_SHA256_GEN_COPY_TAIL_AND_ONE|  return value|
|mergeKipadStrm_dout            |   in|   32|     ap_fifo|                                            mergeKipadStrm|       pointer|
|mergeKipadStrm_empty_n         |   in|    1|     ap_fifo|                                            mergeKipadStrm|       pointer|
|mergeKipadStrm_read            |  out|    1|     ap_fifo|                                            mergeKipadStrm|       pointer|
|mergeKipadStrm_num_data_valid  |   in|    8|     ap_fifo|                                            mergeKipadStrm|       pointer|
|mergeKipadStrm_fifo_cap        |   in|    8|     ap_fifo|                                            mergeKipadStrm|       pointer|
|p_cast                         |   in|    4|     ap_none|                                                    p_cast|        scalar|
|len                            |   in|    2|     ap_none|                                                       len|        scalar|
|b_16_out                       |  out|   32|      ap_vld|                                                  b_16_out|       pointer|
|b_16_out_ap_vld                |  out|    1|      ap_vld|                                                  b_16_out|       pointer|
|b_15_out                       |  out|   32|      ap_vld|                                                  b_15_out|       pointer|
|b_15_out_ap_vld                |  out|    1|      ap_vld|                                                  b_15_out|       pointer|
|b_14_out                       |  out|   32|      ap_vld|                                                  b_14_out|       pointer|
|b_14_out_ap_vld                |  out|    1|      ap_vld|                                                  b_14_out|       pointer|
|b_13_out                       |  out|   32|      ap_vld|                                                  b_13_out|       pointer|
|b_13_out_ap_vld                |  out|    1|      ap_vld|                                                  b_13_out|       pointer|
|b_12_out                       |  out|   32|      ap_vld|                                                  b_12_out|       pointer|
|b_12_out_ap_vld                |  out|    1|      ap_vld|                                                  b_12_out|       pointer|
|b_11_out                       |  out|   32|      ap_vld|                                                  b_11_out|       pointer|
|b_11_out_ap_vld                |  out|    1|      ap_vld|                                                  b_11_out|       pointer|
|b_10_out                       |  out|   32|      ap_vld|                                                  b_10_out|       pointer|
|b_10_out_ap_vld                |  out|    1|      ap_vld|                                                  b_10_out|       pointer|
|b_9_out                        |  out|   32|      ap_vld|                                                   b_9_out|       pointer|
|b_9_out_ap_vld                 |  out|    1|      ap_vld|                                                   b_9_out|       pointer|
|b_8_out                        |  out|   32|      ap_vld|                                                   b_8_out|       pointer|
|b_8_out_ap_vld                 |  out|    1|      ap_vld|                                                   b_8_out|       pointer|
|b_7_out                        |  out|   32|      ap_vld|                                                   b_7_out|       pointer|
|b_7_out_ap_vld                 |  out|    1|      ap_vld|                                                   b_7_out|       pointer|
|b_6_out                        |  out|   32|      ap_vld|                                                   b_6_out|       pointer|
|b_6_out_ap_vld                 |  out|    1|      ap_vld|                                                   b_6_out|       pointer|
|b_5_out                        |  out|   32|      ap_vld|                                                   b_5_out|       pointer|
|b_5_out_ap_vld                 |  out|    1|      ap_vld|                                                   b_5_out|       pointer|
|b_4_out                        |  out|   32|      ap_vld|                                                   b_4_out|       pointer|
|b_4_out_ap_vld                 |  out|    1|      ap_vld|                                                   b_4_out|       pointer|
|b_out                          |  out|   32|      ap_vld|                                                     b_out|       pointer|
|b_out_ap_vld                   |  out|    1|      ap_vld|                                                     b_out|       pointer|
+-------------------------------+-----+-----+------------+----------------------------------------------------------+--------------+

