

================================================================
== Vitis HLS Report for 'preProcessing'
================================================================
* Date:           Tue Oct 21 20:19:04 2025

* Version:        2024.2 (Build 5238294 on Nov  8 2024)
* Project:        hmac_sha256_test.prj
* Solution:       solution1 (Vivado IP Flow Target)
* Product family: zynq
* Target device:  xc7z020-clg484-1


================================================================
== Performance Estimates
================================================================
+ Timing: 
    * Summary: 
    +--------+----------+-----------+------------+
    |  Clock |  Target  | Estimated | Uncertainty|
    +--------+----------+-----------+------------+
    |ap_clk  |  15.00 ns|  12.550 ns|     1.50 ns|
    +--------+----------+-----------+------------+

+ Latency: 
    * Summary: 
    +---------+---------+----------+----------+-----+-----+---------+
    |  Latency (cycles) |  Latency (absolute) |  Interval | Pipeline|
    |   min   |   max   |    min   |    max   | min | max |   Type  |
    +---------+---------+----------+----------+-----+-----+---------+
    |        ?|        ?|         ?|         ?|    ?|    ?|       no|
    +---------+---------+----------+----------+-----+-----+---------+

    + Detail: 
        * Instance: 
        +---------------------------------------------------------------------+----------------------------------------------------------+---------+---------+-----------+----------+-----+-----+------------------------------------------------+
        |                                                                     |                                                          |  Latency (cycles) |  Latency (absolute)  |  Interval |                    Pipeline                    |
        |                               Instance                              |                          Module                          |   min   |   max   |    min    |    max   | min | max |                      Type                      |
        +---------------------------------------------------------------------+----------------------------------------------------------+---------+---------+-----------+----------+-----+-----+------------------------------------------------+
        |grp_preProcessing_Pipeline_LOOP_SHA256_GEN_FULL_BLKS_fu_270          |preProcessing_Pipeline_LOOP_SHA256_GEN_FULL_BLKS          |        2|       18|  30.000 ns|  0.270 us|    1|   17|  loop auto-rewind stp (delay=0 clock cycles(s))|
        |grp_preProcessing_Pipeline_LOOP_SHA256_GEN_COPY_TAIL_AND_ONE_fu_279  |preProcessing_Pipeline_LOOP_SHA256_GEN_COPY_TAIL_AND_ONE  |       16|       16|   0.240 us|  0.240 us|   15|   15|  loop auto-rewind stp (delay=0 clock cycles(s))|
        +---------------------------------------------------------------------+----------------------------------------------------------+---------+---------+-----------+----------+-----+-----+------------------------------------------------+

        * Loop: 
        +-------------------------------+---------+---------+----------+-----------+-----------+------+----------+
        |                               |  Latency (cycles) | Iteration|  Initiation Interval  | Trip |          |
        |           Loop Name           |   min   |   max   |  Latency |  achieved |   target  | Count| Pipelined|
        +-------------------------------+---------+---------+----------+-----------+-----------+------+----------+
        |- LOOP_SHA256_GENENERATE_MAIN  |        ?|        ?|    7 ~ 41|          -|          -|     ?|        no|
        +-------------------------------+---------+---------+----------+-----------+-----------+------+----------+



================================================================
== Utilization Estimates
================================================================
* Summary: 
+-----------------+---------+-----+--------+-------+-----+
|       Name      | BRAM_18K| DSP |   FF   |  LUT  | URAM|
+-----------------+---------+-----+--------+-------+-----+
|DSP              |        -|    -|       -|      -|    -|
|Expression       |        -|    -|       0|    230|    -|
|FIFO             |        -|    -|       -|      -|    -|
|Instance         |        -|    -|    1013|    891|    -|
|Memory           |        -|    -|       -|      -|    -|
|Multiplexer      |        -|    -|       0|    308|    -|
|Register         |        -|    -|     709|      -|    -|
+-----------------+---------+-----+--------+-------+-----+
|Total            |        0|    0|    1722|   1429|    0|
+-----------------+---------+-----+--------+-------+-----+
|Available        |      280|  220|  106400|  53200|    0|
+-----------------+---------+-----+--------+-------+-----+
|Utilization (%)  |        0|    0|       1|      2|    0|
+-----------------+---------+-----+--------+-------+-----+

+ Detail: 
    * Instance: 
    +---------------------------------------------------------------------+----------------------------------------------------------+---------+----+-----+-----+-----+
    |                               Instance                              |                          Module                          | BRAM_18K| DSP|  FF | LUT | URAM|
    +---------------------------------------------------------------------+----------------------------------------------------------+---------+----+-----+-----+-----+
    |grp_preProcessing_Pipeline_LOOP_SHA256_GEN_COPY_TAIL_AND_ONE_fu_279  |preProcessing_Pipeline_LOOP_SHA256_GEN_COPY_TAIL_AND_ONE  |        0|   0|  454|  579|    0|
    |grp_preProcessing_Pipeline_LOOP_SHA256_GEN_FULL_BLKS_fu_270          |preProcessing_Pipeline_LOOP_SHA256_GEN_FULL_BLKS          |        0|   0|  559|  312|    0|
    +---------------------------------------------------------------------+----------------------------------------------------------+---------+----+-----+-----+-----+
    |Total                                                                |                                                          |        0|   0| 1013|  891|    0|
    +---------------------------------------------------------------------+----------------------------------------------------------+---------+----+-----+-----+-----+

    * DSP: 
    N/A

    * Memory: 
    N/A

    * FIFO: 
    N/A

    * Expression: 
    +----------------------------------+----------+----+---+----+------------+------------+
    |           Variable Name          | Operation| DSP| FF| LUT| Bitwidth P0| Bitwidth P1|
    +----------------------------------+----------+----+---+----+------------+------------+
    |blk_num_fu_380_p2                 |         +|   0|  0|  66|          59|          59|
    |ap_condition_491                  |       and|   0|  0|   2|           1|           1|
    |ap_condition_496                  |       and|   0|  0|   2|           1|           1|
    |ap_condition_499                  |       and|   0|  0|   2|           1|           1|
    |ap_condition_516                  |       and|   0|  0|   2|           1|           1|
    |ap_condition_522                  |       and|   0|  0|   2|           1|           1|
    |ap_predicate_op160_read_state19   |       and|   0|  0|   2|           1|           1|
    |ap_predicate_op205_write_state21  |       and|   0|  0|   2|           1|           1|
    |ap_predicate_op78_read_state5     |       and|   0|  0|   2|           1|           1|
    |cmp275_fu_529_p2                  |      icmp|   0|  0|  10|           2|           1|
    |cmp281_fu_534_p2                  |      icmp|   0|  0|  10|           2|           1|
    |cmp298_fu_539_p2                  |      icmp|   0|  0|  11|           2|           3|
    |icmp_ln129_fu_423_p2              |      icmp|   0|  0|  14|           6|           1|
    |icmp_ln152_fu_428_p2              |      icmp|   0|  0|  14|           6|           5|
    |icmp_ln215_fu_544_p2              |      icmp|   0|  0|  13|           4|           2|
    |icmp_ln223_fu_607_p2              |      icmp|   0|  0|  13|           4|           2|
    |icmp_ln95_fu_366_p2               |      icmp|   0|  0|  14|           6|           5|
    |ap_block_state1                   |        or|   0|  0|   2|           1|           1|
    |ap_block_state19                  |        or|   0|  0|   2|           1|           1|
    |ap_block_state2                   |        or|   0|  0|   2|           1|           1|
    |ap_block_state20                  |        or|   0|  0|   2|           1|           1|
    |ap_block_state21                  |        or|   0|  0|   2|           1|           1|
    |ap_block_state5                   |        or|   0|  0|   2|           1|           1|
    |or_ln223_fu_612_p2                |        or|   0|  0|   2|           1|           1|
    |select_ln223_fu_618_p3            |    select|   0|  0|  33|           1|           1|
    |select_ln95_fu_372_p3             |    select|   0|  0|   2|           1|           2|
    +----------------------------------+----------+----+---+----+------------+------------+
    |Total                             |          |   0|  0| 230|         108|          97|
    +----------------------------------+----------+----+---+----+------------+------------+

    * Multiplexer: 
    +---------------------------------------+-----+-----------+-----+-----------+
    |                  Name                 | LUT | Input Size| Bits| Total Bits|
    +---------------------------------------+-----+-----------+-----+-----------+
    |ap_NS_fsm                              |  113|         24|    1|         24|
    |ap_done                                |    9|          2|    1|          2|
    |ap_phi_mux_storemerge93_phi_fu_260_p8  |   25|          5|   32|        160|
    |b225_0_14_load_reg_240                 |   25|          5|   32|        160|
    |blk_strm_blk_n                         |    9|          2|    1|          2|
    |blk_strm_din                           |   25|          5|  512|       2560|
    |blk_strm_write                         |   14|          3|    1|          3|
    |eMergeKipadLenStrm_blk_n               |    9|          2|    1|          2|
    |end_nblk_strm_blk_n                    |    9|          2|    1|          2|
    |end_nblk_strm_din                      |   14|          3|    1|          3|
    |mergeKipadLenStrm_blk_n                |    9|          2|    1|          2|
    |mergeKipadStrm_blk_n                   |    9|          2|    1|          2|
    |mergeKipadStrm_read                    |   20|          4|    1|          4|
    |nblk_strm_blk_n                        |    9|          2|    1|          2|
    |real_start                             |    9|          2|    1|          2|
    +---------------------------------------+-----+-----------+-----+-----------+
    |Total                                  |  308|         65|  588|       2930|
    +---------------------------------------+-----+-----------+-----+-----------+

    * Register: 
    +----------------------------------------------------------------------------------+----+----+-----+-----------+
    |                                       Name                                       | FF | LUT| Bits| Const Bits|
    +----------------------------------------------------------------------------------+----+----+-----+-----------+
    |ap_CS_fsm                                                                         |  23|   0|   23|          0|
    |ap_done_reg                                                                       |   1|   0|    1|          0|
    |b225_0_14_load_reg_240                                                            |  32|   0|   32|          0|
    |cmp281_reg_1256                                                                   |   1|   0|    1|          0|
    |cmp298_reg_1260                                                                   |   1|   0|    1|          0|
    |empty_65_reg_993                                                                  |   8|   0|    8|          0|
    |empty_66_reg_1013                                                                 |   8|   0|    8|          0|
    |empty_67_reg_1033                                                                 |   8|   0|    8|          0|
    |empty_68_reg_1053                                                                 |   8|   0|    8|          0|
    |empty_69_reg_1073                                                                 |   8|   0|    8|          0|
    |empty_70_reg_1093                                                                 |   8|   0|    8|          0|
    |empty_71_reg_1113                                                                 |   8|   0|    8|          0|
    |empty_72_reg_1133                                                                 |   8|   0|    8|          0|
    |empty_73_reg_1153                                                                 |   8|   0|    8|          0|
    |empty_74_reg_1173                                                                 |   8|   0|    8|          0|
    |empty_75_reg_1193                                                                 |   8|   0|    8|          0|
    |empty_76_reg_1213                                                                 |   8|   0|    8|          0|
    |empty_77_reg_1233                                                                 |   8|   0|    8|          0|
    |empty_reg_973                                                                     |   8|   0|    8|          0|
    |end_flag_3_reg_231                                                                |   1|   0|    1|          0|
    |grp_preProcessing_Pipeline_LOOP_SHA256_GEN_COPY_TAIL_AND_ONE_fu_279_ap_start_reg  |   1|   0|    1|          0|
    |grp_preProcessing_Pipeline_LOOP_SHA256_GEN_FULL_BLKS_fu_270_ap_start_reg          |   1|   0|    1|          0|
    |icmp_ln129_reg_958                                                                |   1|   0|    1|          0|
    |icmp_ln152_reg_962                                                                |   1|   0|    1|          0|
    |icmp_ln223_reg_1287                                                               |   1|   0|    1|          0|
    |left_reg_940                                                                      |   6|   0|    6|          0|
    |len_reg_926                                                                       |  64|   0|   64|          0|
    |or_ln223_reg_1292                                                                 |   1|   0|    1|          0|
    |p_50_reg_983                                                                      |   8|   0|    8|          0|
    |p_51_reg_988                                                                      |   8|   0|    8|          0|
    |p_52_reg_998                                                                      |   8|   0|    8|          0|
    |p_53_reg_1003                                                                     |   8|   0|    8|          0|
    |p_54_reg_1008                                                                     |   8|   0|    8|          0|
    |p_55_reg_1018                                                                     |   8|   0|    8|          0|
    |p_56_reg_1023                                                                     |   8|   0|    8|          0|
    |p_57_reg_1028                                                                     |   8|   0|    8|          0|
    |p_58_reg_1038                                                                     |   8|   0|    8|          0|
    |p_59_reg_1043                                                                     |   8|   0|    8|          0|
    |p_60_reg_1048                                                                     |   8|   0|    8|          0|
    |p_61_reg_1058                                                                     |   8|   0|    8|          0|
    |p_62_reg_1063                                                                     |   8|   0|    8|          0|
    |p_63_reg_1068                                                                     |   8|   0|    8|          0|
    |p_64_reg_1078                                                                     |   8|   0|    8|          0|
    |p_65_reg_1083                                                                     |   8|   0|    8|          0|
    |p_66_reg_1088                                                                     |   8|   0|    8|          0|
    |p_67_reg_1098                                                                     |   8|   0|    8|          0|
    |p_68_reg_1103                                                                     |   8|   0|    8|          0|
    |p_69_reg_1108                                                                     |   8|   0|    8|          0|
    |p_70_reg_1118                                                                     |   8|   0|    8|          0|
    |p_71_reg_1123                                                                     |   8|   0|    8|          0|
    |p_72_reg_1128                                                                     |   8|   0|    8|          0|
    |p_73_reg_1138                                                                     |   8|   0|    8|          0|
    |p_74_reg_1143                                                                     |   8|   0|    8|          0|
    |p_75_reg_1148                                                                     |   8|   0|    8|          0|
    |p_76_reg_1158                                                                     |   8|   0|    8|          0|
    |p_77_reg_1163                                                                     |   8|   0|    8|          0|
    |p_78_reg_1168                                                                     |   8|   0|    8|          0|
    |p_79_reg_1178                                                                     |   8|   0|    8|          0|
    |p_80_reg_1183                                                                     |   8|   0|    8|          0|
    |p_81_reg_1188                                                                     |   8|   0|    8|          0|
    |p_82_reg_1198                                                                     |   8|   0|    8|          0|
    |p_83_reg_1203                                                                     |   8|   0|    8|          0|
    |p_84_reg_1208                                                                     |   8|   0|    8|          0|
    |p_85_reg_1218                                                                     |   8|   0|    8|          0|
    |p_86_reg_1223                                                                     |   8|   0|    8|          0|
    |p_87_reg_1228                                                                     |   8|   0|    8|          0|
    |p_88_reg_1238                                                                     |   8|   0|    8|          0|
    |p_89_reg_1243                                                                     |   8|   0|    8|          0|
    |p_90_reg_1248                                                                     |   8|   0|    8|          0|
    |p_cast_reg_966                                                                    |   4|   0|    4|          0|
    |p_s_reg_978                                                                       |   8|   0|    8|          0|
    |start_once_reg                                                                    |   1|   0|    1|          0|
    |tmp_7_reg_1296                                                                    |  32|   0|   32|          0|
    |trunc_ln264_reg_946                                                               |  29|   0|   29|          0|
    |trunc_ln91_reg_932                                                                |   2|   0|    2|          0|
    |trunc_ln_reg_953                                                                  |  58|   0|   58|          0|
    +----------------------------------------------------------------------------------+----+----+-----+-----------+
    |Total                                                                             | 709|   0|  709|          0|
    +----------------------------------------------------------------------------------+----+----+-----+-----------+



================================================================
== Interface
================================================================
* Summary: 
+-----------------------------------+-----+-----+------------+--------------------+--------------+
|             RTL Ports             | Dir | Bits|  Protocol  |    Source Object   |    C Type    |
+-----------------------------------+-----+-----+------------+--------------------+--------------+
|ap_clk                             |   in|    1|  ap_ctrl_hs|       preProcessing|  return value|
|ap_rst                             |   in|    1|  ap_ctrl_hs|       preProcessing|  return value|
|ap_start                           |   in|    1|  ap_ctrl_hs|       preProcessing|  return value|
|start_full_n                       |   in|    1|  ap_ctrl_hs|       preProcessing|  return value|
|ap_done                            |  out|    1|  ap_ctrl_hs|       preProcessing|  return value|
|ap_continue                        |   in|    1|  ap_ctrl_hs|       preProcessing|  return value|
|ap_idle                            |  out|    1|  ap_ctrl_hs|       preProcessing|  return value|
|ap_ready                           |  out|    1|  ap_ctrl_hs|       preProcessing|  return value|
|start_out                          |  out|    1|  ap_ctrl_hs|       preProcessing|  return value|
|start_write                        |  out|    1|  ap_ctrl_hs|       preProcessing|  return value|
|mergeKipadStrm_dout                |   in|   32|     ap_fifo|      mergeKipadStrm|       pointer|
|mergeKipadStrm_empty_n             |   in|    1|     ap_fifo|      mergeKipadStrm|       pointer|
|mergeKipadStrm_read                |  out|    1|     ap_fifo|      mergeKipadStrm|       pointer|
|mergeKipadStrm_num_data_valid      |   in|    8|     ap_fifo|      mergeKipadStrm|       pointer|
|mergeKipadStrm_fifo_cap            |   in|    8|     ap_fifo|      mergeKipadStrm|       pointer|
|mergeKipadLenStrm_dout             |   in|   64|     ap_fifo|   mergeKipadLenStrm|       pointer|
|mergeKipadLenStrm_empty_n          |   in|    1|     ap_fifo|   mergeKipadLenStrm|       pointer|
|mergeKipadLenStrm_read             |  out|    1|     ap_fifo|   mergeKipadLenStrm|       pointer|
|mergeKipadLenStrm_num_data_valid   |   in|    3|     ap_fifo|   mergeKipadLenStrm|       pointer|
|mergeKipadLenStrm_fifo_cap         |   in|    3|     ap_fifo|   mergeKipadLenStrm|       pointer|
|eMergeKipadLenStrm_dout            |   in|    1|     ap_fifo|  eMergeKipadLenStrm|       pointer|
|eMergeKipadLenStrm_empty_n         |   in|    1|     ap_fifo|  eMergeKipadLenStrm|       pointer|
|eMergeKipadLenStrm_read            |  out|    1|     ap_fifo|  eMergeKipadLenStrm|       pointer|
|eMergeKipadLenStrm_num_data_valid  |   in|    3|     ap_fifo|  eMergeKipadLenStrm|       pointer|
|eMergeKipadLenStrm_fifo_cap        |   in|    3|     ap_fifo|  eMergeKipadLenStrm|       pointer|
|blk_strm_din                       |  out|  512|     ap_fifo|            blk_strm|       pointer|
|blk_strm_full_n                    |   in|    1|     ap_fifo|            blk_strm|       pointer|
|blk_strm_write                     |  out|    1|     ap_fifo|            blk_strm|       pointer|
|blk_strm_num_data_valid            |   in|    6|     ap_fifo|            blk_strm|       pointer|
|blk_strm_fifo_cap                  |   in|    6|     ap_fifo|            blk_strm|       pointer|
|nblk_strm_din                      |  out|   64|     ap_fifo|           nblk_strm|       pointer|
|nblk_strm_full_n                   |   in|    1|     ap_fifo|           nblk_strm|       pointer|
|nblk_strm_write                    |  out|    1|     ap_fifo|           nblk_strm|       pointer|
|nblk_strm_num_data_valid           |   in|    6|     ap_fifo|           nblk_strm|       pointer|
|nblk_strm_fifo_cap                 |   in|    6|     ap_fifo|           nblk_strm|       pointer|
|end_nblk_strm_din                  |  out|    1|     ap_fifo|       end_nblk_strm|       pointer|
|end_nblk_strm_full_n               |   in|    1|     ap_fifo|       end_nblk_strm|       pointer|
|end_nblk_strm_write                |  out|    1|     ap_fifo|       end_nblk_strm|       pointer|
|end_nblk_strm_num_data_valid       |   in|    6|     ap_fifo|       end_nblk_strm|       pointer|
|end_nblk_strm_fifo_cap             |   in|    6|     ap_fifo|       end_nblk_strm|       pointer|
+-----------------------------------+-----+-----+------------+--------------------+--------------+

