

================================================================
== Vitis HLS Report for 'sha256Digest_256_Pipeline_LOOP_SHA256_UPDATE_64_ROUNDS'
================================================================
* Date:           Sat Oct 18 18:24:32 2025

* Version:        2024.2 (Build 5238294 on Nov  8 2024)
* Project:        hmac_sha256_test.prj
* Solution:       solution1 (Vivado IP Flow Target)
* Product family: zynq
* Target device:  xc7z020-clg484-1


================================================================
== Performance Estimates
================================================================
+ Timing: 
    * Summary: 
    +--------+---------+-----------+------------+
    |  Clock |  Target | Estimated | Uncertainty|
    +--------+---------+-----------+------------+
    |ap_clk  |  3.33 ns|  12.519 ns|     1.05 ns|
    +--------+---------+-----------+------------+

+ Latency: 
    * Summary: 
    +---------+---------+----------+----------+-----+-----+------------------------------------------------+
    |  Latency (cycles) |  Latency (absolute) |  Interval |                    Pipeline                    |
    |   min   |   max   |    min   |    max   | min | max |                      Type                      |
    +---------+---------+----------+----------+-----+-----+------------------------------------------------+
    |       68|       68|  0.851 us|  0.851 us|   65|   65|  loop auto-rewind stp (delay=0 clock cycles(s))|
    +---------+---------+----------+----------+-----+-----+------------------------------------------------+

    + Detail: 
        * Instance: 
        N/A

        * Loop: 
        +--------------------------------+---------+---------+----------+-----------+-----------+------+----------+
        |                                |  Latency (cycles) | Iteration|  Initiation Interval  | Trip |          |
        |            Loop Name           |   min   |   max   |  Latency |  achieved |   target  | Count| Pipelined|
        +--------------------------------+---------+---------+----------+-----------+-----------+------+----------+
        |- LOOP_SHA256_UPDATE_64_ROUNDS  |       66|       66|         4|          1|          1|    64|       yes|
        +--------------------------------+---------+---------+----------+-----------+-----------+------+----------+



================================================================
== Utilization Estimates
================================================================
* Summary: 
+-----------------+---------+-----+--------+-------+-----+
|       Name      | BRAM_18K| DSP |   FF   |  LUT  | URAM|
+-----------------+---------+-----+--------+-------+-----+
|DSP              |        -|    -|       -|      -|    -|
|Expression       |        -|    -|       0|    419|    -|
|FIFO             |        -|    -|       -|      -|    -|
|Instance         |        -|    4|    1628|    669|    -|
|Memory           |        -|    -|       -|      -|    -|
|Multiplexer      |        -|    -|       0|    153|    -|
|Register         |        -|    -|     593|      -|    -|
+-----------------+---------+-----+--------+-------+-----+
|Total            |        0|    4|    2221|   1241|    0|
+-----------------+---------+-----+--------+-------+-----+
|Available        |      280|  220|  106400|  53200|    0|
+-----------------+---------+-----+--------+-------+-----+
|Utilization (%)  |        0|    1|       2|      2|    0|
+-----------------+---------+-----+--------+-------+-----+

+ Detail: 
    * Instance: 
    +-----------------------------+------------------------+---------+----+-----+-----+-----+
    |           Instance          |         Module         | BRAM_18K| DSP|  FF | LUT | URAM|
    +-----------------------------+------------------------+---------+----+-----+-----+-----+
    |add_32ns_32ns_32_1_1_U141    |add_32ns_32ns_32_1_1    |        0|   1|    0|    0|    0|
    |add_32ns_32ns_32_1_1_U142    |add_32ns_32ns_32_1_1    |        0|   1|    0|    0|    0|
    |add_32ns_32ns_32_1_1_U143    |add_32ns_32ns_32_1_1    |        0|   1|    0|    0|    0|
    |add_32ns_32ns_32_1_1_U152    |add_32ns_32ns_32_1_1    |        0|   1|    0|    0|    0|
    |add_32ns_32ns_32_2_1_U139    |add_32ns_32ns_32_2_1    |        0|   0|  148|   36|    0|
    |add_32ns_32ns_32_2_1_U144    |add_32ns_32ns_32_2_1    |        0|   0|  148|   36|    0|
    |add_32ns_32ns_32_2_1_U145    |add_32ns_32ns_32_2_1    |        0|   0|  148|   36|    0|
    |add_32ns_32ns_32_2_1_U146    |add_32ns_32ns_32_2_1    |        0|   0|  148|   36|    0|
    |add_32ns_32ns_32_2_1_U147    |add_32ns_32ns_32_2_1    |        0|   0|  148|   36|    0|
    |add_32ns_32ns_32_2_1_U148    |add_32ns_32ns_32_2_1    |        0|   0|  148|   36|    0|
    |add_32ns_32ns_32_2_1_U149    |add_32ns_32ns_32_2_1    |        0|   0|  148|   36|    0|
    |add_32ns_32ns_32_2_1_U150    |add_32ns_32ns_32_2_1    |        0|   0|  148|   36|    0|
    |add_32ns_32ns_32_2_1_U151    |add_32ns_32ns_32_2_1    |        0|   0|  148|   36|    0|
    |add_32ns_32ns_32_2_1_U153    |add_32ns_32ns_32_2_1    |        0|   0|  148|   36|    0|
    |add_32ns_32ns_32_2_1_U154    |add_32ns_32ns_32_2_1    |        0|   0|  148|   36|    0|
    |sparsemux_129_6_32_1_1_U140  |sparsemux_129_6_32_1_1  |        0|   0|    0|  273|    0|
    +-----------------------------+------------------------+---------+----+-----+-----+-----+
    |Total                        |                        |        0|   4| 1628|  669|    0|
    +-----------------------------+------------------------+---------+----+-----+-----+-----+

    * DSP: 
    N/A

    * Memory: 
    N/A

    * FIFO: 
    N/A

    * Expression: 
    +----------------------------------+----------+----+---+----+------------+------------+
    |           Variable Name          | Operation| DSP| FF| LUT| Bitwidth P0| Bitwidth P1|
    +----------------------------------+----------+----+---+----+------------+------------+
    |t_2_fu_615_p2                     |         +|   0|  0|  14|           7|           1|
    |and_ln580_1_fu_1002_p2            |       and|   0|  0|  32|          32|          32|
    |and_ln580_fu_996_p2               |       and|   0|  0|  32|          32|          32|
    |and_ln591_1_fu_1112_p2            |       and|   0|  0|  32|          32|          32|
    |and_ln591_fu_1106_p2              |       and|   0|  0|  32|          32|          32|
    |ap_block_pp0_stage0_01001         |       and|   0|  0|   2|           1|           1|
    |ap_block_state3_pp0_stage0_iter2  |       and|   0|  0|   2|           1|           1|
    |icmp_ln682_fu_609_p2              |      icmp|   0|  0|  15|           7|           8|
    |add_ln580_2_fu_1034_p1            |       xor|   0|  0|  32|          32|          32|
    |add_ln580_fu_1040_p0              |       xor|   0|  0|  32|          32|          32|
    |ap_enable_pp0                     |       xor|   0|  0|   2|           1|           2|
    |grp_fu_1160_p1                    |       xor|   0|  0|  32|          32|          32|
    |xor_ln580_2_fu_1022_p2            |       xor|   0|  0|  32|          32|          32|
    |xor_ln580_fu_974_p2               |       xor|   0|  0|  32|          32|           2|
    |xor_ln591_2_fu_1148_p2            |       xor|   0|  0|  32|          32|          32|
    |xor_ln591_3_fu_1154_p2            |       xor|   0|  0|  32|          32|          32|
    |xor_ln591_fu_1100_p2              |       xor|   0|  0|  32|          32|          32|
    +----------------------------------+----------+----+---+----+------------+------------+
    |Total                             |          |   0|  0| 419|         401|         367|
    +----------------------------------+----------+----+---+----+------------+------------+

    * Multiplexer: 
    +---------------------------+----+-----------+-----+-----------+
    |            Name           | LUT| Input Size| Bits| Total Bits|
    +---------------------------+----+-----------+-----+-----------+
    |Kt_fu_394                  |   9|          2|   32|         64|
    |ap_done_int                |   9|          2|    1|          2|
    |ap_enable_reg_pp0_iter1    |   9|          2|    1|          2|
    |ap_enable_reg_pp0_iter3    |   9|          2|    1|          2|
    |ap_sig_allocacmp_a_3       |   9|          2|   32|         64|
    |ap_sig_allocacmp_e_3       |   9|          2|   32|         64|
    |ap_sig_allocacmp_h_1_load  |   9|          2|   32|         64|
    |b_1_fu_430                 |   9|          2|   32|         64|
    |c_1_fu_378                 |   9|          2|   32|         64|
    |d_1_fu_382                 |   9|          2|   32|         64|
    |d_2_fu_434                 |   9|          2|   32|         64|
    |f_1_fu_438                 |   9|          2|   32|         64|
    |g_1_fu_386                 |   9|          2|   32|         64|
    |h_1_fu_390                 |   9|          2|   32|         64|
    |h_2_fu_442                 |   9|          2|   32|         64|
    |t_fu_374                   |   9|          2|    7|         14|
    |w_strm_blk_n               |   9|          2|    1|          2|
    +---------------------------+----+-----------+-----+-----------+
    |Total                      | 153|         34|  395|        790|
    +---------------------------+----+-----------+-----+-----------+

    * Register: 
    +-----------------------------------+----+----+-----+-----------+
    |                Name               | FF | LUT| Bits| Const Bits|
    +-----------------------------------+----+----+-----+-----------+
    |Kt_fu_394                          |  32|   0|   32|          0|
    |add_ln6888_fu_426                  |  32|   0|   32|          0|
    |add_ln6897_fu_422                  |  32|   0|   32|          0|
    |add_ln6906_fu_418                  |  32|   0|   32|          0|
    |add_ln6915_fu_414                  |  32|   0|   32|          0|
    |add_ln6924_fu_410                  |  32|   0|   32|          0|
    |add_ln6933_fu_406                  |  32|   0|   32|          0|
    |add_ln6942_fu_402                  |  32|   0|   32|          0|
    |add_ln6951_fu_398                  |  32|   0|   32|          0|
    |ap_CS_fsm                          |   1|   0|    1|          0|
    |ap_done_reg                        |   1|   0|    1|          0|
    |ap_enable_reg_pp0_iter1            |   1|   0|    1|          0|
    |ap_enable_reg_pp0_iter2            |   1|   0|    1|          0|
    |ap_enable_reg_pp0_iter3            |   1|   0|    1|          0|
    |ap_enable_reg_pp0_iter4            |   1|   0|    1|          0|
    |ap_loop_exit_ready_pp0_iter2_reg   |   1|   0|    1|          0|
    |ap_loop_exit_ready_pp0_iter3_reg   |   1|   0|    1|          0|
    |b_1_fu_430                         |  32|   0|   32|          0|
    |c_1_fu_378                         |  32|   0|   32|          0|
    |d_1_fu_382                         |  32|   0|   32|          0|
    |d_2_fu_434                         |  32|   0|   32|          0|
    |f_1_fu_438                         |  32|   0|   32|          0|
    |g_1_fu_386                         |  32|   0|   32|          0|
    |h_1_fu_390                         |  32|   0|   32|          0|
    |h_2_fu_442                         |  32|   0|   32|          0|
    |icmp_ln682_reg_1481                |   1|   0|    1|          0|
    |icmp_ln682_reg_1481_pp0_iter2_reg  |   1|   0|    1|          0|
    |t_fu_374                           |   7|   0|    7|          0|
    |xor_ln591_3_reg_1541               |  32|   0|   32|          0|
    +-----------------------------------+----+----+-----+-----------+
    |Total                              | 593|   0|  593|          0|
    +-----------------------------------+----+----+-----+-----------+



================================================================
== Interface
================================================================
* Summary: 
+-----------------------+-----+-----+------------+---------------------------------------------------------+--------------+
|       RTL Ports       | Dir | Bits|  Protocol  |                      Source Object                      |    C Type    |
+-----------------------+-----+-----+------------+---------------------------------------------------------+--------------+
|ap_clk                 |   in|    1|  ap_ctrl_hs|  sha256Digest<256>_Pipeline_LOOP_SHA256_UPDATE_64_ROUNDS|  return value|
|ap_rst                 |   in|    1|  ap_ctrl_hs|  sha256Digest<256>_Pipeline_LOOP_SHA256_UPDATE_64_ROUNDS|  return value|
|ap_start               |   in|    1|  ap_ctrl_hs|  sha256Digest<256>_Pipeline_LOOP_SHA256_UPDATE_64_ROUNDS|  return value|
|ap_done                |  out|    1|  ap_ctrl_hs|  sha256Digest<256>_Pipeline_LOOP_SHA256_UPDATE_64_ROUNDS|  return value|
|ap_idle                |  out|    1|  ap_ctrl_hs|  sha256Digest<256>_Pipeline_LOOP_SHA256_UPDATE_64_ROUNDS|  return value|
|ap_ready               |  out|    1|  ap_ctrl_hs|  sha256Digest<256>_Pipeline_LOOP_SHA256_UPDATE_64_ROUNDS|  return value|
|w_strm_dout            |   in|   32|     ap_fifo|                                                   w_strm|       pointer|
|w_strm_empty_n         |   in|    1|     ap_fifo|                                                   w_strm|       pointer|
|w_strm_read            |  out|    1|     ap_fifo|                                                   w_strm|       pointer|
|w_strm_num_data_valid  |   in|    6|     ap_fifo|                                                   w_strm|       pointer|
|w_strm_fifo_cap        |   in|    6|     ap_fifo|                                                   w_strm|       pointer|
|h                      |   in|   32|     ap_none|                                                        h|        scalar|
|g                      |   in|   32|     ap_none|                                                        g|        scalar|
|f                      |   in|   32|     ap_none|                                                        f|        scalar|
|e                      |   in|   32|     ap_none|                                                        e|        scalar|
|d                      |   in|   32|     ap_none|                                                        d|        scalar|
|c                      |   in|   32|     ap_none|                                                        c|        scalar|
|b                      |   in|   32|     ap_none|                                                        b|        scalar|
|a                      |   in|   32|     ap_none|                                                        a|        scalar|
|add_ln6888_out         |  out|   32|      ap_vld|                                           add_ln6888_out|       pointer|
|add_ln6888_out_ap_vld  |  out|    1|      ap_vld|                                           add_ln6888_out|       pointer|
|add_ln6897_out         |  out|   32|      ap_vld|                                           add_ln6897_out|       pointer|
|add_ln6897_out_ap_vld  |  out|    1|      ap_vld|                                           add_ln6897_out|       pointer|
|add_ln6906_out         |  out|   32|      ap_vld|                                           add_ln6906_out|       pointer|
|add_ln6906_out_ap_vld  |  out|    1|      ap_vld|                                           add_ln6906_out|       pointer|
|add_ln6915_out         |  out|   32|      ap_vld|                                           add_ln6915_out|       pointer|
|add_ln6915_out_ap_vld  |  out|    1|      ap_vld|                                           add_ln6915_out|       pointer|
|add_ln6924_out         |  out|   32|      ap_vld|                                           add_ln6924_out|       pointer|
|add_ln6924_out_ap_vld  |  out|    1|      ap_vld|                                           add_ln6924_out|       pointer|
|add_ln6933_out         |  out|   32|      ap_vld|                                           add_ln6933_out|       pointer|
|add_ln6933_out_ap_vld  |  out|    1|      ap_vld|                                           add_ln6933_out|       pointer|
|add_ln6942_out         |  out|   32|      ap_vld|                                           add_ln6942_out|       pointer|
|add_ln6942_out_ap_vld  |  out|    1|      ap_vld|                                           add_ln6942_out|       pointer|
|add_ln6951_out         |  out|   32|      ap_vld|                                           add_ln6951_out|       pointer|
|add_ln6951_out_ap_vld  |  out|    1|      ap_vld|                                           add_ln6951_out|       pointer|
+-----------------------+-----+-----+------------+---------------------------------------------------------+--------------+

