

================================================================
== Vitis HLS Report for 'sha256Digest_256_s'
================================================================
* Date:           Sat Oct 18 18:24:32 2025

* Version:        2024.2 (Build 5238294 on Nov  8 2024)
* Project:        hmac_sha256_test.prj
* Solution:       solution1 (Vivado IP Flow Target)
* Product family: zynq
* Target device:  xc7z020-clg484-1


================================================================
== Performance Estimates
================================================================
+ Timing: 
    * Summary: 
    +--------+---------+-----------+------------+
    |  Clock |  Target | Estimated | Uncertainty|
    +--------+---------+-----------+------------+
    |ap_clk  |  3.33 ns|  12.519 ns|     1.05 ns|
    +--------+---------+-----------+------------+

+ Latency: 
    * Summary: 
    +---------+---------+----------+----------+-----+-----+---------+
    |  Latency (cycles) |  Latency (absolute) |  Interval | Pipeline|
    |   min   |   max   |    min   |    max   | min | max |   Type  |
    +---------+---------+----------+----------+-----+-----+---------+
    |        ?|        ?|         ?|         ?|    ?|    ?|       no|
    +---------+---------+----------+----------+-----+-----+---------+

    + Detail: 
        * Instance: 
        +-------------------------------------------------------------------+--------------------------------------------------------+---------+---------+----------+----------+-----+-----+------------------------------------------------+
        |                                                                   |                                                        |  Latency (cycles) |  Latency (absolute) |  Interval |                    Pipeline                    |
        |                              Instance                             |                         Module                         |   min   |   max   |    min   |    max   | min | max |                      Type                      |
        +-------------------------------------------------------------------+--------------------------------------------------------+---------+---------+----------+----------+-----+-----+------------------------------------------------+
        |grp_sha256Digest_256_Pipeline_LOOP_SHA256_UPDATE_64_ROUNDS_fu_273  |sha256Digest_256_Pipeline_LOOP_SHA256_UPDATE_64_ROUNDS  |       68|       68|  0.851 us|  0.851 us|   65|   65|  loop auto-rewind stp (delay=0 clock cycles(s))|
        +-------------------------------------------------------------------+--------------------------------------------------------+---------+---------+----------+----------+-----+-----+------------------------------------------------+

        * Loop: 
        +----------------------------+---------+---------+----------+-----------+-----------+------+----------+
        |                            |  Latency (cycles) | Iteration|  Initiation Interval  | Trip |          |
        |          Loop Name         |   min   |   max   |  Latency |  achieved |   target  | Count| Pipelined|
        +----------------------------+---------+---------+----------+-----------+-----------+------+----------+
        |- LOOP_SHA256_DIGEST_MAIN   |        ?|        ?|        79|          -|          -|     ?|        no|
        | + LOOP_SHA256_DIGEST_NBLK  |       77|       77|        74|          -|          -|     1|        no|
        +----------------------------+---------+---------+----------+-----------+-----------+------+----------+



================================================================
== Utilization Estimates
================================================================
* Summary: 
+-----------------+---------+-----+--------+-------+-----+
|       Name      | BRAM_18K| DSP |   FF   |  LUT  | URAM|
+-----------------+---------+-----+--------+-------+-----+
|DSP              |        -|    -|       -|      -|    -|
|Expression       |        -|    -|       0|      6|    -|
|FIFO             |        -|    -|       -|      -|    -|
|Instance         |        -|    4|    2999|   1373|    -|
|Memory           |        -|    -|       -|      -|    -|
|Multiplexer      |        -|    -|       0|    202|    -|
|Register         |        -|    -|     462|      -|    -|
+-----------------+---------+-----+--------+-------+-----+
|Total            |        0|    4|    3461|   1581|    0|
+-----------------+---------+-----+--------+-------+-----+
|Available        |      280|  220|  106400|  53200|    0|
+-----------------+---------+-----+--------+-------+-----+
|Utilization (%)  |        0|    1|       3|      2|    0|
+-----------------+---------+-----+--------+-------+-----+

+ Detail: 
    * Instance: 
    +-------------------------------------------------------------------+--------------------------------------------------------+---------+----+------+------+-----+
    |                              Instance                             |                         Module                         | BRAM_18K| DSP|  FF  |  LUT | URAM|
    +-------------------------------------------------------------------+--------------------------------------------------------+---------+----+------+------+-----+
    |add_64ns_64ns_64_3_1_U174                                          |add_64ns_64ns_64_3_1                                    |        0|   0|   389|    66|    0|
    |icmp_64ns_64ns_1_3_1_U173                                          |icmp_64ns_64ns_1_3_1                                    |        0|   0|   389|    66|    0|
    |grp_sha256Digest_256_Pipeline_LOOP_SHA256_UPDATE_64_ROUNDS_fu_273  |sha256Digest_256_Pipeline_LOOP_SHA256_UPDATE_64_ROUNDS  |        0|   4|  2221|  1241|    0|
    +-------------------------------------------------------------------+--------------------------------------------------------+---------+----+------+------+-----+
    |Total                                                              |                                                        |        0|   4|  2999|  1373|    0|
    +-------------------------------------------------------------------+--------------------------------------------------------+---------+----+------+------+-----+

    * DSP: 
    N/A

    * Memory: 
    N/A

    * FIFO: 
    N/A

    * Expression: 
    +-----------------+----------+----+---+----+------------+------------+
    |  Variable Name  | Operation| DSP| FF| LUT| Bitwidth P0| Bitwidth P1|
    +-----------------+----------+----+---+----+------------+------------+
    |ap_block_state1  |        or|   0|  0|   2|           1|           1|
    |ap_block_state3  |        or|   0|  0|   2|           1|           1|
    |ap_block_state7  |        or|   0|  0|   2|           1|           1|
    +-----------------+----------+----+---+----+------------+------------+
    |Total            |          |   0|  0|   6|           3|           3|
    +-----------------+----------+----+---+----+------------+------------+

    * Multiplexer: 
    +----------------------+----+-----------+-----+-----------+
    |         Name         | LUT| Input Size| Bits| Total Bits|
    +----------------------+----+-----------+-----+-----------+
    |a_reg_261             |   9|          2|   32|         64|
    |ap_NS_fsm             |  53|         10|    1|         10|
    |ap_done               |   9|          2|    1|          2|
    |b_reg_249             |   9|          2|   32|         64|
    |c_reg_237             |   9|          2|   32|         64|
    |d_reg_225             |   9|          2|   32|         64|
    |eMsgHashStrm_blk_n    |   9|          2|    1|          2|
    |eMsgHashStrm_din      |  14|          3|    1|          3|
    |e_reg_213             |   9|          2|   32|         64|
    |end_flag_1_reg_156    |   9|          2|    1|          2|
    |end_nblk_strm2_blk_n  |   9|          2|    1|          2|
    |f_reg_201             |   9|          2|   32|         64|
    |g_reg_189             |   9|          2|   32|         64|
    |h_reg_177             |   9|          2|   32|         64|
    |msgHashStrm_blk_n     |   9|          2|    1|          2|
    |n_reg_165             |   9|          2|   64|        128|
    |nblk_strm2_blk_n      |   9|          2|    1|          2|
    +----------------------+----+-----------+-----+-----------+
    |Total                 | 202|         43|  328|        665|
    +----------------------+----+-----------+-----+-----------+

    * Register: 
    +--------------------------------------------------------------------------------+----+----+-----+-----------+
    |                                      Name                                      | FF | LUT| Bits| Const Bits|
    +--------------------------------------------------------------------------------+----+----+-----+-----------+
    |a_reg_261                                                                       |  32|   0|   32|          0|
    |ap_CS_fsm                                                                       |   9|   0|    9|          0|
    |ap_done_reg                                                                     |   1|   0|    1|          0|
    |b_reg_249                                                                       |  32|   0|   32|          0|
    |blk_num_reg_732                                                                 |  64|   0|   64|          0|
    |c_reg_237                                                                       |  32|   0|   32|          0|
    |d_reg_225                                                                       |  32|   0|   32|          0|
    |e_reg_213                                                                       |  32|   0|   32|          0|
    |end_flag_1_reg_156                                                              |   1|   0|    1|          0|
    |end_flag_reg_727                                                                |   1|   0|    1|          0|
    |f_reg_201                                                                       |  32|   0|   32|          0|
    |g_reg_189                                                                       |  32|   0|   32|          0|
    |grp_sha256Digest_256_Pipeline_LOOP_SHA256_UPDATE_64_ROUNDS_fu_273_ap_start_reg  |   1|   0|    1|          0|
    |h_reg_177                                                                       |  32|   0|   32|          0|
    |icmp_ln663_reg_737                                                              |   1|   0|    1|          0|
    |n_1_reg_741                                                                     |  64|   0|   64|          0|
    |n_reg_165                                                                       |  64|   0|   64|          0|
    +--------------------------------------------------------------------------------+----+----+-----+-----------+
    |Total                                                                           | 462|   0|  462|          0|
    +--------------------------------------------------------------------------------+----+----+-----+-----------+



================================================================
== Interface
================================================================
* Summary: 
+-------------------------------+-----+-----+------------+-------------------+--------------+
|           RTL Ports           | Dir | Bits|  Protocol  |   Source Object   |    C Type    |
+-------------------------------+-----+-----+------------+-------------------+--------------+
|ap_clk                         |   in|    1|  ap_ctrl_hs|  sha256Digest<256>|  return value|
|ap_rst                         |   in|    1|  ap_ctrl_hs|  sha256Digest<256>|  return value|
|ap_start                       |   in|    1|  ap_ctrl_hs|  sha256Digest<256>|  return value|
|ap_done                        |  out|    1|  ap_ctrl_hs|  sha256Digest<256>|  return value|
|ap_continue                    |   in|    1|  ap_ctrl_hs|  sha256Digest<256>|  return value|
|ap_idle                        |  out|    1|  ap_ctrl_hs|  sha256Digest<256>|  return value|
|ap_ready                       |  out|    1|  ap_ctrl_hs|  sha256Digest<256>|  return value|
|nblk_strm2_dout                |   in|   64|     ap_fifo|         nblk_strm2|       pointer|
|nblk_strm2_empty_n             |   in|    1|     ap_fifo|         nblk_strm2|       pointer|
|nblk_strm2_read                |  out|    1|     ap_fifo|         nblk_strm2|       pointer|
|nblk_strm2_num_data_valid      |   in|    6|     ap_fifo|         nblk_strm2|       pointer|
|nblk_strm2_fifo_cap            |   in|    6|     ap_fifo|         nblk_strm2|       pointer|
|end_nblk_strm2_dout            |   in|    1|     ap_fifo|     end_nblk_strm2|       pointer|
|end_nblk_strm2_empty_n         |   in|    1|     ap_fifo|     end_nblk_strm2|       pointer|
|end_nblk_strm2_read            |  out|    1|     ap_fifo|     end_nblk_strm2|       pointer|
|end_nblk_strm2_num_data_valid  |   in|    6|     ap_fifo|     end_nblk_strm2|       pointer|
|end_nblk_strm2_fifo_cap        |   in|    6|     ap_fifo|     end_nblk_strm2|       pointer|
|w_strm_dout                    |   in|   32|     ap_fifo|             w_strm|       pointer|
|w_strm_empty_n                 |   in|    1|     ap_fifo|             w_strm|       pointer|
|w_strm_read                    |  out|    1|     ap_fifo|             w_strm|       pointer|
|w_strm_num_data_valid          |   in|    6|     ap_fifo|             w_strm|       pointer|
|w_strm_fifo_cap                |   in|    6|     ap_fifo|             w_strm|       pointer|
|msgHashStrm_din                |  out|  256|     ap_fifo|        msgHashStrm|       pointer|
|msgHashStrm_full_n             |   in|    1|     ap_fifo|        msgHashStrm|       pointer|
|msgHashStrm_write              |  out|    1|     ap_fifo|        msgHashStrm|       pointer|
|msgHashStrm_num_data_valid     |   in|    3|     ap_fifo|        msgHashStrm|       pointer|
|msgHashStrm_fifo_cap           |   in|    3|     ap_fifo|        msgHashStrm|       pointer|
|eMsgHashStrm_din               |  out|    1|     ap_fifo|       eMsgHashStrm|       pointer|
|eMsgHashStrm_full_n            |   in|    1|     ap_fifo|       eMsgHashStrm|       pointer|
|eMsgHashStrm_write             |  out|    1|     ap_fifo|       eMsgHashStrm|       pointer|
|eMsgHashStrm_num_data_valid    |   in|    3|     ap_fifo|       eMsgHashStrm|       pointer|
|eMsgHashStrm_fifo_cap          |   in|    3|     ap_fifo|       eMsgHashStrm|       pointer|
+-------------------------------+-----+-----+------------+-------------------+--------------+

