#-----------------------------------------------------------
# Vivado v2024.2 (64-bit)
# SW Build 5239630 on Fri Nov 08 22:35:27 MST 2024
# IP Build 5239520 on Sun Nov 10 16:12:51 MST 2024
# SharedData Build 5239561 on Fri Nov 08 14:39:27 MST 2024
# Start of session at: Tue Oct 21 20:21:06 2025
# Process ID         : 10336
# Current directory  : D:/hlstrack/hlstrack2025-master/security/L1/tests/hmac/sha256/hmac_sha256_test.prj/solution1/impl/verilog
# Command line       : vivado.exe -mode batch -source run_vivadosyn.tcl
# Log file           : D:/hlstrack/hlstrack2025-master/security/L1/tests/hmac/sha256/hmac_sha256_test.prj/solution1/impl/verilog/vivado.log
# Journal file       : D:/hlstrack/hlstrack2025-master/security/L1/tests/hmac/sha256/hmac_sha256_test.prj/solution1/impl/verilog\vivado.jou
# Running On         : LAPTOP-H2R0E34P
# Platform           : Windows Server 2016 or Windows 10
# Operating System   : 26200
# Processor Detail   : AMD Ryzen 7 6800H with Radeon Graphics         
# CPU Frequency      : 3194 MHz
# CPU Physical cores : 8
# CPU Logical cores  : 16
# Host memory        : 16390 MB
# Swap memory        : 9126 MB
# Total Virtual      : 25517 MB
# Available Virtual  : 8091 MB
#-----------------------------------------------------------
source run_vivadosyn.tcl
# source ./settings.tcl
## set top_module test_hmac_sha256
## set language verilog
## set family zynq
## set device xc7z020
## set package -clg484
## set speed -1
## set clock ap_clk
## set fsm_ext "off"
## set add_io_buffers false 
# source -notrace ./extraction.tcl
# set vivado_proj_name project
# set vivado_proj_dir .
# set target_device "${device}${package}${speed}"
# set target_clk_period_ns "15.000"
# set target_clk_freq_hz [expr {floor(1000 / $target_clk_period_ns) * 1000000}]
# set other_clks_freq_hz {}
# set ip_vlnv xilinx.com:hls:test_hmac_sha256:1.0
# set ip_repo_path ../ip
# set bd_design_name bd_0
# set bd_inst_name hls_inst
# set bd_props {}
# set has_synth true
# set synth_design_args {-directive sdx_optimization_effort_high}
# set synth_dcp ""
# set synth_props {}
# set has_impl false
# set impl_props {}
# set report_options [dict create]
# dict set report_options report_level 2
# dict set report_options report_max_paths 10
# dict set report_options stdout_hls_reports 1
# dict set report_options stdout_vivado_reports 0
# dict set report_options hls_project hmac_sha256_test.prj
# dict set report_options hls_solution solution1
# dict set report_options has_synth $has_synth
# dict set report_options has_impl $has_impl
# dict set report_options vivado_reportbasename $top_module
# dict set report_options vivado_reportdir ./report
# dict set report_options hls_impl_dir ..
# dict set report_options hls_reportdir ../report/$language
# dict set report_options target_clk_period $target_clk_period_ns
# dict set report_options target_device $target_device
# dict set report_options language $language
# dict set report_options clock_name $clock
# dict set report_options error_if_impl_timing_fails false
# dict set report_options topmodule "test_hmac_sha256"
# dict set report_options funcmodules {test_hmac_sha256_kpad_32_64_256_32_64_sha256_wrapper_Pipeline_VITIS_LOOP_120_2 test_hmac_sha256_kpad_32_64_256_32_64_sha256_wrapper_s test_hmac_sha256_mergeKipad_32_64_256_64_Pipeline_VITIS_LOOP_162_2 test_hmac_sha256_mergeKipad_32_64_256_64_Pipeline_VITIS_LOOP_171_3 test_hmac_sha256_mergeKipad_32_64_256_64_s test_hmac_sha256_preProcessing_Pipeline_LOOP_SHA256_GEN_FULL_BLKS test_hmac_sha256_preProcessing_Pipeline_LOOP_SHA256_GEN_COPY_TAIL_AND_ONE test_hmac_sha256_preProcessing test_hmac_sha256_dup_strm_Pipeline_VITIS_LOOP_506_1 test_hmac_sha256_dup_strm test_hmac_sha256_generateMsgSchedule_Pipeline_LOOP_SHA256_PREPARE_WT16 test_hmac_sha256_generateMsgSchedule_Pipeline_LOOP_SHA256_PREPARE_WT64 test_hmac_sha256_generateMsgSchedule test_hmac_sha256_sha256Digest_256_Pipeline_LOOP_SHA256_UPDATE_64_ROUNDS test_hmac_sha256_sha256Digest_256_s test_hmac_sha256_sha256_top_32_256_s test_hmac_sha256_hash test_hmac_sha256_msgHash_32_64_256_32_64_sha256_wrapper_s test_hmac_sha256_mergeKopad_32_64_256_32_64_Pipeline_VITIS_LOOP_220_2 test_hmac_sha256_mergeKopad_32_64_256_32_64_Pipeline_VITIS_LOOP_226_3 test_hmac_sha256_mergeKopad_32_64_256_32_64_s test_hmac_sha256_hash_1 test_hmac_sha256_resHash_32_64_256_32_64_sha256_wrapper_s test_hmac_sha256_hmacDataflow_32_64_256_32_64_sha256_wrapper_s}
# dict set report_options bindmodules {test_hmac_sha256_flow_control_loop_pipe_sequential_init test_hmac_sha256_sparsemux_33_4_32_1_1 test_hmac_sha256_sparsemux_129_6_32_1_1 test_hmac_sha256_fifo_w512_d32_D test_hmac_sha256_fifo_w64_d32_D test_hmac_sha256_fifo_w1_d32_D test_hmac_sha256_fifo_w32_d32_D test_hmac_sha256_start_for_dup_strm_U0 test_hmac_sha256_start_for_generateMsgSchedule_U0 test_hmac_sha256_start_for_sha256Digest_256_U0 test_hmac_sha256_fifo_w32_d128_B test_hmac_sha256_fifo_w64_d4_D test_hmac_sha256_fifo_w1_d4_D test_hmac_sha256_start_for_hash_U0 test_hmac_sha256_fifo_w32_d4_D test_hmac_sha256_fifo_w64_d4_D_x test_hmac_sha256_fifo_w1_d4_D_x test_hmac_sha256_start_for_hash_1_U0 test_hmac_sha256_fifo_w512_d4_D test_hmac_sha256_fifo_w1_d4_D_x0 test_hmac_sha256_fifo_w256_d4_D test_hmac_sha256_start_for_msgHash_32_64_256_32_64_sha256_wrapper_U0 test_hmac_sha256_start_for_resHash_32_64_256_32_64_sha256_wrapper_U0}
# dict set report_options max_module_depth 11
# create_project $vivado_proj_name $vivado_proj_dir -part $target_device -force
INFO: [ProjectBase 1-489] The host OS only allows 260 characters in a normal path. The project is stored in a path with more than 80 characters. If you experience issues with IP, Block Designs, or files not being found, please consider moving the project to a location with a shorter path. Alternately consider using the OS subst command to map part of the path to a drive letter.
Current project path is 'D:/hlstrack/hlstrack2025-master/security/L1/tests/hmac/sha256/hmac_sha256_test.prj/solution1/impl/verilog'
# set_property target_language $language [current_project]
# if { ![file exists $ip_repo_path] } {
#   error "Cannot find packaged HLS IP"
# }
# set_property ip_repo_paths [file normalize $ip_repo_path] [current_project]
# update_ip_catalog
INFO: [IP_Flow 19-234] Refreshing IP repositories
INFO: [IP_Flow 19-1700] Loaded user IP repository 'd:/hlstrack/hlstrack2025-master/security/L1/tests/hmac/sha256/hmac_sha256_test.prj/solution1/impl/ip'.
INFO: [IP_Flow 19-2313] Loaded Vivado IP repository 'T:/Xilinx/Vivado/2024.2/data/ip'.
# create_bd_design bd_0
Wrote  : <D:\hlstrack\hlstrack2025-master\security\L1\tests\hmac\sha256\hmac_sha256_test.prj\solution1\impl\verilog\project.srcs\sources_1\bd\bd_0\bd_0.bd> 
# set cell_inst [create_bd_cell -type ip -vlnv $ip_vlnv $bd_inst_name]
# if { [llength $bd_props] } { 
#   set_property -dict $bd_props $cell_inst 
# }
# make_bd_pins_external $cell_inst
# make_bd_intf_pins_external $cell_inst
# set bd_clk_ports [get_bd_ports -filter {TYPE==clk}]
# if { $target_clk_freq_hz ne "" } { 
#   foreach bd_clk_port $bd_clk_ports {
#     # Remove "_0" suffix from BD ports & interfaces so they match IP ports 
#     set clk_name [regsub {_0$} [get_property name $bd_clk_port] {}]
#     set port_freq_hz $target_clk_freq_hz
#     if { [dict exists $other_clks_freq_hz $clk_name] } {
#         set port_freq_hz [dict get $other_clks_freq_hz $clk_name]
#     }
#     set_property CONFIG.FREQ_HZ $port_freq_hz $bd_clk_port
#   }
# }
# foreach bd_port [get_bd_intf_ports] {
#   set_property name [regsub {_0$} [get_property name $bd_port] {}] $bd_port
# }
# foreach bd_port [get_bd_ports -filter {INTF!=TRUE}] {
#   set_property name [regsub {_0$} [get_property name $bd_port] {}] $bd_port
# }
# set s_axi_addr_width_min 32
WARNING: [BD 5-233] No interface ports matched 'get_bd_intf_ports -filter {MODE == "Slave" && VLNV =~ "xilinx.com:interface:aximm_rtl:*"}'
# foreach bd_port [get_bd_intf_ports -filter {MODE == "Slave" && VLNV =~ "xilinx.com:interface:aximm_rtl:*"}] {
#   set bd_port_addr_width [get_property CONFIG.ADDR_WIDTH $bd_port]
#   if { $bd_port_addr_width < $s_axi_addr_width_min } {
#     puts "INFO: Updating $bd_port CONFIG.ADDR_WIDTH to $s_axi_addr_width_min"
#     set_property CONFIG.ADDR_WIDTH $s_axi_addr_width_min $bd_port
#   }
# }
# set_msg_config -id {[BD 41-1265]} -severity {CRITICAL WARNING} -new_severity {INFO}
# assign_bd_address
INFO: [BD 41-3093] Triggering Legacy Auto Assign Algorithm
Wrote  : <D:\hlstrack\hlstrack2025-master\security\L1\tests\hmac\sha256\hmac_sha256_test.prj\solution1\impl\verilog\project.srcs\sources_1\bd\bd_0\bd_0.bd> 
Verilog Output written to : D:/hlstrack/hlstrack2025-master/security/L1/tests/hmac/sha256/hmac_sha256_test.prj/solution1/impl/verilog/project.gen/sources_1/bd/bd_0/synth/bd_0.v
Verilog Output written to : D:/hlstrack/hlstrack2025-master/security/L1/tests/hmac/sha256/hmac_sha256_test.prj/solution1/impl/verilog/project.gen/sources_1/bd/bd_0/sim/bd_0.v
Verilog Output written to : D:/hlstrack/hlstrack2025-master/security/L1/tests/hmac/sha256/hmac_sha256_test.prj/solution1/impl/verilog/project.gen/sources_1/bd/bd_0/hdl/bd_0_wrapper.v
# set toprtl [make_wrapper -files [get_files ${bd_design_name}.bd] -top]
# add_files -norecurse $toprtl
# set top_inst_name [file root [file tail $toprtl]]
# puts "Using BD top: $top_inst_name"
Using BD top: bd_0_wrapper
# set xdc_files [glob -nocomplain ./*.xdc]
# if { [llength $xdc_files] } {
#     add_files -fileset constrs_1 -norecurse $xdc_files
# }
# launch_runs synth_1 -scripts_only
INFO: [BD 41-1662] The design 'bd_0.bd' is already validated. Therefore parameter propagation will not be re-run.
Verilog Output written to : D:/hlstrack/hlstrack2025-master/security/L1/tests/hmac/sha256/hmac_sha256_test.prj/solution1/impl/verilog/project.gen/sources_1/bd/bd_0/synth/bd_0.v
Verilog Output written to : D:/hlstrack/hlstrack2025-master/security/L1/tests/hmac/sha256/hmac_sha256_test.prj/solution1/impl/verilog/project.gen/sources_1/bd/bd_0/sim/bd_0.v
Verilog Output written to : D:/hlstrack/hlstrack2025-master/security/L1/tests/hmac/sha256/hmac_sha256_test.prj/solution1/impl/verilog/project.gen/sources_1/bd/bd_0/hdl/bd_0_wrapper.v
INFO: [BD 41-1029] Generation completed for the IP Integrator block hls_inst .
Exporting to file D:/hlstrack/hlstrack2025-master/security/L1/tests/hmac/sha256/hmac_sha256_test.prj/solution1/impl/verilog/project.gen/sources_1/bd/bd_0/hw_handoff/bd_0.hwh
Generated Hardware Definition File D:/hlstrack/hlstrack2025-master/security/L1/tests/hmac/sha256/hmac_sha256_test.prj/solution1/impl/verilog/project.gen/sources_1/bd/bd_0/synth/bd_0.hwdef
INFO: [IP_Flow 19-6924] IPCACHE: Running cache check for IP inst: bd_0_hls_inst_0
WARNING: [Vivado 12-7122] Auto Incremental Compile:: No reference checkpoint was found in run synth_1. Auto-incremental flow will not be run, the standard flow will be run instead.
launch_runs: Time (s): cpu = 00:00:00 ; elapsed = 00:00:11 . Memory (MB): peak = 347.930 ; gain = 0.000
# foreach run [get_runs -filter {IS_SYNTHESIS == 1}] {
#   reset_run [get_runs $run]
# }
# set_property XPM_LIBRARIES {XPM_MEMORY XPM_FIFO} [current_project]
# hls_vivado_reports_setup $report_options
TIMESTAMP: HLS-REPORT: initialize report directories: 2025-10-21 20:21:29 +0800
# if { $has_synth || $has_impl } {
#   # synth properties setting
#   set_property -name {STEPS.SYNTH_DESIGN.ARGS.MORE OPTIONS} -value {-mode out_of_context} -objects [get_runs synth_1]
#   set ip_inst [get_ips -quiet ${bd_design_name}*${bd_inst_name}*]
#   if { ![llength $ip_inst] } {
#       error "Cannot find HLS IP instance: ${bd_design_name}*${bd_inst_name}*"
#   }
#   set synth_run [get_runs -filter {IS_SYNTHESIS == 1} ${ip_inst}*]
#   if { ![llength $synth_run] } {
#       error "Cannot find synth run for HLS IP: ${ip_inst}*"
#   }
# 
#   if { [llength $synth_design_args] } {
#       set_property -name {STEPS.SYNTH_DESIGN.ARGS.MORE OPTIONS} -value $synth_design_args -objects $synth_run
#   }
# 
#   if { [llength $synth_props] } {
#     set_property -dict $synth_props $synth_run
#   }
# 
#   # launch run synth
#   launch_runs synth_1
#   wait_on_run synth_1
#   # synth reports
#   hls_vivado_reports_synth synth_1 $report_options
#   if { $synth_dcp ne "" } {
#     file mkdir [file dirname $synth_dcp]
#     set run_dcp [glob -nocomplain [get_property DIRECTORY $synth_run]/*.dcp]
#     if { [llength $run_dcp] != 1 } { error "Cannot find single dcp file for run $synth_run" }
#     file copy -force $run_dcp $synth_dcp
#   }
# }
INFO: [IP_Flow 19-6924] IPCACHE: Running cache check for IP inst: bd_0_hls_inst_0
WARNING: [Vivado 12-7122] Auto Incremental Compile:: No reference checkpoint was found in run synth_1. Auto-incremental flow will not be run, the standard flow will be run instead.
[Tue Oct 21 20:21:30 2025] Launched bd_0_hls_inst_0_synth_1...
Run output will be captured here: D:/hlstrack/hlstrack2025-master/security/L1/tests/hmac/sha256/hmac_sha256_test.prj/solution1/impl/verilog/project.runs/bd_0_hls_inst_0_synth_1/runme.log
[Tue Oct 21 20:21:30 2025] Launched synth_1...
Run output will be captured here: D:/hlstrack/hlstrack2025-master/security/L1/tests/hmac/sha256/hmac_sha256_test.prj/solution1/impl/verilog/project.runs/synth_1/runme.log
[Tue Oct 21 20:21:30 2025] Waiting for synth_1 to finish...

*** Running vivado
    with args -log bd_0_wrapper.vds -m64 -product Vivado -mode batch -messageDb vivado.pb -notrace -source bd_0_wrapper.tcl


WARNING: T:/Xilinx/Vivado/2024.2/tps/win64/jre11.0.16_1 does not exist.

****** Vivado v2024.2 (64-bit)
  **** SW Build 5239630 on Fri Nov 08 22:35:27 MST 2024
  **** IP Build 5239520 on Sun Nov 10 16:12:51 MST 2024
  **** SharedData Build 5239561 on Fri Nov 08 14:39:27 MST 2024
  **** Start of session at: Tue Oct 21 20:24:24 2025
    ** Copyright 1986-2022 Xilinx, Inc. All Rights Reserved.
    ** Copyright 2022-2024 Advanced Micro Devices, Inc. All Rights Reserved.

source bd_0_wrapper.tcl -notrace
INFO: [IP_Flow 19-234] Refreshing IP repositories
INFO: [IP_Flow 19-1700] Loaded user IP repository 'd:/hlstrack/hlstrack2025-master/security/L1/tests/hmac/sha256/hmac_sha256_test.prj/solution1/impl/ip'.
INFO: [IP_Flow 19-2313] Loaded Vivado IP repository 'T:/Xilinx/Vivado/2024.2/data/ip'.
WARNING: [IP_Flow 19-4995] The host OS only allows 260 characters in a normal path. The IP cache path is more than 80 characters. If you experience issues with IP caching, please consider changing the IP cache to a location with a shorter path. Alternately consider using the OS subst command to map part of the path to a drive letter. 
Current IP cache path is d:/hlstrack/hlstrack2025-master/security/L1/tests/hmac/sha256/hmac_sha256_test.prj/solution1/impl/verilog/project.cache/ip 
Command: synth_design -top bd_0_wrapper -part xc7z020clg484-1 -mode out_of_context
Starting synth_design
Attempting to get a license for feature 'Synthesis' and/or device 'xc7z020'
INFO: [Common 17-349] Got license for feature 'Synthesis' and/or device 'xc7z020'
INFO: [Device 21-403] Loading part xc7z020clg484-1
INFO: [Synth 8-7079] Multithreading enabled for synth_design using a maximum of 2 processes.
INFO: [Synth 8-7078] Launching helper process for spawning children vivado processes
INFO: [Synth 8-7075] Helper process launched with PID 2408
---------------------------------------------------------------------------------
Starting RTL Elaboration : Time (s): cpu = 00:00:08 ; elapsed = 00:00:08 . Memory (MB): peak = 1003.660 ; gain = 466.664
---------------------------------------------------------------------------------
INFO: [Synth 8-6157] synthesizing module 'bd_0_wrapper' [d:/hlstrack/hlstrack2025-master/security/L1/tests/hmac/sha256/hmac_sha256_test.prj/solution1/impl/verilog/project.gen/sources_1/bd/bd_0/hdl/bd_0_wrapper.v:13]
INFO: [Synth 8-6157] synthesizing module 'bd_0' [d:/hlstrack/hlstrack2025-master/security/L1/tests/hmac/sha256/hmac_sha256_test.prj/solution1/impl/verilog/project.gen/sources_1/bd/bd_0/synth/bd_0.v:13]
INFO: [Synth 8-6157] synthesizing module 'bd_0_hls_inst_0' [D:/hlstrack/hlstrack2025-master/security/L1/tests/hmac/sha256/hmac_sha256_test.prj/solution1/impl/verilog/project.runs/synth_1/.Xil/Vivado-12520-LAPTOP-H2R0E34P/realtime/bd_0_hls_inst_0_stub.v:6]
INFO: [Synth 8-6155] done synthesizing module 'bd_0_hls_inst_0' (0#1) [D:/hlstrack/hlstrack2025-master/security/L1/tests/hmac/sha256/hmac_sha256_test.prj/solution1/impl/verilog/project.runs/synth_1/.Xil/Vivado-12520-LAPTOP-H2R0E34P/realtime/bd_0_hls_inst_0_stub.v:6]
INFO: [Synth 8-6155] done synthesizing module 'bd_0' (0#1) [d:/hlstrack/hlstrack2025-master/security/L1/tests/hmac/sha256/hmac_sha256_test.prj/solution1/impl/verilog/project.gen/sources_1/bd/bd_0/synth/bd_0.v:13]
INFO: [Synth 8-6155] done synthesizing module 'bd_0_wrapper' (0#1) [d:/hlstrack/hlstrack2025-master/security/L1/tests/hmac/sha256/hmac_sha256_test.prj/solution1/impl/verilog/project.gen/sources_1/bd/bd_0/hdl/bd_0_wrapper.v:13]
---------------------------------------------------------------------------------
Finished RTL Elaboration : Time (s): cpu = 00:00:11 ; elapsed = 00:00:11 . Memory (MB): peak = 1114.309 ; gain = 577.312
---------------------------------------------------------------------------------
---------------------------------------------------------------------------------
Start Handling Custom Attributes
---------------------------------------------------------------------------------
---------------------------------------------------------------------------------
Finished Handling Custom Attributes : Time (s): cpu = 00:00:11 ; elapsed = 00:00:11 . Memory (MB): peak = 1114.309 ; gain = 577.312
---------------------------------------------------------------------------------
---------------------------------------------------------------------------------
Finished RTL Optimization Phase 1 : Time (s): cpu = 00:00:11 ; elapsed = 00:00:11 . Memory (MB): peak = 1114.309 ; gain = 577.312
---------------------------------------------------------------------------------
Netlist sorting complete. Time (s): cpu = 00:00:00 ; elapsed = 00:00:00.007 . Memory (MB): peak = 1114.309 ; gain = 0.000
INFO: [Project 1-570] Preparing netlist for logic optimization

Processing XDC Constraints
Initializing timing engine
Parsing XDC File [d:/hlstrack/hlstrack2025-master/security/L1/tests/hmac/sha256/hmac_sha256_test.prj/solution1/impl/verilog/project.gen/sources_1/bd/bd_0/ip/bd_0_hls_inst_0/bd_0_hls_inst_0/bd_0_hls_inst_0_in_context.xdc] for cell 'bd_0_i/hls_inst'
Finished Parsing XDC File [d:/hlstrack/hlstrack2025-master/security/L1/tests/hmac/sha256/hmac_sha256_test.prj/solution1/impl/verilog/project.gen/sources_1/bd/bd_0/ip/bd_0_hls_inst_0/bd_0_hls_inst_0/bd_0_hls_inst_0_in_context.xdc] for cell 'bd_0_i/hls_inst'
Parsing XDC File [D:/hlstrack/hlstrack2025-master/security/L1/tests/hmac/sha256/hmac_sha256_test.prj/solution1/impl/verilog/test_hmac_sha256.xdc]
Finished Parsing XDC File [D:/hlstrack/hlstrack2025-master/security/L1/tests/hmac/sha256/hmac_sha256_test.prj/solution1/impl/verilog/test_hmac_sha256.xdc]
Parsing XDC File [D:/hlstrack/hlstrack2025-master/security/L1/tests/hmac/sha256/hmac_sha256_test.prj/solution1/impl/verilog/project.runs/synth_1/dont_touch.xdc]
Finished Parsing XDC File [D:/hlstrack/hlstrack2025-master/security/L1/tests/hmac/sha256/hmac_sha256_test.prj/solution1/impl/verilog/project.runs/synth_1/dont_touch.xdc]
Completed Processing XDC Constraints

Netlist sorting complete. Time (s): cpu = 00:00:00 ; elapsed = 00:00:00 . Memory (MB): peak = 1115.859 ; gain = 0.000
INFO: [Project 1-111] Unisim Transformation Summary:
No Unisim elements were transformed.

Constraint Validation Runtime : Time (s): cpu = 00:00:00 ; elapsed = 00:00:00.036 . Memory (MB): peak = 1115.859 ; gain = 0.000
---------------------------------------------------------------------------------
Finished Constraint Validation : Time (s): cpu = 00:00:22 ; elapsed = 00:00:24 . Memory (MB): peak = 1115.859 ; gain = 578.863
---------------------------------------------------------------------------------
---------------------------------------------------------------------------------
Start Loading Part and Timing Information
---------------------------------------------------------------------------------
Loading part: xc7z020clg484-1
---------------------------------------------------------------------------------
Finished Loading Part and Timing Information : Time (s): cpu = 00:00:22 ; elapsed = 00:00:24 . Memory (MB): peak = 1115.859 ; gain = 578.863
---------------------------------------------------------------------------------
---------------------------------------------------------------------------------
Start Applying 'set_property' XDC Constraints
---------------------------------------------------------------------------------
Applied set_property KEEP_HIERARCHY = SOFT for bd_0_i. (constraint file  auto generated constraint).
Applied set_property KEEP_HIERARCHY = SOFT for bd_0_i/hls_inst. (constraint file  auto generated constraint).
---------------------------------------------------------------------------------
Finished applying 'set_property' XDC Constraints : Time (s): cpu = 00:00:22 ; elapsed = 00:00:24 . Memory (MB): peak = 1115.859 ; gain = 578.863
---------------------------------------------------------------------------------
---------------------------------------------------------------------------------
Finished RTL Optimization Phase 2 : Time (s): cpu = 00:00:23 ; elapsed = 00:00:24 . Memory (MB): peak = 1115.859 ; gain = 578.863
---------------------------------------------------------------------------------
---------------------------------------------------------------------------------
Start RTL Component Statistics 
---------------------------------------------------------------------------------
Detailed RTL Component Info : 
---------------------------------------------------------------------------------
Finished RTL Component Statistics 
---------------------------------------------------------------------------------
---------------------------------------------------------------------------------
Start Part Resource Summary
---------------------------------------------------------------------------------
Part Resources:
DSPs: 220 (col length:60)
BRAMs: 280 (col length: RAMB18 60 RAMB36 30)
---------------------------------------------------------------------------------
Finished Part Resource Summary
---------------------------------------------------------------------------------
---------------------------------------------------------------------------------
Start Cross Boundary and Area Optimization
---------------------------------------------------------------------------------
WARNING: [Synth 8-7080] Parallel synthesis criteria is not met
---------------------------------------------------------------------------------
Finished Cross Boundary and Area Optimization : Time (s): cpu = 00:00:25 ; elapsed = 00:00:27 . Memory (MB): peak = 1116.887 ; gain = 579.891
---------------------------------------------------------------------------------
---------------------------------------------------------------------------------
Start Applying XDC Timing Constraints
---------------------------------------------------------------------------------
---------------------------------------------------------------------------------
Finished Applying XDC Timing Constraints : Time (s): cpu = 00:00:34 ; elapsed = 00:00:36 . Memory (MB): peak = 1290.906 ; gain = 753.910
---------------------------------------------------------------------------------
---------------------------------------------------------------------------------
Start Timing Optimization
---------------------------------------------------------------------------------
---------------------------------------------------------------------------------
Finished Timing Optimization : Time (s): cpu = 00:00:34 ; elapsed = 00:00:36 . Memory (MB): peak = 1291.133 ; gain = 754.137
---------------------------------------------------------------------------------
---------------------------------------------------------------------------------
Start Technology Mapping
---------------------------------------------------------------------------------
---------------------------------------------------------------------------------
Finished Technology Mapping : Time (s): cpu = 00:00:34 ; elapsed = 00:00:36 . Memory (MB): peak = 1300.914 ; gain = 763.918
---------------------------------------------------------------------------------
---------------------------------------------------------------------------------
Start IO Insertion
---------------------------------------------------------------------------------
---------------------------------------------------------------------------------
Start Flattening Before IO Insertion
---------------------------------------------------------------------------------
---------------------------------------------------------------------------------
Finished Flattening Before IO Insertion
---------------------------------------------------------------------------------
---------------------------------------------------------------------------------
Start Final Netlist Cleanup
---------------------------------------------------------------------------------
---------------------------------------------------------------------------------
Finished Final Netlist Cleanup
---------------------------------------------------------------------------------
---------------------------------------------------------------------------------
Finished IO Insertion : Time (s): cpu = 00:00:40 ; elapsed = 00:00:41 . Memory (MB): peak = 1517.078 ; gain = 980.082
---------------------------------------------------------------------------------
---------------------------------------------------------------------------------
Start Renaming Generated Instances
---------------------------------------------------------------------------------
---------------------------------------------------------------------------------
Finished Renaming Generated Instances : Time (s): cpu = 00:00:40 ; elapsed = 00:00:41 . Memory (MB): peak = 1517.078 ; gain = 980.082
---------------------------------------------------------------------------------
---------------------------------------------------------------------------------
Start Rebuilding User Hierarchy
---------------------------------------------------------------------------------
---------------------------------------------------------------------------------
Finished Rebuilding User Hierarchy : Time (s): cpu = 00:00:40 ; elapsed = 00:00:41 . Memory (MB): peak = 1517.078 ; gain = 980.082
---------------------------------------------------------------------------------
---------------------------------------------------------------------------------
Start Renaming Generated Ports
---------------------------------------------------------------------------------
---------------------------------------------------------------------------------
Finished Renaming Generated Ports : Time (s): cpu = 00:00:40 ; elapsed = 00:00:41 . Memory (MB): peak = 1517.078 ; gain = 980.082
---------------------------------------------------------------------------------
---------------------------------------------------------------------------------
Start Handling Custom Attributes
---------------------------------------------------------------------------------
---------------------------------------------------------------------------------
Finished Handling Custom Attributes : Time (s): cpu = 00:00:40 ; elapsed = 00:00:41 . Memory (MB): peak = 1517.078 ; gain = 980.082
---------------------------------------------------------------------------------
---------------------------------------------------------------------------------
Start Renaming Generated Nets
---------------------------------------------------------------------------------
---------------------------------------------------------------------------------
Finished Renaming Generated Nets : Time (s): cpu = 00:00:40 ; elapsed = 00:00:41 . Memory (MB): peak = 1517.078 ; gain = 980.082
---------------------------------------------------------------------------------
---------------------------------------------------------------------------------
Start Writing Synthesis Report
---------------------------------------------------------------------------------

Report BlackBoxes: 
+------+----------------+----------+
|      |BlackBox name   |Instances |
+------+----------------+----------+
|1     |bd_0_hls_inst_0 |         1|
+------+----------------+----------+

Report Cell Usage: 
+------+--------------+------+
|      |Cell          |Count |
+------+--------------+------+
|1     |bd_0_hls_inst |     1|
+------+--------------+------+
---------------------------------------------------------------------------------
Finished Writing Synthesis Report : Time (s): cpu = 00:00:40 ; elapsed = 00:00:41 . Memory (MB): peak = 1517.078 ; gain = 980.082
---------------------------------------------------------------------------------
Synthesis finished with 0 errors, 0 critical warnings and 1 warnings.
Synthesis Optimization Runtime : Time (s): cpu = 00:00:26 ; elapsed = 00:00:38 . Memory (MB): peak = 1517.078 ; gain = 978.531
Synthesis Optimization Complete : Time (s): cpu = 00:00:40 ; elapsed = 00:00:42 . Memory (MB): peak = 1517.078 ; gain = 980.082
INFO: [Project 1-571] Translating synthesized netlist
Netlist sorting complete. Time (s): cpu = 00:00:00 ; elapsed = 00:00:00.007 . Memory (MB): peak = 1517.078 ; gain = 0.000
INFO: [Project 1-570] Preparing netlist for logic optimization
INFO: [Opt 31-138] Pushed 0 inverter(s) to 0 load pin(s).
Netlist sorting complete. Time (s): cpu = 00:00:00 ; elapsed = 00:00:00 . Memory (MB): peak = 1517.078 ; gain = 0.000
INFO: [Project 1-111] Unisim Transformation Summary:
No Unisim elements were transformed.

Synth Design complete | Checksum: f10af5d
INFO: [Common 17-83] Releasing license: Synthesis
21 Infos, 2 Warnings, 0 Critical Warnings and 0 Errors encountered.
synth_design completed successfully
synth_design: Time (s): cpu = 00:00:46 ; elapsed = 00:00:55 . Memory (MB): peak = 1517.078 ; gain = 1219.914
INFO: [Common 17-1381] The checkpoint 'D:/hlstrack/hlstrack2025-master/security/L1/tests/hmac/sha256/hmac_sha256_test.prj/solution1/impl/verilog/project.runs/synth_1/bd_0_wrapper.dcp' has been generated.
INFO: [Vivado 12-24828] Executing command : report_utilization -file bd_0_wrapper_utilization_synth.rpt -pb bd_0_wrapper_utilization_synth.pb
INFO: [Common 17-206] Exiting Vivado at Tue Oct 21 20:25:25 2025...
[Tue Oct 21 20:25:27 2025] synth_1 finished
wait_on_runs: Time (s): cpu = 00:00:00 ; elapsed = 00:03:56 . Memory (MB): peak = 347.930 ; gain = 0.000
TIMESTAMP: HLS-REPORT: synthesis open_run: 2025-10-21 20:25:27 +0800
INFO: HLS-REPORT: Opening synthesis design database: open_run synth_1
Design is defaulting to impl run constrset: constrs_1
Design is defaulting to synth run part: xc7z020clg484-1
INFO: [Device 21-403] Loading part xc7z020clg484-1
INFO: [Project 1-454] Reading design checkpoint 'd:/hlstrack/hlstrack2025-master/security/L1/tests/hmac/sha256/hmac_sha256_test.prj/solution1/impl/verilog/project.gen/sources_1/bd/bd_0/ip/bd_0_hls_inst_0/bd_0_hls_inst_0.dcp' for cell 'bd_0_i/hls_inst'
Netlist sorting complete. Time (s): cpu = 00:00:00 ; elapsed = 00:00:00.396 . Memory (MB): peak = 622.844 ; gain = 0.000
INFO: [Netlist 29-17] Analyzing 1040 Unisim elements for replacement
INFO: [Netlist 29-28] Unisim Transformation completed in 1 CPU seconds
INFO: [Project 1-479] Netlist was created with Vivado 2024.2
INFO: [Project 1-570] Preparing netlist for logic optimization
Parsing XDC File [D:/hlstrack/hlstrack2025-master/security/L1/tests/hmac/sha256/hmac_sha256_test.prj/solution1/impl/verilog/test_hmac_sha256.xdc]
Finished Parsing XDC File [D:/hlstrack/hlstrack2025-master/security/L1/tests/hmac/sha256/hmac_sha256_test.prj/solution1/impl/verilog/test_hmac_sha256.xdc]
INFO: [Opt 31-138] Pushed 0 inverter(s) to 0 load pin(s).
Netlist sorting complete. Time (s): cpu = 00:00:00 ; elapsed = 00:00:00.007 . Memory (MB): peak = 789.375 ; gain = 0.000
INFO: [Project 1-111] Unisim Transformation Summary:
  A total of 438 instances were transformed.
  RAM16X1D => RAM32X1D (RAMD32(x2)): 16 instances
  RAM32M => RAM32M (RAMD32(x6), RAMS32(x2)): 410 instances
  RAM32X1D => RAM32X1D (RAMD32(x2)): 12 instances

open_run: Time (s): cpu = 00:00:12 ; elapsed = 00:00:13 . Memory (MB): peak = 789.375 ; gain = 441.445
TIMESTAMP: HLS-REPORT: synthesis generate_reports_vivado: 2025-10-21 20:25:39 +0800
INFO: HLS-REPORT: Running report: report_utilization -file ./report/test_hmac_sha256_utilization_synth.rpt
INFO: HLS-REPORT: Running report: report_utilization -hierarchical -hierarchical_depth 11 -file ./report/test_hmac_sha256_utilization_hierarchical_synth.rpt
INFO: HLS-REPORT: Running report: report_timing_summary -file ./report/test_hmac_sha256_timing_synth.rpt
INFO: [Timing 38-35] Done setting XDC timing constraints.
INFO: [Timing 38-91] UpdateTimingParams: Speed grade: -1, Delay Type: min_max.
INFO: [Timing 38-191] Multithreading enabled for timing update using a maximum of 2 CPUs
WARNING: [Timing 38-242] The property HD.CLK_SRC of clock port "ap_clk" is not set. In out-of-context mode, this prevents timing estimation for clock delay/skew
Resolution: Set the HD.CLK_SRC property of the out-of-context port to the location of the clock buffer instance in the top-level design
report_timing_summary: Time (s): cpu = 00:00:17 ; elapsed = 00:00:15 . Memory (MB): peak = 1391.250 ; gain = 601.875
INFO: HLS-REPORT: Running report: report_power -file ./report/test_hmac_sha256_power_synth.rpt -xpe ./test_hmac_sha256_power.xpe
Command: report_power -file ./report/test_hmac_sha256_power_synth.rpt -xpe ./test_hmac_sha256_power.xpe
Running Vector-less Activity Propagation...

Finished Running Vector-less Activity Propagation
12 Infos, 2 Warnings, 0 Critical Warnings and 0 Errors encountered.
report_power completed successfully
INFO: HLS-REPORT: Running report: report_timing -max_paths 10 -file ./report/test_hmac_sha256_timing_paths_synth.rpt
INFO: [Timing 38-91] UpdateTimingParams: Speed grade: -1, Delay Type: max.
INFO: [Timing 38-191] Multithreading enabled for timing update using a maximum of 2 CPUs
INFO: [Timing 38-78] ReportTimingParams: -max_paths 10 -nworst 1 -delay_type max -sort_by slack.
INFO: HLS-REPORT: Running report: report_design_analysis -file ./report/test_hmac_sha256_design_analysis_synth.rpt
INFO: [Implflow 30-839]  
INFO: HLS-REPORT: Running report: ::tclapp::xilinx::designutils::report_failfast -detailed_report synth -file ./report/test_hmac_sha256_failfast_synth.rpt
 -I- design metrics completed in 1 seconds
 -I- DONT_TOUCH metric completed in 0 seconds
 -I- MARK_DEBUG metric completed in 1 seconds
 -I- utilization metrics completed in 1 seconds
 -I- control set metrics completed in 0 seconds
 -I- methodology check metrics completed in 3 seconds
 -I- average fanout metrics completed in 4 seconds (0 modules)
 -I- non-FD high fanout nets completed in 2 seconds
 -I- path budgeting metrics completed in 2 seconds
#  +-----------------------------------------------------------------------------------------+
#  | Design Summary                                                                          |
#  | design_1                                                                                |
#  | xc7z020clg484-1                                                                         |
#  +-----------------------------------------------------------+-----------+--------+--------+
#  | Criteria                                                  | Guideline | Actual | Status |
#  +-----------------------------------------------------------+-----------+--------+--------+
#  | LUT                                                       | 70%       | 14.95% | OK     |
#  | FD                                                        | 50%       | 12.96% | OK     |
#  | LUTRAM+SRL                                                | 25%       | 9.75%  | OK     |
#  | MUXF7                                                     | 15%       | 0.48%  | OK     |
#  | DSP                                                       | 80%       | 0.00%  | OK     |
#  | RAMB/FIFO                                                 | 80%       | 0.36%  | OK     |
#  | DSP+RAMB+URAM (Avg)                                       | 70%       | 0.36%  | OK     |
#  | BUFGCE* + BUFGCTRL                                        | 24        | 0      | OK     |
#  | DONT_TOUCH (cells/nets)                                   | 0         | 0      | OK     |
#  | MARK_DEBUG (nets)                                         | 0         | 0      | OK     |
#  | Control Sets                                              | 998       | 378    | OK     |
#  | Average Fanout for modules > 100k cells                   | 4         | 2.96   | OK     |
#  | Max Average Fanout for modules > 100k cells               | 4         | 0      | OK     |
#  | Non-FD high fanout nets > 10k loads                       | 0         | 0      | OK     |
#  +-----------------------------------------------------------+-----------+--------+--------+
#  | TIMING-6 (No common primary clock between related clocks) | 0         | 0      | OK     |
#  | TIMING-7 (No common node between related clocks)          | 0         | 0      | OK     |
#  | TIMING-8 (No common period between related clocks)        | 0         | 0      | OK     |
#  | TIMING-14 (LUT on the clock tree)                         | 0         | 0      | OK     |
#  | TIMING-35 (No common node in paths with the same clock)   | 0         | 0      | OK     |
#  +-----------------------------------------------------------+-----------+--------+--------+
#  | Number of paths above max LUT budgeting (0.575ns)         | 0         | 0      | OK     |
#  | Number of paths above max Net budgeting (0.403ns)         | 0         | 0      | OK     |
#  +-----------------------------------------------------------+-----------+--------+--------+
 -I- Generated file D:/hlstrack/hlstrack2025-master/security/L1/tests/hmac/sha256/hmac_sha256_test.prj/solution1/impl/verilog/report/test_hmac_sha256_failfast_synth.rpt
 -I- Number of criteria to review: 0
 -I- This report should be run before placing the design and uses conservative guidelines beyond which runtime and timing closure will likely be more challenging
 -I- report_failfast completed in 14 seconds
TIMESTAMP: HLS-REPORT: synthesis gen_data_dict_vivado: 2025-10-21 20:26:16 +0800
TIMESTAMP: HLS-REPORT: synth extract_util_hier: 2025-10-21 20:26:16 +0800
TIMESTAMP: HLS-REPORT: synth get_cell_hier_data: 2025-10-21 20:26:16 +0800
TIMESTAMP: HLS-REPORT: synth get_timing_paths: 2025-10-21 20:26:16 +0800
TIMESTAMP: HLS-REPORT: synth process timing paths: 2025-10-21 20:26:16 +0800
TIMESTAMP: HLS-REPORT: synth get_all_vv_rpt_files: 2025-10-21 20:26:16 +0800
TIMESTAMP: HLS-REPORT: synthesis write_reports_vivado: 2025-10-21 20:26:16 +0800
HLS EXTRACTION: synth area_totals:  0 53200 106400 220 280 0 0
HLS EXTRACTION: synth area_current: 0 7952 13792 0 1 0 0 0 0 0
HLS EXTRACTION: synth resources_dict: AVAIL_LUT 53200 LUT 7952 AVAIL_FF 106400 FF 13792 AVAIL_DSP 220 DSP 0 AVAIL_BRAM 280 BRAM 1 AVAIL_URAM 0 URAM 0 LATCH 0 SRL 0 AVAIL_CLB 0 CLB 0
INFO: HLS-REPORT: generated D:/hlstrack/hlstrack2025-master/security/L1/tests/hmac/sha256/hmac_sha256_test.prj/solution1/impl/verilog/report/vivado_syn.xml
INFO: HLS-REPORT: generated D:/hlstrack/hlstrack2025-master/security/L1/tests/hmac/sha256/hmac_sha256_test.prj/solution1/impl/report/verilog/test_hmac_sha256_export.rpt


Implementation tool: Xilinx Vivado v.2024.2
Project:             hmac_sha256_test.prj
Solution:            solution1
Device target:       xc7z020-clg484-1
Report date:         Tue Oct 21 20:26:17 +0800 2025

#=== Post-Synthesis Resource usage ===
SLICE:            0
LUT:           7952
FF:           13792
DSP:              0
BRAM:             1
URAM:             0
LATCH:            0
SRL:              0
CLB:              0

#=== Final timing ===
CP required:                     15.000
CP achieved post-synthesis:      9.011
Timing met

TIMESTAMP: HLS-REPORT: synthesis end: 2025-10-21 20:26:17 +0800
# if { $has_impl } {
#   # launch run impl
#   if { [llength $impl_props] } {
#     set_property -dict $impl_props [get_runs impl_1]
#   }
#   launch_runs impl_1
#   wait_on_run impl_1
#   # impl reports
#   hls_vivado_reports_impl impl_1 $report_options
# }
# hls_vivado_reports_finalize $report_options
TIMESTAMP: HLS-REPORT: all reports complete: 2025-10-21 20:26:17 +0800
INFO: [Common 17-206] Exiting Vivado at Tue Oct 21 20:26:17 2025...
