==============================================================
Vitis HLS - High-Level Synthesis from C, C++ and OpenCL v2024.2 (64-bit)
Tool Version Limit: 2024.11
Copyright 1986-2022 Xilinx, Inc. All Rights Reserved.
Copyright 2022-2024 Advanced Micro Devices, Inc. All Rights Reserved.

==============================================================
INFO: [HLS 200-1505] Using default flow_target 'vivado'
INFO: [HLS 200-1510] Running: set_part xc7z020-clg484-1 
INFO: [HLS 200-1611] Setting target device to 'xc7z020-clg484-1'
INFO: [HLS 200-1510] Running: create_clock -period 15.0 
INFO: [SYN 201-201] Setting up clock 'default' with a period of 15ns.
INFO: [HLS 200-1510] Running: set_clock_uncertainty 10% 
INFO: [SYN 201-201] Setting up clock 'default' with an uncertainty of 1.5ns.
INFO: [HLS 200-1510] Running: csim_design 
INFO: [SIM 211-2] *************** CSIM start ***************
INFO: [SIM 211-4] CSIM will launch CLANG as the compiler.
INFO: [HLS 200-2036] Building debug C Simulation binaries
INFO: [SIM 211-1] CSim done with 0 errors.
INFO: [SIM 211-3] *************** CSIM finish ***************
INFO: [HLS 200-2161] Finished Command csim_design Elapsed time: 00:00:11; Allocated memory: 0.898 MB.
INFO: [HLS 200-1510] Running: csynth_design 
INFO: [HLS 200-111] Finished File checks and directory preparation: CPU user time: 0 seconds. CPU system time: 0 seconds. Elapsed time: 0.192 seconds; current allocated memory: 261.109 MB.
INFO: [HLS 200-10] Analyzing design file 'test.cpp' ... 
WARNING: [HLS 207-5538] 'Resource pragma' is deprecated, use 'bind_op/bind_storage pragma' instead (D:/hlstrack/hlstrack2025-master/security/L1/tests/hmac/sha256/../../../../L1/include\xf_security/hmac.hpp:91:9)
WARNING: [HLS 207-5538] 'Resource pragma' is deprecated, use 'bind_op/bind_storage pragma' instead (D:/hlstrack/hlstrack2025-master/security/L1/tests/hmac/sha256/../../../../L1/include\xf_security/hmac.hpp:94:9)
WARNING: [HLS 207-5538] 'Resource pragma' is deprecated, use 'bind_op/bind_storage pragma' instead (D:/hlstrack/hlstrack2025-master/security/L1/tests/hmac/sha256/../../../../L1/include\xf_security/hmac.hpp:97:9)
WARNING: [HLS 207-5538] 'Resource pragma' is deprecated, use 'bind_op/bind_storage pragma' instead (D:/hlstrack/hlstrack2025-master/security/L1/tests/hmac/sha256/../../../../L1/include\xf_security/hmac.hpp:100:9)
WARNING: [HLS 207-5538] 'Resource pragma' is deprecated, use 'bind_op/bind_storage pragma' instead (D:/hlstrack/hlstrack2025-master/security/L1/tests/hmac/sha256/../../../../L1/include\xf_security/hmac.hpp:192:9)
WARNING: [HLS 207-5538] 'Resource pragma' is deprecated, use 'bind_op/bind_storage pragma' instead (D:/hlstrack/hlstrack2025-master/security/L1/tests/hmac/sha256/../../../../L1/include\xf_security/hmac.hpp:195:9)
WARNING: [HLS 207-5538] 'Resource pragma' is deprecated, use 'bind_op/bind_storage pragma' instead (D:/hlstrack/hlstrack2025-master/security/L1/tests/hmac/sha256/../../../../L1/include\xf_security/hmac.hpp:198:9)
WARNING: [HLS 207-5538] 'Resource pragma' is deprecated, use 'bind_op/bind_storage pragma' instead (D:/hlstrack/hlstrack2025-master/security/L1/tests/hmac/sha256/../../../../L1/include\xf_security/hmac.hpp:245:9)
WARNING: [HLS 207-5538] 'Resource pragma' is deprecated, use 'bind_op/bind_storage pragma' instead (D:/hlstrack/hlstrack2025-master/security/L1/tests/hmac/sha256/../../../../L1/include\xf_security/hmac.hpp:248:9)
WARNING: [HLS 207-5538] 'Resource pragma' is deprecated, use 'bind_op/bind_storage pragma' instead (D:/hlstrack/hlstrack2025-master/security/L1/tests/hmac/sha256/../../../../L1/include\xf_security/hmac.hpp:251:9)
WARNING: [HLS 207-5538] 'Resource pragma' is deprecated, use 'bind_op/bind_storage pragma' instead (D:/hlstrack/hlstrack2025-master/security/L1/tests/hmac/sha256/../../../../L1/include\xf_security/hmac.hpp:269:9)
WARNING: [HLS 207-5538] 'Resource pragma' is deprecated, use 'bind_op/bind_storage pragma' instead (D:/hlstrack/hlstrack2025-master/security/L1/tests/hmac/sha256/../../../../L1/include\xf_security/hmac.hpp:273:9)
WARNING: [HLS 207-5538] 'Resource pragma' is deprecated, use 'bind_op/bind_storage pragma' instead (D:/hlstrack/hlstrack2025-master/security/L1/tests/hmac/sha256/../../../../L1/include\xf_security/hmac.hpp:276:9)
WARNING: [HLS 207-5538] 'Resource pragma' is deprecated, use 'bind_op/bind_storage pragma' instead (D:/hlstrack/hlstrack2025-master/security/L1/tests/hmac/sha256/../../../../L1/include\xf_security/hmac.hpp:279:9)
WARNING: [HLS 207-5538] 'Resource pragma' is deprecated, use 'bind_op/bind_storage pragma' instead (D:/hlstrack/hlstrack2025-master/security/L1/tests/hmac/sha256/../../../../L1/include\xf_security/hmac.hpp:283:9)
WARNING: [HLS 207-5538] 'Resource pragma' is deprecated, use 'bind_op/bind_storage pragma' instead (D:/hlstrack/hlstrack2025-master/security/L1/tests/hmac/sha256/../../../../L1/include\xf_security/hmac.hpp:286:9)
WARNING: [HLS 207-5538] 'Resource pragma' is deprecated, use 'bind_op/bind_storage pragma' instead (D:/hlstrack/hlstrack2025-master/security/L1/tests/hmac/sha256/../../../../L1/include\xf_security/sha224_256.hpp:756:9)
WARNING: [HLS 207-5538] 'Resource pragma' is deprecated, use 'bind_op/bind_storage pragma' instead (D:/hlstrack/hlstrack2025-master/security/L1/tests/hmac/sha256/../../../../L1/include\xf_security/sha224_256.hpp:761:9)
WARNING: [HLS 207-5538] 'Resource pragma' is deprecated, use 'bind_op/bind_storage pragma' instead (D:/hlstrack/hlstrack2025-master/security/L1/tests/hmac/sha256/../../../../L1/include\xf_security/sha224_256.hpp:764:9)
WARNING: [HLS 207-5538] 'Resource pragma' is deprecated, use 'bind_op/bind_storage pragma' instead (D:/hlstrack/hlstrack2025-master/security/L1/tests/hmac/sha256/../../../../L1/include\xf_security/sha224_256.hpp:767:9)
WARNING: [HLS 207-5538] 'Resource pragma' is deprecated, use 'bind_op/bind_storage pragma' instead (D:/hlstrack/hlstrack2025-master/security/L1/tests/hmac/sha256/../../../../L1/include\xf_security/sha224_256.hpp:772:9)
WARNING: [HLS 207-5538] 'Resource pragma' is deprecated, use 'bind_op/bind_storage pragma' instead (D:/hlstrack/hlstrack2025-master/security/L1/tests/hmac/sha256/../../../../L1/include\xf_security/sha224_256.hpp:775:9)
WARNING: [HLS 207-5538] 'Resource pragma' is deprecated, use 'bind_op/bind_storage pragma' instead (D:/hlstrack/hlstrack2025-master/security/L1/tests/hmac/sha256/../../../../L1/include\xf_security/sha224_256.hpp:778:9)
WARNING: [HLS 207-5538] 'Resource pragma' is deprecated, use 'bind_op/bind_storage pragma' instead (D:/hlstrack/hlstrack2025-master/security/L1/tests/hmac/sha256/../../../../L1/include\xf_security/sha224_256.hpp:783:9)
INFO: [HLS 200-111] Finished Source Code Analysis and Preprocessing: CPU user time: 1 seconds. CPU system time: 0 seconds. Elapsed time: 15.151 seconds; current allocated memory: 266.242 MB.
INFO: [HLS 200-777] Using interface defaults for 'Vivado' flow target.
INFO: [HLS 200-1995] There were 5,771 instructions in the design after the 'Compile/Link' phase of compilation. See the Design Size Report for more details: D:/hlstrack/hlstrack2025-master/security/L1/tests/hmac/sha256/hmac_sha256_test.prj/solution1/syn/report/csynth_design_size.rpt
INFO: [HLS 200-1995] There were 4,609 instructions in the design after the 'Unroll/Inline (step 1)' phase of compilation. See the Design Size Report for more details: D:/hlstrack/hlstrack2025-master/security/L1/tests/hmac/sha256/hmac_sha256_test.prj/solution1/syn/report/csynth_design_size.rpt
INFO: [HLS 200-1995] There were 3,547 instructions in the design after the 'Unroll/Inline (step 2)' phase of compilation. See the Design Size Report for more details: D:/hlstrack/hlstrack2025-master/security/L1/tests/hmac/sha256/hmac_sha256_test.prj/solution1/syn/report/csynth_design_size.rpt
INFO: [HLS 200-1995] There were 3,056 instructions in the design after the 'Unroll/Inline (step 3)' phase of compilation. See the Design Size Report for more details: D:/hlstrack/hlstrack2025-master/security/L1/tests/hmac/sha256/hmac_sha256_test.prj/solution1/syn/report/csynth_design_size.rpt
INFO: [HLS 200-1995] There were 2,930 instructions in the design after the 'Unroll/Inline (step 4)' phase of compilation. See the Design Size Report for more details: D:/hlstrack/hlstrack2025-master/security/L1/tests/hmac/sha256/hmac_sha256_test.prj/solution1/syn/report/csynth_design_size.rpt
INFO: [HLS 200-1995] There were 2,909 instructions in the design after the 'Array/Struct (step 1)' phase of compilation. See the Design Size Report for more details: D:/hlstrack/hlstrack2025-master/security/L1/tests/hmac/sha256/hmac_sha256_test.prj/solution1/syn/report/csynth_design_size.rpt
INFO: [HLS 200-1995] There were 2,055 instructions in the design after the 'Array/Struct (step 2)' phase of compilation. See the Design Size Report for more details: D:/hlstrack/hlstrack2025-master/security/L1/tests/hmac/sha256/hmac_sha256_test.prj/solution1/syn/report/csynth_design_size.rpt
INFO: [HLS 200-1995] There were 2,067 instructions in the design after the 'Array/Struct (step 3)' phase of compilation. See the Design Size Report for more details: D:/hlstrack/hlstrack2025-master/security/L1/tests/hmac/sha256/hmac_sha256_test.prj/solution1/syn/report/csynth_design_size.rpt
INFO: [HLS 200-1995] There were 2,801 instructions in the design after the 'Array/Struct (step 4)' phase of compilation. See the Design Size Report for more details: D:/hlstrack/hlstrack2025-master/security/L1/tests/hmac/sha256/hmac_sha256_test.prj/solution1/syn/report/csynth_design_size.rpt
INFO: [HLS 200-1995] There were 2,899 instructions in the design after the 'Array/Struct (step 5)' phase of compilation. See the Design Size Report for more details: D:/hlstrack/hlstrack2025-master/security/L1/tests/hmac/sha256/hmac_sha256_test.prj/solution1/syn/report/csynth_design_size.rpt
INFO: [HLS 200-1995] There were 2,897 instructions in the design after the 'Performance (step 1)' phase of compilation. See the Design Size Report for more details: D:/hlstrack/hlstrack2025-master/security/L1/tests/hmac/sha256/hmac_sha256_test.prj/solution1/syn/report/csynth_design_size.rpt
INFO: [HLS 200-1995] There were 2,804 instructions in the design after the 'Performance (step 2)' phase of compilation. See the Design Size Report for more details: D:/hlstrack/hlstrack2025-master/security/L1/tests/hmac/sha256/hmac_sha256_test.prj/solution1/syn/report/csynth_design_size.rpt
INFO: [HLS 200-1995] There were 2,797 instructions in the design after the 'Performance (step 3)' phase of compilation. See the Design Size Report for more details: D:/hlstrack/hlstrack2025-master/security/L1/tests/hmac/sha256/hmac_sha256_test.prj/solution1/syn/report/csynth_design_size.rpt
INFO: [HLS 200-1995] There were 2,797 instructions in the design after the 'Performance (step 4)' phase of compilation. See the Design Size Report for more details: D:/hlstrack/hlstrack2025-master/security/L1/tests/hmac/sha256/hmac_sha256_test.prj/solution1/syn/report/csynth_design_size.rpt
INFO: [HLS 200-1995] There were 2,849 instructions in the design after the 'HW Transforms (step 1)' phase of compilation. See the Design Size Report for more details: D:/hlstrack/hlstrack2025-master/security/L1/tests/hmac/sha256/hmac_sha256_test.prj/solution1/syn/report/csynth_design_size.rpt
INFO: [HLS 200-1995] There were 3,438 instructions in the design after the 'HW Transforms (step 2)' phase of compilation. See the Design Size Report for more details: D:/hlstrack/hlstrack2025-master/security/L1/tests/hmac/sha256/hmac_sha256_test.prj/solution1/syn/report/csynth_design_size.rpt
INFO: [HLS 214-377] Adding 'b1' into disaggregation list because there's array-partition pragma applied on the struct field (D:/hlstrack/hlstrack2025-master/security/L1/tests/hmac/sha256/../../../../L1/include\xf_security/sha224_256.hpp:255:9)
INFO: [HLS 214-377] Adding 'b225' into disaggregation list because there's array-partition pragma applied on the struct field (D:/hlstrack/hlstrack2025-master/security/L1/tests/hmac/sha256/../../../../L1/include\xf_security/sha224_256.hpp:210:9)
INFO: [HLS 214-377] Adding 'b81' into disaggregation list because there's array-partition pragma applied on the struct field (D:/hlstrack/hlstrack2025-master/security/L1/tests/hmac/sha256/../../../../L1/include\xf_security/sha224_256.hpp:157:9)
INFO: [HLS 214-377] Adding 'b' into disaggregation list because there's array-partition pragma applied on the struct field (D:/hlstrack/hlstrack2025-master/security/L1/tests/hmac/sha256/../../../../L1/include\xf_security/sha224_256.hpp:134:9)
INFO: [HLS 214-377] Adding 'b0' into disaggregation list because there's array-partition pragma applied on the struct field (D:/hlstrack/hlstrack2025-master/security/L1/tests/hmac/sha256/../../../../L1/include\xf_security/sha224_256.hpp:106:9)
INFO: [HLS 214-377] Adding 'blk' into disaggregation list because there's array-partition pragma applied on the struct field (D:/hlstrack/hlstrack2025-master/security/L1/tests/hmac/sha256/../../../../L1/include\xf_security/sha224_256.hpp:534:9)
INFO: [HLS 214-210] Disaggregating variable 'b1' (D:/hlstrack/hlstrack2025-master/security/L1/tests/hmac/sha256/../../../../L1/include\xf_security/sha224_256.hpp:254:25)
INFO: [HLS 214-210] Disaggregating variable 'b225' (D:/hlstrack/hlstrack2025-master/security/L1/tests/hmac/sha256/../../../../L1/include\xf_security/sha224_256.hpp:209:25)
INFO: [HLS 214-210] Disaggregating variable 'b81' (D:/hlstrack/hlstrack2025-master/security/L1/tests/hmac/sha256/../../../../L1/include\xf_security/sha224_256.hpp:156:25)
INFO: [HLS 214-210] Disaggregating variable 'b' (D:/hlstrack/hlstrack2025-master/security/L1/tests/hmac/sha256/../../../../L1/include\xf_security/sha224_256.hpp:133:25)
INFO: [HLS 214-210] Disaggregating variable 'b0' (D:/hlstrack/hlstrack2025-master/security/L1/tests/hmac/sha256/../../../../L1/include\xf_security/sha224_256.hpp:105:14)
INFO: [HLS 214-210] Disaggregating variable 'blk' (D:/hlstrack/hlstrack2025-master/security/L1/tests/hmac/sha256/../../../../L1/include\xf_security/sha224_256.hpp:533:14)
INFO: [HLS 214-291] Loop 'VITIS_LOOP_554_3' is marked as complete unroll implied by the pipeline pragma (D:/hlstrack/hlstrack2025-master/security/L1/tests/hmac/sha256/../../../../L1/include\xf_security/sha224_256.hpp:554:35)
INFO: [HLS 214-291] Loop 'LOOP_SHA256_GEN_ONE_FULL_BLK' is marked as complete unroll implied by the pipeline pragma (D:/hlstrack/hlstrack2025-master/security/L1/tests/hmac/sha256/../../../../L1/include\xf_security/sha224_256.hpp:109:13)
INFO: [HLS 214-186] Unrolling loop 'LOOP_SHA256_EMIT_H256' (D:/hlstrack/hlstrack2025-master/security/L1/tests/hmac/sha256/../../../../L1/include\xf_security/sha224_256.hpp:718:13) in function 'xf::security::internal::sha256Digest<256>' completely with a factor of 8 (D:/hlstrack/hlstrack2025-master/security/L1/tests/hmac/sha256/../../../../L1/include\xf_security/sha224_256.hpp:614:0)
INFO: [HLS 214-186] Unrolling loop 'VITIS_LOOP_554_3' (D:/hlstrack/hlstrack2025-master/security/L1/tests/hmac/sha256/../../../../L1/include\xf_security/sha224_256.hpp:554:35) in function 'xf::security::internal::generateMsgSchedule' completely with a factor of 15 (D:/hlstrack/hlstrack2025-master/security/L1/tests/hmac/sha256/../../../../L1/include\xf_security/sha224_256.hpp:526:0)
INFO: [HLS 214-186] Unrolling loop 'LOOP_SHA256_GEN_ONE_FULL_BLK' (D:/hlstrack/hlstrack2025-master/security/L1/tests/hmac/sha256/../../../../L1/include\xf_security/sha224_256.hpp:109:13) in function 'xf::security::internal::preProcessing' completely with a factor of 16 (D:/hlstrack/hlstrack2025-master/security/L1/tests/hmac/sha256/../../../../L1/include\xf_security/sha224_256.hpp:87:0)
INFO: [HLS 214-186] Unrolling loop 'LOOP_SHA256_GEN_COPY_TAIL_ONLY' (D:/hlstrack/hlstrack2025-master/security/L1/tests/hmac/sha256/../../../../L1/include\xf_security/sha224_256.hpp:213:13) in function 'xf::security::internal::preProcessing' completely with a factor of 16 (D:/hlstrack/hlstrack2025-master/security/L1/tests/hmac/sha256/../../../../L1/include\xf_security/sha224_256.hpp:87:0)
INFO: [HLS 214-186] Unrolling loop 'LOOP_SHA256_GEN_L_ONLY_BLK' (D:/hlstrack/hlstrack2025-master/security/L1/tests/hmac/sha256/../../../../L1/include\xf_security/sha224_256.hpp:257:13) in function 'xf::security::internal::preProcessing' completely with a factor of 14 (D:/hlstrack/hlstrack2025-master/security/L1/tests/hmac/sha256/../../../../L1/include\xf_security/sha224_256.hpp:87:0)
INFO: [HLS 214-186] Unrolling loop 'LOOP_SHA256_GEN_PAD_13_ZEROS' (D:/hlstrack/hlstrack2025-master/security/L1/tests/hmac/sha256/../../../../L1/include\xf_security/sha224_256.hpp:140:13) in function 'xf::security::internal::preProcessing' completely with a factor of 13 (D:/hlstrack/hlstrack2025-master/security/L1/tests/hmac/sha256/../../../../L1/include\xf_security/sha224_256.hpp:87:0)
INFO: [HLS 214-186] Unrolling loop 'VITIS_LOOP_129_3' (D:/hlstrack/hlstrack2025-master/security/L1/tests/hmac/sha256/../../../../L1/include\xf_security/hmac.hpp:129:31) in function 'xf::security::internal::kpad<32, 64, 256, 32, 64, sha256_wrapper>' completely with a factor of 64 (D:/hlstrack/hlstrack2025-master/security/L1/tests/hmac/sha256/../../../../L1/include\xf_security/hmac.hpp:114:0)
INFO: [HLS 214-178] Inlining function 'xf::security::internal::sha256_iter(unsigned int&, unsigned int&, unsigned int&, unsigned int&, unsigned int&, unsigned int&, unsigned int&, unsigned int&, hls::stream<unsigned int, 0>&, unsigned int&, unsigned int const*, short)' into 'void xf::security::internal::sha256Digest<256>(hls::stream<unsigned long long, 0>&, hls::stream<bool, 0>&, hls::stream<unsigned int, 0>&, hls::stream<ap_uint<256>, 0>&, hls::stream<bool, 0>&) (.79.92)' (D:/hlstrack/hlstrack2025-master/security/L1/tests/hmac/sha256/../../../../L1/include\xf_security/sha224_256.hpp:614:0)
INFO: [HLS 214-178] Inlining function 'void xf::security::sha256<32>(hls::stream<ap_uint<32>, 0>&, hls::stream<ap_uint<64>, 0>&, hls::stream<bool, 0>&, hls::stream<ap_uint<256>, 0>&, hls::stream<bool, 0>&) (.25.39.51.73.86)' into 'sha256_wrapper<32, 64, 256>::hash(hls::stream<ap_uint<32>, 0>&, hls::stream<ap_uint<64>, 0>&, hls::stream<bool, 0>&, hls::stream<ap_uint<256>, 0>&, hls::stream<bool, 0>&)' (test.cpp:60:0)
INFO: [HLS 214-178] Inlining function 'void xf::security::hmac<32, 64, 256, 32, 64, sha256_wrapper>(hls::stream<ap_uint<32>, 0>&, hls::stream<ap_uint<32>, 0>&, hls::stream<ap_uint<64>, 0>&, hls::stream<bool, 0>&, hls::stream<ap_uint<256>, 0>&, hls::stream<bool, 0>&)' into 'test_hmac_sha256(hls::stream<ap_uint<32>, 0>&, hls::stream<ap_uint<32>, 0>&, hls::stream<ap_uint<64>, 0>&, hls::stream<bool, 0>&, hls::stream<ap_uint<256>, 0>&, hls::stream<bool, 0>&)' (test.cpp:70:0)
INFO: [HLS 214-248] Applying array_partition to '_ZZN2xf8security8internal12sha256DigestILi256EEEvRN3hls6streamIyLi0EEERNS4_IbLi0EEERNS4_IjLi0EEERNS4_I7ap_uintIXT_EELi0EEES8_E1K': Complete partitioning on dimension 1. (D:/hlstrack/hlstrack2025-master/security/L1/tests/hmac/sha256/../../../../L1/include\xf_security/sha224_256.hpp:620:0)
INFO: [HLS 214-248] Applying array_partition to 'b81': Complete partitioning on dimension 1. (D:/hlstrack/hlstrack2025-master/security/L1/tests/hmac/sha256/../../../../L1/include\xf_security/sha224_256.hpp:156:25)
INFO: [HLS 214-248] Applying array_partition to 'blk': Complete partitioning on dimension 1. (D:/hlstrack/hlstrack2025-master/security/L1/tests/hmac/sha256/../../../../L1/include\xf_security/sha224_256.hpp:533:14)
INFO: [HLS 214-248] Applying array_partition to 'W': Complete partitioning on dimension 1. (D:/hlstrack/hlstrack2025-master/security/L1/tests/hmac/sha256/../../../../L1/include\xf_security/sha224_256.hpp:537:11)
INFO: [HLS 214-248] Applying array_partition to 'H': Complete partitioning on dimension 1. (D:/hlstrack/hlstrack2025-master/security/L1/tests/hmac/sha256/../../../../L1/include\xf_security/sha224_256.hpp:638:18)
WARNING: [HLS 214-358] Array transformation on index using bit extension logic may lead to poor performance. Please use int or long for array index computation to benefit from optimizations. (D:/hlstrack/hlstrack2025-master/security/L1/tests/hmac/sha256/../../../../L1/include\xf_security/sha224_256.hpp:600:20)
INFO: [HLS 214-241] Aggregating fifo (hls::stream) variable 'blk_strm' with compact=bit mode in 512-bits (D:/hlstrack/hlstrack2025-master/security/L1/tests/hmac/sha256/../../../../L1/include\xf_security/sha224_256.hpp:754:27)
INFO: [HLS 214-437] Automatically disabling loop flattening for loop 'LOOP_SHA256_DIGEST_MAIN'. (D:/hlstrack/hlstrack2025-master/security/L1/tests/hmac/sha256/../../../../L1/include\xf_security/sha224_256.hpp:632:5)
INFO: [HLS 200-111] Finished Compiling Optimization and Transform: CPU user time: 1 seconds. CPU system time: 0 seconds. Elapsed time: 11.086 seconds; current allocated memory: 269.473 MB.
INFO: [HLS 200-111] Finished Checking Pragmas: CPU user time: 0 seconds. CPU system time: 0 seconds. Elapsed time: 0.011 seconds; current allocated memory: 269.473 MB.
INFO: [HLS 200-10] Starting code transformations ...
INFO: [HLS 200-111] Finished Standard Transforms: CPU user time: 0 seconds. CPU system time: 0 seconds. Elapsed time: 0.282 seconds; current allocated memory: 278.383 MB.
INFO: [HLS 200-10] Checking synthesizability ...
INFO: [HLS 200-111] Finished Checking Synthesizability: CPU user time: 1 seconds. CPU system time: 0 seconds. Elapsed time: 0.352 seconds; current allocated memory: 283.902 MB.
INFO: [XFORM 203-712] Applying dataflow to function 'xf::security::internal::sha256_top<32, 256>' (D:/hlstrack/hlstrack2025-master/security/L1/tests/hmac/sha256/../../../../L1/include\xf_security/sha224_256.hpp:752:1), detected/extracted 4 process function(s): 
	 'xf::security::internal::preProcessing'
	 'xf::security::internal::dup_strm'
	 'xf::security::internal::generateMsgSchedule'
	 'xf::security::internal::sha256Digest<256>'.
INFO: [XFORM 203-712] Applying dataflow to function 'xf::security::internal::msgHash<32, 64, 256, 32, 64, sha256_wrapper>' (D:/hlstrack/hlstrack2025-master/security/L1/tests/hmac/sha256/../../../../L1/include\xf_security/hmac.hpp:188:1), detected/extracted 2 process function(s): 
	 'xf::security::internal::mergeKipad<32, 64, 256, 64>'
	 'sha256_wrapper<32, 64, 256>::hash'.
INFO: [XFORM 203-712] Applying dataflow to function 'xf::security::internal::resHash<32, 64, 256, 32, 64, sha256_wrapper>' (D:/hlstrack/hlstrack2025-master/security/L1/tests/hmac/sha256/../../../../L1/include\xf_security/hmac.hpp:241:1), detected/extracted 2 process function(s): 
	 'xf::security::internal::mergeKopad<32, 64, 256, 32, 64>'
	 'sha256_wrapper<32, 64, 256>::hash.1'.
INFO: [XFORM 203-712] Applying dataflow to function 'xf::security::internal::hmacDataflow<32, 64, 256, 32, 64, sha256_wrapper>' (D:/hlstrack/hlstrack2025-master/security/L1/tests/hmac/sha256/../../../../L1/include\xf_security/hmac.hpp:266:1), detected/extracted 3 process function(s): 
	 'xf::security::internal::kpad<32, 64, 256, 32, 64, sha256_wrapper>'
	 'xf::security::internal::msgHash<32, 64, 256, 32, 64, sha256_wrapper>'
	 'xf::security::internal::resHash<32, 64, 256, 32, 64, sha256_wrapper>'.
INFO: [XFORM 203-11] Balancing expressions in function 'xf::security::internal::sha256Digest<256>' (D:/hlstrack/hlstrack2025-master/security/L1/tests/hmac/sha256/../../../../L1/include\xf_security/sha224_256.hpp:577:13)...7 expression(s) balanced.
INFO: [XFORM 203-11] Balancing expressions in function 'xf::security::internal::generateMsgSchedule' (D:/hlstrack/hlstrack2025-master/security/L1/tests/hmac/sha256/../../../../L1/include\xf_security/sha224_256.hpp:524:13)...3 expression(s) balanced.
INFO: [HLS 200-111] Finished Loop, function and other optimizations: CPU user time: 1 seconds. CPU system time: 0 seconds. Elapsed time: 1.127 seconds; current allocated memory: 309.977 MB.
INFO: [HLS 200-2061] Successfully converted nested loops 'LOOP_SHA256_DIGEST_NBLK'(D:/hlstrack/hlstrack2025-master/security/L1/tests/hmac/sha256/../../../../L1/include\xf_security/sha224_256.hpp:663:9) and 'LOOP_SHA256_UPDATE_64_ROUNDS'(D:/hlstrack/hlstrack2025-master/security/L1/tests/hmac/sha256/../../../../L1/include\xf_security/sha224_256.hpp:682:13) in function 'xf::security::internal::sha256Digest<256>' into perfectly nested loops.
WARNING: [HLS 200-960] Cannot flatten loop 'LOOP_SHA256_DIGEST_NBLK' (D:/hlstrack/hlstrack2025-master/security/L1/tests/hmac/sha256/../../../../L1/include\xf_security/sha224_256.hpp:663:9) in function 'xf::security::internal::sha256Digest<256>' the outer loop is not a perfect loop because there is nontrivial logic in the loop latch.
WARNING: [HLS 200-960] Cannot flatten loop 'VITIS_LOOP_118_1' (D:/hlstrack/hlstrack2025-master/security/L1/tests/hmac/sha256/../../../../L1/include\xf_security/hmac.hpp:118:27) in function 'xf::security::internal::kpad<32, 64, 256, 32, 64, sha256_wrapper>' the outer loop is not a perfect loop because there is nontrivial logic in the loop latch.
WARNING: [HLS 200-765] Process mergeKipad<32, 64, 256, 64> is made part of the output synchronization in its dataflow region, because it has an external FIFO output and no PIPO output
WARNING: [HLS 200-1450] Process mergeKipad<32, 64, 256, 64> has both a successor and writes an output to its caller (see the GUI dataflow viewer). This may lead to lower throughput. Consider copying this output via a successor process.
WARNING: [HLS 200-1614] Cosimulation may deadlock if process msgHash<32, 64, 256, 32, 64, sha256_wrapper> has a streamed top-level array input and has predecessor processes. If a deadlock occurs, please consider converting the streamed array into an hls::stream
INFO: [HLS 200-111] Finished Architecture Synthesis: CPU user time: 1 seconds. CPU system time: 1 seconds. Elapsed time: 1.023 seconds; current allocated memory: 520.004 MB.
INFO: [HLS 200-10] Starting hardware synthesis ...
INFO: [HLS 200-10] Synthesizing 'test_hmac_sha256' ...
WARNING: [SYN 201-103] Legalizing function name 'kpad<32, 64, 256, 32, 64, sha256_wrapper>_Pipeline_VITIS_LOOP_120_2' to 'kpad_32_64_256_32_64_sha256_wrapper_Pipeline_VITIS_LOOP_120_2'.
WARNING: [SYN 201-103] Legalizing function name 'kpad<32, 64, 256, 32, 64, sha256_wrapper>' to 'kpad_32_64_256_32_64_sha256_wrapper_s'.
WARNING: [SYN 201-103] Legalizing function name 'mergeKipad<32, 64, 256, 64>_Pipeline_VITIS_LOOP_162_2' to 'mergeKipad_32_64_256_64_Pipeline_VITIS_LOOP_162_2'.
WARNING: [SYN 201-103] Legalizing function name 'mergeKipad<32, 64, 256, 64>_Pipeline_VITIS_LOOP_171_3' to 'mergeKipad_32_64_256_64_Pipeline_VITIS_LOOP_171_3'.
WARNING: [SYN 201-103] Legalizing function name 'mergeKipad<32, 64, 256, 64>' to 'mergeKipad_32_64_256_64_s'.
WARNING: [SYN 201-103] Legalizing function name 'sha256Digest<256>_Pipeline_LOOP_SHA256_UPDATE_64_ROUNDS' to 'sha256Digest_256_Pipeline_LOOP_SHA256_UPDATE_64_ROUNDS'.
WARNING: [SYN 201-103] Legalizing function name 'sha256Digest<256>' to 'sha256Digest_256_s'.
WARNING: [SYN 201-103] Legalizing function name 'sha256_top<32, 256>' to 'sha256_top_32_256_s'.
WARNING: [SYN 201-103] Legalizing function name 'msgHash<32, 64, 256, 32, 64, sha256_wrapper>' to 'msgHash_32_64_256_32_64_sha256_wrapper_s'.
WARNING: [SYN 201-103] Legalizing function name 'mergeKopad<32, 64, 256, 32, 64>_Pipeline_VITIS_LOOP_220_2' to 'mergeKopad_32_64_256_32_64_Pipeline_VITIS_LOOP_220_2'.
WARNING: [SYN 201-103] Legalizing function name 'mergeKopad<32, 64, 256, 32, 64>_Pipeline_VITIS_LOOP_226_3' to 'mergeKopad_32_64_256_32_64_Pipeline_VITIS_LOOP_226_3'.
WARNING: [SYN 201-103] Legalizing function name 'mergeKopad<32, 64, 256, 32, 64>' to 'mergeKopad_32_64_256_32_64_s'.
WARNING: [SYN 201-103] Legalizing function name 'hash.1' to 'hash_1'.
WARNING: [SYN 201-103] Legalizing function name 'resHash<32, 64, 256, 32, 64, sha256_wrapper>' to 'resHash_32_64_256_32_64_sha256_wrapper_s'.
WARNING: [SYN 201-103] Legalizing function name 'hmacDataflow<32, 64, 256, 32, 64, sha256_wrapper>' to 'hmacDataflow_32_64_256_32_64_sha256_wrapper_s'.
INFO: [HLS 200-10] ----------------------------------------------------------------
INFO: [HLS 200-42] -- Implementing module 'kpad_32_64_256_32_64_sha256_wrapper_Pipeline_VITIS_LOOP_120_2' 
INFO: [HLS 200-10] ----------------------------------------------------------------
INFO: [SCHED 204-11] Starting scheduling ...
INFO: [SCHED 204-61] Pipelining loop 'VITIS_LOOP_120_2'.
INFO: [HLS 200-1470] Pipelining result : Target II = 1, Final II = 1, Depth = 2, loop 'VITIS_LOOP_120_2'
INFO: [SCHED 204-11] Finished scheduling.
INFO: [HLS 200-111] Finished Scheduling: CPU user time: 0 seconds. CPU system time: 0 seconds. Elapsed time: 0.493 seconds; current allocated memory: 524.434 MB.
INFO: [BIND 205-100] Starting micro-architecture generation ...
INFO: [BIND 205-101] Performing variable lifetime analysis.
INFO: [BIND 205-101] Exploring resource sharing.
INFO: [BIND 205-101] Binding ...
INFO: [BIND 205-100] Finished micro-architecture generation.
INFO: [HLS 200-111] Finished Binding: CPU user time: 0 seconds. CPU system time: 0 seconds. Elapsed time: 0.122 seconds; current allocated memory: 525.652 MB.
INFO: [HLS 200-10] ----------------------------------------------------------------
INFO: [HLS 200-42] -- Implementing module 'kpad_32_64_256_32_64_sha256_wrapper_s' 
INFO: [HLS 200-10] ----------------------------------------------------------------
INFO: [SCHED 204-11] Starting scheduling ...
INFO: [SCHED 204-11] Finished scheduling.
INFO: [HLS 200-111] Finished Scheduling: CPU user time: 0 seconds. CPU system time: 0 seconds. Elapsed time: 0.134 seconds; current allocated memory: 527.027 MB.
INFO: [BIND 205-100] Starting micro-architecture generation ...
INFO: [BIND 205-101] Performing variable lifetime analysis.
INFO: [BIND 205-101] Exploring resource sharing.
INFO: [BIND 205-101] Binding ...
INFO: [BIND 205-100] Finished micro-architecture generation.
INFO: [HLS 200-111] Finished Binding: CPU user time: 0 seconds. CPU system time: 0 seconds. Elapsed time: 0.174 seconds; current allocated memory: 527.887 MB.
INFO: [HLS 200-10] ----------------------------------------------------------------
INFO: [HLS 200-42] -- Implementing module 'mergeKipad_32_64_256_64_Pipeline_VITIS_LOOP_162_2' 
INFO: [HLS 200-10] ----------------------------------------------------------------
INFO: [SCHED 204-11] Starting scheduling ...
INFO: [SCHED 204-61] Pipelining loop 'VITIS_LOOP_162_2'.
INFO: [HLS 200-1470] Pipelining result : Target II = 1, Final II = 1, Depth = 2, loop 'VITIS_LOOP_162_2'
INFO: [SCHED 204-11] Finished scheduling.
INFO: [HLS 200-111] Finished Scheduling: CPU user time: 0 seconds. CPU system time: 0 seconds. Elapsed time: 0.27 seconds; current allocated memory: 528.176 MB.
INFO: [BIND 205-100] Starting micro-architecture generation ...
INFO: [BIND 205-101] Performing variable lifetime analysis.
INFO: [BIND 205-101] Exploring resource sharing.
INFO: [BIND 205-101] Binding ...
INFO: [BIND 205-100] Finished micro-architecture generation.
INFO: [HLS 200-111] Finished Binding: CPU user time: 0 seconds. CPU system time: 0 seconds. Elapsed time: 0.113 seconds; current allocated memory: 528.176 MB.
INFO: [HLS 200-10] ----------------------------------------------------------------
INFO: [HLS 200-42] -- Implementing module 'mergeKipad_32_64_256_64_Pipeline_VITIS_LOOP_171_3' 
INFO: [HLS 200-10] ----------------------------------------------------------------
INFO: [SCHED 204-11] Starting scheduling ...
INFO: [SCHED 204-61] Pipelining loop 'VITIS_LOOP_171_3'.
INFO: [HLS 200-1470] Pipelining result : Target II = 1, Final II = 1, Depth = 3, loop 'VITIS_LOOP_171_3'
INFO: [SCHED 204-11] Finished scheduling.
INFO: [HLS 200-111] Finished Scheduling: CPU user time: 0 seconds. CPU system time: 0 seconds. Elapsed time: 0.076 seconds; current allocated memory: 528.609 MB.
INFO: [BIND 205-100] Starting micro-architecture generation ...
INFO: [BIND 205-101] Performing variable lifetime analysis.
INFO: [BIND 205-101] Exploring resource sharing.
INFO: [BIND 205-101] Binding ...
INFO: [BIND 205-100] Finished micro-architecture generation.
INFO: [HLS 200-111] Finished Binding: CPU user time: 0 seconds. CPU system time: 0 seconds. Elapsed time: 0.051 seconds; current allocated memory: 528.844 MB.
INFO: [HLS 200-10] ----------------------------------------------------------------
INFO: [HLS 200-42] -- Implementing module 'mergeKipad_32_64_256_64_s' 
INFO: [HLS 200-10] ----------------------------------------------------------------
INFO: [SCHED 204-11] Starting scheduling ...
INFO: [SCHED 204-11] Finished scheduling.
INFO: [HLS 200-111] Finished Scheduling: CPU user time: 0 seconds. CPU system time: 0 seconds. Elapsed time: 0.073 seconds; current allocated memory: 528.980 MB.
INFO: [BIND 205-100] Starting micro-architecture generation ...
INFO: [BIND 205-101] Performing variable lifetime analysis.
INFO: [BIND 205-101] Exploring resource sharing.
INFO: [BIND 205-101] Binding ...
INFO: [BIND 205-100] Finished micro-architecture generation.
INFO: [HLS 200-111] Finished Binding: CPU user time: 0 seconds. CPU system time: 0 seconds. Elapsed time: 0.05 seconds; current allocated memory: 529.012 MB.
INFO: [HLS 200-10] ----------------------------------------------------------------
INFO: [HLS 200-42] -- Implementing module 'preProcessing_Pipeline_LOOP_SHA256_GEN_FULL_BLKS' 
INFO: [HLS 200-10] ----------------------------------------------------------------
INFO: [SCHED 204-11] Starting scheduling ...
INFO: [SCHED 204-61] Pipelining loop 'LOOP_SHA256_GEN_FULL_BLKS'.
INFO: [HLS 200-1470] Pipelining result : Target II = 16, Final II = 16, Depth = 18, loop 'LOOP_SHA256_GEN_FULL_BLKS'
INFO: [SCHED 204-11] Finished scheduling.
INFO: [HLS 200-111] Finished Scheduling: CPU user time: 0 seconds. CPU system time: 0 seconds. Elapsed time: 0.14 seconds; current allocated memory: 530.164 MB.
INFO: [BIND 205-100] Starting micro-architecture generation ...
INFO: [BIND 205-101] Performing variable lifetime analysis.
INFO: [BIND 205-101] Exploring resource sharing.
INFO: [BIND 205-101] Binding ...
INFO: [BIND 205-100] Finished micro-architecture generation.
INFO: [HLS 200-111] Finished Binding: CPU user time: 0 seconds. CPU system time: 0 seconds. Elapsed time: 0.172 seconds; current allocated memory: 530.215 MB.
INFO: [HLS 200-10] ----------------------------------------------------------------
INFO: [HLS 200-42] -- Implementing module 'preProcessing_Pipeline_LOOP_SHA256_GEN_COPY_TAIL_AND_ONE' 
INFO: [HLS 200-10] ----------------------------------------------------------------
INFO: [SCHED 204-11] Starting scheduling ...
INFO: [SCHED 204-61] Pipelining loop 'LOOP_SHA256_GEN_COPY_TAIL_AND_ONE'.
INFO: [HLS 200-1470] Pipelining result : Target II = NA, Final II = 1, Depth = 2, loop 'LOOP_SHA256_GEN_COPY_TAIL_AND_ONE'
INFO: [SCHED 204-11] Finished scheduling.
INFO: [HLS 200-111] Finished Scheduling: CPU user time: 1 seconds. CPU system time: 0 seconds. Elapsed time: 0.281 seconds; current allocated memory: 534.023 MB.
INFO: [BIND 205-100] Starting micro-architecture generation ...
INFO: [BIND 205-101] Performing variable lifetime analysis.
INFO: [BIND 205-101] Exploring resource sharing.
INFO: [BIND 205-101] Binding ...
INFO: [BIND 205-100] Finished micro-architecture generation.
INFO: [HLS 200-111] Finished Binding: CPU user time: 0 seconds. CPU system time: 0 seconds. Elapsed time: 0.185 seconds; current allocated memory: 534.078 MB.
INFO: [HLS 200-10] ----------------------------------------------------------------
INFO: [HLS 200-42] -- Implementing module 'preProcessing' 
INFO: [HLS 200-10] ----------------------------------------------------------------
INFO: [SCHED 204-11] Starting scheduling ...
INFO: [SCHED 204-11] Finished scheduling.
INFO: [HLS 200-111] Finished Scheduling: CPU user time: 0 seconds. CPU system time: 0 seconds. Elapsed time: 0.196 seconds; current allocated memory: 534.570 MB.
INFO: [BIND 205-100] Starting micro-architecture generation ...
INFO: [BIND 205-101] Performing variable lifetime analysis.
INFO: [BIND 205-101] Exploring resource sharing.
INFO: [BIND 205-101] Binding ...
INFO: [BIND 205-100] Finished micro-architecture generation.
INFO: [HLS 200-111] Finished Binding: CPU user time: 0 seconds. CPU system time: 0 seconds. Elapsed time: 0.176 seconds; current allocated memory: 534.570 MB.
INFO: [HLS 200-10] ----------------------------------------------------------------
INFO: [HLS 200-42] -- Implementing module 'dup_strm_Pipeline_VITIS_LOOP_506_1' 
INFO: [HLS 200-10] ----------------------------------------------------------------
INFO: [SCHED 204-11] Starting scheduling ...
INFO: [SCHED 204-61] Pipelining loop 'VITIS_LOOP_506_1'.
INFO: [HLS 200-1470] Pipelining result : Target II = 1, Final II = 1, Depth = 2, loop 'VITIS_LOOP_506_1'
INFO: [SCHED 204-11] Finished scheduling.
INFO: [HLS 200-111] Finished Scheduling: CPU user time: 0 seconds. CPU system time: 0 seconds. Elapsed time: 0.128 seconds; current allocated memory: 534.660 MB.
INFO: [BIND 205-100] Starting micro-architecture generation ...
INFO: [BIND 205-101] Performing variable lifetime analysis.
INFO: [BIND 205-101] Exploring resource sharing.
INFO: [BIND 205-101] Binding ...
INFO: [BIND 205-100] Finished micro-architecture generation.
INFO: [HLS 200-111] Finished Binding: CPU user time: 0 seconds. CPU system time: 0 seconds. Elapsed time: 0.051 seconds; current allocated memory: 534.863 MB.
INFO: [HLS 200-10] ----------------------------------------------------------------
INFO: [HLS 200-42] -- Implementing module 'dup_strm' 
INFO: [HLS 200-10] ----------------------------------------------------------------
INFO: [SCHED 204-11] Starting scheduling ...
INFO: [SCHED 204-11] Finished scheduling.
INFO: [HLS 200-111] Finished Scheduling: CPU user time: 0 seconds. CPU system time: 0 seconds. Elapsed time: 0.068 seconds; current allocated memory: 534.926 MB.
INFO: [BIND 205-100] Starting micro-architecture generation ...
INFO: [BIND 205-101] Performing variable lifetime analysis.
INFO: [BIND 205-101] Exploring resource sharing.
INFO: [BIND 205-101] Binding ...
INFO: [BIND 205-100] Finished micro-architecture generation.
INFO: [HLS 200-111] Finished Binding: CPU user time: 0 seconds. CPU system time: 0 seconds. Elapsed time: 0.05 seconds; current allocated memory: 535.031 MB.
INFO: [HLS 200-10] ----------------------------------------------------------------
INFO: [HLS 200-42] -- Implementing module 'generateMsgSchedule_Pipeline_LOOP_SHA256_PREPARE_WT16' 
INFO: [HLS 200-10] ----------------------------------------------------------------
INFO: [SCHED 204-11] Starting scheduling ...
INFO: [SCHED 204-61] Pipelining loop 'LOOP_SHA256_PREPARE_WT16'.
INFO: [HLS 200-1470] Pipelining result : Target II = 1, Final II = 1, Depth = 2, loop 'LOOP_SHA256_PREPARE_WT16'
INFO: [SCHED 204-11] Finished scheduling.
INFO: [HLS 200-111] Finished Scheduling: CPU user time: 0 seconds. CPU system time: 0 seconds. Elapsed time: 0.106 seconds; current allocated memory: 535.422 MB.
INFO: [BIND 205-100] Starting micro-architecture generation ...
INFO: [BIND 205-101] Performing variable lifetime analysis.
INFO: [BIND 205-101] Exploring resource sharing.
INFO: [BIND 205-101] Binding ...
INFO: [BIND 205-100] Finished micro-architecture generation.
INFO: [HLS 200-111] Finished Binding: CPU user time: 0 seconds. CPU system time: 0 seconds. Elapsed time: 0.09 seconds; current allocated memory: 535.875 MB.
INFO: [HLS 200-10] ----------------------------------------------------------------
INFO: [HLS 200-42] -- Implementing module 'generateMsgSchedule_Pipeline_LOOP_SHA256_PREPARE_WT64' 
INFO: [HLS 200-10] ----------------------------------------------------------------
INFO: [SCHED 204-11] Starting scheduling ...
INFO: [SCHED 204-61] Pipelining loop 'LOOP_SHA256_PREPARE_WT64'.
INFO: [HLS 200-1470] Pipelining result : Target II = 1, Final II = 1, Depth = 3, loop 'LOOP_SHA256_PREPARE_WT64'
INFO: [SCHED 204-11] Finished scheduling.
INFO: [HLS 200-111] Finished Scheduling: CPU user time: 0 seconds. CPU system time: 0 seconds. Elapsed time: 0.146 seconds; current allocated memory: 536.672 MB.
INFO: [BIND 205-100] Starting micro-architecture generation ...
INFO: [BIND 205-101] Performing variable lifetime analysis.
INFO: [BIND 205-101] Exploring resource sharing.
INFO: [BIND 205-101] Binding ...
INFO: [BIND 205-100] Finished micro-architecture generation.
INFO: [HLS 200-111] Finished Binding: CPU user time: 1 seconds. CPU system time: 0 seconds. Elapsed time: 0.148 seconds; current allocated memory: 536.844 MB.
INFO: [HLS 200-10] ----------------------------------------------------------------
INFO: [HLS 200-42] -- Implementing module 'generateMsgSchedule' 
INFO: [HLS 200-10] ----------------------------------------------------------------
INFO: [SCHED 204-11] Starting scheduling ...
WARNING: [HLS 200-893] User specified latency constraint discarded for region xcl_latency.LOOP_SHA256_PREPARE_WT16.0 since region contains function calls with variable latency.
INFO: [SCHED 204-11] Finished scheduling.
INFO: [HLS 200-111] Finished Scheduling: CPU user time: 0 seconds. CPU system time: 0 seconds. Elapsed time: 0.122 seconds; current allocated memory: 537.199 MB.
INFO: [BIND 205-100] Starting micro-architecture generation ...
INFO: [BIND 205-101] Performing variable lifetime analysis.
INFO: [BIND 205-101] Exploring resource sharing.
INFO: [BIND 205-101] Binding ...
INFO: [BIND 205-100] Finished micro-architecture generation.
INFO: [HLS 200-111] Finished Binding: CPU user time: 0 seconds. CPU system time: 0 seconds. Elapsed time: 0.07 seconds; current allocated memory: 537.367 MB.
INFO: [HLS 200-10] ----------------------------------------------------------------
INFO: [HLS 200-42] -- Implementing module 'sha256Digest_256_Pipeline_LOOP_SHA256_UPDATE_64_ROUNDS' 
INFO: [HLS 200-10] ----------------------------------------------------------------
INFO: [SCHED 204-11] Starting scheduling ...
INFO: [SCHED 204-61] Pipelining loop 'LOOP_SHA256_UPDATE_64_ROUNDS'.
INFO: [HLS 200-1470] Pipelining result : Target II = 1, Final II = 1, Depth = 4, loop 'LOOP_SHA256_UPDATE_64_ROUNDS'
INFO: [SCHED 204-11] Finished scheduling.
INFO: [HLS 200-111] Finished Scheduling: CPU user time: 0 seconds. CPU system time: 0 seconds. Elapsed time: 0.158 seconds; current allocated memory: 538.480 MB.
INFO: [BIND 205-100] Starting micro-architecture generation ...
INFO: [BIND 205-101] Performing variable lifetime analysis.
INFO: [BIND 205-101] Exploring resource sharing.
INFO: [BIND 205-101] Binding ...
INFO: [BIND 205-100] Finished micro-architecture generation.
INFO: [HLS 200-111] Finished Binding: CPU user time: 0 seconds. CPU system time: 0 seconds. Elapsed time: 0.118 seconds; current allocated memory: 538.742 MB.
INFO: [HLS 200-10] ----------------------------------------------------------------
INFO: [HLS 200-42] -- Implementing module 'sha256Digest_256_s' 
INFO: [HLS 200-10] ----------------------------------------------------------------
INFO: [SCHED 204-11] Starting scheduling ...
WARNING: [HLS 200-893] User specified latency constraint discarded for region xcl_latency.LOOP_SHA256_UPDATE_64_ROUNDS.1 since region contains function calls with variable latency.
INFO: [SCHED 204-11] Finished scheduling.
INFO: [HLS 200-111] Finished Scheduling: CPU user time: 0 seconds. CPU system time: 0 seconds. Elapsed time: 0.223 seconds; current allocated memory: 539.078 MB.
INFO: [BIND 205-100] Starting micro-architecture generation ...
INFO: [BIND 205-101] Performing variable lifetime analysis.
INFO: [BIND 205-101] Exploring resource sharing.
INFO: [BIND 205-101] Binding ...
INFO: [BIND 205-100] Finished micro-architecture generation.
INFO: [HLS 200-111] Finished Binding: CPU user time: 0 seconds. CPU system time: 0 seconds. Elapsed time: 0.146 seconds; current allocated memory: 539.551 MB.
INFO: [HLS 200-10] ----------------------------------------------------------------
INFO: [HLS 200-42] -- Implementing module 'sha256_top_32_256_s' 
INFO: [HLS 200-10] ----------------------------------------------------------------
INFO: [SCHED 204-11] Starting scheduling ...
INFO: [SCHED 204-11] Finished scheduling.
WARNING: [HLS 200-1020] Increasing the depth of FIFO start_for_generateMsgSchedule_U0 (from preProcessing_U0 to generateMsgSchedule_U0) to 3 to improve performance and/or avoid deadlocks.
WARNING: [HLS 200-1020] Increasing the depth of FIFO start_for_sha256Digest_256_U0 (from dup_strm_U0 to sha256Digest_256_U0) to 3 to improve performance and/or avoid deadlocks.
INFO: [HLS 200-111] Finished Scheduling: CPU user time: 0 seconds. CPU system time: 0 seconds. Elapsed time: 0.104 seconds; current allocated memory: 539.828 MB.
INFO: [BIND 205-100] Starting micro-architecture generation ...
INFO: [BIND 205-101] Performing variable lifetime analysis.
INFO: [BIND 205-101] Exploring resource sharing.
INFO: [BIND 205-101] Binding ...
INFO: [BIND 205-100] Finished micro-architecture generation.
INFO: [HLS 200-111] Finished Binding: CPU user time: 0 seconds. CPU system time: 0 seconds. Elapsed time: 0.065 seconds; current allocated memory: 539.875 MB.
INFO: [HLS 200-10] ----------------------------------------------------------------
INFO: [HLS 200-42] -- Implementing module 'hash' 
INFO: [HLS 200-10] ----------------------------------------------------------------
INFO: [SCHED 204-11] Starting scheduling ...
INFO: [SCHED 204-11] Finished scheduling.
INFO: [HLS 200-111] Finished Scheduling: CPU user time: 0 seconds. CPU system time: 0 seconds. Elapsed time: 0.078 seconds; current allocated memory: 539.945 MB.
INFO: [BIND 205-100] Starting micro-architecture generation ...
INFO: [BIND 205-101] Performing variable lifetime analysis.
INFO: [BIND 205-101] Exploring resource sharing.
INFO: [BIND 205-101] Binding ...
INFO: [BIND 205-100] Finished micro-architecture generation.
INFO: [HLS 200-111] Finished Binding: CPU user time: 0 seconds. CPU system time: 0 seconds. Elapsed time: 0.058 seconds; current allocated memory: 540.266 MB.
INFO: [HLS 200-10] ----------------------------------------------------------------
INFO: [HLS 200-42] -- Implementing module 'msgHash_32_64_256_32_64_sha256_wrapper_s' 
INFO: [HLS 200-10] ----------------------------------------------------------------
INFO: [SCHED 204-11] Starting scheduling ...
INFO: [SCHED 204-11] Finished scheduling.
INFO: [HLS 200-111] Finished Scheduling: CPU user time: 0 seconds. CPU system time: 0 seconds. Elapsed time: 0.081 seconds; current allocated memory: 540.410 MB.
INFO: [BIND 205-100] Starting micro-architecture generation ...
INFO: [BIND 205-101] Performing variable lifetime analysis.
INFO: [BIND 205-101] Exploring resource sharing.
INFO: [BIND 205-101] Binding ...
INFO: [BIND 205-100] Finished micro-architecture generation.
INFO: [HLS 200-111] Finished Binding: CPU user time: 0 seconds. CPU system time: 0 seconds. Elapsed time: 0.068 seconds; current allocated memory: 540.543 MB.
INFO: [HLS 200-10] ----------------------------------------------------------------
INFO: [HLS 200-42] -- Implementing module 'mergeKopad_32_64_256_32_64_Pipeline_VITIS_LOOP_220_2' 
INFO: [HLS 200-10] ----------------------------------------------------------------
INFO: [SCHED 204-11] Starting scheduling ...
INFO: [SCHED 204-61] Pipelining loop 'VITIS_LOOP_220_2'.
INFO: [HLS 200-1470] Pipelining result : Target II = 1, Final II = 1, Depth = 2, loop 'VITIS_LOOP_220_2'
INFO: [SCHED 204-11] Finished scheduling.
INFO: [HLS 200-111] Finished Scheduling: CPU user time: 1 seconds. CPU system time: 0 seconds. Elapsed time: 0.101 seconds; current allocated memory: 540.734 MB.
INFO: [BIND 205-100] Starting micro-architecture generation ...
INFO: [BIND 205-101] Performing variable lifetime analysis.
INFO: [BIND 205-101] Exploring resource sharing.
INFO: [BIND 205-101] Binding ...
INFO: [BIND 205-100] Finished micro-architecture generation.
INFO: [HLS 200-111] Finished Binding: CPU user time: 0 seconds. CPU system time: 1 seconds. Elapsed time: 0.061 seconds; current allocated memory: 541.098 MB.
INFO: [HLS 200-10] ----------------------------------------------------------------
INFO: [HLS 200-42] -- Implementing module 'mergeKopad_32_64_256_32_64_Pipeline_VITIS_LOOP_226_3' 
INFO: [HLS 200-10] ----------------------------------------------------------------
INFO: [SCHED 204-11] Starting scheduling ...
INFO: [SCHED 204-61] Pipelining loop 'VITIS_LOOP_226_3'.
INFO: [HLS 200-1470] Pipelining result : Target II = 1, Final II = 1, Depth = 2, loop 'VITIS_LOOP_226_3'
INFO: [SCHED 204-11] Finished scheduling.
INFO: [HLS 200-111] Finished Scheduling: CPU user time: 0 seconds. CPU system time: 0 seconds. Elapsed time: 0.087 seconds; current allocated memory: 541.262 MB.
INFO: [BIND 205-100] Starting micro-architecture generation ...
INFO: [BIND 205-101] Performing variable lifetime analysis.
INFO: [BIND 205-101] Exploring resource sharing.
INFO: [BIND 205-101] Binding ...
INFO: [BIND 205-100] Finished micro-architecture generation.
INFO: [HLS 200-111] Finished Binding: CPU user time: 0 seconds. CPU system time: 0 seconds. Elapsed time: 0.06 seconds; current allocated memory: 541.383 MB.
INFO: [HLS 200-10] ----------------------------------------------------------------
INFO: [HLS 200-42] -- Implementing module 'mergeKopad_32_64_256_32_64_s' 
INFO: [HLS 200-10] ----------------------------------------------------------------
INFO: [SCHED 204-11] Starting scheduling ...
INFO: [SCHED 204-11] Finished scheduling.
INFO: [HLS 200-111] Finished Scheduling: CPU user time: 0 seconds. CPU system time: 0 seconds. Elapsed time: 0.071 seconds; current allocated memory: 541.496 MB.
INFO: [BIND 205-100] Starting micro-architecture generation ...
INFO: [BIND 205-101] Performing variable lifetime analysis.
INFO: [BIND 205-101] Exploring resource sharing.
INFO: [BIND 205-101] Binding ...
INFO: [BIND 205-100] Finished micro-architecture generation.
INFO: [HLS 200-111] Finished Binding: CPU user time: 0 seconds. CPU system time: 0 seconds. Elapsed time: 0.063 seconds; current allocated memory: 541.770 MB.
INFO: [HLS 200-10] ----------------------------------------------------------------
INFO: [HLS 200-42] -- Implementing module 'hash_1' 
INFO: [HLS 200-10] ----------------------------------------------------------------
INFO: [SCHED 204-11] Starting scheduling ...
INFO: [SCHED 204-11] Finished scheduling.
INFO: [HLS 200-111] Finished Scheduling: CPU user time: 0 seconds. CPU system time: 0 seconds. Elapsed time: 0.07 seconds; current allocated memory: 541.875 MB.
INFO: [BIND 205-100] Starting micro-architecture generation ...
INFO: [BIND 205-101] Performing variable lifetime analysis.
INFO: [BIND 205-101] Exploring resource sharing.
INFO: [BIND 205-101] Binding ...
INFO: [BIND 205-100] Finished micro-architecture generation.
INFO: [HLS 200-111] Finished Binding: CPU user time: 0 seconds. CPU system time: 0 seconds. Elapsed time: 0.079 seconds; current allocated memory: 541.953 MB.
INFO: [HLS 200-10] ----------------------------------------------------------------
INFO: [HLS 200-42] -- Implementing module 'resHash_32_64_256_32_64_sha256_wrapper_s' 
INFO: [HLS 200-10] ----------------------------------------------------------------
INFO: [SCHED 204-11] Starting scheduling ...
INFO: [SCHED 204-11] Finished scheduling.
INFO: [HLS 200-111] Finished Scheduling: CPU user time: 0 seconds. CPU system time: 0 seconds. Elapsed time: 0.082 seconds; current allocated memory: 542.031 MB.
INFO: [BIND 205-100] Starting micro-architecture generation ...
INFO: [BIND 205-101] Performing variable lifetime analysis.
INFO: [BIND 205-101] Exploring resource sharing.
INFO: [BIND 205-101] Binding ...
INFO: [BIND 205-100] Finished micro-architecture generation.
INFO: [HLS 200-111] Finished Binding: CPU user time: 0 seconds. CPU system time: 0 seconds. Elapsed time: 0.064 seconds; current allocated memory: 542.133 MB.
INFO: [HLS 200-10] ----------------------------------------------------------------
INFO: [HLS 200-42] -- Implementing module 'hmacDataflow_32_64_256_32_64_sha256_wrapper_s' 
INFO: [HLS 200-10] ----------------------------------------------------------------
INFO: [SCHED 204-11] Starting scheduling ...
INFO: [SCHED 204-11] Finished scheduling.
INFO: [HLS 200-111] Finished Scheduling: CPU user time: 0 seconds. CPU system time: 0 seconds. Elapsed time: 0.087 seconds; current allocated memory: 542.238 MB.
INFO: [BIND 205-100] Starting micro-architecture generation ...
INFO: [BIND 205-101] Performing variable lifetime analysis.
INFO: [BIND 205-101] Exploring resource sharing.
INFO: [BIND 205-101] Binding ...
INFO: [BIND 205-100] Finished micro-architecture generation.
INFO: [HLS 200-111] Finished Binding: CPU user time: 0 seconds. CPU system time: 0 seconds. Elapsed time: 0.078 seconds; current allocated memory: 542.371 MB.
INFO: [HLS 200-10] ----------------------------------------------------------------
INFO: [HLS 200-42] -- Implementing module 'test_hmac_sha256' 
INFO: [HLS 200-10] ----------------------------------------------------------------
INFO: [SCHED 204-11] Starting scheduling ...
INFO: [SCHED 204-11] Finished scheduling.
INFO: [HLS 200-111] Finished Scheduling: CPU user time: 0 seconds. CPU system time: 0 seconds. Elapsed time: 0.106 seconds; current allocated memory: 542.719 MB.
INFO: [BIND 205-100] Starting micro-architecture generation ...
INFO: [BIND 205-101] Performing variable lifetime analysis.
INFO: [BIND 205-101] Exploring resource sharing.
INFO: [BIND 205-101] Binding ...
INFO: [BIND 205-100] Finished micro-architecture generation.
INFO: [HLS 200-111] Finished Binding: CPU user time: 0 seconds. CPU system time: 0 seconds. Elapsed time: 0.077 seconds; current allocated memory: 542.805 MB.
INFO: [HLS 200-10] ----------------------------------------------------------------
INFO: [HLS 200-10] -- Generating RTL for module 'kpad_32_64_256_32_64_sha256_wrapper_Pipeline_VITIS_LOOP_120_2' 
INFO: [HLS 200-10] ----------------------------------------------------------------
INFO: [HLS 200-1030] Apply Unified Pipeline Control on module 'kpad_32_64_256_32_64_sha256_wrapper_Pipeline_VITIS_LOOP_120_2' pipeline 'VITIS_LOOP_120_2' pipeline type 'loop pipeline'
INFO: [RTGEN 206-100] Finished creating RTL model for 'kpad_32_64_256_32_64_sha256_wrapper_Pipeline_VITIS_LOOP_120_2'.
INFO: [HLS 200-111] Finished Creating RTL model: CPU user time: 1 seconds. CPU system time: 0 seconds. Elapsed time: 0.181 seconds; current allocated memory: 544.488 MB.
INFO: [HLS 200-10] ----------------------------------------------------------------
INFO: [HLS 200-10] -- Generating RTL for module 'kpad_32_64_256_32_64_sha256_wrapper_s' 
INFO: [HLS 200-10] ----------------------------------------------------------------
INFO: [RTGEN 206-100] Finished creating RTL model for 'kpad_32_64_256_32_64_sha256_wrapper_s'.
INFO: [HLS 200-111] Finished Creating RTL model: CPU user time: 0 seconds. CPU system time: 0 seconds. Elapsed time: 0.344 seconds; current allocated memory: 547.891 MB.
INFO: [HLS 200-10] ----------------------------------------------------------------
INFO: [HLS 200-10] -- Generating RTL for module 'mergeKipad_32_64_256_64_Pipeline_VITIS_LOOP_162_2' 
INFO: [HLS 200-10] ----------------------------------------------------------------
INFO: [HLS 200-1030] Apply Unified Pipeline Control on module 'mergeKipad_32_64_256_64_Pipeline_VITIS_LOOP_162_2' pipeline 'VITIS_LOOP_162_2' pipeline type 'loop pipeline'
INFO: [RTGEN 206-100] Finished creating RTL model for 'mergeKipad_32_64_256_64_Pipeline_VITIS_LOOP_162_2'.
INFO: [HLS 200-111] Finished Creating RTL model: CPU user time: 0 seconds. CPU system time: 0 seconds. Elapsed time: 0.767 seconds; current allocated memory: 552.117 MB.
INFO: [HLS 200-10] ----------------------------------------------------------------
INFO: [HLS 200-10] -- Generating RTL for module 'mergeKipad_32_64_256_64_Pipeline_VITIS_LOOP_171_3' 
INFO: [HLS 200-10] ----------------------------------------------------------------
INFO: [HLS 200-1030] Apply Unified Pipeline Control on module 'mergeKipad_32_64_256_64_Pipeline_VITIS_LOOP_171_3' pipeline 'VITIS_LOOP_171_3' pipeline type 'loop pipeline'
INFO: [RTGEN 206-100] Finished creating RTL model for 'mergeKipad_32_64_256_64_Pipeline_VITIS_LOOP_171_3'.
INFO: [HLS 200-111] Finished Creating RTL model: CPU user time: 0 seconds. CPU system time: 0 seconds. Elapsed time: 0.272 seconds; current allocated memory: 552.605 MB.
INFO: [HLS 200-10] ----------------------------------------------------------------
INFO: [HLS 200-10] -- Generating RTL for module 'mergeKipad_32_64_256_64_s' 
INFO: [HLS 200-10] ----------------------------------------------------------------
INFO: [RTGEN 206-100] Finished creating RTL model for 'mergeKipad_32_64_256_64_s'.
INFO: [HLS 200-111] Finished Creating RTL model: CPU user time: 0 seconds. CPU system time: 0 seconds. Elapsed time: 0.227 seconds; current allocated memory: 553.375 MB.
INFO: [HLS 200-10] ----------------------------------------------------------------
INFO: [HLS 200-10] -- Generating RTL for module 'preProcessing_Pipeline_LOOP_SHA256_GEN_FULL_BLKS' 
INFO: [HLS 200-10] ----------------------------------------------------------------
INFO: [HLS 200-1030] Apply Unified Pipeline Control on module 'preProcessing_Pipeline_LOOP_SHA256_GEN_FULL_BLKS' pipeline 'LOOP_SHA256_GEN_FULL_BLKS' pipeline type 'loop pipeline'
INFO: [RTGEN 206-100] Finished creating RTL model for 'preProcessing_Pipeline_LOOP_SHA256_GEN_FULL_BLKS'.
INFO: [HLS 200-111] Finished Creating RTL model: CPU user time: 0 seconds. CPU system time: 0 seconds. Elapsed time: 0.394 seconds; current allocated memory: 555.160 MB.
INFO: [HLS 200-10] ----------------------------------------------------------------
INFO: [HLS 200-10] -- Generating RTL for module 'preProcessing_Pipeline_LOOP_SHA256_GEN_COPY_TAIL_AND_ONE' 
INFO: [HLS 200-10] ----------------------------------------------------------------
INFO: [HLS 200-1030] Apply Unified Pipeline Control on module 'preProcessing_Pipeline_LOOP_SHA256_GEN_COPY_TAIL_AND_ONE' pipeline 'LOOP_SHA256_GEN_COPY_TAIL_AND_ONE' pipeline type 'loop pipeline'
INFO: [RTGEN 206-100] Finished creating RTL model for 'preProcessing_Pipeline_LOOP_SHA256_GEN_COPY_TAIL_AND_ONE'.
INFO: [HLS 200-111] Finished Creating RTL model: CPU user time: 1 seconds. CPU system time: 1 seconds. Elapsed time: 0.552 seconds; current allocated memory: 557.633 MB.
INFO: [HLS 200-10] ----------------------------------------------------------------
INFO: [HLS 200-10] -- Generating RTL for module 'preProcessing' 
INFO: [HLS 200-10] ----------------------------------------------------------------
INFO: [RTGEN 206-100] Finished creating RTL model for 'preProcessing'.
INFO: [HLS 200-111] Finished Creating RTL model: CPU user time: 0 seconds. CPU system time: 0 seconds. Elapsed time: 0.787 seconds; current allocated memory: 562.711 MB.
INFO: [HLS 200-10] ----------------------------------------------------------------
INFO: [HLS 200-10] -- Generating RTL for module 'dup_strm_Pipeline_VITIS_LOOP_506_1' 
INFO: [HLS 200-10] ----------------------------------------------------------------
INFO: [HLS 200-1030] Apply Unified Pipeline Control on module 'dup_strm_Pipeline_VITIS_LOOP_506_1' pipeline 'VITIS_LOOP_506_1' pipeline type 'loop pipeline'
INFO: [RTGEN 206-100] Finished creating RTL model for 'dup_strm_Pipeline_VITIS_LOOP_506_1'.
INFO: [HLS 200-111] Finished Creating RTL model: CPU user time: 0 seconds. CPU system time: 0 seconds. Elapsed time: 0.633 seconds; current allocated memory: 566.281 MB.
INFO: [HLS 200-10] ----------------------------------------------------------------
INFO: [HLS 200-10] -- Generating RTL for module 'dup_strm' 
INFO: [HLS 200-10] ----------------------------------------------------------------
INFO: [RTGEN 206-100] Finished creating RTL model for 'dup_strm'.
INFO: [HLS 200-111] Finished Creating RTL model: CPU user time: 0 seconds. CPU system time: 1 seconds. Elapsed time: 0.25 seconds; current allocated memory: 566.621 MB.
INFO: [HLS 200-10] ----------------------------------------------------------------
INFO: [HLS 200-10] -- Generating RTL for module 'generateMsgSchedule_Pipeline_LOOP_SHA256_PREPARE_WT16' 
INFO: [HLS 200-10] ----------------------------------------------------------------
INFO: [HLS 200-1030] Apply Unified Pipeline Control on module 'generateMsgSchedule_Pipeline_LOOP_SHA256_PREPARE_WT16' pipeline 'LOOP_SHA256_PREPARE_WT16' pipeline type 'loop pipeline'
INFO: [RTGEN 206-100] Generating core module 'sparsemux_33_4_32_1_1': 1 instance(s).
INFO: [RTGEN 206-100] Finished creating RTL model for 'generateMsgSchedule_Pipeline_LOOP_SHA256_PREPARE_WT16'.
INFO: [HLS 200-111] Finished Creating RTL model: CPU user time: 0 seconds. CPU system time: 0 seconds. Elapsed time: 0.223 seconds; current allocated memory: 568.234 MB.
INFO: [HLS 200-10] ----------------------------------------------------------------
INFO: [HLS 200-10] -- Generating RTL for module 'generateMsgSchedule_Pipeline_LOOP_SHA256_PREPARE_WT64' 
INFO: [HLS 200-10] ----------------------------------------------------------------
INFO: [HLS 200-1030] Apply Unified Pipeline Control on module 'generateMsgSchedule_Pipeline_LOOP_SHA256_PREPARE_WT64' pipeline 'LOOP_SHA256_PREPARE_WT64' pipeline type 'loop pipeline'
INFO: [RTGEN 206-100] Finished creating RTL model for 'generateMsgSchedule_Pipeline_LOOP_SHA256_PREPARE_WT64'.
INFO: [HLS 200-111] Finished Creating RTL model: CPU user time: 1 seconds. CPU system time: 0 seconds. Elapsed time: 0.483 seconds; current allocated memory: 570.625 MB.
INFO: [HLS 200-10] ----------------------------------------------------------------
INFO: [HLS 200-10] -- Generating RTL for module 'generateMsgSchedule' 
INFO: [HLS 200-10] ----------------------------------------------------------------
INFO: [RTGEN 206-100] Finished creating RTL model for 'generateMsgSchedule'.
INFO: [HLS 200-111] Finished Creating RTL model: CPU user time: 0 seconds. CPU system time: 0 seconds. Elapsed time: 0.404 seconds; current allocated memory: 573.277 MB.
INFO: [HLS 200-10] ----------------------------------------------------------------
INFO: [HLS 200-10] -- Generating RTL for module 'sha256Digest_256_Pipeline_LOOP_SHA256_UPDATE_64_ROUNDS' 
INFO: [HLS 200-10] ----------------------------------------------------------------
INFO: [HLS 200-1030] Apply Unified Pipeline Control on module 'sha256Digest_256_Pipeline_LOOP_SHA256_UPDATE_64_ROUNDS' pipeline 'LOOP_SHA256_UPDATE_64_ROUNDS' pipeline type 'loop pipeline'
INFO: [RTGEN 206-100] Generating core module 'sparsemux_129_6_32_1_1': 1 instance(s).
INFO: [RTGEN 206-100] Finished creating RTL model for 'sha256Digest_256_Pipeline_LOOP_SHA256_UPDATE_64_ROUNDS'.
INFO: [HLS 200-111] Finished Creating RTL model: CPU user time: 0 seconds. CPU system time: 0 seconds. Elapsed time: 0.43 seconds; current allocated memory: 575.637 MB.
INFO: [HLS 200-10] ----------------------------------------------------------------
INFO: [HLS 200-10] -- Generating RTL for module 'sha256Digest_256_s' 
INFO: [HLS 200-10] ----------------------------------------------------------------
INFO: [RTGEN 206-100] Finished creating RTL model for 'sha256Digest_256_s'.
INFO: [HLS 200-111] Finished Creating RTL model: CPU user time: 0 seconds. CPU system time: 1 seconds. Elapsed time: 0.613 seconds; current allocated memory: 578.953 MB.
INFO: [HLS 200-10] ----------------------------------------------------------------
INFO: [HLS 200-10] -- Generating RTL for module 'sha256_top_32_256_s' 
INFO: [HLS 200-10] ----------------------------------------------------------------
INFO: [RTGEN 206-100] Finished creating RTL model for 'sha256_top_32_256_s'.
INFO: [RTMG 210-285] Implementing FIFO 'blk_strm_U(test_hmac_sha256_fifo_w512_d32_D)' using Distributed RAMs.
INFO: [RTMG 210-285] Implementing FIFO 'nblk_strm_U(test_hmac_sha256_fifo_w64_d32_D)' using Distributed RAMs.
INFO: [RTMG 210-285] Implementing FIFO 'end_nblk_strm_U(test_hmac_sha256_fifo_w1_d32_D)' using Distributed RAMs.
INFO: [RTMG 210-285] Implementing FIFO 'nblk_strm1_U(test_hmac_sha256_fifo_w64_d32_D)' using Distributed RAMs.
INFO: [RTMG 210-285] Implementing FIFO 'end_nblk_strm1_U(test_hmac_sha256_fifo_w1_d32_D)' using Distributed RAMs.
INFO: [RTMG 210-285] Implementing FIFO 'nblk_strm2_U(test_hmac_sha256_fifo_w64_d32_D)' using Distributed RAMs.
INFO: [RTMG 210-285] Implementing FIFO 'end_nblk_strm2_U(test_hmac_sha256_fifo_w1_d32_D)' using Distributed RAMs.
INFO: [RTMG 210-285] Implementing FIFO 'w_strm_U(test_hmac_sha256_fifo_w32_d32_D)' using Distributed RAMs.
INFO: [RTMG 210-285] Implementing FIFO 'start_for_dup_strm_U0_U(test_hmac_sha256_start_for_dup_strm_U0)' using Shift Registers.
INFO: [RTMG 210-285] Implementing FIFO 'start_for_generateMsgSchedule_U0_U(test_hmac_sha256_start_for_generateMsgSchedule_U0)' using Shift Registers.
INFO: [RTMG 210-285] Implementing FIFO 'start_for_sha256Digest_256_U0_U(test_hmac_sha256_start_for_sha256Digest_256_U0)' using Shift Registers.
INFO: [HLS 200-111] Finished Creating RTL model: CPU user time: 0 seconds. CPU system time: 0 seconds. Elapsed time: 0.755 seconds; current allocated memory: 581.184 MB.
INFO: [HLS 200-10] ----------------------------------------------------------------
INFO: [HLS 200-10] -- Generating RTL for module 'hash' 
INFO: [HLS 200-10] ----------------------------------------------------------------
INFO: [RTGEN 206-100] Finished creating RTL model for 'hash'.
INFO: [HLS 200-111] Finished Creating RTL model: CPU user time: 1 seconds. CPU system time: 0 seconds. Elapsed time: 0.263 seconds; current allocated memory: 582.086 MB.
INFO: [HLS 200-10] ----------------------------------------------------------------
INFO: [HLS 200-10] -- Generating RTL for module 'msgHash_32_64_256_32_64_sha256_wrapper_s' 
INFO: [HLS 200-10] ----------------------------------------------------------------
INFO: [RTGEN 206-100] Finished creating RTL model for 'msgHash_32_64_256_32_64_sha256_wrapper_s'.
INFO: [RTMG 210-285] Implementing FIFO 'mergeKipadStrm_U(test_hmac_sha256_fifo_w32_d128_B)' using Block RAMs.
INFO: [RTMG 210-285] Implementing FIFO 'mergeKipadLenStrm_U(test_hmac_sha256_fifo_w64_d4_D)' using Distributed RAMs.
INFO: [RTMG 210-285] Implementing FIFO 'eMergeKipadLenStrm_U(test_hmac_sha256_fifo_w1_d4_D)' using Distributed RAMs.
INFO: [RTMG 210-285] Implementing FIFO 'start_for_hash_U0_U(test_hmac_sha256_start_for_hash_U0)' using Shift Registers.
INFO: [HLS 200-111] Finished Creating RTL model: CPU user time: 0 seconds. CPU system time: 0 seconds. Elapsed time: 0.213 seconds; current allocated memory: 582.781 MB.
INFO: [HLS 200-10] ----------------------------------------------------------------
INFO: [HLS 200-10] -- Generating RTL for module 'mergeKopad_32_64_256_32_64_Pipeline_VITIS_LOOP_220_2' 
INFO: [HLS 200-10] ----------------------------------------------------------------
INFO: [HLS 200-1030] Apply Unified Pipeline Control on module 'mergeKopad_32_64_256_32_64_Pipeline_VITIS_LOOP_220_2' pipeline 'VITIS_LOOP_220_2' pipeline type 'loop pipeline'
INFO: [RTGEN 206-100] Finished creating RTL model for 'mergeKopad_32_64_256_32_64_Pipeline_VITIS_LOOP_220_2'.
INFO: [HLS 200-111] Finished Creating RTL model: CPU user time: 0 seconds. CPU system time: 0 seconds. Elapsed time: 0.303 seconds; current allocated memory: 583.707 MB.
INFO: [HLS 200-10] ----------------------------------------------------------------
INFO: [HLS 200-10] -- Generating RTL for module 'mergeKopad_32_64_256_32_64_Pipeline_VITIS_LOOP_226_3' 
INFO: [HLS 200-10] ----------------------------------------------------------------
INFO: [HLS 200-1030] Apply Unified Pipeline Control on module 'mergeKopad_32_64_256_32_64_Pipeline_VITIS_LOOP_226_3' pipeline 'VITIS_LOOP_226_3' pipeline type 'loop pipeline'
INFO: [RTGEN 206-100] Finished creating RTL model for 'mergeKopad_32_64_256_32_64_Pipeline_VITIS_LOOP_226_3'.
INFO: [HLS 200-111] Finished Creating RTL model: CPU user time: 0 seconds. CPU system time: 0 seconds. Elapsed time: 0.281 seconds; current allocated memory: 584.363 MB.
INFO: [HLS 200-10] ----------------------------------------------------------------
INFO: [HLS 200-10] -- Generating RTL for module 'mergeKopad_32_64_256_32_64_s' 
INFO: [HLS 200-10] ----------------------------------------------------------------
INFO: [RTGEN 206-100] Finished creating RTL model for 'mergeKopad_32_64_256_32_64_s'.
INFO: [HLS 200-111] Finished Creating RTL model: CPU user time: 0 seconds. CPU system time: 0 seconds. Elapsed time: 0.246 seconds; current allocated memory: 585.211 MB.
INFO: [HLS 200-10] ----------------------------------------------------------------
INFO: [HLS 200-10] -- Generating RTL for module 'hash_1' 
INFO: [HLS 200-10] ----------------------------------------------------------------
INFO: [RTGEN 206-100] Finished creating RTL model for 'hash_1'.
INFO: [HLS 200-111] Finished Creating RTL model: CPU user time: 0 seconds. CPU system time: 0 seconds. Elapsed time: 0.25 seconds; current allocated memory: 585.812 MB.
INFO: [HLS 200-10] ----------------------------------------------------------------
INFO: [HLS 200-10] -- Generating RTL for module 'resHash_32_64_256_32_64_sha256_wrapper_s' 
INFO: [HLS 200-10] ----------------------------------------------------------------
WARNING: [RTGEN 206-101] RTL name 'fifo_w64_d4_D' is changed to 'fifo_w64_d4_D_x' due to conflict.
WARNING: [RTGEN 206-101] RTL name 'fifo_w1_d4_D' is changed to 'fifo_w1_d4_D_x' due to conflict.
INFO: [RTGEN 206-100] Finished creating RTL model for 'resHash_32_64_256_32_64_sha256_wrapper_s'.
INFO: [RTMG 210-285] Implementing FIFO 'mergeKopadStrm_U(test_hmac_sha256_fifo_w32_d4_D)' using Distributed RAMs.
INFO: [RTMG 210-285] Implementing FIFO 'mergeKopadLenStrm_U(test_hmac_sha256_fifo_w64_d4_D_x)' using Distributed RAMs.
INFO: [RTMG 210-285] Implementing FIFO 'eMergeKopadLenStrm_U(test_hmac_sha256_fifo_w1_d4_D_x)' using Distributed RAMs.
INFO: [RTMG 210-285] Implementing FIFO 'start_for_hash_1_U0_U(test_hmac_sha256_start_for_hash_1_U0)' using Shift Registers.
INFO: [HLS 200-111] Finished Creating RTL model: CPU user time: 0 seconds. CPU system time: 0 seconds. Elapsed time: 0.323 seconds; current allocated memory: 586.879 MB.
INFO: [HLS 200-10] ----------------------------------------------------------------
INFO: [HLS 200-10] -- Generating RTL for module 'hmacDataflow_32_64_256_32_64_sha256_wrapper_s' 
INFO: [HLS 200-10] ----------------------------------------------------------------
WARNING: [RTGEN 206-101] RTL name 'fifo_w1_d4_D' is changed to 'fifo_w1_d4_D_x0' due to conflict.
INFO: [RTGEN 206-100] Finished creating RTL model for 'hmacDataflow_32_64_256_32_64_sha256_wrapper_s'.
INFO: [RTMG 210-285] Implementing FIFO 'kipadStrm_U(test_hmac_sha256_fifo_w512_d4_D)' using Distributed RAMs.
INFO: [RTMG 210-285] Implementing FIFO 'kopadStrm_U(test_hmac_sha256_fifo_w512_d4_D)' using Distributed RAMs.
INFO: [RTMG 210-285] Implementing FIFO 'eKipadStrm_U(test_hmac_sha256_fifo_w1_d4_D_x0)' using Distributed RAMs.
INFO: [RTMG 210-285] Implementing FIFO 'kopad2Strm_U(test_hmac_sha256_fifo_w512_d4_D)' using Distributed RAMs.
INFO: [RTMG 210-285] Implementing FIFO 'msgHashStrm_U(test_hmac_sha256_fifo_w256_d4_D)' using Distributed RAMs.
INFO: [RTMG 210-285] Implementing FIFO 'eMsgHashStrm_U(test_hmac_sha256_fifo_w1_d4_D_x0)' using Distributed RAMs.
INFO: [RTMG 210-285] Implementing FIFO 'start_for_msgHash_32_64_256_32_64_sha256_wrapper_U0_U(test_hmac_sha256_start_for_msgHash_32_64_256_32_64_sha256_wrapper_U0)' using Shift Registers.
INFO: [RTMG 210-285] Implementing FIFO 'start_for_resHash_32_64_256_32_64_sha256_wrapper_U0_U(test_hmac_sha256_start_for_resHash_32_64_256_32_64_sha256_wrapper_U0)' using Shift Registers.
INFO: [HLS 200-111] Finished Creating RTL model: CPU user time: 1 seconds. CPU system time: 1 seconds. Elapsed time: 0.367 seconds; current allocated memory: 587.551 MB.
INFO: [HLS 200-10] ----------------------------------------------------------------
INFO: [HLS 200-10] -- Generating RTL for module 'test_hmac_sha256' 
INFO: [HLS 200-10] ----------------------------------------------------------------
INFO: [RTGEN 206-500] Setting interface mode on port 'test_hmac_sha256/keyStrm' to 'ap_fifo'.
INFO: [RTGEN 206-500] Setting interface mode on port 'test_hmac_sha256/msgStrm' to 'ap_fifo'.
INFO: [RTGEN 206-500] Setting interface mode on port 'test_hmac_sha256/lenStrm' to 'ap_fifo'.
INFO: [RTGEN 206-500] Setting interface mode on port 'test_hmac_sha256/eLenStrm' to 'ap_fifo'.
INFO: [RTGEN 206-500] Setting interface mode on port 'test_hmac_sha256/hshStrm' to 'ap_fifo'.
INFO: [RTGEN 206-500] Setting interface mode on port 'test_hmac_sha256/eHshStrm' to 'ap_fifo'.
INFO: [RTGEN 206-500] Setting interface mode on function 'test_hmac_sha256' to 'ap_ctrl_hs'.
INFO: [RTGEN 206-100] Finished creating RTL model for 'test_hmac_sha256'.
INFO: [HLS 200-111] Finished Creating RTL model: CPU user time: 0 seconds. CPU system time: 0 seconds. Elapsed time: 0.284 seconds; current allocated memory: 588.340 MB.
INFO: [HLS 200-111] Finished Generating all RTL models: CPU user time: 0 seconds. CPU system time: 0 seconds. Elapsed time: 1.176 seconds; current allocated memory: 591.957 MB.
INFO: [HLS 200-111] Finished Updating report files: CPU user time: 1 seconds. CPU system time: 1 seconds. Elapsed time: 1.916 seconds; current allocated memory: 600.836 MB.
INFO: [VHDL 208-304] Generating VHDL RTL for test_hmac_sha256.
INFO: [VLOG 209-307] Generating Verilog RTL for test_hmac_sha256.
INFO: [HLS 200-789] **** Estimated Fmax: 77.63 MHz
INFO: [HLS 200-2161] Finished Command csynth_design Elapsed time: 00:00:48; Allocated memory: 341.344 MB.
INFO: [HLS 200-1510] Running: cosim_design 
INFO: [COSIM 212-47] Using XSIM for RTL simulation.
INFO: [COSIM 212-14] Instrumenting C test bench ...
INFO: [COSIM 212-302] Starting C TB testing ... 
INFO: [COSIM 212-333] Generating C post check test bench ...
INFO: [COSIM 212-12] Generating RTL test bench ...
INFO: [COSIM 212-1] *** C/RTL co-simulation file generation completed. ***
INFO: [COSIM 212-323] Starting verilog simulation. 
INFO: [COSIM 212-15] Starting XSIM ...
INFO: [COSIM 212-316] Starting C post checking ...
INFO: [COSIM 212-1000] *** C/RTL co-simulation finished: PASS ***
INFO: [COSIM 212-211] II is measurable only when transaction number is greater than 1 in RTL simulation. Otherwise, they will be marked as all NA. If user wants to calculate them, please make sure there are at least 2 transactions in RTL simulation.
INFO: [HLS 200-2161] Finished Command cosim_design Elapsed time: 00:01:26; Allocated memory: 10.770 MB.
INFO: [HLS 200-1510] Running: export_design -flow syn -rtl verilog 
INFO: [IMPL 213-8] Exporting RTL as a Vivado IP.
INFO: [IMPL 213-8] Starting RTL evaluation using Vivado ...
INFO: [HLS 200-802] Generated output file hmac_sha256_test.prj/solution1/impl/export.zip
INFO: [HLS 200-2161] Finished Command export_design Elapsed time: 00:05:38; Allocated memory: 5.629 MB.
