
*** Running vivado
    with args -log bd_0_hls_inst_0.vds -m64 -product Vivado -mode batch -messageDb vivado.pb -notrace -source bd_0_hls_inst_0.tcl


WARNING: T:/Xilinx/Vivado/2024.2/tps/win64/jre11.0.16_1 does not exist.

****** Vivado v2024.2 (64-bit)
  **** SW Build 5239630 on Fri Nov 08 22:35:27 MST 2024
  **** IP Build 5239520 on Sun Nov 10 16:12:51 MST 2024
  **** SharedData Build 5239561 on Fri Nov 08 14:39:27 MST 2024
  **** Start of session at: Tue Oct 21 20:21:39 2025
    ** Copyright 1986-2022 Xilinx, Inc. All Rights Reserved.
    ** Copyright 2022-2024 Advanced Micro Devices, Inc. All Rights Reserved.

source bd_0_hls_inst_0.tcl -notrace
INFO: [IP_Flow 19-234] Refreshing IP repositories
INFO: [IP_Flow 19-1700] Loaded user IP repository 'd:/hlstrack/hlstrack2025-master/security/L1/tests/hmac/sha256/hmac_sha256_test.prj/solution1/impl/ip'.
INFO: [IP_Flow 19-2313] Loaded Vivado IP repository 'T:/Xilinx/Vivado/2024.2/data/ip'.
WARNING: [IP_Flow 19-4995] The host OS only allows 260 characters in a normal path. The IP cache path is more than 80 characters. If you experience issues with IP caching, please consider changing the IP cache to a location with a shorter path. Alternately consider using the OS subst command to map part of the path to a drive letter. 
Current IP cache path is d:/hlstrack/hlstrack2025-master/security/L1/tests/hmac/sha256/hmac_sha256_test.prj/solution1/impl/verilog/project.cache/ip 
INFO: [IP_Flow 19-6924] IPCACHE: Running cache check for IP inst: bd_0_hls_inst_0
Command: synth_design -top bd_0_hls_inst_0 -part xc7z020clg484-1 -directive sdx_optimization_effort_high -incremental_mode off -mode out_of_context
Starting synth_design
Attempting to get a license for feature 'Synthesis' and/or device 'xc7z020'
INFO: [Common 17-349] Got license for feature 'Synthesis' and/or device 'xc7z020'
INFO: [Device 21-403] Loading part xc7z020clg484-1
INFO: [Synth 8-7079] Multithreading enabled for synth_design using a maximum of 2 processes.
INFO: [Synth 8-7078] Launching helper process for spawning children vivado processes
INFO: [Synth 8-7075] Helper process launched with PID 17484
---------------------------------------------------------------------------------
Starting RTL Elaboration : Time (s): cpu = 00:00:08 ; elapsed = 00:00:09 . Memory (MB): peak = 1005.488 ; gain = 467.320
---------------------------------------------------------------------------------
INFO: [Synth 8-6157] synthesizing module 'bd_0_hls_inst_0' [d:/hlstrack/hlstrack2025-master/security/L1/tests/hmac/sha256/hmac_sha256_test.prj/solution1/impl/verilog/project.gen/sources_1/bd/bd_0/ip/bd_0_hls_inst_0/synth/bd_0_hls_inst_0.v:53]
INFO: [Synth 8-6157] synthesizing module 'test_hmac_sha256' [d:/hlstrack/hlstrack2025-master/security/L1/tests/hmac/sha256/hmac_sha256_test.prj/solution1/impl/verilog/project.gen/sources_1/bd/bd_0/ipshared/a53c/hdl/verilog/test_hmac_sha256.v:9]
INFO: [Synth 8-6157] synthesizing module 'test_hmac_sha256_hmacDataflow_32_64_256_32_64_sha256_wrapper_s' [d:/hlstrack/hlstrack2025-master/security/L1/tests/hmac/sha256/hmac_sha256_test.prj/solution1/impl/verilog/project.gen/sources_1/bd/bd_0/ipshared/a53c/hdl/verilog/test_hmac_sha256_hmacDataflow_32_64_256_32_64_sha256_wrapper_s.v:9]
INFO: [Synth 8-6157] synthesizing module 'test_hmac_sha256_kpad_32_64_256_32_64_sha256_wrapper_s' [d:/hlstrack/hlstrack2025-master/security/L1/tests/hmac/sha256/hmac_sha256_test.prj/solution1/impl/verilog/project.gen/sources_1/bd/bd_0/ipshared/a53c/hdl/verilog/test_hmac_sha256_kpad_32_64_256_32_64_sha256_wrapper_s.v:9]
INFO: [Synth 8-6157] synthesizing module 'test_hmac_sha256_kpad_32_64_256_32_64_sha256_wrapper_Pipeline_VITIS_LOOP_120_2' [d:/hlstrack/hlstrack2025-master/security/L1/tests/hmac/sha256/hmac_sha256_test.prj/solution1/impl/verilog/project.gen/sources_1/bd/bd_0/ipshared/a53c/hdl/verilog/test_hmac_sha256_kpad_32_64_256_32_64_sha256_wrapper_Pipeline_VITIS_LOOP_120_2.v:9]
INFO: [Synth 8-6157] synthesizing module 'test_hmac_sha256_flow_control_loop_pipe_sequential_init' [d:/hlstrack/hlstrack2025-master/security/L1/tests/hmac/sha256/hmac_sha256_test.prj/solution1/impl/verilog/project.gen/sources_1/bd/bd_0/ipshared/a53c/hdl/verilog/test_hmac_sha256_flow_control_loop_pipe_sequential_init.v:11]
INFO: [Synth 8-6155] done synthesizing module 'test_hmac_sha256_flow_control_loop_pipe_sequential_init' (0#1) [d:/hlstrack/hlstrack2025-master/security/L1/tests/hmac/sha256/hmac_sha256_test.prj/solution1/impl/verilog/project.gen/sources_1/bd/bd_0/ipshared/a53c/hdl/verilog/test_hmac_sha256_flow_control_loop_pipe_sequential_init.v:11]
INFO: [Synth 8-6155] done synthesizing module 'test_hmac_sha256_kpad_32_64_256_32_64_sha256_wrapper_Pipeline_VITIS_LOOP_120_2' (0#1) [d:/hlstrack/hlstrack2025-master/security/L1/tests/hmac/sha256/hmac_sha256_test.prj/solution1/impl/verilog/project.gen/sources_1/bd/bd_0/ipshared/a53c/hdl/verilog/test_hmac_sha256_kpad_32_64_256_32_64_sha256_wrapper_Pipeline_VITIS_LOOP_120_2.v:9]
INFO: [Synth 8-6155] done synthesizing module 'test_hmac_sha256_kpad_32_64_256_32_64_sha256_wrapper_s' (0#1) [d:/hlstrack/hlstrack2025-master/security/L1/tests/hmac/sha256/hmac_sha256_test.prj/solution1/impl/verilog/project.gen/sources_1/bd/bd_0/ipshared/a53c/hdl/verilog/test_hmac_sha256_kpad_32_64_256_32_64_sha256_wrapper_s.v:9]
INFO: [Synth 8-6157] synthesizing module 'test_hmac_sha256_msgHash_32_64_256_32_64_sha256_wrapper_s' [d:/hlstrack/hlstrack2025-master/security/L1/tests/hmac/sha256/hmac_sha256_test.prj/solution1/impl/verilog/project.gen/sources_1/bd/bd_0/ipshared/a53c/hdl/verilog/test_hmac_sha256_msgHash_32_64_256_32_64_sha256_wrapper_s.v:9]
INFO: [Synth 8-6157] synthesizing module 'test_hmac_sha256_mergeKipad_32_64_256_64_s' [d:/hlstrack/hlstrack2025-master/security/L1/tests/hmac/sha256/hmac_sha256_test.prj/solution1/impl/verilog/project.gen/sources_1/bd/bd_0/ipshared/a53c/hdl/verilog/test_hmac_sha256_mergeKipad_32_64_256_64_s.v:9]
INFO: [Synth 8-6157] synthesizing module 'test_hmac_sha256_mergeKipad_32_64_256_64_Pipeline_VITIS_LOOP_162_2' [d:/hlstrack/hlstrack2025-master/security/L1/tests/hmac/sha256/hmac_sha256_test.prj/solution1/impl/verilog/project.gen/sources_1/bd/bd_0/ipshared/a53c/hdl/verilog/test_hmac_sha256_mergeKipad_32_64_256_64_Pipeline_VITIS_LOOP_162_2.v:9]
INFO: [Synth 8-6155] done synthesizing module 'test_hmac_sha256_mergeKipad_32_64_256_64_Pipeline_VITIS_LOOP_162_2' (0#1) [d:/hlstrack/hlstrack2025-master/security/L1/tests/hmac/sha256/hmac_sha256_test.prj/solution1/impl/verilog/project.gen/sources_1/bd/bd_0/ipshared/a53c/hdl/verilog/test_hmac_sha256_mergeKipad_32_64_256_64_Pipeline_VITIS_LOOP_162_2.v:9]
INFO: [Synth 8-6157] synthesizing module 'test_hmac_sha256_mergeKipad_32_64_256_64_Pipeline_VITIS_LOOP_171_3' [d:/hlstrack/hlstrack2025-master/security/L1/tests/hmac/sha256/hmac_sha256_test.prj/solution1/impl/verilog/project.gen/sources_1/bd/bd_0/ipshared/a53c/hdl/verilog/test_hmac_sha256_mergeKipad_32_64_256_64_Pipeline_VITIS_LOOP_171_3.v:9]
INFO: [Synth 8-6155] done synthesizing module 'test_hmac_sha256_mergeKipad_32_64_256_64_Pipeline_VITIS_LOOP_171_3' (0#1) [d:/hlstrack/hlstrack2025-master/security/L1/tests/hmac/sha256/hmac_sha256_test.prj/solution1/impl/verilog/project.gen/sources_1/bd/bd_0/ipshared/a53c/hdl/verilog/test_hmac_sha256_mergeKipad_32_64_256_64_Pipeline_VITIS_LOOP_171_3.v:9]
INFO: [Synth 8-6155] done synthesizing module 'test_hmac_sha256_mergeKipad_32_64_256_64_s' (0#1) [d:/hlstrack/hlstrack2025-master/security/L1/tests/hmac/sha256/hmac_sha256_test.prj/solution1/impl/verilog/project.gen/sources_1/bd/bd_0/ipshared/a53c/hdl/verilog/test_hmac_sha256_mergeKipad_32_64_256_64_s.v:9]
INFO: [Synth 8-6157] synthesizing module 'test_hmac_sha256_hash' [d:/hlstrack/hlstrack2025-master/security/L1/tests/hmac/sha256/hmac_sha256_test.prj/solution1/impl/verilog/project.gen/sources_1/bd/bd_0/ipshared/a53c/hdl/verilog/test_hmac_sha256_hash.v:9]
INFO: [Synth 8-6157] synthesizing module 'test_hmac_sha256_sha256_top_32_256_s' [d:/hlstrack/hlstrack2025-master/security/L1/tests/hmac/sha256/hmac_sha256_test.prj/solution1/impl/verilog/project.gen/sources_1/bd/bd_0/ipshared/a53c/hdl/verilog/test_hmac_sha256_sha256_top_32_256_s.v:9]
INFO: [Synth 8-6157] synthesizing module 'test_hmac_sha256_preProcessing' [d:/hlstrack/hlstrack2025-master/security/L1/tests/hmac/sha256/hmac_sha256_test.prj/solution1/impl/verilog/project.gen/sources_1/bd/bd_0/ipshared/a53c/hdl/verilog/test_hmac_sha256_preProcessing.v:9]
INFO: [Synth 8-6157] synthesizing module 'test_hmac_sha256_preProcessing_Pipeline_LOOP_SHA256_GEN_FULL_BLKS' [d:/hlstrack/hlstrack2025-master/security/L1/tests/hmac/sha256/hmac_sha256_test.prj/solution1/impl/verilog/project.gen/sources_1/bd/bd_0/ipshared/a53c/hdl/verilog/test_hmac_sha256_preProcessing_Pipeline_LOOP_SHA256_GEN_FULL_BLKS.v:9]
INFO: [Synth 8-6155] done synthesizing module 'test_hmac_sha256_preProcessing_Pipeline_LOOP_SHA256_GEN_FULL_BLKS' (0#1) [d:/hlstrack/hlstrack2025-master/security/L1/tests/hmac/sha256/hmac_sha256_test.prj/solution1/impl/verilog/project.gen/sources_1/bd/bd_0/ipshared/a53c/hdl/verilog/test_hmac_sha256_preProcessing_Pipeline_LOOP_SHA256_GEN_FULL_BLKS.v:9]
INFO: [Synth 8-6157] synthesizing module 'test_hmac_sha256_preProcessing_Pipeline_LOOP_SHA256_GEN_COPY_TAIL_AND_ONE' [d:/hlstrack/hlstrack2025-master/security/L1/tests/hmac/sha256/hmac_sha256_test.prj/solution1/impl/verilog/project.gen/sources_1/bd/bd_0/ipshared/a53c/hdl/verilog/test_hmac_sha256_preProcessing_Pipeline_LOOP_SHA256_GEN_COPY_TAIL_AND_ONE.v:9]
INFO: [Synth 8-6155] done synthesizing module 'test_hmac_sha256_preProcessing_Pipeline_LOOP_SHA256_GEN_COPY_TAIL_AND_ONE' (0#1) [d:/hlstrack/hlstrack2025-master/security/L1/tests/hmac/sha256/hmac_sha256_test.prj/solution1/impl/verilog/project.gen/sources_1/bd/bd_0/ipshared/a53c/hdl/verilog/test_hmac_sha256_preProcessing_Pipeline_LOOP_SHA256_GEN_COPY_TAIL_AND_ONE.v:9]
INFO: [Synth 8-6155] done synthesizing module 'test_hmac_sha256_preProcessing' (0#1) [d:/hlstrack/hlstrack2025-master/security/L1/tests/hmac/sha256/hmac_sha256_test.prj/solution1/impl/verilog/project.gen/sources_1/bd/bd_0/ipshared/a53c/hdl/verilog/test_hmac_sha256_preProcessing.v:9]
INFO: [Synth 8-6157] synthesizing module 'test_hmac_sha256_dup_strm' [d:/hlstrack/hlstrack2025-master/security/L1/tests/hmac/sha256/hmac_sha256_test.prj/solution1/impl/verilog/project.gen/sources_1/bd/bd_0/ipshared/a53c/hdl/verilog/test_hmac_sha256_dup_strm.v:9]
INFO: [Synth 8-6157] synthesizing module 'test_hmac_sha256_dup_strm_Pipeline_VITIS_LOOP_506_1' [d:/hlstrack/hlstrack2025-master/security/L1/tests/hmac/sha256/hmac_sha256_test.prj/solution1/impl/verilog/project.gen/sources_1/bd/bd_0/ipshared/a53c/hdl/verilog/test_hmac_sha256_dup_strm_Pipeline_VITIS_LOOP_506_1.v:9]
INFO: [Synth 8-6155] done synthesizing module 'test_hmac_sha256_dup_strm_Pipeline_VITIS_LOOP_506_1' (0#1) [d:/hlstrack/hlstrack2025-master/security/L1/tests/hmac/sha256/hmac_sha256_test.prj/solution1/impl/verilog/project.gen/sources_1/bd/bd_0/ipshared/a53c/hdl/verilog/test_hmac_sha256_dup_strm_Pipeline_VITIS_LOOP_506_1.v:9]
INFO: [Synth 8-6155] done synthesizing module 'test_hmac_sha256_dup_strm' (0#1) [d:/hlstrack/hlstrack2025-master/security/L1/tests/hmac/sha256/hmac_sha256_test.prj/solution1/impl/verilog/project.gen/sources_1/bd/bd_0/ipshared/a53c/hdl/verilog/test_hmac_sha256_dup_strm.v:9]
INFO: [Synth 8-6157] synthesizing module 'test_hmac_sha256_generateMsgSchedule' [d:/hlstrack/hlstrack2025-master/security/L1/tests/hmac/sha256/hmac_sha256_test.prj/solution1/impl/verilog/project.gen/sources_1/bd/bd_0/ipshared/a53c/hdl/verilog/test_hmac_sha256_generateMsgSchedule.v:9]
INFO: [Synth 8-6157] synthesizing module 'test_hmac_sha256_generateMsgSchedule_Pipeline_LOOP_SHA256_PREPARE_WT16' [d:/hlstrack/hlstrack2025-master/security/L1/tests/hmac/sha256/hmac_sha256_test.prj/solution1/impl/verilog/project.gen/sources_1/bd/bd_0/ipshared/a53c/hdl/verilog/test_hmac_sha256_generateMsgSchedule_Pipeline_LOOP_SHA256_PREPARE_WT16.v:9]
INFO: [Synth 8-6157] synthesizing module 'test_hmac_sha256_sparsemux_33_4_32_1_1' [d:/hlstrack/hlstrack2025-master/security/L1/tests/hmac/sha256/hmac_sha256_test.prj/solution1/impl/verilog/project.gen/sources_1/bd/bd_0/ipshared/a53c/hdl/verilog/test_hmac_sha256_sparsemux_33_4_32_1_1.v:9]
INFO: [Synth 8-226] default block is never used [d:/hlstrack/hlstrack2025-master/security/L1/tests/hmac/sha256/hmac_sha256_test.prj/solution1/impl/verilog/project.gen/sources_1/bd/bd_0/ipshared/a53c/hdl/verilog/test_hmac_sha256_sparsemux_33_4_32_1_1.v:127]
INFO: [Synth 8-6155] done synthesizing module 'test_hmac_sha256_sparsemux_33_4_32_1_1' (0#1) [d:/hlstrack/hlstrack2025-master/security/L1/tests/hmac/sha256/hmac_sha256_test.prj/solution1/impl/verilog/project.gen/sources_1/bd/bd_0/ipshared/a53c/hdl/verilog/test_hmac_sha256_sparsemux_33_4_32_1_1.v:9]
INFO: [Synth 8-6155] done synthesizing module 'test_hmac_sha256_generateMsgSchedule_Pipeline_LOOP_SHA256_PREPARE_WT16' (0#1) [d:/hlstrack/hlstrack2025-master/security/L1/tests/hmac/sha256/hmac_sha256_test.prj/solution1/impl/verilog/project.gen/sources_1/bd/bd_0/ipshared/a53c/hdl/verilog/test_hmac_sha256_generateMsgSchedule_Pipeline_LOOP_SHA256_PREPARE_WT16.v:9]
INFO: [Synth 8-6157] synthesizing module 'test_hmac_sha256_generateMsgSchedule_Pipeline_LOOP_SHA256_PREPARE_WT64' [d:/hlstrack/hlstrack2025-master/security/L1/tests/hmac/sha256/hmac_sha256_test.prj/solution1/impl/verilog/project.gen/sources_1/bd/bd_0/ipshared/a53c/hdl/verilog/test_hmac_sha256_generateMsgSchedule_Pipeline_LOOP_SHA256_PREPARE_WT64.v:9]
INFO: [Synth 8-6155] done synthesizing module 'test_hmac_sha256_generateMsgSchedule_Pipeline_LOOP_SHA256_PREPARE_WT64' (0#1) [d:/hlstrack/hlstrack2025-master/security/L1/tests/hmac/sha256/hmac_sha256_test.prj/solution1/impl/verilog/project.gen/sources_1/bd/bd_0/ipshared/a53c/hdl/verilog/test_hmac_sha256_generateMsgSchedule_Pipeline_LOOP_SHA256_PREPARE_WT64.v:9]
INFO: [Synth 8-6155] done synthesizing module 'test_hmac_sha256_generateMsgSchedule' (0#1) [d:/hlstrack/hlstrack2025-master/security/L1/tests/hmac/sha256/hmac_sha256_test.prj/solution1/impl/verilog/project.gen/sources_1/bd/bd_0/ipshared/a53c/hdl/verilog/test_hmac_sha256_generateMsgSchedule.v:9]
INFO: [Synth 8-6157] synthesizing module 'test_hmac_sha256_sha256Digest_256_s' [d:/hlstrack/hlstrack2025-master/security/L1/tests/hmac/sha256/hmac_sha256_test.prj/solution1/impl/verilog/project.gen/sources_1/bd/bd_0/ipshared/a53c/hdl/verilog/test_hmac_sha256_sha256Digest_256_s.v:9]
INFO: [Synth 8-6157] synthesizing module 'test_hmac_sha256_sha256Digest_256_Pipeline_LOOP_SHA256_UPDATE_64_ROUNDS' [d:/hlstrack/hlstrack2025-master/security/L1/tests/hmac/sha256/hmac_sha256_test.prj/solution1/impl/verilog/project.gen/sources_1/bd/bd_0/ipshared/a53c/hdl/verilog/test_hmac_sha256_sha256Digest_256_Pipeline_LOOP_SHA256_UPDATE_64_ROUNDS.v:9]
INFO: [Synth 8-6157] synthesizing module 'test_hmac_sha256_sparsemux_129_6_32_1_1' [d:/hlstrack/hlstrack2025-master/security/L1/tests/hmac/sha256/hmac_sha256_test.prj/solution1/impl/verilog/project.gen/sources_1/bd/bd_0/ipshared/a53c/hdl/verilog/test_hmac_sha256_sparsemux_129_6_32_1_1.v:9]
INFO: [Synth 8-226] default block is never used [d:/hlstrack/hlstrack2025-master/security/L1/tests/hmac/sha256/hmac_sha256_test.prj/solution1/impl/verilog/project.gen/sources_1/bd/bd_0/ipshared/a53c/hdl/verilog/test_hmac_sha256_sparsemux_129_6_32_1_1.v:415]
INFO: [Synth 8-6155] done synthesizing module 'test_hmac_sha256_sparsemux_129_6_32_1_1' (0#1) [d:/hlstrack/hlstrack2025-master/security/L1/tests/hmac/sha256/hmac_sha256_test.prj/solution1/impl/verilog/project.gen/sources_1/bd/bd_0/ipshared/a53c/hdl/verilog/test_hmac_sha256_sparsemux_129_6_32_1_1.v:9]
INFO: [Synth 8-6155] done synthesizing module 'test_hmac_sha256_sha256Digest_256_Pipeline_LOOP_SHA256_UPDATE_64_ROUNDS' (0#1) [d:/hlstrack/hlstrack2025-master/security/L1/tests/hmac/sha256/hmac_sha256_test.prj/solution1/impl/verilog/project.gen/sources_1/bd/bd_0/ipshared/a53c/hdl/verilog/test_hmac_sha256_sha256Digest_256_Pipeline_LOOP_SHA256_UPDATE_64_ROUNDS.v:9]
INFO: [Synth 8-6155] done synthesizing module 'test_hmac_sha256_sha256Digest_256_s' (0#1) [d:/hlstrack/hlstrack2025-master/security/L1/tests/hmac/sha256/hmac_sha256_test.prj/solution1/impl/verilog/project.gen/sources_1/bd/bd_0/ipshared/a53c/hdl/verilog/test_hmac_sha256_sha256Digest_256_s.v:9]
INFO: [Synth 8-6157] synthesizing module 'test_hmac_sha256_fifo_w512_d32_D' [d:/hlstrack/hlstrack2025-master/security/L1/tests/hmac/sha256/hmac_sha256_test.prj/solution1/impl/verilog/project.gen/sources_1/bd/bd_0/ipshared/a53c/hdl/verilog/test_hmac_sha256_fifo_w512_d32_D.v:11]
INFO: [Synth 8-6157] synthesizing module 'test_hmac_sha256_fifo_w512_d32_D_ram' [d:/hlstrack/hlstrack2025-master/security/L1/tests/hmac/sha256/hmac_sha256_test.prj/solution1/impl/verilog/project.gen/sources_1/bd/bd_0/ipshared/a53c/hdl/verilog/test_hmac_sha256_fifo_w512_d32_D.v:202]
INFO: [Synth 8-6155] done synthesizing module 'test_hmac_sha256_fifo_w512_d32_D_ram' (0#1) [d:/hlstrack/hlstrack2025-master/security/L1/tests/hmac/sha256/hmac_sha256_test.prj/solution1/impl/verilog/project.gen/sources_1/bd/bd_0/ipshared/a53c/hdl/verilog/test_hmac_sha256_fifo_w512_d32_D.v:202]
INFO: [Synth 8-6155] done synthesizing module 'test_hmac_sha256_fifo_w512_d32_D' (0#1) [d:/hlstrack/hlstrack2025-master/security/L1/tests/hmac/sha256/hmac_sha256_test.prj/solution1/impl/verilog/project.gen/sources_1/bd/bd_0/ipshared/a53c/hdl/verilog/test_hmac_sha256_fifo_w512_d32_D.v:11]
INFO: [Synth 8-6157] synthesizing module 'test_hmac_sha256_fifo_w64_d32_D' [d:/hlstrack/hlstrack2025-master/security/L1/tests/hmac/sha256/hmac_sha256_test.prj/solution1/impl/verilog/project.gen/sources_1/bd/bd_0/ipshared/a53c/hdl/verilog/test_hmac_sha256_fifo_w64_d32_D.v:11]
INFO: [Synth 8-6157] synthesizing module 'test_hmac_sha256_fifo_w64_d32_D_ram' [d:/hlstrack/hlstrack2025-master/security/L1/tests/hmac/sha256/hmac_sha256_test.prj/solution1/impl/verilog/project.gen/sources_1/bd/bd_0/ipshared/a53c/hdl/verilog/test_hmac_sha256_fifo_w64_d32_D.v:202]
INFO: [Synth 8-6155] done synthesizing module 'test_hmac_sha256_fifo_w64_d32_D_ram' (0#1) [d:/hlstrack/hlstrack2025-master/security/L1/tests/hmac/sha256/hmac_sha256_test.prj/solution1/impl/verilog/project.gen/sources_1/bd/bd_0/ipshared/a53c/hdl/verilog/test_hmac_sha256_fifo_w64_d32_D.v:202]
INFO: [Synth 8-6155] done synthesizing module 'test_hmac_sha256_fifo_w64_d32_D' (0#1) [d:/hlstrack/hlstrack2025-master/security/L1/tests/hmac/sha256/hmac_sha256_test.prj/solution1/impl/verilog/project.gen/sources_1/bd/bd_0/ipshared/a53c/hdl/verilog/test_hmac_sha256_fifo_w64_d32_D.v:11]
INFO: [Synth 8-6157] synthesizing module 'test_hmac_sha256_fifo_w1_d32_D' [d:/hlstrack/hlstrack2025-master/security/L1/tests/hmac/sha256/hmac_sha256_test.prj/solution1/impl/verilog/project.gen/sources_1/bd/bd_0/ipshared/a53c/hdl/verilog/test_hmac_sha256_fifo_w1_d32_D.v:11]
INFO: [Synth 8-6157] synthesizing module 'test_hmac_sha256_fifo_w1_d32_D_ram' [d:/hlstrack/hlstrack2025-master/security/L1/tests/hmac/sha256/hmac_sha256_test.prj/solution1/impl/verilog/project.gen/sources_1/bd/bd_0/ipshared/a53c/hdl/verilog/test_hmac_sha256_fifo_w1_d32_D.v:202]
INFO: [Synth 8-6155] done synthesizing module 'test_hmac_sha256_fifo_w1_d32_D_ram' (0#1) [d:/hlstrack/hlstrack2025-master/security/L1/tests/hmac/sha256/hmac_sha256_test.prj/solution1/impl/verilog/project.gen/sources_1/bd/bd_0/ipshared/a53c/hdl/verilog/test_hmac_sha256_fifo_w1_d32_D.v:202]
INFO: [Synth 8-6155] done synthesizing module 'test_hmac_sha256_fifo_w1_d32_D' (0#1) [d:/hlstrack/hlstrack2025-master/security/L1/tests/hmac/sha256/hmac_sha256_test.prj/solution1/impl/verilog/project.gen/sources_1/bd/bd_0/ipshared/a53c/hdl/verilog/test_hmac_sha256_fifo_w1_d32_D.v:11]
INFO: [Synth 8-6157] synthesizing module 'test_hmac_sha256_fifo_w32_d32_D' [d:/hlstrack/hlstrack2025-master/security/L1/tests/hmac/sha256/hmac_sha256_test.prj/solution1/impl/verilog/project.gen/sources_1/bd/bd_0/ipshared/a53c/hdl/verilog/test_hmac_sha256_fifo_w32_d32_D.v:11]
INFO: [Synth 8-6157] synthesizing module 'test_hmac_sha256_fifo_w32_d32_D_ram' [d:/hlstrack/hlstrack2025-master/security/L1/tests/hmac/sha256/hmac_sha256_test.prj/solution1/impl/verilog/project.gen/sources_1/bd/bd_0/ipshared/a53c/hdl/verilog/test_hmac_sha256_fifo_w32_d32_D.v:202]
INFO: [Synth 8-6155] done synthesizing module 'test_hmac_sha256_fifo_w32_d32_D_ram' (0#1) [d:/hlstrack/hlstrack2025-master/security/L1/tests/hmac/sha256/hmac_sha256_test.prj/solution1/impl/verilog/project.gen/sources_1/bd/bd_0/ipshared/a53c/hdl/verilog/test_hmac_sha256_fifo_w32_d32_D.v:202]
INFO: [Synth 8-6155] done synthesizing module 'test_hmac_sha256_fifo_w32_d32_D' (0#1) [d:/hlstrack/hlstrack2025-master/security/L1/tests/hmac/sha256/hmac_sha256_test.prj/solution1/impl/verilog/project.gen/sources_1/bd/bd_0/ipshared/a53c/hdl/verilog/test_hmac_sha256_fifo_w32_d32_D.v:11]
INFO: [Synth 8-6157] synthesizing module 'test_hmac_sha256_start_for_dup_strm_U0' [d:/hlstrack/hlstrack2025-master/security/L1/tests/hmac/sha256/hmac_sha256_test.prj/solution1/impl/verilog/project.gen/sources_1/bd/bd_0/ipshared/a53c/hdl/verilog/test_hmac_sha256_start_for_dup_strm_U0.v:11]
INFO: [Synth 8-6157] synthesizing module 'test_hmac_sha256_start_for_dup_strm_U0_ShiftReg' [d:/hlstrack/hlstrack2025-master/security/L1/tests/hmac/sha256/hmac_sha256_test.prj/solution1/impl/verilog/project.gen/sources_1/bd/bd_0/ipshared/a53c/hdl/verilog/test_hmac_sha256_start_for_dup_strm_U0.v:125]
INFO: [Synth 8-6155] done synthesizing module 'test_hmac_sha256_start_for_dup_strm_U0_ShiftReg' (0#1) [d:/hlstrack/hlstrack2025-master/security/L1/tests/hmac/sha256/hmac_sha256_test.prj/solution1/impl/verilog/project.gen/sources_1/bd/bd_0/ipshared/a53c/hdl/verilog/test_hmac_sha256_start_for_dup_strm_U0.v:125]
INFO: [Synth 8-6155] done synthesizing module 'test_hmac_sha256_start_for_dup_strm_U0' (0#1) [d:/hlstrack/hlstrack2025-master/security/L1/tests/hmac/sha256/hmac_sha256_test.prj/solution1/impl/verilog/project.gen/sources_1/bd/bd_0/ipshared/a53c/hdl/verilog/test_hmac_sha256_start_for_dup_strm_U0.v:11]
INFO: [Synth 8-6157] synthesizing module 'test_hmac_sha256_start_for_generateMsgSchedule_U0' [d:/hlstrack/hlstrack2025-master/security/L1/tests/hmac/sha256/hmac_sha256_test.prj/solution1/impl/verilog/project.gen/sources_1/bd/bd_0/ipshared/a53c/hdl/verilog/test_hmac_sha256_start_for_generateMsgSchedule_U0.v:11]
INFO: [Synth 8-6157] synthesizing module 'test_hmac_sha256_start_for_generateMsgSchedule_U0_ShiftReg' [d:/hlstrack/hlstrack2025-master/security/L1/tests/hmac/sha256/hmac_sha256_test.prj/solution1/impl/verilog/project.gen/sources_1/bd/bd_0/ipshared/a53c/hdl/verilog/test_hmac_sha256_start_for_generateMsgSchedule_U0.v:125]
INFO: [Synth 8-6155] done synthesizing module 'test_hmac_sha256_start_for_generateMsgSchedule_U0_ShiftReg' (0#1) [d:/hlstrack/hlstrack2025-master/security/L1/tests/hmac/sha256/hmac_sha256_test.prj/solution1/impl/verilog/project.gen/sources_1/bd/bd_0/ipshared/a53c/hdl/verilog/test_hmac_sha256_start_for_generateMsgSchedule_U0.v:125]
INFO: [Synth 8-6155] done synthesizing module 'test_hmac_sha256_start_for_generateMsgSchedule_U0' (0#1) [d:/hlstrack/hlstrack2025-master/security/L1/tests/hmac/sha256/hmac_sha256_test.prj/solution1/impl/verilog/project.gen/sources_1/bd/bd_0/ipshared/a53c/hdl/verilog/test_hmac_sha256_start_for_generateMsgSchedule_U0.v:11]
INFO: [Synth 8-6157] synthesizing module 'test_hmac_sha256_start_for_sha256Digest_256_U0' [d:/hlstrack/hlstrack2025-master/security/L1/tests/hmac/sha256/hmac_sha256_test.prj/solution1/impl/verilog/project.gen/sources_1/bd/bd_0/ipshared/a53c/hdl/verilog/test_hmac_sha256_start_for_sha256Digest_256_U0.v:11]
INFO: [Synth 8-6157] synthesizing module 'test_hmac_sha256_start_for_sha256Digest_256_U0_ShiftReg' [d:/hlstrack/hlstrack2025-master/security/L1/tests/hmac/sha256/hmac_sha256_test.prj/solution1/impl/verilog/project.gen/sources_1/bd/bd_0/ipshared/a53c/hdl/verilog/test_hmac_sha256_start_for_sha256Digest_256_U0.v:125]
INFO: [Synth 8-6155] done synthesizing module 'test_hmac_sha256_start_for_sha256Digest_256_U0_ShiftReg' (0#1) [d:/hlstrack/hlstrack2025-master/security/L1/tests/hmac/sha256/hmac_sha256_test.prj/solution1/impl/verilog/project.gen/sources_1/bd/bd_0/ipshared/a53c/hdl/verilog/test_hmac_sha256_start_for_sha256Digest_256_U0.v:125]
INFO: [Synth 8-6155] done synthesizing module 'test_hmac_sha256_start_for_sha256Digest_256_U0' (0#1) [d:/hlstrack/hlstrack2025-master/security/L1/tests/hmac/sha256/hmac_sha256_test.prj/solution1/impl/verilog/project.gen/sources_1/bd/bd_0/ipshared/a53c/hdl/verilog/test_hmac_sha256_start_for_sha256Digest_256_U0.v:11]
INFO: [Synth 8-6155] done synthesizing module 'test_hmac_sha256_sha256_top_32_256_s' (0#1) [d:/hlstrack/hlstrack2025-master/security/L1/tests/hmac/sha256/hmac_sha256_test.prj/solution1/impl/verilog/project.gen/sources_1/bd/bd_0/ipshared/a53c/hdl/verilog/test_hmac_sha256_sha256_top_32_256_s.v:9]
INFO: [Synth 8-6155] done synthesizing module 'test_hmac_sha256_hash' (0#1) [d:/hlstrack/hlstrack2025-master/security/L1/tests/hmac/sha256/hmac_sha256_test.prj/solution1/impl/verilog/project.gen/sources_1/bd/bd_0/ipshared/a53c/hdl/verilog/test_hmac_sha256_hash.v:9]
INFO: [Synth 8-6157] synthesizing module 'test_hmac_sha256_fifo_w32_d128_B' [d:/hlstrack/hlstrack2025-master/security/L1/tests/hmac/sha256/hmac_sha256_test.prj/solution1/impl/verilog/project.gen/sources_1/bd/bd_0/ipshared/a53c/hdl/verilog/test_hmac_sha256_fifo_w32_d128_B.v:11]
INFO: [Synth 8-6157] synthesizing module 'test_hmac_sha256_fifo_w32_d128_B_ram' [d:/hlstrack/hlstrack2025-master/security/L1/tests/hmac/sha256/hmac_sha256_test.prj/solution1/impl/verilog/project.gen/sources_1/bd/bd_0/ipshared/a53c/hdl/verilog/test_hmac_sha256_fifo_w32_d128_B.v:202]
INFO: [Synth 8-6155] done synthesizing module 'test_hmac_sha256_fifo_w32_d128_B_ram' (0#1) [d:/hlstrack/hlstrack2025-master/security/L1/tests/hmac/sha256/hmac_sha256_test.prj/solution1/impl/verilog/project.gen/sources_1/bd/bd_0/ipshared/a53c/hdl/verilog/test_hmac_sha256_fifo_w32_d128_B.v:202]
INFO: [Synth 8-6155] done synthesizing module 'test_hmac_sha256_fifo_w32_d128_B' (0#1) [d:/hlstrack/hlstrack2025-master/security/L1/tests/hmac/sha256/hmac_sha256_test.prj/solution1/impl/verilog/project.gen/sources_1/bd/bd_0/ipshared/a53c/hdl/verilog/test_hmac_sha256_fifo_w32_d128_B.v:11]
INFO: [Synth 8-6157] synthesizing module 'test_hmac_sha256_fifo_w64_d4_D' [d:/hlstrack/hlstrack2025-master/security/L1/tests/hmac/sha256/hmac_sha256_test.prj/solution1/impl/verilog/project.gen/sources_1/bd/bd_0/ipshared/a53c/hdl/verilog/test_hmac_sha256_fifo_w64_d4_D.v:11]
INFO: [Synth 8-6157] synthesizing module 'test_hmac_sha256_fifo_w64_d4_D_ram' [d:/hlstrack/hlstrack2025-master/security/L1/tests/hmac/sha256/hmac_sha256_test.prj/solution1/impl/verilog/project.gen/sources_1/bd/bd_0/ipshared/a53c/hdl/verilog/test_hmac_sha256_fifo_w64_d4_D.v:202]
INFO: [Synth 8-6155] done synthesizing module 'test_hmac_sha256_fifo_w64_d4_D_ram' (0#1) [d:/hlstrack/hlstrack2025-master/security/L1/tests/hmac/sha256/hmac_sha256_test.prj/solution1/impl/verilog/project.gen/sources_1/bd/bd_0/ipshared/a53c/hdl/verilog/test_hmac_sha256_fifo_w64_d4_D.v:202]
INFO: [Synth 8-6155] done synthesizing module 'test_hmac_sha256_fifo_w64_d4_D' (0#1) [d:/hlstrack/hlstrack2025-master/security/L1/tests/hmac/sha256/hmac_sha256_test.prj/solution1/impl/verilog/project.gen/sources_1/bd/bd_0/ipshared/a53c/hdl/verilog/test_hmac_sha256_fifo_w64_d4_D.v:11]
INFO: [Synth 8-6157] synthesizing module 'test_hmac_sha256_fifo_w1_d4_D' [d:/hlstrack/hlstrack2025-master/security/L1/tests/hmac/sha256/hmac_sha256_test.prj/solution1/impl/verilog/project.gen/sources_1/bd/bd_0/ipshared/a53c/hdl/verilog/test_hmac_sha256_fifo_w1_d4_D.v:11]
INFO: [Synth 8-6157] synthesizing module 'test_hmac_sha256_fifo_w1_d4_D_ram' [d:/hlstrack/hlstrack2025-master/security/L1/tests/hmac/sha256/hmac_sha256_test.prj/solution1/impl/verilog/project.gen/sources_1/bd/bd_0/ipshared/a53c/hdl/verilog/test_hmac_sha256_fifo_w1_d4_D.v:202]
INFO: [Synth 8-6155] done synthesizing module 'test_hmac_sha256_fifo_w1_d4_D_ram' (0#1) [d:/hlstrack/hlstrack2025-master/security/L1/tests/hmac/sha256/hmac_sha256_test.prj/solution1/impl/verilog/project.gen/sources_1/bd/bd_0/ipshared/a53c/hdl/verilog/test_hmac_sha256_fifo_w1_d4_D.v:202]
INFO: [Synth 8-6155] done synthesizing module 'test_hmac_sha256_fifo_w1_d4_D' (0#1) [d:/hlstrack/hlstrack2025-master/security/L1/tests/hmac/sha256/hmac_sha256_test.prj/solution1/impl/verilog/project.gen/sources_1/bd/bd_0/ipshared/a53c/hdl/verilog/test_hmac_sha256_fifo_w1_d4_D.v:11]
INFO: [Synth 8-6157] synthesizing module 'test_hmac_sha256_start_for_hash_U0' [d:/hlstrack/hlstrack2025-master/security/L1/tests/hmac/sha256/hmac_sha256_test.prj/solution1/impl/verilog/project.gen/sources_1/bd/bd_0/ipshared/a53c/hdl/verilog/test_hmac_sha256_start_for_hash_U0.v:11]
INFO: [Synth 8-6157] synthesizing module 'test_hmac_sha256_start_for_hash_U0_ShiftReg' [d:/hlstrack/hlstrack2025-master/security/L1/tests/hmac/sha256/hmac_sha256_test.prj/solution1/impl/verilog/project.gen/sources_1/bd/bd_0/ipshared/a53c/hdl/verilog/test_hmac_sha256_start_for_hash_U0.v:125]
INFO: [Synth 8-6155] done synthesizing module 'test_hmac_sha256_start_for_hash_U0_ShiftReg' (0#1) [d:/hlstrack/hlstrack2025-master/security/L1/tests/hmac/sha256/hmac_sha256_test.prj/solution1/impl/verilog/project.gen/sources_1/bd/bd_0/ipshared/a53c/hdl/verilog/test_hmac_sha256_start_for_hash_U0.v:125]
INFO: [Synth 8-6155] done synthesizing module 'test_hmac_sha256_start_for_hash_U0' (0#1) [d:/hlstrack/hlstrack2025-master/security/L1/tests/hmac/sha256/hmac_sha256_test.prj/solution1/impl/verilog/project.gen/sources_1/bd/bd_0/ipshared/a53c/hdl/verilog/test_hmac_sha256_start_for_hash_U0.v:11]
INFO: [Synth 8-6155] done synthesizing module 'test_hmac_sha256_msgHash_32_64_256_32_64_sha256_wrapper_s' (0#1) [d:/hlstrack/hlstrack2025-master/security/L1/tests/hmac/sha256/hmac_sha256_test.prj/solution1/impl/verilog/project.gen/sources_1/bd/bd_0/ipshared/a53c/hdl/verilog/test_hmac_sha256_msgHash_32_64_256_32_64_sha256_wrapper_s.v:9]
INFO: [Synth 8-6157] synthesizing module 'test_hmac_sha256_resHash_32_64_256_32_64_sha256_wrapper_s' [d:/hlstrack/hlstrack2025-master/security/L1/tests/hmac/sha256/hmac_sha256_test.prj/solution1/impl/verilog/project.gen/sources_1/bd/bd_0/ipshared/a53c/hdl/verilog/test_hmac_sha256_resHash_32_64_256_32_64_sha256_wrapper_s.v:9]
INFO: [Synth 8-6157] synthesizing module 'test_hmac_sha256_mergeKopad_32_64_256_32_64_s' [d:/hlstrack/hlstrack2025-master/security/L1/tests/hmac/sha256/hmac_sha256_test.prj/solution1/impl/verilog/project.gen/sources_1/bd/bd_0/ipshared/a53c/hdl/verilog/test_hmac_sha256_mergeKopad_32_64_256_32_64_s.v:9]
INFO: [Synth 8-6157] synthesizing module 'test_hmac_sha256_mergeKopad_32_64_256_32_64_Pipeline_VITIS_LOOP_220_2' [d:/hlstrack/hlstrack2025-master/security/L1/tests/hmac/sha256/hmac_sha256_test.prj/solution1/impl/verilog/project.gen/sources_1/bd/bd_0/ipshared/a53c/hdl/verilog/test_hmac_sha256_mergeKopad_32_64_256_32_64_Pipeline_VITIS_LOOP_220_2.v:9]
INFO: [Synth 8-6155] done synthesizing module 'test_hmac_sha256_mergeKopad_32_64_256_32_64_Pipeline_VITIS_LOOP_220_2' (0#1) [d:/hlstrack/hlstrack2025-master/security/L1/tests/hmac/sha256/hmac_sha256_test.prj/solution1/impl/verilog/project.gen/sources_1/bd/bd_0/ipshared/a53c/hdl/verilog/test_hmac_sha256_mergeKopad_32_64_256_32_64_Pipeline_VITIS_LOOP_220_2.v:9]
INFO: [Synth 8-6157] synthesizing module 'test_hmac_sha256_mergeKopad_32_64_256_32_64_Pipeline_VITIS_LOOP_226_3' [d:/hlstrack/hlstrack2025-master/security/L1/tests/hmac/sha256/hmac_sha256_test.prj/solution1/impl/verilog/project.gen/sources_1/bd/bd_0/ipshared/a53c/hdl/verilog/test_hmac_sha256_mergeKopad_32_64_256_32_64_Pipeline_VITIS_LOOP_226_3.v:9]
INFO: [Synth 8-6155] done synthesizing module 'test_hmac_sha256_mergeKopad_32_64_256_32_64_Pipeline_VITIS_LOOP_226_3' (0#1) [d:/hlstrack/hlstrack2025-master/security/L1/tests/hmac/sha256/hmac_sha256_test.prj/solution1/impl/verilog/project.gen/sources_1/bd/bd_0/ipshared/a53c/hdl/verilog/test_hmac_sha256_mergeKopad_32_64_256_32_64_Pipeline_VITIS_LOOP_226_3.v:9]
INFO: [Synth 8-6155] done synthesizing module 'test_hmac_sha256_mergeKopad_32_64_256_32_64_s' (0#1) [d:/hlstrack/hlstrack2025-master/security/L1/tests/hmac/sha256/hmac_sha256_test.prj/solution1/impl/verilog/project.gen/sources_1/bd/bd_0/ipshared/a53c/hdl/verilog/test_hmac_sha256_mergeKopad_32_64_256_32_64_s.v:9]
INFO: [Synth 8-6157] synthesizing module 'test_hmac_sha256_hash_1' [d:/hlstrack/hlstrack2025-master/security/L1/tests/hmac/sha256/hmac_sha256_test.prj/solution1/impl/verilog/project.gen/sources_1/bd/bd_0/ipshared/a53c/hdl/verilog/test_hmac_sha256_hash_1.v:9]
INFO: [Synth 8-6155] done synthesizing module 'test_hmac_sha256_hash_1' (0#1) [d:/hlstrack/hlstrack2025-master/security/L1/tests/hmac/sha256/hmac_sha256_test.prj/solution1/impl/verilog/project.gen/sources_1/bd/bd_0/ipshared/a53c/hdl/verilog/test_hmac_sha256_hash_1.v:9]
INFO: [Synth 8-6157] synthesizing module 'test_hmac_sha256_fifo_w32_d4_D' [d:/hlstrack/hlstrack2025-master/security/L1/tests/hmac/sha256/hmac_sha256_test.prj/solution1/impl/verilog/project.gen/sources_1/bd/bd_0/ipshared/a53c/hdl/verilog/test_hmac_sha256_fifo_w32_d4_D.v:11]
INFO: [Synth 8-6157] synthesizing module 'test_hmac_sha256_fifo_w32_d4_D_ram' [d:/hlstrack/hlstrack2025-master/security/L1/tests/hmac/sha256/hmac_sha256_test.prj/solution1/impl/verilog/project.gen/sources_1/bd/bd_0/ipshared/a53c/hdl/verilog/test_hmac_sha256_fifo_w32_d4_D.v:202]
INFO: [Synth 8-6155] done synthesizing module 'test_hmac_sha256_fifo_w32_d4_D_ram' (0#1) [d:/hlstrack/hlstrack2025-master/security/L1/tests/hmac/sha256/hmac_sha256_test.prj/solution1/impl/verilog/project.gen/sources_1/bd/bd_0/ipshared/a53c/hdl/verilog/test_hmac_sha256_fifo_w32_d4_D.v:202]
INFO: [Synth 8-6155] done synthesizing module 'test_hmac_sha256_fifo_w32_d4_D' (0#1) [d:/hlstrack/hlstrack2025-master/security/L1/tests/hmac/sha256/hmac_sha256_test.prj/solution1/impl/verilog/project.gen/sources_1/bd/bd_0/ipshared/a53c/hdl/verilog/test_hmac_sha256_fifo_w32_d4_D.v:11]
INFO: [Synth 8-6157] synthesizing module 'test_hmac_sha256_fifo_w64_d4_D_x' [d:/hlstrack/hlstrack2025-master/security/L1/tests/hmac/sha256/hmac_sha256_test.prj/solution1/impl/verilog/project.gen/sources_1/bd/bd_0/ipshared/a53c/hdl/verilog/test_hmac_sha256_fifo_w64_d4_D_x.v:11]
INFO: [Synth 8-6157] synthesizing module 'test_hmac_sha256_fifo_w64_d4_D_x_ram' [d:/hlstrack/hlstrack2025-master/security/L1/tests/hmac/sha256/hmac_sha256_test.prj/solution1/impl/verilog/project.gen/sources_1/bd/bd_0/ipshared/a53c/hdl/verilog/test_hmac_sha256_fifo_w64_d4_D_x.v:202]
INFO: [Synth 8-6155] done synthesizing module 'test_hmac_sha256_fifo_w64_d4_D_x_ram' (0#1) [d:/hlstrack/hlstrack2025-master/security/L1/tests/hmac/sha256/hmac_sha256_test.prj/solution1/impl/verilog/project.gen/sources_1/bd/bd_0/ipshared/a53c/hdl/verilog/test_hmac_sha256_fifo_w64_d4_D_x.v:202]
INFO: [Synth 8-6155] done synthesizing module 'test_hmac_sha256_fifo_w64_d4_D_x' (0#1) [d:/hlstrack/hlstrack2025-master/security/L1/tests/hmac/sha256/hmac_sha256_test.prj/solution1/impl/verilog/project.gen/sources_1/bd/bd_0/ipshared/a53c/hdl/verilog/test_hmac_sha256_fifo_w64_d4_D_x.v:11]
INFO: [Synth 8-6157] synthesizing module 'test_hmac_sha256_fifo_w1_d4_D_x' [d:/hlstrack/hlstrack2025-master/security/L1/tests/hmac/sha256/hmac_sha256_test.prj/solution1/impl/verilog/project.gen/sources_1/bd/bd_0/ipshared/a53c/hdl/verilog/test_hmac_sha256_fifo_w1_d4_D_x.v:11]
INFO: [Synth 8-6157] synthesizing module 'test_hmac_sha256_fifo_w1_d4_D_x_ram' [d:/hlstrack/hlstrack2025-master/security/L1/tests/hmac/sha256/hmac_sha256_test.prj/solution1/impl/verilog/project.gen/sources_1/bd/bd_0/ipshared/a53c/hdl/verilog/test_hmac_sha256_fifo_w1_d4_D_x.v:202]
INFO: [Synth 8-6155] done synthesizing module 'test_hmac_sha256_fifo_w1_d4_D_x_ram' (0#1) [d:/hlstrack/hlstrack2025-master/security/L1/tests/hmac/sha256/hmac_sha256_test.prj/solution1/impl/verilog/project.gen/sources_1/bd/bd_0/ipshared/a53c/hdl/verilog/test_hmac_sha256_fifo_w1_d4_D_x.v:202]
INFO: [Synth 8-6155] done synthesizing module 'test_hmac_sha256_fifo_w1_d4_D_x' (0#1) [d:/hlstrack/hlstrack2025-master/security/L1/tests/hmac/sha256/hmac_sha256_test.prj/solution1/impl/verilog/project.gen/sources_1/bd/bd_0/ipshared/a53c/hdl/verilog/test_hmac_sha256_fifo_w1_d4_D_x.v:11]
INFO: [Synth 8-6157] synthesizing module 'test_hmac_sha256_start_for_hash_1_U0' [d:/hlstrack/hlstrack2025-master/security/L1/tests/hmac/sha256/hmac_sha256_test.prj/solution1/impl/verilog/project.gen/sources_1/bd/bd_0/ipshared/a53c/hdl/verilog/test_hmac_sha256_start_for_hash_1_U0.v:11]
INFO: [Synth 8-6157] synthesizing module 'test_hmac_sha256_start_for_hash_1_U0_ShiftReg' [d:/hlstrack/hlstrack2025-master/security/L1/tests/hmac/sha256/hmac_sha256_test.prj/solution1/impl/verilog/project.gen/sources_1/bd/bd_0/ipshared/a53c/hdl/verilog/test_hmac_sha256_start_for_hash_1_U0.v:125]
INFO: [Synth 8-6155] done synthesizing module 'test_hmac_sha256_start_for_hash_1_U0_ShiftReg' (0#1) [d:/hlstrack/hlstrack2025-master/security/L1/tests/hmac/sha256/hmac_sha256_test.prj/solution1/impl/verilog/project.gen/sources_1/bd/bd_0/ipshared/a53c/hdl/verilog/test_hmac_sha256_start_for_hash_1_U0.v:125]
INFO: [Synth 8-6155] done synthesizing module 'test_hmac_sha256_start_for_hash_1_U0' (0#1) [d:/hlstrack/hlstrack2025-master/security/L1/tests/hmac/sha256/hmac_sha256_test.prj/solution1/impl/verilog/project.gen/sources_1/bd/bd_0/ipshared/a53c/hdl/verilog/test_hmac_sha256_start_for_hash_1_U0.v:11]
INFO: [Synth 8-6155] done synthesizing module 'test_hmac_sha256_resHash_32_64_256_32_64_sha256_wrapper_s' (0#1) [d:/hlstrack/hlstrack2025-master/security/L1/tests/hmac/sha256/hmac_sha256_test.prj/solution1/impl/verilog/project.gen/sources_1/bd/bd_0/ipshared/a53c/hdl/verilog/test_hmac_sha256_resHash_32_64_256_32_64_sha256_wrapper_s.v:9]
INFO: [Synth 8-6157] synthesizing module 'test_hmac_sha256_fifo_w512_d4_D' [d:/hlstrack/hlstrack2025-master/security/L1/tests/hmac/sha256/hmac_sha256_test.prj/solution1/impl/verilog/project.gen/sources_1/bd/bd_0/ipshared/a53c/hdl/verilog/test_hmac_sha256_fifo_w512_d4_D.v:11]
INFO: [Synth 8-6157] synthesizing module 'test_hmac_sha256_fifo_w512_d4_D_ram' [d:/hlstrack/hlstrack2025-master/security/L1/tests/hmac/sha256/hmac_sha256_test.prj/solution1/impl/verilog/project.gen/sources_1/bd/bd_0/ipshared/a53c/hdl/verilog/test_hmac_sha256_fifo_w512_d4_D.v:202]
INFO: [Synth 8-6155] done synthesizing module 'test_hmac_sha256_fifo_w512_d4_D_ram' (0#1) [d:/hlstrack/hlstrack2025-master/security/L1/tests/hmac/sha256/hmac_sha256_test.prj/solution1/impl/verilog/project.gen/sources_1/bd/bd_0/ipshared/a53c/hdl/verilog/test_hmac_sha256_fifo_w512_d4_D.v:202]
INFO: [Synth 8-6155] done synthesizing module 'test_hmac_sha256_fifo_w512_d4_D' (0#1) [d:/hlstrack/hlstrack2025-master/security/L1/tests/hmac/sha256/hmac_sha256_test.prj/solution1/impl/verilog/project.gen/sources_1/bd/bd_0/ipshared/a53c/hdl/verilog/test_hmac_sha256_fifo_w512_d4_D.v:11]
INFO: [Synth 8-6157] synthesizing module 'test_hmac_sha256_fifo_w1_d4_D_x0' [d:/hlstrack/hlstrack2025-master/security/L1/tests/hmac/sha256/hmac_sha256_test.prj/solution1/impl/verilog/project.gen/sources_1/bd/bd_0/ipshared/a53c/hdl/verilog/test_hmac_sha256_fifo_w1_d4_D_x0.v:11]
INFO: [Synth 8-6157] synthesizing module 'test_hmac_sha256_fifo_w1_d4_D_x0_ram' [d:/hlstrack/hlstrack2025-master/security/L1/tests/hmac/sha256/hmac_sha256_test.prj/solution1/impl/verilog/project.gen/sources_1/bd/bd_0/ipshared/a53c/hdl/verilog/test_hmac_sha256_fifo_w1_d4_D_x0.v:202]
INFO: [Synth 8-6155] done synthesizing module 'test_hmac_sha256_fifo_w1_d4_D_x0_ram' (0#1) [d:/hlstrack/hlstrack2025-master/security/L1/tests/hmac/sha256/hmac_sha256_test.prj/solution1/impl/verilog/project.gen/sources_1/bd/bd_0/ipshared/a53c/hdl/verilog/test_hmac_sha256_fifo_w1_d4_D_x0.v:202]
INFO: [Synth 8-6155] done synthesizing module 'test_hmac_sha256_fifo_w1_d4_D_x0' (0#1) [d:/hlstrack/hlstrack2025-master/security/L1/tests/hmac/sha256/hmac_sha256_test.prj/solution1/impl/verilog/project.gen/sources_1/bd/bd_0/ipshared/a53c/hdl/verilog/test_hmac_sha256_fifo_w1_d4_D_x0.v:11]
INFO: [Synth 8-6157] synthesizing module 'test_hmac_sha256_fifo_w256_d4_D' [d:/hlstrack/hlstrack2025-master/security/L1/tests/hmac/sha256/hmac_sha256_test.prj/solution1/impl/verilog/project.gen/sources_1/bd/bd_0/ipshared/a53c/hdl/verilog/test_hmac_sha256_fifo_w256_d4_D.v:11]
INFO: [Synth 8-6157] synthesizing module 'test_hmac_sha256_fifo_w256_d4_D_ram' [d:/hlstrack/hlstrack2025-master/security/L1/tests/hmac/sha256/hmac_sha256_test.prj/solution1/impl/verilog/project.gen/sources_1/bd/bd_0/ipshared/a53c/hdl/verilog/test_hmac_sha256_fifo_w256_d4_D.v:202]
INFO: [Synth 8-6155] done synthesizing module 'test_hmac_sha256_fifo_w256_d4_D_ram' (0#1) [d:/hlstrack/hlstrack2025-master/security/L1/tests/hmac/sha256/hmac_sha256_test.prj/solution1/impl/verilog/project.gen/sources_1/bd/bd_0/ipshared/a53c/hdl/verilog/test_hmac_sha256_fifo_w256_d4_D.v:202]
INFO: [Synth 8-6155] done synthesizing module 'test_hmac_sha256_fifo_w256_d4_D' (0#1) [d:/hlstrack/hlstrack2025-master/security/L1/tests/hmac/sha256/hmac_sha256_test.prj/solution1/impl/verilog/project.gen/sources_1/bd/bd_0/ipshared/a53c/hdl/verilog/test_hmac_sha256_fifo_w256_d4_D.v:11]
INFO: [Synth 8-6157] synthesizing module 'test_hmac_sha256_start_for_msgHash_32_64_256_32_64_sha256_wrapper_U0' [d:/hlstrack/hlstrack2025-master/security/L1/tests/hmac/sha256/hmac_sha256_test.prj/solution1/impl/verilog/project.gen/sources_1/bd/bd_0/ipshared/a53c/hdl/verilog/test_hmac_sha256_start_for_msgHash_32_64_256_32_64_sha256_wrapper_U0.v:11]
INFO: [Synth 8-6157] synthesizing module 'test_hmac_sha256_start_for_msgHash_32_64_256_32_64_sha256_wrapper_U0_ShiftReg' [d:/hlstrack/hlstrack2025-master/security/L1/tests/hmac/sha256/hmac_sha256_test.prj/solution1/impl/verilog/project.gen/sources_1/bd/bd_0/ipshared/a53c/hdl/verilog/test_hmac_sha256_start_for_msgHash_32_64_256_32_64_sha256_wrapper_U0.v:125]
INFO: [Synth 8-6155] done synthesizing module 'test_hmac_sha256_start_for_msgHash_32_64_256_32_64_sha256_wrapper_U0_ShiftReg' (0#1) [d:/hlstrack/hlstrack2025-master/security/L1/tests/hmac/sha256/hmac_sha256_test.prj/solution1/impl/verilog/project.gen/sources_1/bd/bd_0/ipshared/a53c/hdl/verilog/test_hmac_sha256_start_for_msgHash_32_64_256_32_64_sha256_wrapper_U0.v:125]
INFO: [Synth 8-6155] done synthesizing module 'test_hmac_sha256_start_for_msgHash_32_64_256_32_64_sha256_wrapper_U0' (0#1) [d:/hlstrack/hlstrack2025-master/security/L1/tests/hmac/sha256/hmac_sha256_test.prj/solution1/impl/verilog/project.gen/sources_1/bd/bd_0/ipshared/a53c/hdl/verilog/test_hmac_sha256_start_for_msgHash_32_64_256_32_64_sha256_wrapper_U0.v:11]
INFO: [Synth 8-6157] synthesizing module 'test_hmac_sha256_start_for_resHash_32_64_256_32_64_sha256_wrapper_U0' [d:/hlstrack/hlstrack2025-master/security/L1/tests/hmac/sha256/hmac_sha256_test.prj/solution1/impl/verilog/project.gen/sources_1/bd/bd_0/ipshared/a53c/hdl/verilog/test_hmac_sha256_start_for_resHash_32_64_256_32_64_sha256_wrapper_U0.v:11]
INFO: [Synth 8-6157] synthesizing module 'test_hmac_sha256_start_for_resHash_32_64_256_32_64_sha256_wrapper_U0_ShiftReg' [d:/hlstrack/hlstrack2025-master/security/L1/tests/hmac/sha256/hmac_sha256_test.prj/solution1/impl/verilog/project.gen/sources_1/bd/bd_0/ipshared/a53c/hdl/verilog/test_hmac_sha256_start_for_resHash_32_64_256_32_64_sha256_wrapper_U0.v:125]
INFO: [Synth 8-6155] done synthesizing module 'test_hmac_sha256_start_for_resHash_32_64_256_32_64_sha256_wrapper_U0_ShiftReg' (0#1) [d:/hlstrack/hlstrack2025-master/security/L1/tests/hmac/sha256/hmac_sha256_test.prj/solution1/impl/verilog/project.gen/sources_1/bd/bd_0/ipshared/a53c/hdl/verilog/test_hmac_sha256_start_for_resHash_32_64_256_32_64_sha256_wrapper_U0.v:125]
INFO: [Synth 8-6155] done synthesizing module 'test_hmac_sha256_start_for_resHash_32_64_256_32_64_sha256_wrapper_U0' (0#1) [d:/hlstrack/hlstrack2025-master/security/L1/tests/hmac/sha256/hmac_sha256_test.prj/solution1/impl/verilog/project.gen/sources_1/bd/bd_0/ipshared/a53c/hdl/verilog/test_hmac_sha256_start_for_resHash_32_64_256_32_64_sha256_wrapper_U0.v:11]
INFO: [Synth 8-6155] done synthesizing module 'test_hmac_sha256_hmacDataflow_32_64_256_32_64_sha256_wrapper_s' (0#1) [d:/hlstrack/hlstrack2025-master/security/L1/tests/hmac/sha256/hmac_sha256_test.prj/solution1/impl/verilog/project.gen/sources_1/bd/bd_0/ipshared/a53c/hdl/verilog/test_hmac_sha256_hmacDataflow_32_64_256_32_64_sha256_wrapper_s.v:9]
INFO: [Synth 8-6155] done synthesizing module 'test_hmac_sha256' (0#1) [d:/hlstrack/hlstrack2025-master/security/L1/tests/hmac/sha256/hmac_sha256_test.prj/solution1/impl/verilog/project.gen/sources_1/bd/bd_0/ipshared/a53c/hdl/verilog/test_hmac_sha256.v:9]
INFO: [Synth 8-6155] done synthesizing module 'bd_0_hls_inst_0' (0#1) [d:/hlstrack/hlstrack2025-master/security/L1/tests/hmac/sha256/hmac_sha256_test.prj/solution1/impl/verilog/project.gen/sources_1/bd/bd_0/ip/bd_0_hls_inst_0/synth/bd_0_hls_inst_0.v:53]
INFO: [Synth 8-4490] FSM extraction disabled for register 'ap_CS_fsm_reg' through user attribute
INFO: [Synth 8-4490] FSM extraction disabled for register 'ap_CS_fsm_reg' through user attribute
INFO: [Synth 8-4490] FSM extraction disabled for register 'ap_CS_fsm_reg' through user attribute
INFO: [Synth 8-4490] FSM extraction disabled for register 'ap_CS_fsm_reg' through user attribute
INFO: [Synth 8-4490] FSM extraction disabled for register 'ap_CS_fsm_reg' through user attribute
INFO: [Synth 8-4490] FSM extraction disabled for register 'ap_CS_fsm_reg' through user attribute
INFO: [Synth 8-4490] FSM extraction disabled for register 'ap_CS_fsm_reg' through user attribute
INFO: [Synth 8-4490] FSM extraction disabled for register 'ap_CS_fsm_reg' through user attribute
INFO: [Synth 8-4490] FSM extraction disabled for register 'ap_CS_fsm_reg' through user attribute
INFO: [Synth 8-4490] FSM extraction disabled for register 'ap_CS_fsm_reg' through user attribute
INFO: [Synth 8-4490] FSM extraction disabled for register 'ap_CS_fsm_reg' through user attribute
WARNING: [Synth 8-7129] Port w_strm_num_data_valid[5] in module test_hmac_sha256_sha256Digest_256_Pipeline_LOOP_SHA256_UPDATE_64_ROUNDS is either unconnected or has no load
WARNING: [Synth 8-7129] Port w_strm_num_data_valid[4] in module test_hmac_sha256_sha256Digest_256_Pipeline_LOOP_SHA256_UPDATE_64_ROUNDS is either unconnected or has no load
WARNING: [Synth 8-7129] Port w_strm_num_data_valid[3] in module test_hmac_sha256_sha256Digest_256_Pipeline_LOOP_SHA256_UPDATE_64_ROUNDS is either unconnected or has no load
WARNING: [Synth 8-7129] Port w_strm_num_data_valid[2] in module test_hmac_sha256_sha256Digest_256_Pipeline_LOOP_SHA256_UPDATE_64_ROUNDS is either unconnected or has no load
WARNING: [Synth 8-7129] Port w_strm_num_data_valid[1] in module test_hmac_sha256_sha256Digest_256_Pipeline_LOOP_SHA256_UPDATE_64_ROUNDS is either unconnected or has no load
WARNING: [Synth 8-7129] Port w_strm_num_data_valid[0] in module test_hmac_sha256_sha256Digest_256_Pipeline_LOOP_SHA256_UPDATE_64_ROUNDS is either unconnected or has no load
WARNING: [Synth 8-7129] Port w_strm_fifo_cap[5] in module test_hmac_sha256_sha256Digest_256_Pipeline_LOOP_SHA256_UPDATE_64_ROUNDS is either unconnected or has no load
WARNING: [Synth 8-7129] Port w_strm_fifo_cap[4] in module test_hmac_sha256_sha256Digest_256_Pipeline_LOOP_SHA256_UPDATE_64_ROUNDS is either unconnected or has no load
WARNING: [Synth 8-7129] Port w_strm_fifo_cap[3] in module test_hmac_sha256_sha256Digest_256_Pipeline_LOOP_SHA256_UPDATE_64_ROUNDS is either unconnected or has no load
WARNING: [Synth 8-7129] Port w_strm_fifo_cap[2] in module test_hmac_sha256_sha256Digest_256_Pipeline_LOOP_SHA256_UPDATE_64_ROUNDS is either unconnected or has no load
WARNING: [Synth 8-7129] Port w_strm_fifo_cap[1] in module test_hmac_sha256_sha256Digest_256_Pipeline_LOOP_SHA256_UPDATE_64_ROUNDS is either unconnected or has no load
WARNING: [Synth 8-7129] Port w_strm_fifo_cap[0] in module test_hmac_sha256_sha256Digest_256_Pipeline_LOOP_SHA256_UPDATE_64_ROUNDS is either unconnected or has no load
WARNING: [Synth 8-7129] Port nblk_strm2_num_data_valid[5] in module test_hmac_sha256_sha256Digest_256_s is either unconnected or has no load
WARNING: [Synth 8-7129] Port nblk_strm2_num_data_valid[4] in module test_hmac_sha256_sha256Digest_256_s is either unconnected or has no load
WARNING: [Synth 8-7129] Port nblk_strm2_num_data_valid[3] in module test_hmac_sha256_sha256Digest_256_s is either unconnected or has no load
WARNING: [Synth 8-7129] Port nblk_strm2_num_data_valid[2] in module test_hmac_sha256_sha256Digest_256_s is either unconnected or has no load
WARNING: [Synth 8-7129] Port nblk_strm2_num_data_valid[1] in module test_hmac_sha256_sha256Digest_256_s is either unconnected or has no load
WARNING: [Synth 8-7129] Port nblk_strm2_num_data_valid[0] in module test_hmac_sha256_sha256Digest_256_s is either unconnected or has no load
WARNING: [Synth 8-7129] Port nblk_strm2_fifo_cap[5] in module test_hmac_sha256_sha256Digest_256_s is either unconnected or has no load
WARNING: [Synth 8-7129] Port nblk_strm2_fifo_cap[4] in module test_hmac_sha256_sha256Digest_256_s is either unconnected or has no load
WARNING: [Synth 8-7129] Port nblk_strm2_fifo_cap[3] in module test_hmac_sha256_sha256Digest_256_s is either unconnected or has no load
WARNING: [Synth 8-7129] Port nblk_strm2_fifo_cap[2] in module test_hmac_sha256_sha256Digest_256_s is either unconnected or has no load
WARNING: [Synth 8-7129] Port nblk_strm2_fifo_cap[1] in module test_hmac_sha256_sha256Digest_256_s is either unconnected or has no load
WARNING: [Synth 8-7129] Port nblk_strm2_fifo_cap[0] in module test_hmac_sha256_sha256Digest_256_s is either unconnected or has no load
WARNING: [Synth 8-7129] Port end_nblk_strm2_num_data_valid[5] in module test_hmac_sha256_sha256Digest_256_s is either unconnected or has no load
WARNING: [Synth 8-7129] Port end_nblk_strm2_num_data_valid[4] in module test_hmac_sha256_sha256Digest_256_s is either unconnected or has no load
WARNING: [Synth 8-7129] Port end_nblk_strm2_num_data_valid[3] in module test_hmac_sha256_sha256Digest_256_s is either unconnected or has no load
WARNING: [Synth 8-7129] Port end_nblk_strm2_num_data_valid[2] in module test_hmac_sha256_sha256Digest_256_s is either unconnected or has no load
WARNING: [Synth 8-7129] Port end_nblk_strm2_num_data_valid[1] in module test_hmac_sha256_sha256Digest_256_s is either unconnected or has no load
WARNING: [Synth 8-7129] Port end_nblk_strm2_num_data_valid[0] in module test_hmac_sha256_sha256Digest_256_s is either unconnected or has no load
WARNING: [Synth 8-7129] Port end_nblk_strm2_fifo_cap[5] in module test_hmac_sha256_sha256Digest_256_s is either unconnected or has no load
WARNING: [Synth 8-7129] Port end_nblk_strm2_fifo_cap[4] in module test_hmac_sha256_sha256Digest_256_s is either unconnected or has no load
WARNING: [Synth 8-7129] Port end_nblk_strm2_fifo_cap[3] in module test_hmac_sha256_sha256Digest_256_s is either unconnected or has no load
WARNING: [Synth 8-7129] Port end_nblk_strm2_fifo_cap[2] in module test_hmac_sha256_sha256Digest_256_s is either unconnected or has no load
WARNING: [Synth 8-7129] Port end_nblk_strm2_fifo_cap[1] in module test_hmac_sha256_sha256Digest_256_s is either unconnected or has no load
WARNING: [Synth 8-7129] Port end_nblk_strm2_fifo_cap[0] in module test_hmac_sha256_sha256Digest_256_s is either unconnected or has no load
WARNING: [Synth 8-7129] Port w_strm_num_data_valid[5] in module test_hmac_sha256_sha256Digest_256_s is either unconnected or has no load
WARNING: [Synth 8-7129] Port w_strm_num_data_valid[4] in module test_hmac_sha256_sha256Digest_256_s is either unconnected or has no load
WARNING: [Synth 8-7129] Port w_strm_num_data_valid[3] in module test_hmac_sha256_sha256Digest_256_s is either unconnected or has no load
WARNING: [Synth 8-7129] Port w_strm_num_data_valid[2] in module test_hmac_sha256_sha256Digest_256_s is either unconnected or has no load
WARNING: [Synth 8-7129] Port w_strm_num_data_valid[1] in module test_hmac_sha256_sha256Digest_256_s is either unconnected or has no load
WARNING: [Synth 8-7129] Port w_strm_num_data_valid[0] in module test_hmac_sha256_sha256Digest_256_s is either unconnected or has no load
WARNING: [Synth 8-7129] Port w_strm_fifo_cap[5] in module test_hmac_sha256_sha256Digest_256_s is either unconnected or has no load
WARNING: [Synth 8-7129] Port w_strm_fifo_cap[4] in module test_hmac_sha256_sha256Digest_256_s is either unconnected or has no load
WARNING: [Synth 8-7129] Port w_strm_fifo_cap[3] in module test_hmac_sha256_sha256Digest_256_s is either unconnected or has no load
WARNING: [Synth 8-7129] Port w_strm_fifo_cap[2] in module test_hmac_sha256_sha256Digest_256_s is either unconnected or has no load
WARNING: [Synth 8-7129] Port w_strm_fifo_cap[1] in module test_hmac_sha256_sha256Digest_256_s is either unconnected or has no load
WARNING: [Synth 8-7129] Port w_strm_fifo_cap[0] in module test_hmac_sha256_sha256Digest_256_s is either unconnected or has no load
WARNING: [Synth 8-7129] Port msgHashStrm_num_data_valid[2] in module test_hmac_sha256_sha256Digest_256_s is either unconnected or has no load
WARNING: [Synth 8-7129] Port msgHashStrm_num_data_valid[1] in module test_hmac_sha256_sha256Digest_256_s is either unconnected or has no load
WARNING: [Synth 8-7129] Port msgHashStrm_num_data_valid[0] in module test_hmac_sha256_sha256Digest_256_s is either unconnected or has no load
WARNING: [Synth 8-7129] Port msgHashStrm_fifo_cap[2] in module test_hmac_sha256_sha256Digest_256_s is either unconnected or has no load
WARNING: [Synth 8-7129] Port msgHashStrm_fifo_cap[1] in module test_hmac_sha256_sha256Digest_256_s is either unconnected or has no load
WARNING: [Synth 8-7129] Port msgHashStrm_fifo_cap[0] in module test_hmac_sha256_sha256Digest_256_s is either unconnected or has no load
WARNING: [Synth 8-7129] Port eMsgHashStrm_num_data_valid[2] in module test_hmac_sha256_sha256Digest_256_s is either unconnected or has no load
WARNING: [Synth 8-7129] Port eMsgHashStrm_num_data_valid[1] in module test_hmac_sha256_sha256Digest_256_s is either unconnected or has no load
WARNING: [Synth 8-7129] Port eMsgHashStrm_num_data_valid[0] in module test_hmac_sha256_sha256Digest_256_s is either unconnected or has no load
WARNING: [Synth 8-7129] Port eMsgHashStrm_fifo_cap[2] in module test_hmac_sha256_sha256Digest_256_s is either unconnected or has no load
WARNING: [Synth 8-7129] Port eMsgHashStrm_fifo_cap[1] in module test_hmac_sha256_sha256Digest_256_s is either unconnected or has no load
WARNING: [Synth 8-7129] Port eMsgHashStrm_fifo_cap[0] in module test_hmac_sha256_sha256Digest_256_s is either unconnected or has no load
WARNING: [Synth 8-7129] Port w_strm_num_data_valid[31] in module test_hmac_sha256_generateMsgSchedule_Pipeline_LOOP_SHA256_PREPARE_WT64 is either unconnected or has no load
WARNING: [Synth 8-7129] Port w_strm_num_data_valid[30] in module test_hmac_sha256_generateMsgSchedule_Pipeline_LOOP_SHA256_PREPARE_WT64 is either unconnected or has no load
WARNING: [Synth 8-7129] Port w_strm_num_data_valid[29] in module test_hmac_sha256_generateMsgSchedule_Pipeline_LOOP_SHA256_PREPARE_WT64 is either unconnected or has no load
WARNING: [Synth 8-7129] Port w_strm_num_data_valid[28] in module test_hmac_sha256_generateMsgSchedule_Pipeline_LOOP_SHA256_PREPARE_WT64 is either unconnected or has no load
WARNING: [Synth 8-7129] Port w_strm_num_data_valid[27] in module test_hmac_sha256_generateMsgSchedule_Pipeline_LOOP_SHA256_PREPARE_WT64 is either unconnected or has no load
WARNING: [Synth 8-7129] Port w_strm_num_data_valid[26] in module test_hmac_sha256_generateMsgSchedule_Pipeline_LOOP_SHA256_PREPARE_WT64 is either unconnected or has no load
WARNING: [Synth 8-7129] Port w_strm_num_data_valid[25] in module test_hmac_sha256_generateMsgSchedule_Pipeline_LOOP_SHA256_PREPARE_WT64 is either unconnected or has no load
WARNING: [Synth 8-7129] Port w_strm_num_data_valid[24] in module test_hmac_sha256_generateMsgSchedule_Pipeline_LOOP_SHA256_PREPARE_WT64 is either unconnected or has no load
WARNING: [Synth 8-7129] Port w_strm_num_data_valid[23] in module test_hmac_sha256_generateMsgSchedule_Pipeline_LOOP_SHA256_PREPARE_WT64 is either unconnected or has no load
WARNING: [Synth 8-7129] Port w_strm_num_data_valid[22] in module test_hmac_sha256_generateMsgSchedule_Pipeline_LOOP_SHA256_PREPARE_WT64 is either unconnected or has no load
WARNING: [Synth 8-7129] Port w_strm_num_data_valid[21] in module test_hmac_sha256_generateMsgSchedule_Pipeline_LOOP_SHA256_PREPARE_WT64 is either unconnected or has no load
WARNING: [Synth 8-7129] Port w_strm_num_data_valid[20] in module test_hmac_sha256_generateMsgSchedule_Pipeline_LOOP_SHA256_PREPARE_WT64 is either unconnected or has no load
WARNING: [Synth 8-7129] Port w_strm_num_data_valid[19] in module test_hmac_sha256_generateMsgSchedule_Pipeline_LOOP_SHA256_PREPARE_WT64 is either unconnected or has no load
WARNING: [Synth 8-7129] Port w_strm_num_data_valid[18] in module test_hmac_sha256_generateMsgSchedule_Pipeline_LOOP_SHA256_PREPARE_WT64 is either unconnected or has no load
WARNING: [Synth 8-7129] Port w_strm_num_data_valid[17] in module test_hmac_sha256_generateMsgSchedule_Pipeline_LOOP_SHA256_PREPARE_WT64 is either unconnected or has no load
WARNING: [Synth 8-7129] Port w_strm_num_data_valid[16] in module test_hmac_sha256_generateMsgSchedule_Pipeline_LOOP_SHA256_PREPARE_WT64 is either unconnected or has no load
WARNING: [Synth 8-7129] Port w_strm_num_data_valid[15] in module test_hmac_sha256_generateMsgSchedule_Pipeline_LOOP_SHA256_PREPARE_WT64 is either unconnected or has no load
WARNING: [Synth 8-7129] Port w_strm_num_data_valid[14] in module test_hmac_sha256_generateMsgSchedule_Pipeline_LOOP_SHA256_PREPARE_WT64 is either unconnected or has no load
WARNING: [Synth 8-7129] Port w_strm_num_data_valid[13] in module test_hmac_sha256_generateMsgSchedule_Pipeline_LOOP_SHA256_PREPARE_WT64 is either unconnected or has no load
WARNING: [Synth 8-7129] Port w_strm_num_data_valid[12] in module test_hmac_sha256_generateMsgSchedule_Pipeline_LOOP_SHA256_PREPARE_WT64 is either unconnected or has no load
WARNING: [Synth 8-7129] Port w_strm_num_data_valid[11] in module test_hmac_sha256_generateMsgSchedule_Pipeline_LOOP_SHA256_PREPARE_WT64 is either unconnected or has no load
WARNING: [Synth 8-7129] Port w_strm_num_data_valid[10] in module test_hmac_sha256_generateMsgSchedule_Pipeline_LOOP_SHA256_PREPARE_WT64 is either unconnected or has no load
WARNING: [Synth 8-7129] Port w_strm_num_data_valid[9] in module test_hmac_sha256_generateMsgSchedule_Pipeline_LOOP_SHA256_PREPARE_WT64 is either unconnected or has no load
WARNING: [Synth 8-7129] Port w_strm_num_data_valid[8] in module test_hmac_sha256_generateMsgSchedule_Pipeline_LOOP_SHA256_PREPARE_WT64 is either unconnected or has no load
WARNING: [Synth 8-7129] Port w_strm_num_data_valid[7] in module test_hmac_sha256_generateMsgSchedule_Pipeline_LOOP_SHA256_PREPARE_WT64 is either unconnected or has no load
WARNING: [Synth 8-7129] Port w_strm_num_data_valid[6] in module test_hmac_sha256_generateMsgSchedule_Pipeline_LOOP_SHA256_PREPARE_WT64 is either unconnected or has no load
WARNING: [Synth 8-7129] Port w_strm_num_data_valid[5] in module test_hmac_sha256_generateMsgSchedule_Pipeline_LOOP_SHA256_PREPARE_WT64 is either unconnected or has no load
WARNING: [Synth 8-7129] Port w_strm_num_data_valid[4] in module test_hmac_sha256_generateMsgSchedule_Pipeline_LOOP_SHA256_PREPARE_WT64 is either unconnected or has no load
WARNING: [Synth 8-7129] Port w_strm_num_data_valid[3] in module test_hmac_sha256_generateMsgSchedule_Pipeline_LOOP_SHA256_PREPARE_WT64 is either unconnected or has no load
WARNING: [Synth 8-7129] Port w_strm_num_data_valid[2] in module test_hmac_sha256_generateMsgSchedule_Pipeline_LOOP_SHA256_PREPARE_WT64 is either unconnected or has no load
WARNING: [Synth 8-7129] Port w_strm_num_data_valid[1] in module test_hmac_sha256_generateMsgSchedule_Pipeline_LOOP_SHA256_PREPARE_WT64 is either unconnected or has no load
WARNING: [Synth 8-7129] Port w_strm_num_data_valid[0] in module test_hmac_sha256_generateMsgSchedule_Pipeline_LOOP_SHA256_PREPARE_WT64 is either unconnected or has no load
WARNING: [Synth 8-7129] Port w_strm_fifo_cap[31] in module test_hmac_sha256_generateMsgSchedule_Pipeline_LOOP_SHA256_PREPARE_WT64 is either unconnected or has no load
WARNING: [Synth 8-7129] Port w_strm_fifo_cap[30] in module test_hmac_sha256_generateMsgSchedule_Pipeline_LOOP_SHA256_PREPARE_WT64 is either unconnected or has no load
WARNING: [Synth 8-7129] Port w_strm_fifo_cap[29] in module test_hmac_sha256_generateMsgSchedule_Pipeline_LOOP_SHA256_PREPARE_WT64 is either unconnected or has no load
WARNING: [Synth 8-7129] Port w_strm_fifo_cap[28] in module test_hmac_sha256_generateMsgSchedule_Pipeline_LOOP_SHA256_PREPARE_WT64 is either unconnected or has no load
WARNING: [Synth 8-7129] Port w_strm_fifo_cap[27] in module test_hmac_sha256_generateMsgSchedule_Pipeline_LOOP_SHA256_PREPARE_WT64 is either unconnected or has no load
WARNING: [Synth 8-7129] Port w_strm_fifo_cap[26] in module test_hmac_sha256_generateMsgSchedule_Pipeline_LOOP_SHA256_PREPARE_WT64 is either unconnected or has no load
WARNING: [Synth 8-7129] Port w_strm_fifo_cap[25] in module test_hmac_sha256_generateMsgSchedule_Pipeline_LOOP_SHA256_PREPARE_WT64 is either unconnected or has no load
WARNING: [Synth 8-7129] Port w_strm_fifo_cap[24] in module test_hmac_sha256_generateMsgSchedule_Pipeline_LOOP_SHA256_PREPARE_WT64 is either unconnected or has no load
INFO: [Common 17-14] Message 'Synth 8-7129' appears 100 times and further instances of the messages will be disabled. Use the Tcl command set_msg_config to change the current settings.
---------------------------------------------------------------------------------
Finished RTL Elaboration : Time (s): cpu = 00:00:13 ; elapsed = 00:00:15 . Memory (MB): peak = 1186.043 ; gain = 647.875
---------------------------------------------------------------------------------
---------------------------------------------------------------------------------
Start Handling Custom Attributes
---------------------------------------------------------------------------------
---------------------------------------------------------------------------------
Finished Handling Custom Attributes : Time (s): cpu = 00:00:13 ; elapsed = 00:00:15 . Memory (MB): peak = 1186.043 ; gain = 647.875
---------------------------------------------------------------------------------
---------------------------------------------------------------------------------
Finished RTL Optimization Phase 1 : Time (s): cpu = 00:00:13 ; elapsed = 00:00:15 . Memory (MB): peak = 1186.043 ; gain = 647.875
---------------------------------------------------------------------------------
Netlist sorting complete. Time (s): cpu = 00:00:01 ; elapsed = 00:00:00.580 . Memory (MB): peak = 1186.043 ; gain = 0.000
INFO: [Project 1-570] Preparing netlist for logic optimization

Processing XDC Constraints
Initializing timing engine
Parsing XDC File [d:/hlstrack/hlstrack2025-master/security/L1/tests/hmac/sha256/hmac_sha256_test.prj/solution1/impl/verilog/project.gen/sources_1/bd/bd_0/ip/bd_0_hls_inst_0/constraints/test_hmac_sha256_ooc.xdc] for cell 'inst'
Finished Parsing XDC File [d:/hlstrack/hlstrack2025-master/security/L1/tests/hmac/sha256/hmac_sha256_test.prj/solution1/impl/verilog/project.gen/sources_1/bd/bd_0/ip/bd_0_hls_inst_0/constraints/test_hmac_sha256_ooc.xdc] for cell 'inst'
Parsing XDC File [D:/hlstrack/hlstrack2025-master/security/L1/tests/hmac/sha256/hmac_sha256_test.prj/solution1/impl/verilog/project.runs/bd_0_hls_inst_0_synth_1/dont_touch.xdc]
Finished Parsing XDC File [D:/hlstrack/hlstrack2025-master/security/L1/tests/hmac/sha256/hmac_sha256_test.prj/solution1/impl/verilog/project.runs/bd_0_hls_inst_0_synth_1/dont_touch.xdc]
Completed Processing XDC Constraints

Netlist sorting complete. Time (s): cpu = 00:00:00 ; elapsed = 00:00:00.005 . Memory (MB): peak = 1277.863 ; gain = 0.000
INFO: [Project 1-111] Unisim Transformation Summary:
No Unisim elements were transformed.

Constraint Validation Runtime : Time (s): cpu = 00:00:01 ; elapsed = 00:00:00.506 . Memory (MB): peak = 1284.383 ; gain = 6.520
INFO: [Designutils 20-5008] Incremental synthesis strategy off
---------------------------------------------------------------------------------
Finished Constraint Validation : Time (s): cpu = 00:00:31 ; elapsed = 00:00:33 . Memory (MB): peak = 1284.383 ; gain = 746.215
---------------------------------------------------------------------------------
---------------------------------------------------------------------------------
Start Loading Part and Timing Information
---------------------------------------------------------------------------------
Loading part: xc7z020clg484-1
---------------------------------------------------------------------------------
Finished Loading Part and Timing Information : Time (s): cpu = 00:00:31 ; elapsed = 00:00:34 . Memory (MB): peak = 1284.383 ; gain = 746.215
---------------------------------------------------------------------------------
---------------------------------------------------------------------------------
Start Applying 'set_property' XDC Constraints
---------------------------------------------------------------------------------
Applied set_property KEEP_HIERARCHY = SOFT for inst. (constraint file  D:/hlstrack/hlstrack2025-master/security/L1/tests/hmac/sha256/hmac_sha256_test.prj/solution1/impl/verilog/project.runs/bd_0_hls_inst_0_synth_1/dont_touch.xdc, line 9).
---------------------------------------------------------------------------------
Finished applying 'set_property' XDC Constraints : Time (s): cpu = 00:00:31 ; elapsed = 00:00:34 . Memory (MB): peak = 1284.383 ; gain = 746.215
---------------------------------------------------------------------------------
INFO: [Synth 8-4490] FSM extraction disabled for register 'ap_CS_fsm_reg' through user attribute
INFO: [Synth 8-4490] FSM extraction disabled for register 'ap_CS_fsm_reg' through user attribute
INFO: [Synth 8-4490] FSM extraction disabled for register 'ap_CS_fsm_reg' through user attribute
INFO: [Synth 8-4490] FSM extraction disabled for register 'ap_CS_fsm_reg' through user attribute
INFO: [Synth 8-4490] FSM extraction disabled for register 'ap_CS_fsm_reg' through user attribute
INFO: [Synth 8-4490] FSM extraction disabled for register 'ap_CS_fsm_reg' through user attribute
WARNING: [Synth 8-3936] Found unconnected internal register 'len_reg_926_reg' and it is trimmed from '64' to '61' bits. [d:/hlstrack/hlstrack2025-master/security/L1/tests/hmac/sha256/hmac_sha256_test.prj/solution1/impl/verilog/project.gen/sources_1/bd/bd_0/ipshared/a53c/hdl/verilog/test_hmac_sha256_preProcessing.v:663]
INFO: [Synth 8-4490] FSM extraction disabled for register 'ap_CS_fsm_reg' through user attribute
INFO: [Synth 8-4490] FSM extraction disabled for register 'ap_CS_fsm_reg' through user attribute
INFO: [Synth 8-4490] FSM extraction disabled for register 'ap_CS_fsm_reg' through user attribute
INFO: [Synth 8-4490] FSM extraction disabled for register 'ap_CS_fsm_reg' through user attribute
INFO: [Synth 8-4490] FSM extraction disabled for register 'ap_CS_fsm_reg' through user attribute
INFO: [Synth 8-4490] FSM extraction disabled for register 'ap_CS_fsm_reg' through user attribute
INFO: [Synth 8-4490] FSM extraction disabled for register 'ap_CS_fsm_reg' through user attribute
INFO: [Synth 8-4490] FSM extraction disabled for register 'ap_CS_fsm_reg' through user attribute
INFO: [Synth 8-4490] FSM extraction disabled for register 'ap_CS_fsm_reg' through user attribute
INFO: [Synth 8-4490] FSM extraction disabled for register 'ap_CS_fsm_reg' through user attribute
INFO: [Synth 8-4490] FSM extraction disabled for register 'ap_CS_fsm_reg' through user attribute
INFO: [Synth 8-4490] FSM extraction disabled for register 'ap_CS_fsm_reg' through user attribute
INFO: [Synth 8-4490] FSM extraction disabled for register 'ap_CS_fsm_reg' through user attribute
INFO: [Synth 8-4490] FSM extraction disabled for register 'ap_CS_fsm_reg' through user attribute
INFO: [Synth 8-4490] FSM extraction disabled for register 'ap_CS_fsm_reg' through user attribute
INFO: [Synth 8-4490] FSM extraction disabled for register 'ap_CS_fsm_reg' through user attribute
---------------------------------------------------------------------------------
Finished RTL Optimization Phase 2 : Time (s): cpu = 00:00:34 ; elapsed = 00:00:37 . Memory (MB): peak = 1284.383 ; gain = 746.215
---------------------------------------------------------------------------------
---------------------------------------------------------------------------------
Start RTL Component Statistics 
---------------------------------------------------------------------------------
Detailed RTL Component Info : 
+---Adders : 
	   2 Input   68 Bit       Adders := 1     
	   2 Input   64 Bit       Adders := 5     
	   2 Input   59 Bit       Adders := 2     
	   4 Input   32 Bit       Adders := 2     
	   5 Input   32 Bit       Adders := 2     
	   3 Input   32 Bit       Adders := 4     
	   2 Input   32 Bit       Adders := 14    
	   2 Input    8 Bit       Adders := 2     
	   3 Input    8 Bit       Adders := 1     
	   2 Input    7 Bit       Adders := 6     
	   2 Input    6 Bit       Adders := 32    
	   3 Input    6 Bit       Adders := 16    
	   2 Input    5 Bit       Adders := 36    
	   2 Input    4 Bit       Adders := 4     
	   2 Input    3 Bit       Adders := 37    
	   3 Input    3 Bit       Adders := 11    
	   2 Input    2 Bit       Adders := 32    
	   2 Input    1 Bit       Adders := 6     
+---XORs : 
	   3 Input     32 Bit         XORs := 8     
	   2 Input     32 Bit         XORs := 8     
	   2 Input      8 Bit         XORs := 126   
+---Registers : 
	              512 Bit    Registers := 9     
	              256 Bit    Registers := 5     
	               64 Bit    Registers := 20    
	               63 Bit    Registers := 1     
	               61 Bit    Registers := 2     
	               58 Bit    Registers := 2     
	               32 Bit    Registers := 188   
	               29 Bit    Registers := 2     
	               25 Bit    Registers := 2     
	               23 Bit    Registers := 2     
	               16 Bit    Registers := 2     
	                8 Bit    Registers := 235   
	                7 Bit    Registers := 11    
	                6 Bit    Registers := 55    
	                5 Bit    Registers := 39    
	                4 Bit    Registers := 10    
	                3 Bit    Registers := 37    
	                2 Bit    Registers := 37    
	                1 Bit    Registers := 319   
+---RAMs : 
	               3K Bit	(127 X 32 bit)          RAMs := 1     
+---Muxes : 
	   2 Input  512 Bit        Muxes := 2     
	   2 Input  256 Bit        Muxes := 1     
	   3 Input   32 Bit        Muxes := 2     
	   2 Input   32 Bit        Muxes := 74    
	   2 Input   23 Bit        Muxes := 4     
	   2 Input   22 Bit        Muxes := 4     
	   2 Input   21 Bit        Muxes := 4     
	   2 Input   20 Bit        Muxes := 2     
	   2 Input   19 Bit        Muxes := 2     
	   2 Input   18 Bit        Muxes := 2     
	   2 Input   17 Bit        Muxes := 2     
	   2 Input   16 Bit        Muxes := 6     
	   2 Input   15 Bit        Muxes := 4     
	   2 Input   14 Bit        Muxes := 4     
	   2 Input   13 Bit        Muxes := 4     
	   2 Input   12 Bit        Muxes := 4     
	   2 Input   11 Bit        Muxes := 4     
	   2 Input   10 Bit        Muxes := 4     
	   2 Input    9 Bit        Muxes := 4     
	   2 Input    8 Bit        Muxes := 5     
	   3 Input    8 Bit        Muxes := 1     
	   2 Input    7 Bit        Muxes := 7     
	   2 Input    6 Bit        Muxes := 24    
	   3 Input    6 Bit        Muxes := 16    
	   2 Input    5 Bit        Muxes := 42    
	   2 Input    4 Bit        Muxes := 6     
	   3 Input    4 Bit        Muxes := 4     
	   3 Input    3 Bit        Muxes := 22    
	   2 Input    3 Bit        Muxes := 22    
	   2 Input    2 Bit        Muxes := 105   
	   4 Input    2 Bit        Muxes := 3     
	   2 Input    1 Bit        Muxes := 391   
	   5 Input    1 Bit        Muxes := 6     
	   6 Input    1 Bit        Muxes := 2     
---------------------------------------------------------------------------------
Finished RTL Component Statistics 
---------------------------------------------------------------------------------
---------------------------------------------------------------------------------
Start Part Resource Summary
---------------------------------------------------------------------------------
Part Resources:
DSPs: 220 (col length:60)
BRAMs: 280 (col length: RAMB18 60 RAMB36 30)
---------------------------------------------------------------------------------
Finished Part Resource Summary
---------------------------------------------------------------------------------
---------------------------------------------------------------------------------
Start Cross Boundary and Area Optimization
---------------------------------------------------------------------------------
WARNING: [Synth 8-7080] Parallel synthesis criteria is not met
---------------------------------------------------------------------------------
Finished Cross Boundary and Area Optimization : Time (s): cpu = 00:01:20 ; elapsed = 00:01:25 . Memory (MB): peak = 1381.844 ; gain = 843.676
---------------------------------------------------------------------------------
---------------------------------------------------------------------------------
Start ROM, RAM, DSP, Shift Register and Retiming Reporting
---------------------------------------------------------------------------------

Block RAM: Preliminary Mapping Report (see note below)
+------------+-----------------------------------------------------------------+------------------------+---+---+------------------------+---+---+------------------+--------+--------+
|Module Name | RTL Object                                                      | PORT A (Depth x Width) | W | R | PORT B (Depth x Width) | W | R | Ports driving FF | RAMB18 | RAMB36 | 
+------------+-----------------------------------------------------------------+------------------------+---+---+------------------------+---+---+------------------+--------+--------+
|inst        | mergeKipadStrm_U/U_test_hmac_sha256_fifo_w32_d128_B_ram/mem_reg | 127 x 32(READ_FIRST)   | W |   | 127 x 32(WRITE_FIRST)  |   | R | Port A and B     | 1      | 0      | 
+------------+-----------------------------------------------------------------+------------------------+---+---+------------------------+---+---+------------------+--------+--------+

Note: The table above is a preliminary report that shows the Block RAMs at the current stage of the synthesis flow. Some Block RAMs may be reimplemented as non Block RAM primitives later in the synthesis flow. Multiple instantiated Block RAMs are reported only once. 

Distributed RAM: Preliminary Mapping Report (see note below)
+-------------------------------------------------------+--------------------------------------------------------------------+----------------+----------------------+---------------+
|Module Name                                            | RTL Object                                                         | Inference      | Size (Depth x Width) | Primitives    | 
+-------------------------------------------------------+--------------------------------------------------------------------+----------------+----------------------+---------------+
|test_hmac_sha256_sha256_top_32_256_s:/blk_strm_U       | U_test_hmac_sha256_fifo_w512_d32_D_ram/mem_reg                     | User Attribute | 32 x 512             | RAM32M x 86   | 
|test_hmac_sha256_sha256_top_32_256_s:/nblk_strm_U      | U_test_hmac_sha256_fifo_w64_d32_D_ram/mem_reg                      | User Attribute | 32 x 64              | RAM32M x 11   | 
|test_hmac_sha256_sha256_top_32_256_s:/end_nblk_strm_U  | U_test_hmac_sha256_fifo_w1_d32_D_ram/mem_reg                       | User Attribute | 32 x 1               | RAM16X1D x 2  | 
|test_hmac_sha256_sha256_top_32_256_s:/nblk_strm1_U     | U_test_hmac_sha256_fifo_w64_d32_D_ram/mem_reg                      | User Attribute | 32 x 64              | RAM32M x 11   | 
|test_hmac_sha256_sha256_top_32_256_s:/end_nblk_strm1_U | U_test_hmac_sha256_fifo_w1_d32_D_ram/mem_reg                       | User Attribute | 32 x 1               | RAM16X1D x 2  | 
|test_hmac_sha256_sha256_top_32_256_s:/nblk_strm2_U     | U_test_hmac_sha256_fifo_w64_d32_D_ram/mem_reg                      | User Attribute | 32 x 64              | RAM32M x 11   | 
|test_hmac_sha256_sha256_top_32_256_s:/end_nblk_strm2_U | U_test_hmac_sha256_fifo_w1_d32_D_ram/mem_reg                       | User Attribute | 32 x 1               | RAM16X1D x 2  | 
|test_hmac_sha256_sha256_top_32_256_s:/w_strm_U         | U_test_hmac_sha256_fifo_w32_d32_D_ram/mem_reg                      | User Attribute | 32 x 32              | RAM32M x 6    | 
|inst                                                   | mergeKipadLenStrm_U/U_test_hmac_sha256_fifo_w64_d4_D_ram/mem_reg   | User Attribute | 4 x 64               | RAM32M x 11   | 
|inst                                                   | eMergeKipadLenStrm_U/U_test_hmac_sha256_fifo_w1_d4_D_ram/mem_reg   | User Attribute | 4 x 1                | RAM16X1D x 1  | 
|test_hmac_sha256_sha256_top_32_256_s:/blk_strm_U       | U_test_hmac_sha256_fifo_w512_d32_D_ram/mem_reg                     | User Attribute | 32 x 512             | RAM32M x 86   | 
|test_hmac_sha256_sha256_top_32_256_s:/nblk_strm_U      | U_test_hmac_sha256_fifo_w64_d32_D_ram/mem_reg                      | User Attribute | 32 x 64              | RAM32M x 11   | 
|test_hmac_sha256_sha256_top_32_256_s:/end_nblk_strm_U  | U_test_hmac_sha256_fifo_w1_d32_D_ram/mem_reg                       | User Attribute | 32 x 1               | RAM16X1D x 2  | 
|test_hmac_sha256_sha256_top_32_256_s:/nblk_strm1_U     | U_test_hmac_sha256_fifo_w64_d32_D_ram/mem_reg                      | User Attribute | 32 x 64              | RAM32M x 11   | 
|test_hmac_sha256_sha256_top_32_256_s:/end_nblk_strm1_U | U_test_hmac_sha256_fifo_w1_d32_D_ram/mem_reg                       | User Attribute | 32 x 1               | RAM16X1D x 2  | 
|test_hmac_sha256_sha256_top_32_256_s:/nblk_strm2_U     | U_test_hmac_sha256_fifo_w64_d32_D_ram/mem_reg                      | User Attribute | 32 x 64              | RAM32M x 11   | 
|test_hmac_sha256_sha256_top_32_256_s:/end_nblk_strm2_U | U_test_hmac_sha256_fifo_w1_d32_D_ram/mem_reg                       | User Attribute | 32 x 1               | RAM16X1D x 2  | 
|test_hmac_sha256_sha256_top_32_256_s:/w_strm_U         | U_test_hmac_sha256_fifo_w32_d32_D_ram/mem_reg                      | User Attribute | 32 x 32              | RAM32M x 6    | 
|inst                                                   | mergeKopadStrm_U/U_test_hmac_sha256_fifo_w32_d4_D_ram/mem_reg      | User Attribute | 4 x 32               | RAM32M x 6    | 
|inst                                                   | mergeKopadLenStrm_U/U_test_hmac_sha256_fifo_w64_d4_D_x_ram/mem_reg | User Attribute | 4 x 64               | RAM32M x 11   | 
|inst                                                   | eMergeKopadLenStrm_U/U_test_hmac_sha256_fifo_w1_d4_D_x_ram/mem_reg | User Attribute | 4 x 1                | RAM16X1D x 1  | 
|inst                                                   | kipadStrm_U/U_test_hmac_sha256_fifo_w512_d4_D_ram/mem_reg          | User Attribute | 4 x 512              | RAM32M x 86   | 
|inst                                                   | kopadStrm_U/U_test_hmac_sha256_fifo_w512_d4_D_ram/mem_reg          | User Attribute | 4 x 512              | RAM32M x 86   | 
|inst                                                   | eKipadStrm_U/U_test_hmac_sha256_fifo_w1_d4_D_x0_ram/mem_reg        | User Attribute | 4 x 1                | RAM16X1D x 1  | 
|inst                                                   | kopad2Strm_U/U_test_hmac_sha256_fifo_w512_d4_D_ram/mem_reg         | User Attribute | 4 x 512              | RAM32M x 86   | 
|inst                                                   | msgHashStrm_U/U_test_hmac_sha256_fifo_w256_d4_D_ram/mem_reg        | User Attribute | 4 x 256              | RAM32M x 43   | 
|inst                                                   | eMsgHashStrm_U/U_test_hmac_sha256_fifo_w1_d4_D_x0_ram/mem_reg      | User Attribute | 4 x 1                | RAM16X1D x 1  | 
+-------------------------------------------------------+--------------------------------------------------------------------+----------------+----------------------+---------------+

Note: The table above is a preliminary report that shows the Distributed RAMs at the current stage of the synthesis flow. Some Distributed RAMs may be reimplemented as non Distributed RAM primitives later in the synthesis flow. Multiple instantiated RAMs are reported only once.
---------------------------------------------------------------------------------
Finished ROM, RAM, DSP, Shift Register and Retiming Reporting
---------------------------------------------------------------------------------
---------------------------------------------------------------------------------
Start Applying XDC Timing Constraints
---------------------------------------------------------------------------------
---------------------------------------------------------------------------------
Finished Applying XDC Timing Constraints : Time (s): cpu = 00:01:29 ; elapsed = 00:01:35 . Memory (MB): peak = 1434.047 ; gain = 895.879
---------------------------------------------------------------------------------
---------------------------------------------------------------------------------
Start Timing Optimization
---------------------------------------------------------------------------------
---------------------------------------------------------------------------------
Finished Timing Optimization : Time (s): cpu = 00:01:37 ; elapsed = 00:01:43 . Memory (MB): peak = 1519.848 ; gain = 981.680
---------------------------------------------------------------------------------
---------------------------------------------------------------------------------
Start ROM, RAM, DSP, Shift Register and Retiming Reporting
---------------------------------------------------------------------------------

Block RAM: Final Mapping Report
+------------+-----------------------------------------------------------------+------------------------+---+---+------------------------+---+---+------------------+--------+--------+
|Module Name | RTL Object                                                      | PORT A (Depth x Width) | W | R | PORT B (Depth x Width) | W | R | Ports driving FF | RAMB18 | RAMB36 | 
+------------+-----------------------------------------------------------------+------------------------+---+---+------------------------+---+---+------------------+--------+--------+
|inst        | mergeKipadStrm_U/U_test_hmac_sha256_fifo_w32_d128_B_ram/mem_reg | 127 x 32(READ_FIRST)   | W |   | 127 x 32(WRITE_FIRST)  |   | R | Port A and B     | 1      | 0      | 
+------------+-----------------------------------------------------------------+------------------------+---+---+------------------------+---+---+------------------+--------+--------+


Distributed RAM: Final Mapping Report
+-------------------------------------------------------+--------------------------------------------------------------------+----------------+----------------------+---------------+
|Module Name                                            | RTL Object                                                         | Inference      | Size (Depth x Width) | Primitives    | 
+-------------------------------------------------------+--------------------------------------------------------------------+----------------+----------------------+---------------+
|test_hmac_sha256_sha256_top_32_256_s:/blk_strm_U       | U_test_hmac_sha256_fifo_w512_d32_D_ram/mem_reg                     | User Attribute | 32 x 512             | RAM32M x 86   | 
|test_hmac_sha256_sha256_top_32_256_s:/nblk_strm_U      | U_test_hmac_sha256_fifo_w64_d32_D_ram/mem_reg                      | User Attribute | 32 x 64              | RAM32M x 11   | 
|test_hmac_sha256_sha256_top_32_256_s:/end_nblk_strm_U  | U_test_hmac_sha256_fifo_w1_d32_D_ram/mem_reg                       | User Attribute | 32 x 1               | RAM16X1D x 2  | 
|test_hmac_sha256_sha256_top_32_256_s:/nblk_strm1_U     | U_test_hmac_sha256_fifo_w64_d32_D_ram/mem_reg                      | User Attribute | 32 x 64              | RAM32M x 11   | 
|test_hmac_sha256_sha256_top_32_256_s:/end_nblk_strm1_U | U_test_hmac_sha256_fifo_w1_d32_D_ram/mem_reg                       | User Attribute | 32 x 1               | RAM16X1D x 2  | 
|test_hmac_sha256_sha256_top_32_256_s:/nblk_strm2_U     | U_test_hmac_sha256_fifo_w64_d32_D_ram/mem_reg                      | User Attribute | 32 x 64              | RAM32M x 11   | 
|test_hmac_sha256_sha256_top_32_256_s:/end_nblk_strm2_U | U_test_hmac_sha256_fifo_w1_d32_D_ram/mem_reg                       | User Attribute | 32 x 1               | RAM16X1D x 2  | 
|test_hmac_sha256_sha256_top_32_256_s:/w_strm_U         | U_test_hmac_sha256_fifo_w32_d32_D_ram/mem_reg                      | User Attribute | 32 x 32              | RAM32M x 6    | 
|inst                                                   | mergeKipadLenStrm_U/U_test_hmac_sha256_fifo_w64_d4_D_ram/mem_reg   | User Attribute | 4 x 64               | RAM32M x 11   | 
|inst                                                   | eMergeKipadLenStrm_U/U_test_hmac_sha256_fifo_w1_d4_D_ram/mem_reg   | User Attribute | 4 x 1                | RAM16X1D x 1  | 
|test_hmac_sha256_sha256_top_32_256_s:/blk_strm_U       | U_test_hmac_sha256_fifo_w512_d32_D_ram/mem_reg                     | User Attribute | 32 x 512             | RAM32M x 86   | 
|test_hmac_sha256_sha256_top_32_256_s:/nblk_strm_U      | U_test_hmac_sha256_fifo_w64_d32_D_ram/mem_reg                      | User Attribute | 32 x 64              | RAM32M x 11   | 
|test_hmac_sha256_sha256_top_32_256_s:/end_nblk_strm_U  | U_test_hmac_sha256_fifo_w1_d32_D_ram/mem_reg                       | User Attribute | 32 x 1               | RAM16X1D x 2  | 
|test_hmac_sha256_sha256_top_32_256_s:/nblk_strm1_U     | U_test_hmac_sha256_fifo_w64_d32_D_ram/mem_reg                      | User Attribute | 32 x 64              | RAM32M x 11   | 
|test_hmac_sha256_sha256_top_32_256_s:/end_nblk_strm1_U | U_test_hmac_sha256_fifo_w1_d32_D_ram/mem_reg                       | User Attribute | 32 x 1               | RAM16X1D x 2  | 
|test_hmac_sha256_sha256_top_32_256_s:/nblk_strm2_U     | U_test_hmac_sha256_fifo_w64_d32_D_ram/mem_reg                      | User Attribute | 32 x 64              | RAM32M x 11   | 
|test_hmac_sha256_sha256_top_32_256_s:/end_nblk_strm2_U | U_test_hmac_sha256_fifo_w1_d32_D_ram/mem_reg                       | User Attribute | 32 x 1               | RAM16X1D x 2  | 
|test_hmac_sha256_sha256_top_32_256_s:/w_strm_U         | U_test_hmac_sha256_fifo_w32_d32_D_ram/mem_reg                      | User Attribute | 32 x 32              | RAM32M x 6    | 
|inst                                                   | mergeKopadStrm_U/U_test_hmac_sha256_fifo_w32_d4_D_ram/mem_reg      | User Attribute | 4 x 32               | RAM32M x 6    | 
|inst                                                   | mergeKopadLenStrm_U/U_test_hmac_sha256_fifo_w64_d4_D_x_ram/mem_reg | User Attribute | 4 x 64               | RAM32M x 11   | 
|inst                                                   | eMergeKopadLenStrm_U/U_test_hmac_sha256_fifo_w1_d4_D_x_ram/mem_reg | User Attribute | 4 x 1                | RAM16X1D x 1  | 
|inst                                                   | kipadStrm_U/U_test_hmac_sha256_fifo_w512_d4_D_ram/mem_reg          | User Attribute | 4 x 512              | RAM32M x 86   | 
|inst                                                   | kopadStrm_U/U_test_hmac_sha256_fifo_w512_d4_D_ram/mem_reg          | User Attribute | 4 x 512              | RAM32M x 86   | 
|inst                                                   | eKipadStrm_U/U_test_hmac_sha256_fifo_w1_d4_D_x0_ram/mem_reg        | User Attribute | 4 x 1                | RAM16X1D x 1  | 
|inst                                                   | kopad2Strm_U/U_test_hmac_sha256_fifo_w512_d4_D_ram/mem_reg         | User Attribute | 4 x 512              | RAM32M x 86   | 
|inst                                                   | msgHashStrm_U/U_test_hmac_sha256_fifo_w256_d4_D_ram/mem_reg        | User Attribute | 4 x 256              | RAM32M x 43   | 
|inst                                                   | eMsgHashStrm_U/U_test_hmac_sha256_fifo_w1_d4_D_x0_ram/mem_reg      | User Attribute | 4 x 1                | RAM16X1D x 1  | 
+-------------------------------------------------------+--------------------------------------------------------------------+----------------+----------------------+---------------+

---------------------------------------------------------------------------------
Finished ROM, RAM, DSP, Shift Register and Retiming Reporting
---------------------------------------------------------------------------------
---------------------------------------------------------------------------------
Start Technology Mapping
---------------------------------------------------------------------------------
INFO: [Synth 8-7052] The timing for the instance inst/grp_hmacDataflow_32_64_256_32_64_sha256_wrapper_s_fu_38/msgHash_32_64_256_32_64_sha256_wrapper_U0/mergeKipadStrm_U/U_test_hmac_sha256_fifo_w32_d128_B_ram/mem_reg (implemented as a Block RAM) might be sub-optimal as no optional output register could be merged into the ram block. Providing additional output register may help in improving timing.
---------------------------------------------------------------------------------
Finished Technology Mapping : Time (s): cpu = 00:01:47 ; elapsed = 00:01:53 . Memory (MB): peak = 1541.195 ; gain = 1003.027
---------------------------------------------------------------------------------
---------------------------------------------------------------------------------
Start IO Insertion
---------------------------------------------------------------------------------
---------------------------------------------------------------------------------
Start Flattening Before IO Insertion
---------------------------------------------------------------------------------
---------------------------------------------------------------------------------
Finished Flattening Before IO Insertion
---------------------------------------------------------------------------------
---------------------------------------------------------------------------------
Start Final Netlist Cleanup
---------------------------------------------------------------------------------
---------------------------------------------------------------------------------
Finished Final Netlist Cleanup
---------------------------------------------------------------------------------
---------------------------------------------------------------------------------
Finished IO Insertion : Time (s): cpu = 00:01:55 ; elapsed = 00:02:01 . Memory (MB): peak = 1694.703 ; gain = 1156.535
---------------------------------------------------------------------------------
---------------------------------------------------------------------------------
Start Renaming Generated Instances
---------------------------------------------------------------------------------
---------------------------------------------------------------------------------
Finished Renaming Generated Instances : Time (s): cpu = 00:01:55 ; elapsed = 00:02:01 . Memory (MB): peak = 1694.703 ; gain = 1156.535
---------------------------------------------------------------------------------
---------------------------------------------------------------------------------
Start Rebuilding User Hierarchy
---------------------------------------------------------------------------------
---------------------------------------------------------------------------------
Finished Rebuilding User Hierarchy : Time (s): cpu = 00:01:59 ; elapsed = 00:02:06 . Memory (MB): peak = 1695.707 ; gain = 1157.539
---------------------------------------------------------------------------------
---------------------------------------------------------------------------------
Start Renaming Generated Ports
---------------------------------------------------------------------------------
---------------------------------------------------------------------------------
Finished Renaming Generated Ports : Time (s): cpu = 00:01:59 ; elapsed = 00:02:06 . Memory (MB): peak = 1695.707 ; gain = 1157.539
---------------------------------------------------------------------------------
---------------------------------------------------------------------------------
Start Handling Custom Attributes
---------------------------------------------------------------------------------
---------------------------------------------------------------------------------
Finished Handling Custom Attributes : Time (s): cpu = 00:02:00 ; elapsed = 00:02:06 . Memory (MB): peak = 1720.543 ; gain = 1182.375
---------------------------------------------------------------------------------
---------------------------------------------------------------------------------
Start Renaming Generated Nets
---------------------------------------------------------------------------------
---------------------------------------------------------------------------------
Finished Renaming Generated Nets : Time (s): cpu = 00:02:00 ; elapsed = 00:02:06 . Memory (MB): peak = 1720.543 ; gain = 1182.375
---------------------------------------------------------------------------------
---------------------------------------------------------------------------------
Start ROM, RAM, DSP, Shift Register and Retiming Reporting
---------------------------------------------------------------------------------

Dynamic Shift Register Report:
+------------+----------------+--------+------------+--------+---------+--------+--------+--------+
|Module Name | RTL Name       | Length | Data Width | SRL16E | SRLC32E | Mux F7 | Mux F8 | Mux F9 | 
+------------+----------------+--------+------------+--------+---------+--------+--------+--------+
|dsrl        | SRL_SIG_reg[2] | 1      | 1          | 1      | 0       | 0      | 0      | 0      | 
|dsrl__1     | SRL_SIG_reg[2] | 1      | 1          | 1      | 0       | 0      | 0      | 0      | 
+------------+----------------+--------+------------+--------+---------+--------+--------+--------+

---------------------------------------------------------------------------------
Finished ROM, RAM, DSP, Shift Register and Retiming Reporting
---------------------------------------------------------------------------------
---------------------------------------------------------------------------------
Start Writing Synthesis Report
---------------------------------------------------------------------------------

Report BlackBoxes: 
+-+--------------+----------+
| |BlackBox name |Instances |
+-+--------------+----------+
+-+--------------+----------+

Report Cell Usage: 
+------+---------+------+
|      |Cell     |Count |
+------+---------+------+
|1     |CARRY4   |   409|
|2     |LUT1     |   248|
|3     |LUT2     |   727|
|4     |LUT3     |  1785|
|5     |LUT4     |  1737|
|6     |LUT5     |  1333|
|7     |LUT6     |  1638|
|8     |MUXF7    |   128|
|9     |MUXF8    |    64|
|10    |RAM16X1D |    16|
|11    |RAM32M   |   410|
|12    |RAM32X1D |    12|
|13    |RAMB18E1 |     1|
|14    |FDRE     | 13436|
|15    |FDSE     |   356|
+------+---------+------+
---------------------------------------------------------------------------------
Finished Writing Synthesis Report : Time (s): cpu = 00:02:00 ; elapsed = 00:02:06 . Memory (MB): peak = 1720.543 ; gain = 1182.375
---------------------------------------------------------------------------------
Synthesis finished with 0 errors, 0 critical warnings and 2 warnings.
Synthesis Optimization Runtime : Time (s): cpu = 00:01:38 ; elapsed = 00:01:58 . Memory (MB): peak = 1720.543 ; gain = 1084.035
Synthesis Optimization Complete : Time (s): cpu = 00:02:00 ; elapsed = 00:02:07 . Memory (MB): peak = 1720.543 ; gain = 1182.375
INFO: [Project 1-571] Translating synthesized netlist
Netlist sorting complete. Time (s): cpu = 00:00:00 ; elapsed = 00:00:00.538 . Memory (MB): peak = 1729.684 ; gain = 0.000
INFO: [Netlist 29-17] Analyzing 1040 Unisim elements for replacement
INFO: [Netlist 29-28] Unisim Transformation completed in 1 CPU seconds
INFO: [Project 1-570] Preparing netlist for logic optimization
INFO: [Opt 31-138] Pushed 0 inverter(s) to 0 load pin(s).
Netlist sorting complete. Time (s): cpu = 00:00:00 ; elapsed = 00:00:00.006 . Memory (MB): peak = 1734.387 ; gain = 0.000
INFO: [Project 1-111] Unisim Transformation Summary:
  A total of 438 instances were transformed.
  RAM16X1D => RAM32X1D (RAMD32(x2)): 16 instances
  RAM32M => RAM32M (RAMD32(x6), RAMS32(x2)): 410 instances
  RAM32X1D => RAM32X1D (RAMD32(x2)): 12 instances

Synth Design complete | Checksum: 3ac812de
INFO: [Common 17-83] Releasing license: Synthesis
194 Infos, 103 Warnings, 0 Critical Warnings and 0 Errors encountered.
synth_design completed successfully
synth_design: Time (s): cpu = 00:02:13 ; elapsed = 00:02:22 . Memory (MB): peak = 1734.387 ; gain = 1427.277
Write ShapeDB Complete: Time (s): cpu = 00:00:00 ; elapsed = 00:00:00.088 . Memory (MB): peak = 1734.387 ; gain = 0.000
INFO: [Common 17-1381] The checkpoint 'D:/hlstrack/hlstrack2025-master/security/L1/tests/hmac/sha256/hmac_sha256_test.prj/solution1/impl/verilog/project.runs/bd_0_hls_inst_0_synth_1/bd_0_hls_inst_0.dcp' has been generated.
INFO: [Coretcl 2-1648] Added synthesis output to IP cache for IP bd_0_hls_inst_0, cache-ID = 809fd85f40349372
INFO: [Coretcl 2-1174] Renamed 119 cell refs.
Write ShapeDB Complete: Time (s): cpu = 00:00:00 ; elapsed = 00:00:00.087 . Memory (MB): peak = 1734.387 ; gain = 0.000
INFO: [Common 17-1381] The checkpoint 'D:/hlstrack/hlstrack2025-master/security/L1/tests/hmac/sha256/hmac_sha256_test.prj/solution1/impl/verilog/project.runs/bd_0_hls_inst_0_synth_1/bd_0_hls_inst_0.dcp' has been generated.
INFO: [Vivado 12-24828] Executing command : report_utilization -file bd_0_hls_inst_0_utilization_synth.rpt -pb bd_0_hls_inst_0_utilization_synth.pb
INFO: [Common 17-206] Exiting Vivado at Tue Oct 21 20:24:19 2025...
