

================================================================
== Vitis HLS Report for 'dup_strm'
================================================================
* Date:           Tue Oct 21 20:18:57 2025

* Version:        2024.2 (Build 5238294 on Nov  8 2024)
* Project:        hmac_sha256_test.prj
* Solution:       solution1 (Vivado IP Flow Target)
* Product family: zynq
* Target device:  xc7z020-clg484-1


================================================================
== Performance Estimates
================================================================
+ Timing: 
    * Summary: 
    +--------+----------+----------+------------+
    |  Clock |  Target  | Estimated| Uncertainty|
    +--------+----------+----------+------------+
    |ap_clk  |  15.00 ns|  7.452 ns|     1.50 ns|
    +--------+----------+----------+------------+

+ Latency: 
    * Summary: 
    +---------+---------+-----------+-----------+-----+-----+---------+
    |  Latency (cycles) |   Latency (absolute)  |  Interval | Pipeline|
    |   min   |   max   |    min    |    max    | min | max |   Type  |
    +---------+---------+-----------+-----------+-----+-----+---------+
    |        6|        6|  90.000 ns|  90.000 ns|    6|    6|       no|
    +---------+---------+-----------+-----------+-----+-----+---------+

    + Detail: 
        * Instance: 
        +----------------------------------------------+------------------------------------+---------+---------+-----------+-----------+-----+-----+------------------------------------------------+
        |                                              |                                    |  Latency (cycles) |   Latency (absolute)  |  Interval |                    Pipeline                    |
        |                   Instance                   |               Module               |   min   |   max   |    min    |    max    | min | max |                      Type                      |
        +----------------------------------------------+------------------------------------+---------+---------+-----------+-----------+-----+-----+------------------------------------------------+
        |grp_dup_strm_Pipeline_VITIS_LOOP_506_1_fu_62  |dup_strm_Pipeline_VITIS_LOOP_506_1  |        3|        3|  45.000 ns|  45.000 ns|    2|    2|  loop auto-rewind stp (delay=0 clock cycles(s))|
        +----------------------------------------------+------------------------------------+---------+---------+-----------+-----------+-----+-----+------------------------------------------------+

        * Loop: 
        N/A

============================================================
+ Verbose Summary: Synthesis Manager
============================================================
InlineROM: 1
ExposeGlobal: 0
============================================================
+ Verbose Summary: CDFG Model
============================================================
IsTopModel: 0
ResetActiveHigh: 1
IsCombinational: 2
IsDatapathOnly: 0
HasWiredReturn: 1
HasMFsm: 0
HasVarLatency: 1
IsPipeline: 0
IsRtlPipelined: 0
IsInstanceOverlapped: 0
IsDontTouch: 0
HasImplIP: 0
IsGatedGlobalClock: 0


============================================================
+ Verbose Summary: Schedule
============================================================
* Number of FSM states : 4
* Pipeline : 0
* Dataflow Pipeline: 0

* FSM state transitions: 
1 --> 2 
2 --> 3 
3 --> 4 
4 --> 

* FSM state operations: 

State 1 <SV = 0> <Delay = 3.72>
ST_1 : Operation 5 [1/1] ( I:3.72ns O:3.72ns )   --->   "%e = read i1 @_ssdm_op_Read.ap_fifo.volatile.i1P0A, i1 %end_nblk_strm" [D:/hlstrack/hlstrack2025-master/security/L1/tests/hmac/sha256/../../../../L1/include\xf_security/sha224_256.hpp:504]   --->   Operation 5 'read' 'e' <Predicate = true> <Delay = 3.72> <CoreInst = "FIFO_LUTRAM">   --->   Core 79 'FIFO_LUTRAM' <Latency = 0> <II = 1> <Delay = 3.72> <Storage> <Opcode : 'read' 'write' 'nbread' 'nbwrite'> <Ports = 0> <Width = 1> <Depth = 32> <FIFO>

State 2 <SV = 1> <Delay = 3.72>
ST_2 : Operation 6 [1/1] (0.00ns)   --->   "%fence_ln506 = fence void @_ssdm_op_Fence, i1 %end_nblk_strm, i32 4294967295, i64 %nblk_strm, i64 %nblk_strm1, i1 %end_nblk_strm1, i64 %nblk_strm2, i1 %end_nblk_strm2, i1 %end_nblk_strm" [D:/hlstrack/hlstrack2025-master/security/L1/tests/hmac/sha256/../../../../L1/include\xf_security/sha224_256.hpp:506]   --->   Operation 6 'fence' 'fence_ln506' <Predicate = true> <Delay = 0.00>
ST_2 : Operation 7 [2/2] (3.72ns)   --->   "%call_ln504 = call void @dup_strm_Pipeline_VITIS_LOOP_506_1, i1 %e, i64 %nblk_strm, i64 %nblk_strm1, i1 %end_nblk_strm1, i64 %nblk_strm2, i1 %end_nblk_strm2, i1 %end_nblk_strm" [D:/hlstrack/hlstrack2025-master/security/L1/tests/hmac/sha256/../../../../L1/include\xf_security/sha224_256.hpp:504]   --->   Operation 7 'call' 'call_ln504' <Predicate = true> <Delay = 3.72> <CoreType = "Generic">   --->   Generic Core

State 3 <SV = 2> <Delay = 3.17>
ST_3 : Operation 8 [1/2] (3.17ns)   --->   "%call_ln504 = call void @dup_strm_Pipeline_VITIS_LOOP_506_1, i1 %e, i64 %nblk_strm, i64 %nblk_strm1, i1 %end_nblk_strm1, i64 %nblk_strm2, i1 %end_nblk_strm2, i1 %end_nblk_strm" [D:/hlstrack/hlstrack2025-master/security/L1/tests/hmac/sha256/../../../../L1/include\xf_security/sha224_256.hpp:504]   --->   Operation 8 'call' 'call_ln504' <Predicate = true> <Delay = 3.17> <CoreType = "Generic">   --->   Generic Core

State 4 <SV = 3> <Delay = 3.72>
ST_4 : Operation 9 [1/1] (0.00ns)   --->   "%specmemcore_ln0 = specmemcore void @_ssdm_op_SpecMemCore, i1 %end_nblk_strm2, i64 666, i64 9, i64 18446744073709551615"   --->   Operation 9 'specmemcore' 'specmemcore_ln0' <Predicate = true> <Delay = 0.00>
ST_4 : Operation 10 [1/1] (0.00ns)   --->   "%specmemcore_ln0 = specmemcore void @_ssdm_op_SpecMemCore, i1 %end_nblk_strm1, i64 666, i64 9, i64 18446744073709551615"   --->   Operation 10 'specmemcore' 'specmemcore_ln0' <Predicate = true> <Delay = 0.00>
ST_4 : Operation 11 [1/1] (0.00ns)   --->   "%specmemcore_ln0 = specmemcore void @_ssdm_op_SpecMemCore, i1 %end_nblk_strm, i64 666, i64 9, i64 18446744073709551615"   --->   Operation 11 'specmemcore' 'specmemcore_ln0' <Predicate = true> <Delay = 0.00>
ST_4 : Operation 12 [1/1] (0.00ns)   --->   "%specmemcore_ln0 = specmemcore void @_ssdm_op_SpecMemCore, i64 %nblk_strm2, i64 666, i64 9, i64 18446744073709551615"   --->   Operation 12 'specmemcore' 'specmemcore_ln0' <Predicate = true> <Delay = 0.00>
ST_4 : Operation 13 [1/1] (0.00ns)   --->   "%specmemcore_ln0 = specmemcore void @_ssdm_op_SpecMemCore, i64 %nblk_strm1, i64 666, i64 9, i64 18446744073709551615"   --->   Operation 13 'specmemcore' 'specmemcore_ln0' <Predicate = true> <Delay = 0.00>
ST_4 : Operation 14 [1/1] (0.00ns)   --->   "%specmemcore_ln0 = specmemcore void @_ssdm_op_SpecMemCore, i64 %nblk_strm, i64 666, i64 9, i64 18446744073709551615"   --->   Operation 14 'specmemcore' 'specmemcore_ln0' <Predicate = true> <Delay = 0.00>
ST_4 : Operation 15 [1/1] (0.00ns)   --->   "%specinterface_ln0 = specinterface void @_ssdm_op_SpecInterface, i1 %end_nblk_strm2, void @empty_3, i32 0, i32 0, void @empty_1, i32 0, i32 0, void @empty_1, void @empty_1, void @empty_1, i32 0, i32 0, i32 0, i32 0, void @empty_1, void @empty_1, i32 4294967295, i32 0, i32 0"   --->   Operation 15 'specinterface' 'specinterface_ln0' <Predicate = true> <Delay = 0.00>
ST_4 : Operation 16 [1/1] (0.00ns)   --->   "%specinterface_ln0 = specinterface void @_ssdm_op_SpecInterface, i1 %end_nblk_strm1, void @empty_3, i32 0, i32 0, void @empty_1, i32 0, i32 0, void @empty_1, void @empty_1, void @empty_1, i32 0, i32 0, i32 0, i32 0, void @empty_1, void @empty_1, i32 4294967295, i32 0, i32 0"   --->   Operation 16 'specinterface' 'specinterface_ln0' <Predicate = true> <Delay = 0.00>
ST_4 : Operation 17 [1/1] (0.00ns)   --->   "%specinterface_ln0 = specinterface void @_ssdm_op_SpecInterface, i1 %end_nblk_strm, void @empty_3, i32 0, i32 0, void @empty_1, i32 0, i32 0, void @empty_1, void @empty_1, void @empty_1, i32 0, i32 0, i32 0, i32 0, void @empty_1, void @empty_1, i32 4294967295, i32 0, i32 0"   --->   Operation 17 'specinterface' 'specinterface_ln0' <Predicate = true> <Delay = 0.00>
ST_4 : Operation 18 [1/1] (0.00ns)   --->   "%specinterface_ln0 = specinterface void @_ssdm_op_SpecInterface, i64 %nblk_strm2, void @empty_3, i32 0, i32 0, void @empty_1, i32 0, i32 0, void @empty_1, void @empty_1, void @empty_1, i32 0, i32 0, i32 0, i32 0, void @empty_1, void @empty_1, i32 4294967295, i32 0, i32 0"   --->   Operation 18 'specinterface' 'specinterface_ln0' <Predicate = true> <Delay = 0.00>
ST_4 : Operation 19 [1/1] (0.00ns)   --->   "%specinterface_ln0 = specinterface void @_ssdm_op_SpecInterface, i64 %nblk_strm1, void @empty_3, i32 0, i32 0, void @empty_1, i32 0, i32 0, void @empty_1, void @empty_1, void @empty_1, i32 0, i32 0, i32 0, i32 0, void @empty_1, void @empty_1, i32 4294967295, i32 0, i32 0"   --->   Operation 19 'specinterface' 'specinterface_ln0' <Predicate = true> <Delay = 0.00>
ST_4 : Operation 20 [1/1] (0.00ns)   --->   "%specinterface_ln0 = specinterface void @_ssdm_op_SpecInterface, i64 %nblk_strm, void @empty_3, i32 0, i32 0, void @empty_1, i32 0, i32 0, void @empty_1, void @empty_1, void @empty_1, i32 0, i32 0, i32 0, i32 0, void @empty_1, void @empty_1, i32 4294967295, i32 0, i32 0"   --->   Operation 20 'specinterface' 'specinterface_ln0' <Predicate = true> <Delay = 0.00>
ST_4 : Operation 21 [1/1] (0.00ns)   --->   "%fence_ln519 = fence void @_ssdm_op_Fence, i64 %nblk_strm, i64 %nblk_strm1, i1 %end_nblk_strm1, i64 %nblk_strm2, i1 %end_nblk_strm2, i1 %end_nblk_strm, i32 4294967295, i1 %end_nblk_strm1, i1 %end_nblk_strm2" [D:/hlstrack/hlstrack2025-master/security/L1/tests/hmac/sha256/../../../../L1/include\xf_security/sha224_256.hpp:519]   --->   Operation 21 'fence' 'fence_ln519' <Predicate = true> <Delay = 0.00>
ST_4 : Operation 22 [1/1] ( I:3.72ns O:3.72ns )   --->   "%write_ln519 = write void @_ssdm_op_Write.ap_fifo.volatile.i1P0A, i1 %end_nblk_strm1, i1 1" [D:/hlstrack/hlstrack2025-master/security/L1/tests/hmac/sha256/../../../../L1/include\xf_security/sha224_256.hpp:519]   --->   Operation 22 'write' 'write_ln519' <Predicate = true> <Delay = 3.72> <CoreInst = "FIFO_LUTRAM">   --->   Core 79 'FIFO_LUTRAM' <Latency = 0> <II = 1> <Delay = 3.72> <Storage> <Opcode : 'read' 'write' 'nbread' 'nbwrite'> <Ports = 0> <Width = 1> <Depth = 32> <FIFO>
ST_4 : Operation 23 [1/1] ( I:3.72ns O:3.72ns )   --->   "%write_ln520 = write void @_ssdm_op_Write.ap_fifo.volatile.i1P0A, i1 %end_nblk_strm2, i1 1" [D:/hlstrack/hlstrack2025-master/security/L1/tests/hmac/sha256/../../../../L1/include\xf_security/sha224_256.hpp:520]   --->   Operation 23 'write' 'write_ln520' <Predicate = true> <Delay = 3.72> <CoreInst = "FIFO_LUTRAM">   --->   Core 79 'FIFO_LUTRAM' <Latency = 0> <II = 1> <Delay = 3.72> <Storage> <Opcode : 'read' 'write' 'nbread' 'nbwrite'> <Ports = 0> <Width = 1> <Depth = 32> <FIFO>
ST_4 : Operation 24 [1/1] (0.00ns)   --->   "%ret_ln521 = ret" [D:/hlstrack/hlstrack2025-master/security/L1/tests/hmac/sha256/../../../../L1/include\xf_security/sha224_256.hpp:521]   --->   Operation 24 'ret' 'ret_ln521' <Predicate = true> <Delay = 0.00>


============================================================
+ Verbose Summary: Binding
============================================================
STG Binding: 
---------------- STG Properties BEGIN ----------------
- Is combinational: 0
- Is one-state seq: 0
- Is datapath-only: 0
- Is pipelined: 0
- Is top level: 0
Port [ Return ] is wired: 1; IO mode=ap_ctrl_hs:ce=0
Port [ nblk_strm]:  wired=1; compound=1; hidden=0; nouse=0; global=0; static=0; extern=0; dir=0; type=3; pingpong=0; private_global=0; IO mode=ap_fifo:ce=0
Port [ end_nblk_strm]:  wired=1; compound=1; hidden=0; nouse=0; global=0; static=0; extern=0; dir=0; type=3; pingpong=0; private_global=0; IO mode=ap_fifo:ce=0
Port [ nblk_strm1]:  wired=1; compound=1; hidden=0; nouse=0; global=0; static=0; extern=0; dir=1; type=3; pingpong=0; private_global=0; IO mode=ap_fifo:ce=0
Port [ end_nblk_strm1]:  wired=1; compound=1; hidden=0; nouse=0; global=0; static=0; extern=0; dir=1; type=3; pingpong=0; private_global=0; IO mode=ap_fifo:ce=0
Port [ nblk_strm2]:  wired=1; compound=1; hidden=0; nouse=0; global=0; static=0; extern=0; dir=1; type=3; pingpong=0; private_global=0; IO mode=ap_fifo:ce=0
Port [ end_nblk_strm2]:  wired=1; compound=1; hidden=0; nouse=0; global=0; static=0; extern=0; dir=1; type=3; pingpong=0; private_global=0; IO mode=ap_fifo:ce=0
---------------- STG Properties END ------------------

---------------- Datapath Model BEGIN ----------------

<LifeTime>
<method=bitvector/>
e                 (read         ) [ 00110]
fence_ln506       (fence        ) [ 00000]
call_ln504        (call         ) [ 00000]
specmemcore_ln0   (specmemcore  ) [ 00000]
specmemcore_ln0   (specmemcore  ) [ 00000]
specmemcore_ln0   (specmemcore  ) [ 00000]
specmemcore_ln0   (specmemcore  ) [ 00000]
specmemcore_ln0   (specmemcore  ) [ 00000]
specmemcore_ln0   (specmemcore  ) [ 00000]
specinterface_ln0 (specinterface) [ 00000]
specinterface_ln0 (specinterface) [ 00000]
specinterface_ln0 (specinterface) [ 00000]
specinterface_ln0 (specinterface) [ 00000]
specinterface_ln0 (specinterface) [ 00000]
specinterface_ln0 (specinterface) [ 00000]
fence_ln519       (fence        ) [ 00000]
write_ln519       (write        ) [ 00000]
write_ln520       (write        ) [ 00000]
ret_ln521         (ret          ) [ 00000]
</LifeTime>

<model>

<comp_list>
<comp id="0" class="1000" name="nblk_strm">
<pin_list>
<pin id="1" dir="1" index="0" bw="1" slack="0"/>
</pin_list>
<bind>
<StgValue><ssdm name="nblk_strm"/></StgValue>
</bind>
</comp>

<comp id="2" class="1000" name="end_nblk_strm">
<pin_list>
<pin id="3" dir="1" index="0" bw="1" slack="0"/>
</pin_list>
<bind>
<StgValue><ssdm name="end_nblk_strm"/></StgValue>
</bind>
</comp>

<comp id="4" class="1000" name="nblk_strm1">
<pin_list>
<pin id="5" dir="1" index="0" bw="1" slack="0"/>
</pin_list>
<bind>
<StgValue><ssdm name="nblk_strm1"/></StgValue>
</bind>
</comp>

<comp id="6" class="1000" name="end_nblk_strm1">
<pin_list>
<pin id="7" dir="1" index="0" bw="1" slack="0"/>
</pin_list>
<bind>
<StgValue><ssdm name="end_nblk_strm1"/></StgValue>
</bind>
</comp>

<comp id="8" class="1000" name="nblk_strm2">
<pin_list>
<pin id="9" dir="1" index="0" bw="1" slack="0"/>
</pin_list>
<bind>
<StgValue><ssdm name="nblk_strm2"/></StgValue>
</bind>
</comp>

<comp id="10" class="1000" name="end_nblk_strm2">
<pin_list>
<pin id="11" dir="1" index="0" bw="1" slack="0"/>
</pin_list>
<bind>
<StgValue><ssdm name="end_nblk_strm2"/></StgValue>
</bind>
</comp>

<comp id="12" class="1001" name="const_12">
<pin_list>
<pin id="13" dir="1" index="0" bw="1" slack="0"/>
</pin_list>
<bind>
<StgValue><ssdm name="_ssdm_op_Read.ap_fifo.volatile.i1P0A"/></StgValue>
</bind>
</comp>

<comp id="14" class="1001" name="const_14">
<pin_list>
<pin id="15" dir="1" index="0" bw="1" slack="0"/>
</pin_list>
<bind>
<StgValue><ssdm name="_ssdm_op_Fence"/></StgValue>
</bind>
</comp>

<comp id="16" class="1001" name="const_16">
<pin_list>
<pin id="17" dir="1" index="0" bw="1" slack="0"/>
</pin_list>
<bind>
<StgValue><ssdm name=""/></StgValue>
</bind>
</comp>

<comp id="18" class="1001" name="const_18">
<pin_list>
<pin id="19" dir="1" index="0" bw="1" slack="0"/>
</pin_list>
<bind>
<StgValue><ssdm name="dup_strm_Pipeline_VITIS_LOOP_506_1"/></StgValue>
</bind>
</comp>

<comp id="20" class="1001" name="const_20">
<pin_list>
<pin id="21" dir="1" index="0" bw="1" slack="2147483647"/>
</pin_list>
<bind>
<StgValue><ssdm name="_ssdm_op_SpecMemCore"/></StgValue>
</bind>
</comp>

<comp id="22" class="1001" name="const_22">
<pin_list>
<pin id="23" dir="1" index="0" bw="1" slack="2147483647"/>
</pin_list>
<bind>
<StgValue><ssdm name=""/></StgValue>
</bind>
</comp>

<comp id="24" class="1001" name="const_24">
<pin_list>
<pin id="25" dir="1" index="0" bw="1" slack="2147483647"/>
</pin_list>
<bind>
<StgValue><ssdm name=""/></StgValue>
</bind>
</comp>

<comp id="26" class="1001" name="const_26">
<pin_list>
<pin id="27" dir="1" index="0" bw="1" slack="2147483647"/>
</pin_list>
<bind>
<StgValue><ssdm name=""/></StgValue>
</bind>
</comp>

<comp id="28" class="1001" name="const_28">
<pin_list>
<pin id="29" dir="1" index="0" bw="1" slack="2147483647"/>
</pin_list>
<bind>
<StgValue><ssdm name="_ssdm_op_SpecInterface"/></StgValue>
</bind>
</comp>

<comp id="30" class="1001" name="const_30">
<pin_list>
<pin id="31" dir="1" index="0" bw="1" slack="2147483647"/>
</pin_list>
<bind>
<StgValue><ssdm name="empty_3"/></StgValue>
</bind>
</comp>

<comp id="32" class="1001" name="const_32">
<pin_list>
<pin id="33" dir="1" index="0" bw="1" slack="2147483647"/>
</pin_list>
<bind>
<StgValue><ssdm name=""/></StgValue>
</bind>
</comp>

<comp id="34" class="1001" name="const_34">
<pin_list>
<pin id="35" dir="1" index="0" bw="1" slack="2147483647"/>
</pin_list>
<bind>
<StgValue><ssdm name="empty_1"/></StgValue>
</bind>
</comp>

<comp id="36" class="1001" name="const_36">
<pin_list>
<pin id="37" dir="1" index="0" bw="1" slack="0"/>
</pin_list>
<bind>
<StgValue><ssdm name="_ssdm_op_Write.ap_fifo.volatile.i1P0A"/></StgValue>
</bind>
</comp>

<comp id="38" class="1001" name="const_38">
<pin_list>
<pin id="39" dir="1" index="0" bw="1" slack="0"/>
</pin_list>
<bind>
<StgValue><ssdm name=""/></StgValue>
</bind>
</comp>

<comp id="40" class="1004" name="e_read_fu_40">
<pin_list>
<pin id="41" dir="0" index="0" bw="1" slack="0"/>
<pin id="42" dir="0" index="1" bw="1" slack="0"/>
<pin id="43" dir="1" index="2" bw="1" slack="1"/>
</pin_list>
<bind>
<opcode="read(1150) " fcode="read"/>
<opset="e/1 "/>
</bind>
</comp>

<comp id="46" class="1004" name="write_ln519_write_fu_46">
<pin_list>
<pin id="47" dir="0" index="0" bw="0" slack="0"/>
<pin id="48" dir="0" index="1" bw="1" slack="0"/>
<pin id="49" dir="0" index="2" bw="1" slack="0"/>
<pin id="50" dir="1" index="3" bw="0" slack="2147483647"/>
</pin_list>
<bind>
<opcode="write(1151) " fcode="write"/>
<opset="write_ln519/4 "/>
</bind>
</comp>

<comp id="54" class="1004" name="write_ln520_write_fu_54">
<pin_list>
<pin id="55" dir="0" index="0" bw="0" slack="0"/>
<pin id="56" dir="0" index="1" bw="1" slack="0"/>
<pin id="57" dir="0" index="2" bw="1" slack="0"/>
<pin id="58" dir="1" index="3" bw="0" slack="2147483647"/>
</pin_list>
<bind>
<opcode="write(1151) " fcode="write"/>
<opset="write_ln520/4 "/>
</bind>
</comp>

<comp id="62" class="1004" name="grp_dup_strm_Pipeline_VITIS_LOOP_506_1_fu_62">
<pin_list>
<pin id="63" dir="0" index="0" bw="0" slack="0"/>
<pin id="64" dir="0" index="1" bw="1" slack="1"/>
<pin id="65" dir="0" index="2" bw="64" slack="0"/>
<pin id="66" dir="0" index="3" bw="64" slack="0"/>
<pin id="67" dir="0" index="4" bw="1" slack="0"/>
<pin id="68" dir="0" index="5" bw="64" slack="0"/>
<pin id="69" dir="0" index="6" bw="1" slack="0"/>
<pin id="70" dir="0" index="7" bw="1" slack="0"/>
<pin id="71" dir="1" index="8" bw="0" slack="2147483647"/>
</pin_list>
<bind>
<opcode="call(48) " fcode="call"/>
<opset="call_ln504/2 "/>
</bind>
</comp>

<comp id="79" class="1004" name="fence_ln506_fu_79">
<pin_list>
<pin id="80" dir="0" index="0" bw="0" slack="0"/>
<pin id="81" dir="0" index="1" bw="1" slack="0"/>
<pin id="82" dir="0" index="2" bw="1" slack="0"/>
<pin id="83" dir="0" index="3" bw="64" slack="0"/>
<pin id="84" dir="0" index="4" bw="64" slack="0"/>
<pin id="85" dir="0" index="5" bw="1" slack="0"/>
<pin id="86" dir="0" index="6" bw="64" slack="0"/>
<pin id="87" dir="0" index="7" bw="1" slack="0"/>
<pin id="88" dir="0" index="8" bw="1" slack="0"/>
<pin id="89" dir="1" index="9" bw="0" slack="2147483647"/>
</pin_list>
<bind>
<opcode="fence(30) " fcode="fence"/>
<opset="fence_ln506/2 "/>
</bind>
</comp>

<comp id="99" class="1004" name="fence_ln519_fu_99">
<pin_list>
<pin id="100" dir="0" index="0" bw="0" slack="0"/>
<pin id="101" dir="0" index="1" bw="64" slack="0"/>
<pin id="102" dir="0" index="2" bw="64" slack="0"/>
<pin id="103" dir="0" index="3" bw="1" slack="0"/>
<pin id="104" dir="0" index="4" bw="64" slack="0"/>
<pin id="105" dir="0" index="5" bw="1" slack="0"/>
<pin id="106" dir="0" index="6" bw="1" slack="0"/>
<pin id="107" dir="0" index="7" bw="1" slack="0"/>
<pin id="108" dir="0" index="8" bw="1" slack="0"/>
<pin id="109" dir="0" index="9" bw="1" slack="0"/>
<pin id="110" dir="1" index="10" bw="0" slack="2147483647"/>
</pin_list>
<bind>
<opcode="fence(30) " fcode="fence"/>
<opset="fence_ln519/4 "/>
</bind>
</comp>

<comp id="121" class="1005" name="e_reg_121">
<pin_list>
<pin id="122" dir="0" index="0" bw="1" slack="1"/>
<pin id="123" dir="1" index="1" bw="1" slack="1"/>
</pin_list>
<bind>
<opset="e "/>
</bind>
</comp>

</comp_list>

<net_list>
<net id="44"><net_src comp="12" pin="0"/><net_sink comp="40" pin=0"/></net>

<net id="45"><net_src comp="2" pin="0"/><net_sink comp="40" pin=1"/></net>

<net id="51"><net_src comp="36" pin="0"/><net_sink comp="46" pin=0"/></net>

<net id="52"><net_src comp="6" pin="0"/><net_sink comp="46" pin=1"/></net>

<net id="53"><net_src comp="38" pin="0"/><net_sink comp="46" pin=2"/></net>

<net id="59"><net_src comp="36" pin="0"/><net_sink comp="54" pin=0"/></net>

<net id="60"><net_src comp="10" pin="0"/><net_sink comp="54" pin=1"/></net>

<net id="61"><net_src comp="38" pin="0"/><net_sink comp="54" pin=2"/></net>

<net id="72"><net_src comp="18" pin="0"/><net_sink comp="62" pin=0"/></net>

<net id="73"><net_src comp="0" pin="0"/><net_sink comp="62" pin=2"/></net>

<net id="74"><net_src comp="4" pin="0"/><net_sink comp="62" pin=3"/></net>

<net id="75"><net_src comp="6" pin="0"/><net_sink comp="62" pin=4"/></net>

<net id="76"><net_src comp="8" pin="0"/><net_sink comp="62" pin=5"/></net>

<net id="77"><net_src comp="10" pin="0"/><net_sink comp="62" pin=6"/></net>

<net id="78"><net_src comp="2" pin="0"/><net_sink comp="62" pin=7"/></net>

<net id="90"><net_src comp="14" pin="0"/><net_sink comp="79" pin=0"/></net>

<net id="91"><net_src comp="2" pin="0"/><net_sink comp="79" pin=1"/></net>

<net id="92"><net_src comp="16" pin="0"/><net_sink comp="79" pin=2"/></net>

<net id="93"><net_src comp="0" pin="0"/><net_sink comp="79" pin=3"/></net>

<net id="94"><net_src comp="4" pin="0"/><net_sink comp="79" pin=4"/></net>

<net id="95"><net_src comp="6" pin="0"/><net_sink comp="79" pin=5"/></net>

<net id="96"><net_src comp="8" pin="0"/><net_sink comp="79" pin=6"/></net>

<net id="97"><net_src comp="10" pin="0"/><net_sink comp="79" pin=7"/></net>

<net id="98"><net_src comp="2" pin="0"/><net_sink comp="79" pin=8"/></net>

<net id="111"><net_src comp="14" pin="0"/><net_sink comp="99" pin=0"/></net>

<net id="112"><net_src comp="0" pin="0"/><net_sink comp="99" pin=1"/></net>

<net id="113"><net_src comp="4" pin="0"/><net_sink comp="99" pin=2"/></net>

<net id="114"><net_src comp="6" pin="0"/><net_sink comp="99" pin=3"/></net>

<net id="115"><net_src comp="8" pin="0"/><net_sink comp="99" pin=4"/></net>

<net id="116"><net_src comp="10" pin="0"/><net_sink comp="99" pin=5"/></net>

<net id="117"><net_src comp="2" pin="0"/><net_sink comp="99" pin=6"/></net>

<net id="118"><net_src comp="16" pin="0"/><net_sink comp="99" pin=7"/></net>

<net id="119"><net_src comp="6" pin="0"/><net_sink comp="99" pin=8"/></net>

<net id="120"><net_src comp="10" pin="0"/><net_sink comp="99" pin=9"/></net>

<net id="124"><net_src comp="40" pin="2"/><net_sink comp="121" pin=0"/></net>

<net id="125"><net_src comp="121" pin="1"/><net_sink comp="62" pin=1"/></net>

</net_list>

</model> 
---------------- Datapath Model END ------------------

* FSMD analyzer results:
  - Output states:
	Port: nblk_strm1 | {2 3 }
	Port: end_nblk_strm1 | {2 3 4 }
	Port: nblk_strm2 | {2 3 }
	Port: end_nblk_strm2 | {2 3 4 }
 - Input state : 
	Port: dup_strm : nblk_strm | {2 3 }
	Port: dup_strm : end_nblk_strm | {1 2 3 }
  - Chain level:
	State 1
	State 2
	State 3
	State 4


============================================================
+ Verbose Summary: Datapath Resource usage 
============================================================

* Functional unit list:
|----------|----------------------------------------------|---------|
| Operation|                Functional Unit               |    FF   |
|----------|----------------------------------------------|---------|
|   call   | grp_dup_strm_Pipeline_VITIS_LOOP_506_1_fu_62 |    2    |
|----------|----------------------------------------------|---------|
|   read   |                 e_read_fu_40                 |    0    |
|----------|----------------------------------------------|---------|
|   write  |            write_ln519_write_fu_46           |    0    |
|          |            write_ln520_write_fu_54           |    0    |
|----------|----------------------------------------------|---------|
|   fence  |               fence_ln506_fu_79              |    0    |
|          |               fence_ln519_fu_99              |    0    |
|----------|----------------------------------------------|---------|
|   Total  |                                              |    2    |
|----------|----------------------------------------------|---------|

Memories:
N/A

* Register list:
+---------+--------+
|         |   FF   |
+---------+--------+
|e_reg_121|    1   |
+---------+--------+
|  Total  |    1   |
+---------+--------+

* Multiplexer (MUX) list: 
|--------|------|------|------|--------|
|  Comp  |  Pin | Size |  BW  | S x BW |
|--------|------|------|------|--------|
|  Total |      |      |      |    0   |
|--------|------|------|------|--------|



* Summary:
+-----------+--------+
|           |   FF   |
+-----------+--------+
|  Function |    2   |
|   Memory  |    -   |
|Multiplexer|    -   |
|  Register |    1   |
+-----------+--------+
|   Total   |    3   |
+-----------+--------+
