

================================================================
== Vitis HLS Report for 'generateMsgSchedule'
================================================================
* Date:           Tue Oct 21 20:18:58 2025

* Version:        2024.2 (Build 5238294 on Nov  8 2024)
* Project:        hmac_sha256_test.prj
* Solution:       solution1 (Vivado IP Flow Target)
* Product family: zynq
* Target device:  xc7z020-clg484-1


================================================================
== Performance Estimates
================================================================
+ Timing: 
    * Summary: 
    +--------+----------+----------+------------+
    |  Clock |  Target  | Estimated| Uncertainty|
    +--------+----------+----------+------------+
    |ap_clk  |  15.00 ns|  8.511 ns|     1.50 ns|
    +--------+----------+----------+------------+

+ Latency: 
    * Summary: 
    +---------+---------+----------+----------+-----+-----+---------+
    |  Latency (cycles) |  Latency (absolute) |  Interval | Pipeline|
    |   min   |   max   |    min   |    max   | min | max |   Type  |
    +---------+---------+----------+----------+-----+-----+---------+
    |        ?|        ?|         ?|         ?|    ?|    ?|       no|
    +---------+---------+----------+----------+-----+-----+---------+

    + Detail: 
        * Instance: 
        +------------------------------------------------------------------+-------------------------------------------------------+---------+---------+----------+----------+-----+-----+------------------------------------------------+
        |                                                                  |                                                       |  Latency (cycles) |  Latency (absolute) |  Interval |                    Pipeline                    |
        |                             Instance                             |                         Module                        |   min   |   max   |    min   |    max   | min | max |                      Type                      |
        +------------------------------------------------------------------+-------------------------------------------------------+---------+---------+----------+----------+-----+-----+------------------------------------------------+
        |grp_generateMsgSchedule_Pipeline_LOOP_SHA256_PREPARE_WT16_fu_222  |generateMsgSchedule_Pipeline_LOOP_SHA256_PREPARE_WT16  |       18|       18|  0.270 us|  0.270 us|   17|   17|  loop auto-rewind stp (delay=0 clock cycles(s))|
        |grp_generateMsgSchedule_Pipeline_LOOP_SHA256_PREPARE_WT64_fu_260  |generateMsgSchedule_Pipeline_LOOP_SHA256_PREPARE_WT64  |       50|       50|  0.750 us|  0.750 us|   49|   49|  loop auto-rewind stp (delay=0 clock cycles(s))|
        +------------------------------------------------------------------+-------------------------------------------------------+---------+---------+----------+----------+-----+-----+------------------------------------------------+

        * Loop: 
        +---------------------+---------+---------+----------+-----------+-----------+------+----------+
        |                     |  Latency (cycles) | Iteration|  Initiation Interval  | Trip |          |
        |      Loop Name      |   min   |   max   |  Latency |  achieved |   target  | Count| Pipelined|
        +---------------------+---------+---------+----------+-----------+-----------+------+----------+
        |- VITIS_LOOP_528_1   |        ?|        ?|         ?|          -|          -|     ?|        no|
        | + VITIS_LOOP_530_2  |        ?|        ?|        73|          -|          -|     ?|        no|
        +---------------------+---------+---------+----------+-----------+-----------+------+----------+

============================================================
+ Verbose Summary: Synthesis Manager
============================================================
InlineROM: 1
ExposeGlobal: 0
============================================================
+ Verbose Summary: CDFG Model
============================================================
IsTopModel: 0
ResetActiveHigh: 1
IsCombinational: 2
IsDatapathOnly: 0
HasWiredReturn: 1
HasMFsm: 0
HasVarLatency: 1
IsPipeline: 0
IsRtlPipelined: 0
IsInstanceOverlapped: 0
IsDontTouch: 0
HasImplIP: 0
IsGatedGlobalClock: 0


============================================================
+ Verbose Summary: Schedule
============================================================
* Number of FSM states : 7
* Pipeline : 0
* Dataflow Pipeline: 0

* FSM state transitions: 
1 --> 2 
2 --> 3 
3 --> 4 2 
4 --> 5 
5 --> 6 
6 --> 7 
7 --> 3 

* FSM state operations: 

State 1 <SV = 0> <Delay = 3.72>
ST_1 : Operation 8 [1/1] (0.00ns)   --->   "%W_loc = alloca i64 1"   --->   Operation 8 'alloca' 'W_loc' <Predicate = true> <Delay = 0.00>
ST_1 : Operation 9 [1/1] (0.00ns)   --->   "%W_1_loc = alloca i64 1"   --->   Operation 9 'alloca' 'W_1_loc' <Predicate = true> <Delay = 0.00>
ST_1 : Operation 10 [1/1] (0.00ns)   --->   "%W_2_loc = alloca i64 1"   --->   Operation 10 'alloca' 'W_2_loc' <Predicate = true> <Delay = 0.00>
ST_1 : Operation 11 [1/1] (0.00ns)   --->   "%W_3_loc = alloca i64 1"   --->   Operation 11 'alloca' 'W_3_loc' <Predicate = true> <Delay = 0.00>
ST_1 : Operation 12 [1/1] (0.00ns)   --->   "%W_4_loc = alloca i64 1"   --->   Operation 12 'alloca' 'W_4_loc' <Predicate = true> <Delay = 0.00>
ST_1 : Operation 13 [1/1] (0.00ns)   --->   "%W_5_loc = alloca i64 1"   --->   Operation 13 'alloca' 'W_5_loc' <Predicate = true> <Delay = 0.00>
ST_1 : Operation 14 [1/1] (0.00ns)   --->   "%W_6_loc = alloca i64 1"   --->   Operation 14 'alloca' 'W_6_loc' <Predicate = true> <Delay = 0.00>
ST_1 : Operation 15 [1/1] (0.00ns)   --->   "%W_7_loc = alloca i64 1"   --->   Operation 15 'alloca' 'W_7_loc' <Predicate = true> <Delay = 0.00>
ST_1 : Operation 16 [1/1] (0.00ns)   --->   "%W_8_loc = alloca i64 1"   --->   Operation 16 'alloca' 'W_8_loc' <Predicate = true> <Delay = 0.00>
ST_1 : Operation 17 [1/1] (0.00ns)   --->   "%W_9_loc = alloca i64 1"   --->   Operation 17 'alloca' 'W_9_loc' <Predicate = true> <Delay = 0.00>
ST_1 : Operation 18 [1/1] (0.00ns)   --->   "%W_10_loc = alloca i64 1"   --->   Operation 18 'alloca' 'W_10_loc' <Predicate = true> <Delay = 0.00>
ST_1 : Operation 19 [1/1] (0.00ns)   --->   "%W_11_loc = alloca i64 1"   --->   Operation 19 'alloca' 'W_11_loc' <Predicate = true> <Delay = 0.00>
ST_1 : Operation 20 [1/1] (0.00ns)   --->   "%W_12_loc = alloca i64 1"   --->   Operation 20 'alloca' 'W_12_loc' <Predicate = true> <Delay = 0.00>
ST_1 : Operation 21 [1/1] (0.00ns)   --->   "%W_13_loc = alloca i64 1"   --->   Operation 21 'alloca' 'W_13_loc' <Predicate = true> <Delay = 0.00>
ST_1 : Operation 22 [1/1] (0.00ns)   --->   "%W_14_loc = alloca i64 1"   --->   Operation 22 'alloca' 'W_14_loc' <Predicate = true> <Delay = 0.00>
ST_1 : Operation 23 [1/1] (0.00ns)   --->   "%W_15_loc = alloca i64 1"   --->   Operation 23 'alloca' 'W_15_loc' <Predicate = true> <Delay = 0.00>
ST_1 : Operation 24 [1/1] (0.00ns)   --->   "%specmemcore_ln0 = specmemcore void @_ssdm_op_SpecMemCore, i32 %w_strm, i64 666, i64 9, i64 18446744073709551615"   --->   Operation 24 'specmemcore' 'specmemcore_ln0' <Predicate = true> <Delay = 0.00>
ST_1 : Operation 25 [1/1] (0.00ns)   --->   "%specmemcore_ln0 = specmemcore void @_ssdm_op_SpecMemCore, i1 %end_nblk_strm1, i64 666, i64 9, i64 18446744073709551615"   --->   Operation 25 'specmemcore' 'specmemcore_ln0' <Predicate = true> <Delay = 0.00>
ST_1 : Operation 26 [1/1] (0.00ns)   --->   "%specmemcore_ln0 = specmemcore void @_ssdm_op_SpecMemCore, i64 %nblk_strm1, i64 666, i64 9, i64 18446744073709551615"   --->   Operation 26 'specmemcore' 'specmemcore_ln0' <Predicate = true> <Delay = 0.00>
ST_1 : Operation 27 [1/1] (0.00ns)   --->   "%specmemcore_ln0 = specmemcore void @_ssdm_op_SpecMemCore, i512 %blk_strm, i64 666, i64 9, i64 18446744073709551615"   --->   Operation 27 'specmemcore' 'specmemcore_ln0' <Predicate = true> <Delay = 0.00>
ST_1 : Operation 28 [1/1] (0.00ns)   --->   "%specinterface_ln0 = specinterface void @_ssdm_op_SpecInterface, i32 %w_strm, void @empty_3, i32 0, i32 0, void @empty_1, i32 0, i32 0, void @empty_1, void @empty_1, void @empty_1, i32 0, i32 0, i32 0, i32 0, void @empty_1, void @empty_1, i32 4294967295, i32 0, i32 0"   --->   Operation 28 'specinterface' 'specinterface_ln0' <Predicate = true> <Delay = 0.00>
ST_1 : Operation 29 [1/1] (0.00ns)   --->   "%specinterface_ln0 = specinterface void @_ssdm_op_SpecInterface, i1 %end_nblk_strm1, void @empty_3, i32 0, i32 0, void @empty_1, i32 0, i32 0, void @empty_1, void @empty_1, void @empty_1, i32 0, i32 0, i32 0, i32 0, void @empty_1, void @empty_1, i32 4294967295, i32 0, i32 0"   --->   Operation 29 'specinterface' 'specinterface_ln0' <Predicate = true> <Delay = 0.00>
ST_1 : Operation 30 [1/1] (0.00ns)   --->   "%specinterface_ln0 = specinterface void @_ssdm_op_SpecInterface, i64 %nblk_strm1, void @empty_3, i32 0, i32 0, void @empty_1, i32 0, i32 0, void @empty_1, void @empty_1, void @empty_1, i32 0, i32 0, i32 0, i32 0, void @empty_1, void @empty_1, i32 4294967295, i32 0, i32 0"   --->   Operation 30 'specinterface' 'specinterface_ln0' <Predicate = true> <Delay = 0.00>
ST_1 : Operation 31 [1/1] (0.00ns)   --->   "%specinterface_ln0 = specinterface void @_ssdm_op_SpecInterface, i512 %blk_strm, void @empty_3, i32 0, i32 0, void @empty_1, i32 0, i32 0, void @empty_1, void @empty_1, void @empty_1, i32 0, i32 0, i32 0, i32 0, void @empty_1, void @empty_1, i32 4294967295, i32 0, i32 0"   --->   Operation 31 'specinterface' 'specinterface_ln0' <Predicate = true> <Delay = 0.00>
ST_1 : Operation 32 [1/1] ( I:3.72ns O:3.72ns )   --->   "%e = read i1 @_ssdm_op_Read.ap_fifo.volatile.i1P0A, i1 %end_nblk_strm1" [D:/hlstrack/hlstrack2025-master/security/L1/tests/hmac/sha256/../../../../L1/include\xf_security/sha224_256.hpp:527]   --->   Operation 32 'read' 'e' <Predicate = true> <Delay = 3.72> <CoreInst = "FIFO_LUTRAM">   --->   Core 79 'FIFO_LUTRAM' <Latency = 0> <II = 1> <Delay = 3.72> <Storage> <Opcode : 'read' 'write' 'nbread' 'nbwrite'> <Ports = 0> <Width = 1> <Depth = 32> <FIFO>
ST_1 : Operation 33 [1/1] (1.58ns)   --->   "%br_ln528 = br void %while.cond" [D:/hlstrack/hlstrack2025-master/security/L1/tests/hmac/sha256/../../../../L1/include\xf_security/sha224_256.hpp:528]   --->   Operation 33 'br' 'br_ln528' <Predicate = true> <Delay = 1.58>

State 2 <SV = 1> <Delay = 3.72>
ST_2 : Operation 34 [1/1] (0.00ns)   --->   "%e_4 = phi i1 %e, void %entry, i1 %e_5, void %for.end64.loopexit"   --->   Operation 34 'phi' 'e_4' <Predicate = true> <Delay = 0.00>
ST_2 : Operation 35 [1/1] (0.00ns)   --->   "%br_ln528 = br i1 %e_4, void %VITIS_LOOP_530_2, void %while.end" [D:/hlstrack/hlstrack2025-master/security/L1/tests/hmac/sha256/../../../../L1/include\xf_security/sha224_256.hpp:528]   --->   Operation 35 'br' 'br_ln528' <Predicate = true> <Delay = 0.00>
ST_2 : Operation 36 [1/1] (0.00ns)   --->   "%specloopname_ln528 = specloopname void @_ssdm_op_SpecLoopName, void @empty_14" [D:/hlstrack/hlstrack2025-master/security/L1/tests/hmac/sha256/../../../../L1/include\xf_security/sha224_256.hpp:528]   --->   Operation 36 'specloopname' 'specloopname_ln528' <Predicate = (!e_4)> <Delay = 0.00>
ST_2 : Operation 37 [1/1] ( I:3.72ns O:3.72ns )   --->   "%n = read i64 @_ssdm_op_Read.ap_fifo.volatile.i64P0A, i64 %nblk_strm1" [D:/hlstrack/hlstrack2025-master/security/L1/tests/hmac/sha256/../../../../L1/include\xf_security/sha224_256.hpp:529]   --->   Operation 37 'read' 'n' <Predicate = (!e_4)> <Delay = 3.72> <CoreInst = "FIFO_LUTRAM">   --->   Core 79 'FIFO_LUTRAM' <Latency = 0> <II = 1> <Delay = 3.72> <Storage> <Opcode : 'read' 'write' 'nbread' 'nbwrite'> <Ports = 0> <Width = 64> <Depth = 32> <FIFO>
ST_2 : Operation 38 [1/1] (1.58ns)   --->   "%br_ln530 = br void %LOOP_SHA256_PREPARE_WT16" [D:/hlstrack/hlstrack2025-master/security/L1/tests/hmac/sha256/../../../../L1/include\xf_security/sha224_256.hpp:530]   --->   Operation 38 'br' 'br_ln530' <Predicate = (!e_4)> <Delay = 1.58>
ST_2 : Operation 39 [1/1] (0.00ns)   --->   "%ret_ln563 = ret" [D:/hlstrack/hlstrack2025-master/security/L1/tests/hmac/sha256/../../../../L1/include\xf_security/sha224_256.hpp:563]   --->   Operation 39 'ret' 'ret_ln563' <Predicate = (e_4)> <Delay = 0.00>

State 3 <SV = 2> <Delay = 7.24>
ST_3 : Operation 40 [1/1] (0.00ns)   --->   "%i_5 = phi i64 0, void %VITIS_LOOP_530_2, i64 %i, void %xcl_latency.LOOP_SHA256_PREPARE_WT16.0"   --->   Operation 40 'phi' 'i_5' <Predicate = true> <Delay = 0.00>
ST_3 : Operation 41 [1/1] (3.52ns)   --->   "%icmp_ln530 = icmp_eq  i64 %i_5, i64 %n" [D:/hlstrack/hlstrack2025-master/security/L1/tests/hmac/sha256/../../../../L1/include\xf_security/sha224_256.hpp:530]   --->   Operation 41 'icmp' 'icmp_ln530' <Predicate = true> <Delay = 3.52> <CoreInst = "Cmp">   --->   Core 9 'Cmp' <Latency = 0> <II = 1> <Delay = 3.52> <FuncUnit> <Opcode : 'seteq' 'setne' 'setle' 'setge' 'setlt' 'setgt'> <InPorts = 2> <OutPorts = 1>
ST_3 : Operation 42 [1/1] (3.52ns)   --->   "%i = add i64 %i_5, i64 1" [D:/hlstrack/hlstrack2025-master/security/L1/tests/hmac/sha256/../../../../L1/include\xf_security/sha224_256.hpp:530]   --->   Operation 42 'add' 'i' <Predicate = true> <Delay = 3.52> <CoreInst = "Adder">   --->   Core 1 'Adder' <Latency = 0> <II = 1> <Delay = 3.52> <FuncUnit> <Opcode : 'add' 'sub'> <InPorts = 2> <OutPorts = 1>
ST_3 : Operation 43 [1/1] (0.00ns)   --->   "%br_ln530 = br i1 %icmp_ln530, void %xcl_latency.LOOP_SHA256_PREPARE_WT16.0, void %for.end64.loopexit" [D:/hlstrack/hlstrack2025-master/security/L1/tests/hmac/sha256/../../../../L1/include\xf_security/sha224_256.hpp:530]   --->   Operation 43 'br' 'br_ln530' <Predicate = true> <Delay = 0.00>
ST_3 : Operation 44 [1/1] ( I:3.72ns O:3.72ns )   --->   "%blk_strm_read = read i512 @_ssdm_op_Read.ap_fifo.volatile.i512P0A, i512 %blk_strm" [D:/hlstrack/hlstrack2025-master/security/L1/tests/hmac/sha256/../../../../L1/include\xf_security/sha224_256.hpp:533]   --->   Operation 44 'read' 'blk_strm_read' <Predicate = (!icmp_ln530)> <Delay = 3.72> <CoreInst = "FIFO_LUTRAM">   --->   Core 79 'FIFO_LUTRAM' <Latency = 0> <II = 1> <Delay = 3.72> <Storage> <Opcode : 'read' 'write' 'nbread' 'nbwrite'> <Ports = 0> <Width = 512> <Depth = 32> <FIFO>
ST_3 : Operation 45 [1/1] (0.00ns)   --->   "%blk = trunc i512 %blk_strm_read" [D:/hlstrack/hlstrack2025-master/security/L1/tests/hmac/sha256/../../../../L1/include\xf_security/sha224_256.hpp:533]   --->   Operation 45 'trunc' 'blk' <Predicate = (!icmp_ln530)> <Delay = 0.00>
ST_3 : Operation 46 [1/1] (0.00ns)   --->   "%blk_1 = partselect i32 @_ssdm_op_PartSelect.i32.i512.i32.i32, i512 %blk_strm_read, i32 32, i32 63" [D:/hlstrack/hlstrack2025-master/security/L1/tests/hmac/sha256/../../../../L1/include\xf_security/sha224_256.hpp:533]   --->   Operation 46 'partselect' 'blk_1' <Predicate = (!icmp_ln530)> <Delay = 0.00>
ST_3 : Operation 47 [1/1] (0.00ns)   --->   "%blk_2 = partselect i32 @_ssdm_op_PartSelect.i32.i512.i32.i32, i512 %blk_strm_read, i32 64, i32 95" [D:/hlstrack/hlstrack2025-master/security/L1/tests/hmac/sha256/../../../../L1/include\xf_security/sha224_256.hpp:533]   --->   Operation 47 'partselect' 'blk_2' <Predicate = (!icmp_ln530)> <Delay = 0.00>
ST_3 : Operation 48 [1/1] (0.00ns)   --->   "%blk_3 = partselect i32 @_ssdm_op_PartSelect.i32.i512.i32.i32, i512 %blk_strm_read, i32 96, i32 127" [D:/hlstrack/hlstrack2025-master/security/L1/tests/hmac/sha256/../../../../L1/include\xf_security/sha224_256.hpp:533]   --->   Operation 48 'partselect' 'blk_3' <Predicate = (!icmp_ln530)> <Delay = 0.00>
ST_3 : Operation 49 [1/1] (0.00ns)   --->   "%blk_4 = partselect i32 @_ssdm_op_PartSelect.i32.i512.i32.i32, i512 %blk_strm_read, i32 128, i32 159" [D:/hlstrack/hlstrack2025-master/security/L1/tests/hmac/sha256/../../../../L1/include\xf_security/sha224_256.hpp:533]   --->   Operation 49 'partselect' 'blk_4' <Predicate = (!icmp_ln530)> <Delay = 0.00>
ST_3 : Operation 50 [1/1] (0.00ns)   --->   "%blk_5 = partselect i32 @_ssdm_op_PartSelect.i32.i512.i32.i32, i512 %blk_strm_read, i32 160, i32 191" [D:/hlstrack/hlstrack2025-master/security/L1/tests/hmac/sha256/../../../../L1/include\xf_security/sha224_256.hpp:533]   --->   Operation 50 'partselect' 'blk_5' <Predicate = (!icmp_ln530)> <Delay = 0.00>
ST_3 : Operation 51 [1/1] (0.00ns)   --->   "%blk_6 = partselect i32 @_ssdm_op_PartSelect.i32.i512.i32.i32, i512 %blk_strm_read, i32 192, i32 223" [D:/hlstrack/hlstrack2025-master/security/L1/tests/hmac/sha256/../../../../L1/include\xf_security/sha224_256.hpp:533]   --->   Operation 51 'partselect' 'blk_6' <Predicate = (!icmp_ln530)> <Delay = 0.00>
ST_3 : Operation 52 [1/1] (0.00ns)   --->   "%blk_7 = partselect i32 @_ssdm_op_PartSelect.i32.i512.i32.i32, i512 %blk_strm_read, i32 224, i32 255" [D:/hlstrack/hlstrack2025-master/security/L1/tests/hmac/sha256/../../../../L1/include\xf_security/sha224_256.hpp:533]   --->   Operation 52 'partselect' 'blk_7' <Predicate = (!icmp_ln530)> <Delay = 0.00>
ST_3 : Operation 53 [1/1] (0.00ns)   --->   "%blk_8 = partselect i32 @_ssdm_op_PartSelect.i32.i512.i32.i32, i512 %blk_strm_read, i32 256, i32 287" [D:/hlstrack/hlstrack2025-master/security/L1/tests/hmac/sha256/../../../../L1/include\xf_security/sha224_256.hpp:533]   --->   Operation 53 'partselect' 'blk_8' <Predicate = (!icmp_ln530)> <Delay = 0.00>
ST_3 : Operation 54 [1/1] (0.00ns)   --->   "%blk_9 = partselect i32 @_ssdm_op_PartSelect.i32.i512.i32.i32, i512 %blk_strm_read, i32 288, i32 319" [D:/hlstrack/hlstrack2025-master/security/L1/tests/hmac/sha256/../../../../L1/include\xf_security/sha224_256.hpp:533]   --->   Operation 54 'partselect' 'blk_9' <Predicate = (!icmp_ln530)> <Delay = 0.00>
ST_3 : Operation 55 [1/1] (0.00ns)   --->   "%blk_15 = partselect i32 @_ssdm_op_PartSelect.i32.i512.i32.i32, i512 %blk_strm_read, i32 320, i32 351" [D:/hlstrack/hlstrack2025-master/security/L1/tests/hmac/sha256/../../../../L1/include\xf_security/sha224_256.hpp:533]   --->   Operation 55 'partselect' 'blk_15' <Predicate = (!icmp_ln530)> <Delay = 0.00>
ST_3 : Operation 56 [1/1] (0.00ns)   --->   "%blk_10 = partselect i32 @_ssdm_op_PartSelect.i32.i512.i32.i32, i512 %blk_strm_read, i32 352, i32 383" [D:/hlstrack/hlstrack2025-master/security/L1/tests/hmac/sha256/../../../../L1/include\xf_security/sha224_256.hpp:533]   --->   Operation 56 'partselect' 'blk_10' <Predicate = (!icmp_ln530)> <Delay = 0.00>
ST_3 : Operation 57 [1/1] (0.00ns)   --->   "%blk_11 = partselect i32 @_ssdm_op_PartSelect.i32.i512.i32.i32, i512 %blk_strm_read, i32 384, i32 415" [D:/hlstrack/hlstrack2025-master/security/L1/tests/hmac/sha256/../../../../L1/include\xf_security/sha224_256.hpp:533]   --->   Operation 57 'partselect' 'blk_11' <Predicate = (!icmp_ln530)> <Delay = 0.00>
ST_3 : Operation 58 [1/1] (0.00ns)   --->   "%blk_12 = partselect i32 @_ssdm_op_PartSelect.i32.i512.i32.i32, i512 %blk_strm_read, i32 416, i32 447" [D:/hlstrack/hlstrack2025-master/security/L1/tests/hmac/sha256/../../../../L1/include\xf_security/sha224_256.hpp:533]   --->   Operation 58 'partselect' 'blk_12' <Predicate = (!icmp_ln530)> <Delay = 0.00>
ST_3 : Operation 59 [1/1] (0.00ns)   --->   "%blk_13 = partselect i32 @_ssdm_op_PartSelect.i32.i512.i32.i32, i512 %blk_strm_read, i32 448, i32 479" [D:/hlstrack/hlstrack2025-master/security/L1/tests/hmac/sha256/../../../../L1/include\xf_security/sha224_256.hpp:533]   --->   Operation 59 'partselect' 'blk_13' <Predicate = (!icmp_ln530)> <Delay = 0.00>
ST_3 : Operation 60 [1/1] (0.00ns)   --->   "%blk_14 = partselect i32 @_ssdm_op_PartSelect.i32.i512.i32.i32, i512 %blk_strm_read, i32 480, i32 511" [D:/hlstrack/hlstrack2025-master/security/L1/tests/hmac/sha256/../../../../L1/include\xf_security/sha224_256.hpp:533]   --->   Operation 60 'partselect' 'blk_14' <Predicate = (!icmp_ln530)> <Delay = 0.00>
ST_3 : Operation 61 [1/1] ( I:3.72ns O:3.72ns )   --->   "%e_5 = read i1 @_ssdm_op_Read.ap_fifo.volatile.i1P0A, i1 %end_nblk_strm1" [D:/hlstrack/hlstrack2025-master/security/L1/tests/hmac/sha256/../../../../L1/include\xf_security/sha224_256.hpp:561]   --->   Operation 61 'read' 'e_5' <Predicate = (icmp_ln530)> <Delay = 3.72> <CoreInst = "FIFO_LUTRAM">   --->   Core 79 'FIFO_LUTRAM' <Latency = 0> <II = 1> <Delay = 3.72> <Storage> <Opcode : 'read' 'write' 'nbread' 'nbwrite'> <Ports = 0> <Width = 1> <Depth = 32> <FIFO>
ST_3 : Operation 62 [1/1] (0.00ns)   --->   "%br_ln528 = br void %while.cond" [D:/hlstrack/hlstrack2025-master/security/L1/tests/hmac/sha256/../../../../L1/include\xf_security/sha224_256.hpp:528]   --->   Operation 62 'br' 'br_ln528' <Predicate = (icmp_ln530)> <Delay = 0.00>

State 4 <SV = 3> <Delay = 2.06>
ST_4 : Operation 63 [1/1] (0.00ns)   --->   "%fence_ln541 = fence void @_ssdm_op_Fence, i512 %blk_strm, i32 4294967295, i32 %w_strm" [D:/hlstrack/hlstrack2025-master/security/L1/tests/hmac/sha256/../../../../L1/include\xf_security/sha224_256.hpp:541]   --->   Operation 63 'fence' 'fence_ln541' <Predicate = true> <Delay = 0.00>
ST_4 : Operation 64 [2/2] (2.06ns)   --->   "%call_ln533 = call void @generateMsgSchedule_Pipeline_LOOP_SHA256_PREPARE_WT16, i32 %w_strm, i32 %blk, i32 %blk_1, i32 %blk_2, i32 %blk_3, i32 %blk_4, i32 %blk_5, i32 %blk_6, i32 %blk_7, i32 %blk_8, i32 %blk_9, i32 %blk_15, i32 %blk_10, i32 %blk_11, i32 %blk_12, i32 %blk_13, i32 %blk_14, i32 %W_15_loc, i32 %W_14_loc, i32 %W_13_loc, i32 %W_12_loc, i32 %W_11_loc, i32 %W_10_loc, i32 %W_9_loc, i32 %W_8_loc, i32 %W_7_loc, i32 %W_6_loc, i32 %W_5_loc, i32 %W_4_loc, i32 %W_3_loc, i32 %W_2_loc, i32 %W_1_loc, i32 %W_loc" [D:/hlstrack/hlstrack2025-master/security/L1/tests/hmac/sha256/../../../../L1/include\xf_security/sha224_256.hpp:533]   --->   Operation 64 'call' 'call_ln533' <Predicate = true> <Delay = 2.06> <CoreType = "Generic">   --->   Generic Core

State 5 <SV = 4> <Delay = 4.95>
ST_5 : Operation 65 [1/2] (4.95ns)   --->   "%call_ln533 = call void @generateMsgSchedule_Pipeline_LOOP_SHA256_PREPARE_WT16, i32 %w_strm, i32 %blk, i32 %blk_1, i32 %blk_2, i32 %blk_3, i32 %blk_4, i32 %blk_5, i32 %blk_6, i32 %blk_7, i32 %blk_8, i32 %blk_9, i32 %blk_15, i32 %blk_10, i32 %blk_11, i32 %blk_12, i32 %blk_13, i32 %blk_14, i32 %W_15_loc, i32 %W_14_loc, i32 %W_13_loc, i32 %W_12_loc, i32 %W_11_loc, i32 %W_10_loc, i32 %W_9_loc, i32 %W_8_loc, i32 %W_7_loc, i32 %W_6_loc, i32 %W_5_loc, i32 %W_4_loc, i32 %W_3_loc, i32 %W_2_loc, i32 %W_1_loc, i32 %W_loc" [D:/hlstrack/hlstrack2025-master/security/L1/tests/hmac/sha256/../../../../L1/include\xf_security/sha224_256.hpp:533]   --->   Operation 65 'call' 'call_ln533' <Predicate = true> <Delay = 4.95> <CoreType = "Generic">   --->   Generic Core

State 6 <SV = 5> <Delay = 1.58>
ST_6 : Operation 66 [1/1] (0.00ns)   --->   "%W_15_loc_load = load i32 %W_15_loc"   --->   Operation 66 'load' 'W_15_loc_load' <Predicate = true> <Delay = 0.00>
ST_6 : Operation 67 [1/1] (0.00ns)   --->   "%W_14_loc_load = load i32 %W_14_loc"   --->   Operation 67 'load' 'W_14_loc_load' <Predicate = true> <Delay = 0.00>
ST_6 : Operation 68 [1/1] (0.00ns)   --->   "%W_13_loc_load = load i32 %W_13_loc"   --->   Operation 68 'load' 'W_13_loc_load' <Predicate = true> <Delay = 0.00>
ST_6 : Operation 69 [1/1] (0.00ns)   --->   "%W_12_loc_load = load i32 %W_12_loc"   --->   Operation 69 'load' 'W_12_loc_load' <Predicate = true> <Delay = 0.00>
ST_6 : Operation 70 [1/1] (0.00ns)   --->   "%W_11_loc_load = load i32 %W_11_loc"   --->   Operation 70 'load' 'W_11_loc_load' <Predicate = true> <Delay = 0.00>
ST_6 : Operation 71 [1/1] (0.00ns)   --->   "%W_10_loc_load = load i32 %W_10_loc"   --->   Operation 71 'load' 'W_10_loc_load' <Predicate = true> <Delay = 0.00>
ST_6 : Operation 72 [1/1] (0.00ns)   --->   "%W_9_loc_load = load i32 %W_9_loc"   --->   Operation 72 'load' 'W_9_loc_load' <Predicate = true> <Delay = 0.00>
ST_6 : Operation 73 [1/1] (0.00ns)   --->   "%W_8_loc_load = load i32 %W_8_loc"   --->   Operation 73 'load' 'W_8_loc_load' <Predicate = true> <Delay = 0.00>
ST_6 : Operation 74 [1/1] (0.00ns)   --->   "%W_7_loc_load = load i32 %W_7_loc"   --->   Operation 74 'load' 'W_7_loc_load' <Predicate = true> <Delay = 0.00>
ST_6 : Operation 75 [1/1] (0.00ns)   --->   "%W_6_loc_load = load i32 %W_6_loc"   --->   Operation 75 'load' 'W_6_loc_load' <Predicate = true> <Delay = 0.00>
ST_6 : Operation 76 [1/1] (0.00ns)   --->   "%W_5_loc_load = load i32 %W_5_loc"   --->   Operation 76 'load' 'W_5_loc_load' <Predicate = true> <Delay = 0.00>
ST_6 : Operation 77 [1/1] (0.00ns)   --->   "%W_4_loc_load = load i32 %W_4_loc"   --->   Operation 77 'load' 'W_4_loc_load' <Predicate = true> <Delay = 0.00>
ST_6 : Operation 78 [1/1] (0.00ns)   --->   "%W_3_loc_load = load i32 %W_3_loc"   --->   Operation 78 'load' 'W_3_loc_load' <Predicate = true> <Delay = 0.00>
ST_6 : Operation 79 [1/1] (0.00ns)   --->   "%W_2_loc_load = load i32 %W_2_loc"   --->   Operation 79 'load' 'W_2_loc_load' <Predicate = true> <Delay = 0.00>
ST_6 : Operation 80 [1/1] (0.00ns)   --->   "%W_1_loc_load = load i32 %W_1_loc"   --->   Operation 80 'load' 'W_1_loc_load' <Predicate = true> <Delay = 0.00>
ST_6 : Operation 81 [1/1] (0.00ns)   --->   "%W_loc_load = load i32 %W_loc"   --->   Operation 81 'load' 'W_loc_load' <Predicate = true> <Delay = 0.00>
ST_6 : Operation 82 [1/1] (0.00ns)   --->   "%fence_ln549 = fence void @_ssdm_op_Fence, i512 %blk_strm, i32 %w_strm, i32 4294967295, i32 %w_strm" [D:/hlstrack/hlstrack2025-master/security/L1/tests/hmac/sha256/../../../../L1/include\xf_security/sha224_256.hpp:549]   --->   Operation 82 'fence' 'fence_ln549' <Predicate = true> <Delay = 0.00>
ST_6 : Operation 83 [2/2] (1.58ns)   --->   "%call_ln0 = call void @generateMsgSchedule_Pipeline_LOOP_SHA256_PREPARE_WT64, i32 %W_loc_load, i32 %W_2_loc_load, i32 %W_3_loc_load, i32 %W_4_loc_load, i32 %W_5_loc_load, i32 %W_7_loc_load, i32 %W_8_loc_load, i32 %W_9_loc_load, i32 %W_10_loc_load, i32 %W_11_loc_load, i32 %W_12_loc_load, i32 %W_13_loc_load, i32 %W_15_loc_load, i32 %W_14_loc_load, i32 %W_6_loc_load, i32 %W_1_loc_load, i32 %w_strm"   --->   Operation 83 'call' 'call_ln0' <Predicate = true> <Delay = 1.58> <CoreType = "Generic">   --->   Generic Core

State 7 <SV = 6> <Delay = 3.45>
ST_7 : Operation 84 [1/1] (0.00ns)   --->   "%specloopname_ln530 = specloopname void @_ssdm_op_SpecLoopName, void @empty_13" [D:/hlstrack/hlstrack2025-master/security/L1/tests/hmac/sha256/../../../../L1/include\xf_security/sha224_256.hpp:530]   --->   Operation 84 'specloopname' 'specloopname_ln530' <Predicate = true> <Delay = 0.00>
ST_7 : Operation 85 [1/1] (0.00ns)   --->   "%rbegin = specregionbegin i32 @_ssdm_op_SpecRegionBegin, void @empty_0" [D:/hlstrack/hlstrack2025-master/security/L1/tests/hmac/sha256/../../../../L1/include\xf_security/sha224_256.hpp:530]   --->   Operation 85 'specregionbegin' 'rbegin' <Predicate = true> <Delay = 0.00>
ST_7 : Operation 86 [1/2] (3.45ns)   --->   "%call_ln0 = call void @generateMsgSchedule_Pipeline_LOOP_SHA256_PREPARE_WT64, i32 %W_loc_load, i32 %W_2_loc_load, i32 %W_3_loc_load, i32 %W_4_loc_load, i32 %W_5_loc_load, i32 %W_7_loc_load, i32 %W_8_loc_load, i32 %W_9_loc_load, i32 %W_10_loc_load, i32 %W_11_loc_load, i32 %W_12_loc_load, i32 %W_13_loc_load, i32 %W_15_loc_load, i32 %W_14_loc_load, i32 %W_6_loc_load, i32 %W_1_loc_load, i32 %w_strm"   --->   Operation 86 'call' 'call_ln0' <Predicate = true> <Delay = 3.45> <CoreType = "Generic">   --->   Generic Core
ST_7 : Operation 87 [1/1] (0.00ns)   --->   "%speclatency_ln531 = speclatency void @_ssdm_op_SpecLatency, i64 0, i64 65, void @empty_1" [D:/hlstrack/hlstrack2025-master/security/L1/tests/hmac/sha256/../../../../L1/include\xf_security/sha224_256.hpp:531]   --->   Operation 87 'speclatency' 'speclatency_ln531' <Predicate = true> <Delay = 0.00>
ST_7 : Operation 88 [1/1] (0.00ns)   --->   "%rend = specregionend i32 @_ssdm_op_SpecRegionEnd, void @empty_0, i32 %rbegin" [D:/hlstrack/hlstrack2025-master/security/L1/tests/hmac/sha256/../../../../L1/include\xf_security/sha224_256.hpp:560]   --->   Operation 88 'specregionend' 'rend' <Predicate = true> <Delay = 0.00>
ST_7 : Operation 89 [1/1] (0.00ns)   --->   "%br_ln530 = br void %LOOP_SHA256_PREPARE_WT16" [D:/hlstrack/hlstrack2025-master/security/L1/tests/hmac/sha256/../../../../L1/include\xf_security/sha224_256.hpp:530]   --->   Operation 89 'br' 'br_ln530' <Predicate = true> <Delay = 0.00>


============================================================
+ Verbose Summary: Binding
============================================================
STG Binding: 
---------------- STG Properties BEGIN ----------------
- Is combinational: 0
- Is one-state seq: 0
- Is datapath-only: 0
- Is pipelined: 0
- Is top level: 0
Port [ Return ] is wired: 1; IO mode=ap_ctrl_hs:ce=0
Port [ blk_strm]:  wired=1; compound=1; hidden=0; nouse=0; global=0; static=0; extern=0; dir=0; type=3; pingpong=0; private_global=0; IO mode=ap_fifo:ce=0
Port [ nblk_strm1]:  wired=1; compound=1; hidden=0; nouse=0; global=0; static=0; extern=0; dir=0; type=3; pingpong=0; private_global=0; IO mode=ap_fifo:ce=0
Port [ end_nblk_strm1]:  wired=1; compound=1; hidden=0; nouse=0; global=0; static=0; extern=0; dir=0; type=3; pingpong=0; private_global=0; IO mode=ap_fifo:ce=0
Port [ w_strm]:  wired=1; compound=1; hidden=0; nouse=0; global=0; static=0; extern=0; dir=1; type=3; pingpong=0; private_global=0; IO mode=ap_fifo:ce=0
---------------- STG Properties END ------------------

---------------- Datapath Model BEGIN ----------------

<LifeTime>
<method=bitvector/>
W_loc              (alloca         ) [ 00111111]
W_1_loc            (alloca         ) [ 00111111]
W_2_loc            (alloca         ) [ 00111111]
W_3_loc            (alloca         ) [ 00111111]
W_4_loc            (alloca         ) [ 00111111]
W_5_loc            (alloca         ) [ 00111111]
W_6_loc            (alloca         ) [ 00111111]
W_7_loc            (alloca         ) [ 00111111]
W_8_loc            (alloca         ) [ 00111111]
W_9_loc            (alloca         ) [ 00111111]
W_10_loc           (alloca         ) [ 00111111]
W_11_loc           (alloca         ) [ 00111111]
W_12_loc           (alloca         ) [ 00111111]
W_13_loc           (alloca         ) [ 00111111]
W_14_loc           (alloca         ) [ 00111111]
W_15_loc           (alloca         ) [ 00111111]
specmemcore_ln0    (specmemcore    ) [ 00000000]
specmemcore_ln0    (specmemcore    ) [ 00000000]
specmemcore_ln0    (specmemcore    ) [ 00000000]
specmemcore_ln0    (specmemcore    ) [ 00000000]
specinterface_ln0  (specinterface  ) [ 00000000]
specinterface_ln0  (specinterface  ) [ 00000000]
specinterface_ln0  (specinterface  ) [ 00000000]
specinterface_ln0  (specinterface  ) [ 00000000]
e                  (read           ) [ 01111111]
br_ln528           (br             ) [ 01111111]
e_4                (phi            ) [ 00111111]
br_ln528           (br             ) [ 00000000]
specloopname_ln528 (specloopname   ) [ 00000000]
n                  (read           ) [ 00011111]
br_ln530           (br             ) [ 00111111]
ret_ln563          (ret            ) [ 00000000]
i_5                (phi            ) [ 00010000]
icmp_ln530         (icmp           ) [ 00111111]
i                  (add            ) [ 00111111]
br_ln530           (br             ) [ 00000000]
blk_strm_read      (read           ) [ 00000000]
blk                (trunc          ) [ 00001100]
blk_1              (partselect     ) [ 00001100]
blk_2              (partselect     ) [ 00001100]
blk_3              (partselect     ) [ 00001100]
blk_4              (partselect     ) [ 00001100]
blk_5              (partselect     ) [ 00001100]
blk_6              (partselect     ) [ 00001100]
blk_7              (partselect     ) [ 00001100]
blk_8              (partselect     ) [ 00001100]
blk_9              (partselect     ) [ 00001100]
blk_15             (partselect     ) [ 00001100]
blk_10             (partselect     ) [ 00001100]
blk_11             (partselect     ) [ 00001100]
blk_12             (partselect     ) [ 00001100]
blk_13             (partselect     ) [ 00001100]
blk_14             (partselect     ) [ 00001100]
e_5                (read           ) [ 01111111]
br_ln528           (br             ) [ 01111111]
fence_ln541        (fence          ) [ 00000000]
call_ln533         (call           ) [ 00000000]
W_15_loc_load      (load           ) [ 00000001]
W_14_loc_load      (load           ) [ 00000001]
W_13_loc_load      (load           ) [ 00000001]
W_12_loc_load      (load           ) [ 00000001]
W_11_loc_load      (load           ) [ 00000001]
W_10_loc_load      (load           ) [ 00000001]
W_9_loc_load       (load           ) [ 00000001]
W_8_loc_load       (load           ) [ 00000001]
W_7_loc_load       (load           ) [ 00000001]
W_6_loc_load       (load           ) [ 00000001]
W_5_loc_load       (load           ) [ 00000001]
W_4_loc_load       (load           ) [ 00000001]
W_3_loc_load       (load           ) [ 00000001]
W_2_loc_load       (load           ) [ 00000001]
W_1_loc_load       (load           ) [ 00000001]
W_loc_load         (load           ) [ 00000001]
fence_ln549        (fence          ) [ 00000000]
specloopname_ln530 (specloopname   ) [ 00000000]
rbegin             (specregionbegin) [ 00000000]
call_ln0           (call           ) [ 00000000]
speclatency_ln531  (speclatency    ) [ 00000000]
rend               (specregionend  ) [ 00000000]
br_ln530           (br             ) [ 00111111]
</LifeTime>

<model>

<comp_list>
<comp id="0" class="1000" name="blk_strm">
<pin_list>
<pin id="1" dir="1" index="0" bw="1" slack="0"/>
</pin_list>
<bind>
<StgValue><ssdm name="blk_strm"/></StgValue>
</bind>
</comp>

<comp id="2" class="1000" name="nblk_strm1">
<pin_list>
<pin id="3" dir="1" index="0" bw="1" slack="0"/>
</pin_list>
<bind>
<StgValue><ssdm name="nblk_strm1"/></StgValue>
</bind>
</comp>

<comp id="4" class="1000" name="end_nblk_strm1">
<pin_list>
<pin id="5" dir="1" index="0" bw="1" slack="0"/>
</pin_list>
<bind>
<StgValue><ssdm name="end_nblk_strm1"/></StgValue>
</bind>
</comp>

<comp id="6" class="1000" name="w_strm">
<pin_list>
<pin id="7" dir="1" index="0" bw="1" slack="0"/>
</pin_list>
<bind>
<StgValue><ssdm name="w_strm"/></StgValue>
</bind>
</comp>

<comp id="8" class="1001" name="const_8">
<pin_list>
<pin id="9" dir="1" index="0" bw="1" slack="0"/>
</pin_list>
<bind>
<StgValue><ssdm name=""/></StgValue>
</bind>
</comp>

<comp id="10" class="1001" name="const_10">
<pin_list>
<pin id="11" dir="1" index="0" bw="1" slack="2147483647"/>
</pin_list>
<bind>
<StgValue><ssdm name="_ssdm_op_SpecMemCore"/></StgValue>
</bind>
</comp>

<comp id="12" class="1001" name="const_12">
<pin_list>
<pin id="13" dir="1" index="0" bw="1" slack="2147483647"/>
</pin_list>
<bind>
<StgValue><ssdm name=""/></StgValue>
</bind>
</comp>

<comp id="14" class="1001" name="const_14">
<pin_list>
<pin id="15" dir="1" index="0" bw="1" slack="2147483647"/>
</pin_list>
<bind>
<StgValue><ssdm name=""/></StgValue>
</bind>
</comp>

<comp id="16" class="1001" name="const_16">
<pin_list>
<pin id="17" dir="1" index="0" bw="1" slack="2147483647"/>
</pin_list>
<bind>
<StgValue><ssdm name=""/></StgValue>
</bind>
</comp>

<comp id="18" class="1001" name="const_18">
<pin_list>
<pin id="19" dir="1" index="0" bw="1" slack="2147483647"/>
</pin_list>
<bind>
<StgValue><ssdm name="_ssdm_op_SpecInterface"/></StgValue>
</bind>
</comp>

<comp id="20" class="1001" name="const_20">
<pin_list>
<pin id="21" dir="1" index="0" bw="1" slack="2147483647"/>
</pin_list>
<bind>
<StgValue><ssdm name="empty_3"/></StgValue>
</bind>
</comp>

<comp id="22" class="1001" name="const_22">
<pin_list>
<pin id="23" dir="1" index="0" bw="1" slack="2147483647"/>
</pin_list>
<bind>
<StgValue><ssdm name=""/></StgValue>
</bind>
</comp>

<comp id="24" class="1001" name="const_24">
<pin_list>
<pin id="25" dir="1" index="0" bw="1" slack="2147483647"/>
</pin_list>
<bind>
<StgValue><ssdm name="empty_1"/></StgValue>
</bind>
</comp>

<comp id="26" class="1001" name="const_26">
<pin_list>
<pin id="27" dir="1" index="0" bw="1" slack="0"/>
</pin_list>
<bind>
<StgValue><ssdm name=""/></StgValue>
</bind>
</comp>

<comp id="28" class="1001" name="const_28">
<pin_list>
<pin id="29" dir="1" index="0" bw="1" slack="0"/>
</pin_list>
<bind>
<StgValue><ssdm name="_ssdm_op_Read.ap_fifo.volatile.i1P0A"/></StgValue>
</bind>
</comp>

<comp id="30" class="1001" name="const_30">
<pin_list>
<pin id="31" dir="1" index="0" bw="1" slack="2147483647"/>
</pin_list>
<bind>
<StgValue><ssdm name="_ssdm_op_SpecLoopName"/></StgValue>
</bind>
</comp>

<comp id="32" class="1001" name="const_32">
<pin_list>
<pin id="33" dir="1" index="0" bw="1" slack="2147483647"/>
</pin_list>
<bind>
<StgValue><ssdm name="empty_14"/></StgValue>
</bind>
</comp>

<comp id="34" class="1001" name="const_34">
<pin_list>
<pin id="35" dir="1" index="0" bw="1" slack="0"/>
</pin_list>
<bind>
<StgValue><ssdm name="_ssdm_op_Read.ap_fifo.volatile.i64P0A"/></StgValue>
</bind>
</comp>

<comp id="36" class="1001" name="const_36">
<pin_list>
<pin id="37" dir="1" index="0" bw="1" slack="1"/>
</pin_list>
<bind>
<StgValue><ssdm name=""/></StgValue>
</bind>
</comp>

<comp id="38" class="1001" name="const_38">
<pin_list>
<pin id="39" dir="1" index="0" bw="1" slack="0"/>
</pin_list>
<bind>
<StgValue><ssdm name="_ssdm_op_Read.ap_fifo.volatile.i512P0A"/></StgValue>
</bind>
</comp>

<comp id="40" class="1001" name="const_40">
<pin_list>
<pin id="41" dir="1" index="0" bw="1" slack="0"/>
</pin_list>
<bind>
<StgValue><ssdm name="_ssdm_op_PartSelect.i32.i512.i32.i32"/></StgValue>
</bind>
</comp>

<comp id="42" class="1001" name="const_42">
<pin_list>
<pin id="43" dir="1" index="0" bw="1" slack="0"/>
</pin_list>
<bind>
<StgValue><ssdm name=""/></StgValue>
</bind>
</comp>

<comp id="44" class="1001" name="const_44">
<pin_list>
<pin id="45" dir="1" index="0" bw="1" slack="0"/>
</pin_list>
<bind>
<StgValue><ssdm name=""/></StgValue>
</bind>
</comp>

<comp id="46" class="1001" name="const_46">
<pin_list>
<pin id="47" dir="1" index="0" bw="1" slack="0"/>
</pin_list>
<bind>
<StgValue><ssdm name=""/></StgValue>
</bind>
</comp>

<comp id="48" class="1001" name="const_48">
<pin_list>
<pin id="49" dir="1" index="0" bw="1" slack="0"/>
</pin_list>
<bind>
<StgValue><ssdm name=""/></StgValue>
</bind>
</comp>

<comp id="50" class="1001" name="const_50">
<pin_list>
<pin id="51" dir="1" index="0" bw="1" slack="0"/>
</pin_list>
<bind>
<StgValue><ssdm name=""/></StgValue>
</bind>
</comp>

<comp id="52" class="1001" name="const_52">
<pin_list>
<pin id="53" dir="1" index="0" bw="1" slack="0"/>
</pin_list>
<bind>
<StgValue><ssdm name=""/></StgValue>
</bind>
</comp>

<comp id="54" class="1001" name="const_54">
<pin_list>
<pin id="55" dir="1" index="0" bw="1" slack="0"/>
</pin_list>
<bind>
<StgValue><ssdm name=""/></StgValue>
</bind>
</comp>

<comp id="56" class="1001" name="const_56">
<pin_list>
<pin id="57" dir="1" index="0" bw="1" slack="0"/>
</pin_list>
<bind>
<StgValue><ssdm name=""/></StgValue>
</bind>
</comp>

<comp id="58" class="1001" name="const_58">
<pin_list>
<pin id="59" dir="1" index="0" bw="1" slack="0"/>
</pin_list>
<bind>
<StgValue><ssdm name=""/></StgValue>
</bind>
</comp>

<comp id="60" class="1001" name="const_60">
<pin_list>
<pin id="61" dir="1" index="0" bw="1" slack="0"/>
</pin_list>
<bind>
<StgValue><ssdm name=""/></StgValue>
</bind>
</comp>

<comp id="62" class="1001" name="const_62">
<pin_list>
<pin id="63" dir="1" index="0" bw="1" slack="0"/>
</pin_list>
<bind>
<StgValue><ssdm name=""/></StgValue>
</bind>
</comp>

<comp id="64" class="1001" name="const_64">
<pin_list>
<pin id="65" dir="1" index="0" bw="1" slack="0"/>
</pin_list>
<bind>
<StgValue><ssdm name=""/></StgValue>
</bind>
</comp>

<comp id="66" class="1001" name="const_66">
<pin_list>
<pin id="67" dir="1" index="0" bw="1" slack="0"/>
</pin_list>
<bind>
<StgValue><ssdm name=""/></StgValue>
</bind>
</comp>

<comp id="68" class="1001" name="const_68">
<pin_list>
<pin id="69" dir="1" index="0" bw="1" slack="0"/>
</pin_list>
<bind>
<StgValue><ssdm name=""/></StgValue>
</bind>
</comp>

<comp id="70" class="1001" name="const_70">
<pin_list>
<pin id="71" dir="1" index="0" bw="1" slack="0"/>
</pin_list>
<bind>
<StgValue><ssdm name=""/></StgValue>
</bind>
</comp>

<comp id="72" class="1001" name="const_72">
<pin_list>
<pin id="73" dir="1" index="0" bw="1" slack="0"/>
</pin_list>
<bind>
<StgValue><ssdm name=""/></StgValue>
</bind>
</comp>

<comp id="74" class="1001" name="const_74">
<pin_list>
<pin id="75" dir="1" index="0" bw="1" slack="0"/>
</pin_list>
<bind>
<StgValue><ssdm name=""/></StgValue>
</bind>
</comp>

<comp id="76" class="1001" name="const_76">
<pin_list>
<pin id="77" dir="1" index="0" bw="1" slack="0"/>
</pin_list>
<bind>
<StgValue><ssdm name=""/></StgValue>
</bind>
</comp>

<comp id="78" class="1001" name="const_78">
<pin_list>
<pin id="79" dir="1" index="0" bw="1" slack="0"/>
</pin_list>
<bind>
<StgValue><ssdm name=""/></StgValue>
</bind>
</comp>

<comp id="80" class="1001" name="const_80">
<pin_list>
<pin id="81" dir="1" index="0" bw="1" slack="0"/>
</pin_list>
<bind>
<StgValue><ssdm name=""/></StgValue>
</bind>
</comp>

<comp id="82" class="1001" name="const_82">
<pin_list>
<pin id="83" dir="1" index="0" bw="1" slack="0"/>
</pin_list>
<bind>
<StgValue><ssdm name=""/></StgValue>
</bind>
</comp>

<comp id="84" class="1001" name="const_84">
<pin_list>
<pin id="85" dir="1" index="0" bw="1" slack="0"/>
</pin_list>
<bind>
<StgValue><ssdm name=""/></StgValue>
</bind>
</comp>

<comp id="86" class="1001" name="const_86">
<pin_list>
<pin id="87" dir="1" index="0" bw="1" slack="0"/>
</pin_list>
<bind>
<StgValue><ssdm name=""/></StgValue>
</bind>
</comp>

<comp id="88" class="1001" name="const_88">
<pin_list>
<pin id="89" dir="1" index="0" bw="1" slack="0"/>
</pin_list>
<bind>
<StgValue><ssdm name=""/></StgValue>
</bind>
</comp>

<comp id="90" class="1001" name="const_90">
<pin_list>
<pin id="91" dir="1" index="0" bw="1" slack="0"/>
</pin_list>
<bind>
<StgValue><ssdm name=""/></StgValue>
</bind>
</comp>

<comp id="92" class="1001" name="const_92">
<pin_list>
<pin id="93" dir="1" index="0" bw="1" slack="0"/>
</pin_list>
<bind>
<StgValue><ssdm name=""/></StgValue>
</bind>
</comp>

<comp id="94" class="1001" name="const_94">
<pin_list>
<pin id="95" dir="1" index="0" bw="1" slack="0"/>
</pin_list>
<bind>
<StgValue><ssdm name=""/></StgValue>
</bind>
</comp>

<comp id="96" class="1001" name="const_96">
<pin_list>
<pin id="97" dir="1" index="0" bw="1" slack="0"/>
</pin_list>
<bind>
<StgValue><ssdm name=""/></StgValue>
</bind>
</comp>

<comp id="98" class="1001" name="const_98">
<pin_list>
<pin id="99" dir="1" index="0" bw="1" slack="0"/>
</pin_list>
<bind>
<StgValue><ssdm name=""/></StgValue>
</bind>
</comp>

<comp id="100" class="1001" name="const_100">
<pin_list>
<pin id="101" dir="1" index="0" bw="1" slack="0"/>
</pin_list>
<bind>
<StgValue><ssdm name=""/></StgValue>
</bind>
</comp>

<comp id="102" class="1001" name="const_102">
<pin_list>
<pin id="103" dir="1" index="0" bw="1" slack="0"/>
</pin_list>
<bind>
<StgValue><ssdm name="_ssdm_op_Fence"/></StgValue>
</bind>
</comp>

<comp id="104" class="1001" name="const_104">
<pin_list>
<pin id="105" dir="1" index="0" bw="1" slack="0"/>
</pin_list>
<bind>
<StgValue><ssdm name="generateMsgSchedule_Pipeline_LOOP_SHA256_PREPARE_WT16"/></StgValue>
</bind>
</comp>

<comp id="106" class="1001" name="const_106">
<pin_list>
<pin id="107" dir="1" index="0" bw="1" slack="0"/>
</pin_list>
<bind>
<StgValue><ssdm name="generateMsgSchedule_Pipeline_LOOP_SHA256_PREPARE_WT64"/></StgValue>
</bind>
</comp>

<comp id="108" class="1001" name="const_108">
<pin_list>
<pin id="109" dir="1" index="0" bw="1" slack="2147483647"/>
</pin_list>
<bind>
<StgValue><ssdm name="empty_13"/></StgValue>
</bind>
</comp>

<comp id="110" class="1001" name="const_110">
<pin_list>
<pin id="111" dir="1" index="0" bw="1" slack="2147483647"/>
</pin_list>
<bind>
<StgValue><ssdm name="_ssdm_op_SpecRegionBegin"/></StgValue>
</bind>
</comp>

<comp id="112" class="1001" name="const_112">
<pin_list>
<pin id="113" dir="1" index="0" bw="1" slack="2147483647"/>
</pin_list>
<bind>
<StgValue><ssdm name="empty_0"/></StgValue>
</bind>
</comp>

<comp id="114" class="1001" name="const_114">
<pin_list>
<pin id="115" dir="1" index="0" bw="1" slack="2147483647"/>
</pin_list>
<bind>
<StgValue><ssdm name="_ssdm_op_SpecLatency"/></StgValue>
</bind>
</comp>

<comp id="116" class="1001" name="const_116">
<pin_list>
<pin id="117" dir="1" index="0" bw="1" slack="2147483647"/>
</pin_list>
<bind>
<StgValue><ssdm name=""/></StgValue>
</bind>
</comp>

<comp id="118" class="1001" name="const_118">
<pin_list>
<pin id="119" dir="1" index="0" bw="1" slack="2147483647"/>
</pin_list>
<bind>
<StgValue><ssdm name="_ssdm_op_SpecRegionEnd"/></StgValue>
</bind>
</comp>

<comp id="120" class="1004" name="W_loc_fu_120">
<pin_list>
<pin id="121" dir="0" index="0" bw="1" slack="0"/>
<pin id="122" dir="1" index="1" bw="32" slack="3"/>
</pin_list>
<bind>
<opcode="alloca(26) " fcode="alloca"/>
<opset="W_loc/1 "/>
</bind>
</comp>

<comp id="124" class="1004" name="W_1_loc_fu_124">
<pin_list>
<pin id="125" dir="0" index="0" bw="1" slack="0"/>
<pin id="126" dir="1" index="1" bw="32" slack="3"/>
</pin_list>
<bind>
<opcode="alloca(26) " fcode="alloca"/>
<opset="W_1_loc/1 "/>
</bind>
</comp>

<comp id="128" class="1004" name="W_2_loc_fu_128">
<pin_list>
<pin id="129" dir="0" index="0" bw="1" slack="0"/>
<pin id="130" dir="1" index="1" bw="32" slack="3"/>
</pin_list>
<bind>
<opcode="alloca(26) " fcode="alloca"/>
<opset="W_2_loc/1 "/>
</bind>
</comp>

<comp id="132" class="1004" name="W_3_loc_fu_132">
<pin_list>
<pin id="133" dir="0" index="0" bw="1" slack="0"/>
<pin id="134" dir="1" index="1" bw="32" slack="3"/>
</pin_list>
<bind>
<opcode="alloca(26) " fcode="alloca"/>
<opset="W_3_loc/1 "/>
</bind>
</comp>

<comp id="136" class="1004" name="W_4_loc_fu_136">
<pin_list>
<pin id="137" dir="0" index="0" bw="1" slack="0"/>
<pin id="138" dir="1" index="1" bw="32" slack="3"/>
</pin_list>
<bind>
<opcode="alloca(26) " fcode="alloca"/>
<opset="W_4_loc/1 "/>
</bind>
</comp>

<comp id="140" class="1004" name="W_5_loc_fu_140">
<pin_list>
<pin id="141" dir="0" index="0" bw="1" slack="0"/>
<pin id="142" dir="1" index="1" bw="32" slack="3"/>
</pin_list>
<bind>
<opcode="alloca(26) " fcode="alloca"/>
<opset="W_5_loc/1 "/>
</bind>
</comp>

<comp id="144" class="1004" name="W_6_loc_fu_144">
<pin_list>
<pin id="145" dir="0" index="0" bw="1" slack="0"/>
<pin id="146" dir="1" index="1" bw="32" slack="3"/>
</pin_list>
<bind>
<opcode="alloca(26) " fcode="alloca"/>
<opset="W_6_loc/1 "/>
</bind>
</comp>

<comp id="148" class="1004" name="W_7_loc_fu_148">
<pin_list>
<pin id="149" dir="0" index="0" bw="1" slack="0"/>
<pin id="150" dir="1" index="1" bw="32" slack="3"/>
</pin_list>
<bind>
<opcode="alloca(26) " fcode="alloca"/>
<opset="W_7_loc/1 "/>
</bind>
</comp>

<comp id="152" class="1004" name="W_8_loc_fu_152">
<pin_list>
<pin id="153" dir="0" index="0" bw="1" slack="0"/>
<pin id="154" dir="1" index="1" bw="32" slack="3"/>
</pin_list>
<bind>
<opcode="alloca(26) " fcode="alloca"/>
<opset="W_8_loc/1 "/>
</bind>
</comp>

<comp id="156" class="1004" name="W_9_loc_fu_156">
<pin_list>
<pin id="157" dir="0" index="0" bw="1" slack="0"/>
<pin id="158" dir="1" index="1" bw="32" slack="3"/>
</pin_list>
<bind>
<opcode="alloca(26) " fcode="alloca"/>
<opset="W_9_loc/1 "/>
</bind>
</comp>

<comp id="160" class="1004" name="W_10_loc_fu_160">
<pin_list>
<pin id="161" dir="0" index="0" bw="1" slack="0"/>
<pin id="162" dir="1" index="1" bw="32" slack="3"/>
</pin_list>
<bind>
<opcode="alloca(26) " fcode="alloca"/>
<opset="W_10_loc/1 "/>
</bind>
</comp>

<comp id="164" class="1004" name="W_11_loc_fu_164">
<pin_list>
<pin id="165" dir="0" index="0" bw="1" slack="0"/>
<pin id="166" dir="1" index="1" bw="32" slack="3"/>
</pin_list>
<bind>
<opcode="alloca(26) " fcode="alloca"/>
<opset="W_11_loc/1 "/>
</bind>
</comp>

<comp id="168" class="1004" name="W_12_loc_fu_168">
<pin_list>
<pin id="169" dir="0" index="0" bw="1" slack="0"/>
<pin id="170" dir="1" index="1" bw="32" slack="3"/>
</pin_list>
<bind>
<opcode="alloca(26) " fcode="alloca"/>
<opset="W_12_loc/1 "/>
</bind>
</comp>

<comp id="172" class="1004" name="W_13_loc_fu_172">
<pin_list>
<pin id="173" dir="0" index="0" bw="1" slack="0"/>
<pin id="174" dir="1" index="1" bw="32" slack="3"/>
</pin_list>
<bind>
<opcode="alloca(26) " fcode="alloca"/>
<opset="W_13_loc/1 "/>
</bind>
</comp>

<comp id="176" class="1004" name="W_14_loc_fu_176">
<pin_list>
<pin id="177" dir="0" index="0" bw="1" slack="0"/>
<pin id="178" dir="1" index="1" bw="32" slack="3"/>
</pin_list>
<bind>
<opcode="alloca(26) " fcode="alloca"/>
<opset="W_14_loc/1 "/>
</bind>
</comp>

<comp id="180" class="1004" name="W_15_loc_fu_180">
<pin_list>
<pin id="181" dir="0" index="0" bw="1" slack="0"/>
<pin id="182" dir="1" index="1" bw="32" slack="3"/>
</pin_list>
<bind>
<opcode="alloca(26) " fcode="alloca"/>
<opset="W_15_loc/1 "/>
</bind>
</comp>

<comp id="184" class="1004" name="grp_read_fu_184">
<pin_list>
<pin id="185" dir="0" index="0" bw="1" slack="0"/>
<pin id="186" dir="0" index="1" bw="1" slack="0"/>
<pin id="187" dir="1" index="2" bw="1" slack="1"/>
</pin_list>
<bind>
<opcode="read(1150) " fcode="read"/>
<opset="e/1 e_5/3 "/>
</bind>
</comp>

<comp id="190" class="1004" name="n_read_fu_190">
<pin_list>
<pin id="191" dir="0" index="0" bw="64" slack="0"/>
<pin id="192" dir="0" index="1" bw="64" slack="0"/>
<pin id="193" dir="1" index="2" bw="64" slack="1"/>
</pin_list>
<bind>
<opcode="read(1150) " fcode="read"/>
<opset="n/2 "/>
</bind>
</comp>

<comp id="196" class="1004" name="blk_strm_read_read_fu_196">
<pin_list>
<pin id="197" dir="0" index="0" bw="512" slack="0"/>
<pin id="198" dir="0" index="1" bw="512" slack="0"/>
<pin id="199" dir="1" index="2" bw="512" slack="0"/>
</pin_list>
<bind>
<opcode="read(1150) " fcode="read"/>
<opset="blk_strm_read/3 "/>
</bind>
</comp>

<comp id="202" class="1005" name="e_4_reg_202">
<pin_list>
<pin id="203" dir="0" index="0" bw="1" slack="2147483647"/>
<pin id="204" dir="1" index="1" bw="1" slack="2147483647"/>
</pin_list>
<bind>
<opset="e_4 (phireg) "/>
</bind>
</comp>

<comp id="205" class="1004" name="e_4_phi_fu_205">
<pin_list>
<pin id="206" dir="0" index="0" bw="1" slack="1"/>
<pin id="207" dir="0" index="1" bw="0" slack="2147483647"/>
<pin id="208" dir="0" index="2" bw="1" slack="1"/>
<pin id="209" dir="0" index="3" bw="0" slack="2147483647"/>
<pin id="210" dir="1" index="4" bw="1" slack="2147483647"/>
</pin_list>
<bind>
<opcode="phi(47) " fcode="phi"/>
<opset="e_4/2 "/>
</bind>
</comp>

<comp id="211" class="1005" name="i_5_reg_211">
<pin_list>
<pin id="212" dir="0" index="0" bw="64" slack="1"/>
<pin id="213" dir="1" index="1" bw="64" slack="1"/>
</pin_list>
<bind>
<opset="i_5 (phireg) "/>
</bind>
</comp>

<comp id="215" class="1004" name="i_5_phi_fu_215">
<pin_list>
<pin id="216" dir="0" index="0" bw="1" slack="1"/>
<pin id="217" dir="0" index="1" bw="0" slack="2147483647"/>
<pin id="218" dir="0" index="2" bw="64" slack="0"/>
<pin id="219" dir="0" index="3" bw="0" slack="2147483647"/>
<pin id="220" dir="1" index="4" bw="64" slack="0"/>
</pin_list>
<bind>
<opcode="phi(47) " fcode="phi"/>
<opset="i_5/3 "/>
</bind>
</comp>

<comp id="222" class="1004" name="grp_generateMsgSchedule_Pipeline_LOOP_SHA256_PREPARE_WT16_fu_222">
<pin_list>
<pin id="223" dir="0" index="0" bw="0" slack="0"/>
<pin id="224" dir="0" index="1" bw="32" slack="0"/>
<pin id="225" dir="0" index="2" bw="32" slack="1"/>
<pin id="226" dir="0" index="3" bw="32" slack="1"/>
<pin id="227" dir="0" index="4" bw="32" slack="1"/>
<pin id="228" dir="0" index="5" bw="32" slack="1"/>
<pin id="229" dir="0" index="6" bw="32" slack="1"/>
<pin id="230" dir="0" index="7" bw="32" slack="1"/>
<pin id="231" dir="0" index="8" bw="32" slack="1"/>
<pin id="232" dir="0" index="9" bw="32" slack="1"/>
<pin id="233" dir="0" index="10" bw="32" slack="1"/>
<pin id="234" dir="0" index="11" bw="32" slack="1"/>
<pin id="235" dir="0" index="12" bw="32" slack="1"/>
<pin id="236" dir="0" index="13" bw="32" slack="1"/>
<pin id="237" dir="0" index="14" bw="32" slack="1"/>
<pin id="238" dir="0" index="15" bw="32" slack="1"/>
<pin id="239" dir="0" index="16" bw="32" slack="1"/>
<pin id="240" dir="0" index="17" bw="32" slack="1"/>
<pin id="241" dir="0" index="18" bw="32" slack="3"/>
<pin id="242" dir="0" index="19" bw="32" slack="3"/>
<pin id="243" dir="0" index="20" bw="32" slack="3"/>
<pin id="244" dir="0" index="21" bw="32" slack="3"/>
<pin id="245" dir="0" index="22" bw="32" slack="3"/>
<pin id="246" dir="0" index="23" bw="32" slack="3"/>
<pin id="247" dir="0" index="24" bw="32" slack="3"/>
<pin id="248" dir="0" index="25" bw="32" slack="3"/>
<pin id="249" dir="0" index="26" bw="32" slack="3"/>
<pin id="250" dir="0" index="27" bw="32" slack="3"/>
<pin id="251" dir="0" index="28" bw="32" slack="3"/>
<pin id="252" dir="0" index="29" bw="32" slack="3"/>
<pin id="253" dir="0" index="30" bw="32" slack="3"/>
<pin id="254" dir="0" index="31" bw="32" slack="3"/>
<pin id="255" dir="0" index="32" bw="32" slack="3"/>
<pin id="256" dir="0" index="33" bw="32" slack="3"/>
<pin id="257" dir="1" index="34" bw="0" slack="2147483647"/>
</pin_list>
<bind>
<opcode="call(48) " fcode="call"/>
<opset="call_ln533/4 "/>
</bind>
</comp>

<comp id="260" class="1004" name="grp_generateMsgSchedule_Pipeline_LOOP_SHA256_PREPARE_WT64_fu_260">
<pin_list>
<pin id="261" dir="0" index="0" bw="0" slack="0"/>
<pin id="262" dir="0" index="1" bw="32" slack="0"/>
<pin id="263" dir="0" index="2" bw="32" slack="0"/>
<pin id="264" dir="0" index="3" bw="32" slack="0"/>
<pin id="265" dir="0" index="4" bw="32" slack="0"/>
<pin id="266" dir="0" index="5" bw="32" slack="0"/>
<pin id="267" dir="0" index="6" bw="32" slack="0"/>
<pin id="268" dir="0" index="7" bw="32" slack="0"/>
<pin id="269" dir="0" index="8" bw="32" slack="0"/>
<pin id="270" dir="0" index="9" bw="32" slack="0"/>
<pin id="271" dir="0" index="10" bw="32" slack="0"/>
<pin id="272" dir="0" index="11" bw="32" slack="0"/>
<pin id="273" dir="0" index="12" bw="32" slack="0"/>
<pin id="274" dir="0" index="13" bw="32" slack="0"/>
<pin id="275" dir="0" index="14" bw="32" slack="0"/>
<pin id="276" dir="0" index="15" bw="32" slack="0"/>
<pin id="277" dir="0" index="16" bw="32" slack="0"/>
<pin id="278" dir="0" index="17" bw="32" slack="0"/>
<pin id="279" dir="1" index="18" bw="0" slack="2147483647"/>
</pin_list>
<bind>
<opcode="call(48) " fcode="call"/>
<opset="call_ln0/6 "/>
</bind>
</comp>

<comp id="282" class="1004" name="icmp_ln530_fu_282">
<pin_list>
<pin id="283" dir="0" index="0" bw="64" slack="0"/>
<pin id="284" dir="0" index="1" bw="64" slack="1"/>
<pin id="285" dir="1" index="2" bw="1" slack="2147483647"/>
</pin_list>
<bind>
<opcode="icmp(45) " fcode="icmp"/>
<opset="icmp_ln530/3 "/>
</bind>
</comp>

<comp id="287" class="1004" name="i_fu_287">
<pin_list>
<pin id="288" dir="0" index="0" bw="64" slack="0"/>
<pin id="289" dir="0" index="1" bw="1" slack="0"/>
<pin id="290" dir="1" index="2" bw="64" slack="0"/>
</pin_list>
<bind>
<opcode="add(8) " fcode="add"/>
<opset="i/3 "/>
</bind>
</comp>

<comp id="293" class="1004" name="blk_fu_293">
<pin_list>
<pin id="294" dir="0" index="0" bw="512" slack="0"/>
<pin id="295" dir="1" index="1" bw="32" slack="1"/>
</pin_list>
<bind>
<opcode="trunc(33) " fcode="trunc"/>
<opset="blk/3 "/>
</bind>
</comp>

<comp id="297" class="1004" name="blk_1_fu_297">
<pin_list>
<pin id="298" dir="0" index="0" bw="32" slack="0"/>
<pin id="299" dir="0" index="1" bw="512" slack="0"/>
<pin id="300" dir="0" index="2" bw="7" slack="0"/>
<pin id="301" dir="0" index="3" bw="7" slack="0"/>
<pin id="302" dir="1" index="4" bw="32" slack="1"/>
</pin_list>
<bind>
<opcode="partselect(1002) " fcode="partselect"/>
<opset="blk_1/3 "/>
</bind>
</comp>

<comp id="307" class="1004" name="blk_2_fu_307">
<pin_list>
<pin id="308" dir="0" index="0" bw="32" slack="0"/>
<pin id="309" dir="0" index="1" bw="512" slack="0"/>
<pin id="310" dir="0" index="2" bw="8" slack="0"/>
<pin id="311" dir="0" index="3" bw="8" slack="0"/>
<pin id="312" dir="1" index="4" bw="32" slack="1"/>
</pin_list>
<bind>
<opcode="partselect(1002) " fcode="partselect"/>
<opset="blk_2/3 "/>
</bind>
</comp>

<comp id="317" class="1004" name="blk_3_fu_317">
<pin_list>
<pin id="318" dir="0" index="0" bw="32" slack="0"/>
<pin id="319" dir="0" index="1" bw="512" slack="0"/>
<pin id="320" dir="0" index="2" bw="8" slack="0"/>
<pin id="321" dir="0" index="3" bw="8" slack="0"/>
<pin id="322" dir="1" index="4" bw="32" slack="1"/>
</pin_list>
<bind>
<opcode="partselect(1002) " fcode="partselect"/>
<opset="blk_3/3 "/>
</bind>
</comp>

<comp id="327" class="1004" name="blk_4_fu_327">
<pin_list>
<pin id="328" dir="0" index="0" bw="32" slack="0"/>
<pin id="329" dir="0" index="1" bw="512" slack="0"/>
<pin id="330" dir="0" index="2" bw="9" slack="0"/>
<pin id="331" dir="0" index="3" bw="9" slack="0"/>
<pin id="332" dir="1" index="4" bw="32" slack="1"/>
</pin_list>
<bind>
<opcode="partselect(1002) " fcode="partselect"/>
<opset="blk_4/3 "/>
</bind>
</comp>

<comp id="337" class="1004" name="blk_5_fu_337">
<pin_list>
<pin id="338" dir="0" index="0" bw="32" slack="0"/>
<pin id="339" dir="0" index="1" bw="512" slack="0"/>
<pin id="340" dir="0" index="2" bw="9" slack="0"/>
<pin id="341" dir="0" index="3" bw="9" slack="0"/>
<pin id="342" dir="1" index="4" bw="32" slack="1"/>
</pin_list>
<bind>
<opcode="partselect(1002) " fcode="partselect"/>
<opset="blk_5/3 "/>
</bind>
</comp>

<comp id="347" class="1004" name="blk_6_fu_347">
<pin_list>
<pin id="348" dir="0" index="0" bw="32" slack="0"/>
<pin id="349" dir="0" index="1" bw="512" slack="0"/>
<pin id="350" dir="0" index="2" bw="9" slack="0"/>
<pin id="351" dir="0" index="3" bw="9" slack="0"/>
<pin id="352" dir="1" index="4" bw="32" slack="1"/>
</pin_list>
<bind>
<opcode="partselect(1002) " fcode="partselect"/>
<opset="blk_6/3 "/>
</bind>
</comp>

<comp id="357" class="1004" name="blk_7_fu_357">
<pin_list>
<pin id="358" dir="0" index="0" bw="32" slack="0"/>
<pin id="359" dir="0" index="1" bw="512" slack="0"/>
<pin id="360" dir="0" index="2" bw="9" slack="0"/>
<pin id="361" dir="0" index="3" bw="9" slack="0"/>
<pin id="362" dir="1" index="4" bw="32" slack="1"/>
</pin_list>
<bind>
<opcode="partselect(1002) " fcode="partselect"/>
<opset="blk_7/3 "/>
</bind>
</comp>

<comp id="367" class="1004" name="blk_8_fu_367">
<pin_list>
<pin id="368" dir="0" index="0" bw="32" slack="0"/>
<pin id="369" dir="0" index="1" bw="512" slack="0"/>
<pin id="370" dir="0" index="2" bw="10" slack="0"/>
<pin id="371" dir="0" index="3" bw="10" slack="0"/>
<pin id="372" dir="1" index="4" bw="32" slack="1"/>
</pin_list>
<bind>
<opcode="partselect(1002) " fcode="partselect"/>
<opset="blk_8/3 "/>
</bind>
</comp>

<comp id="377" class="1004" name="blk_9_fu_377">
<pin_list>
<pin id="378" dir="0" index="0" bw="32" slack="0"/>
<pin id="379" dir="0" index="1" bw="512" slack="0"/>
<pin id="380" dir="0" index="2" bw="10" slack="0"/>
<pin id="381" dir="0" index="3" bw="10" slack="0"/>
<pin id="382" dir="1" index="4" bw="32" slack="1"/>
</pin_list>
<bind>
<opcode="partselect(1002) " fcode="partselect"/>
<opset="blk_9/3 "/>
</bind>
</comp>

<comp id="387" class="1004" name="blk_15_fu_387">
<pin_list>
<pin id="388" dir="0" index="0" bw="32" slack="0"/>
<pin id="389" dir="0" index="1" bw="512" slack="0"/>
<pin id="390" dir="0" index="2" bw="10" slack="0"/>
<pin id="391" dir="0" index="3" bw="10" slack="0"/>
<pin id="392" dir="1" index="4" bw="32" slack="1"/>
</pin_list>
<bind>
<opcode="partselect(1002) " fcode="partselect"/>
<opset="blk_15/3 "/>
</bind>
</comp>

<comp id="397" class="1004" name="blk_10_fu_397">
<pin_list>
<pin id="398" dir="0" index="0" bw="32" slack="0"/>
<pin id="399" dir="0" index="1" bw="512" slack="0"/>
<pin id="400" dir="0" index="2" bw="10" slack="0"/>
<pin id="401" dir="0" index="3" bw="10" slack="0"/>
<pin id="402" dir="1" index="4" bw="32" slack="1"/>
</pin_list>
<bind>
<opcode="partselect(1002) " fcode="partselect"/>
<opset="blk_10/3 "/>
</bind>
</comp>

<comp id="407" class="1004" name="blk_11_fu_407">
<pin_list>
<pin id="408" dir="0" index="0" bw="32" slack="0"/>
<pin id="409" dir="0" index="1" bw="512" slack="0"/>
<pin id="410" dir="0" index="2" bw="10" slack="0"/>
<pin id="411" dir="0" index="3" bw="10" slack="0"/>
<pin id="412" dir="1" index="4" bw="32" slack="1"/>
</pin_list>
<bind>
<opcode="partselect(1002) " fcode="partselect"/>
<opset="blk_11/3 "/>
</bind>
</comp>

<comp id="417" class="1004" name="blk_12_fu_417">
<pin_list>
<pin id="418" dir="0" index="0" bw="32" slack="0"/>
<pin id="419" dir="0" index="1" bw="512" slack="0"/>
<pin id="420" dir="0" index="2" bw="10" slack="0"/>
<pin id="421" dir="0" index="3" bw="10" slack="0"/>
<pin id="422" dir="1" index="4" bw="32" slack="1"/>
</pin_list>
<bind>
<opcode="partselect(1002) " fcode="partselect"/>
<opset="blk_12/3 "/>
</bind>
</comp>

<comp id="427" class="1004" name="blk_13_fu_427">
<pin_list>
<pin id="428" dir="0" index="0" bw="32" slack="0"/>
<pin id="429" dir="0" index="1" bw="512" slack="0"/>
<pin id="430" dir="0" index="2" bw="10" slack="0"/>
<pin id="431" dir="0" index="3" bw="10" slack="0"/>
<pin id="432" dir="1" index="4" bw="32" slack="1"/>
</pin_list>
<bind>
<opcode="partselect(1002) " fcode="partselect"/>
<opset="blk_13/3 "/>
</bind>
</comp>

<comp id="437" class="1004" name="blk_14_fu_437">
<pin_list>
<pin id="438" dir="0" index="0" bw="32" slack="0"/>
<pin id="439" dir="0" index="1" bw="512" slack="0"/>
<pin id="440" dir="0" index="2" bw="10" slack="0"/>
<pin id="441" dir="0" index="3" bw="10" slack="0"/>
<pin id="442" dir="1" index="4" bw="32" slack="1"/>
</pin_list>
<bind>
<opcode="partselect(1002) " fcode="partselect"/>
<opset="blk_14/3 "/>
</bind>
</comp>

<comp id="447" class="1004" name="fence_ln541_fu_447">
<pin_list>
<pin id="448" dir="0" index="0" bw="0" slack="0"/>
<pin id="449" dir="0" index="1" bw="512" slack="0"/>
<pin id="450" dir="0" index="2" bw="1" slack="0"/>
<pin id="451" dir="0" index="3" bw="32" slack="0"/>
<pin id="452" dir="1" index="4" bw="0" slack="2147483647"/>
</pin_list>
<bind>
<opcode="fence(30) " fcode="fence"/>
<opset="fence_ln541/4 "/>
</bind>
</comp>

<comp id="457" class="1004" name="W_15_loc_load_load_fu_457">
<pin_list>
<pin id="458" dir="0" index="0" bw="32" slack="5"/>
<pin id="459" dir="1" index="1" bw="32" slack="0"/>
</pin_list>
<bind>
<opcode="load(27) " fcode="load"/>
<opset="W_15_loc_load/6 "/>
</bind>
</comp>

<comp id="461" class="1004" name="W_14_loc_load_load_fu_461">
<pin_list>
<pin id="462" dir="0" index="0" bw="32" slack="5"/>
<pin id="463" dir="1" index="1" bw="32" slack="0"/>
</pin_list>
<bind>
<opcode="load(27) " fcode="load"/>
<opset="W_14_loc_load/6 "/>
</bind>
</comp>

<comp id="465" class="1004" name="W_13_loc_load_load_fu_465">
<pin_list>
<pin id="466" dir="0" index="0" bw="32" slack="5"/>
<pin id="467" dir="1" index="1" bw="32" slack="0"/>
</pin_list>
<bind>
<opcode="load(27) " fcode="load"/>
<opset="W_13_loc_load/6 "/>
</bind>
</comp>

<comp id="469" class="1004" name="W_12_loc_load_load_fu_469">
<pin_list>
<pin id="470" dir="0" index="0" bw="32" slack="5"/>
<pin id="471" dir="1" index="1" bw="32" slack="0"/>
</pin_list>
<bind>
<opcode="load(27) " fcode="load"/>
<opset="W_12_loc_load/6 "/>
</bind>
</comp>

<comp id="473" class="1004" name="W_11_loc_load_load_fu_473">
<pin_list>
<pin id="474" dir="0" index="0" bw="32" slack="5"/>
<pin id="475" dir="1" index="1" bw="32" slack="0"/>
</pin_list>
<bind>
<opcode="load(27) " fcode="load"/>
<opset="W_11_loc_load/6 "/>
</bind>
</comp>

<comp id="477" class="1004" name="W_10_loc_load_load_fu_477">
<pin_list>
<pin id="478" dir="0" index="0" bw="32" slack="5"/>
<pin id="479" dir="1" index="1" bw="32" slack="0"/>
</pin_list>
<bind>
<opcode="load(27) " fcode="load"/>
<opset="W_10_loc_load/6 "/>
</bind>
</comp>

<comp id="481" class="1004" name="W_9_loc_load_load_fu_481">
<pin_list>
<pin id="482" dir="0" index="0" bw="32" slack="5"/>
<pin id="483" dir="1" index="1" bw="32" slack="0"/>
</pin_list>
<bind>
<opcode="load(27) " fcode="load"/>
<opset="W_9_loc_load/6 "/>
</bind>
</comp>

<comp id="485" class="1004" name="W_8_loc_load_load_fu_485">
<pin_list>
<pin id="486" dir="0" index="0" bw="32" slack="5"/>
<pin id="487" dir="1" index="1" bw="32" slack="0"/>
</pin_list>
<bind>
<opcode="load(27) " fcode="load"/>
<opset="W_8_loc_load/6 "/>
</bind>
</comp>

<comp id="489" class="1004" name="W_7_loc_load_load_fu_489">
<pin_list>
<pin id="490" dir="0" index="0" bw="32" slack="5"/>
<pin id="491" dir="1" index="1" bw="32" slack="0"/>
</pin_list>
<bind>
<opcode="load(27) " fcode="load"/>
<opset="W_7_loc_load/6 "/>
</bind>
</comp>

<comp id="493" class="1004" name="W_6_loc_load_load_fu_493">
<pin_list>
<pin id="494" dir="0" index="0" bw="32" slack="5"/>
<pin id="495" dir="1" index="1" bw="32" slack="0"/>
</pin_list>
<bind>
<opcode="load(27) " fcode="load"/>
<opset="W_6_loc_load/6 "/>
</bind>
</comp>

<comp id="497" class="1004" name="W_5_loc_load_load_fu_497">
<pin_list>
<pin id="498" dir="0" index="0" bw="32" slack="5"/>
<pin id="499" dir="1" index="1" bw="32" slack="0"/>
</pin_list>
<bind>
<opcode="load(27) " fcode="load"/>
<opset="W_5_loc_load/6 "/>
</bind>
</comp>

<comp id="501" class="1004" name="W_4_loc_load_load_fu_501">
<pin_list>
<pin id="502" dir="0" index="0" bw="32" slack="5"/>
<pin id="503" dir="1" index="1" bw="32" slack="0"/>
</pin_list>
<bind>
<opcode="load(27) " fcode="load"/>
<opset="W_4_loc_load/6 "/>
</bind>
</comp>

<comp id="505" class="1004" name="W_3_loc_load_load_fu_505">
<pin_list>
<pin id="506" dir="0" index="0" bw="32" slack="5"/>
<pin id="507" dir="1" index="1" bw="32" slack="0"/>
</pin_list>
<bind>
<opcode="load(27) " fcode="load"/>
<opset="W_3_loc_load/6 "/>
</bind>
</comp>

<comp id="509" class="1004" name="W_2_loc_load_load_fu_509">
<pin_list>
<pin id="510" dir="0" index="0" bw="32" slack="5"/>
<pin id="511" dir="1" index="1" bw="32" slack="0"/>
</pin_list>
<bind>
<opcode="load(27) " fcode="load"/>
<opset="W_2_loc_load/6 "/>
</bind>
</comp>

<comp id="513" class="1004" name="W_1_loc_load_load_fu_513">
<pin_list>
<pin id="514" dir="0" index="0" bw="32" slack="5"/>
<pin id="515" dir="1" index="1" bw="32" slack="0"/>
</pin_list>
<bind>
<opcode="load(27) " fcode="load"/>
<opset="W_1_loc_load/6 "/>
</bind>
</comp>

<comp id="517" class="1004" name="W_loc_load_load_fu_517">
<pin_list>
<pin id="518" dir="0" index="0" bw="32" slack="5"/>
<pin id="519" dir="1" index="1" bw="32" slack="0"/>
</pin_list>
<bind>
<opcode="load(27) " fcode="load"/>
<opset="W_loc_load/6 "/>
</bind>
</comp>

<comp id="521" class="1004" name="fence_ln549_fu_521">
<pin_list>
<pin id="522" dir="0" index="0" bw="0" slack="0"/>
<pin id="523" dir="0" index="1" bw="512" slack="0"/>
<pin id="524" dir="0" index="2" bw="32" slack="0"/>
<pin id="525" dir="0" index="3" bw="1" slack="0"/>
<pin id="526" dir="0" index="4" bw="32" slack="0"/>
<pin id="527" dir="1" index="5" bw="0" slack="2147483647"/>
</pin_list>
<bind>
<opcode="fence(30) " fcode="fence"/>
<opset="fence_ln549/6 "/>
</bind>
</comp>

<comp id="533" class="1005" name="W_loc_reg_533">
<pin_list>
<pin id="534" dir="0" index="0" bw="32" slack="3"/>
<pin id="535" dir="1" index="1" bw="32" slack="3"/>
</pin_list>
<bind>
<opset="W_loc "/>
</bind>
</comp>

<comp id="539" class="1005" name="W_1_loc_reg_539">
<pin_list>
<pin id="540" dir="0" index="0" bw="32" slack="3"/>
<pin id="541" dir="1" index="1" bw="32" slack="3"/>
</pin_list>
<bind>
<opset="W_1_loc "/>
</bind>
</comp>

<comp id="545" class="1005" name="W_2_loc_reg_545">
<pin_list>
<pin id="546" dir="0" index="0" bw="32" slack="3"/>
<pin id="547" dir="1" index="1" bw="32" slack="3"/>
</pin_list>
<bind>
<opset="W_2_loc "/>
</bind>
</comp>

<comp id="551" class="1005" name="W_3_loc_reg_551">
<pin_list>
<pin id="552" dir="0" index="0" bw="32" slack="3"/>
<pin id="553" dir="1" index="1" bw="32" slack="3"/>
</pin_list>
<bind>
<opset="W_3_loc "/>
</bind>
</comp>

<comp id="557" class="1005" name="W_4_loc_reg_557">
<pin_list>
<pin id="558" dir="0" index="0" bw="32" slack="3"/>
<pin id="559" dir="1" index="1" bw="32" slack="3"/>
</pin_list>
<bind>
<opset="W_4_loc "/>
</bind>
</comp>

<comp id="563" class="1005" name="W_5_loc_reg_563">
<pin_list>
<pin id="564" dir="0" index="0" bw="32" slack="3"/>
<pin id="565" dir="1" index="1" bw="32" slack="3"/>
</pin_list>
<bind>
<opset="W_5_loc "/>
</bind>
</comp>

<comp id="569" class="1005" name="W_6_loc_reg_569">
<pin_list>
<pin id="570" dir="0" index="0" bw="32" slack="3"/>
<pin id="571" dir="1" index="1" bw="32" slack="3"/>
</pin_list>
<bind>
<opset="W_6_loc "/>
</bind>
</comp>

<comp id="575" class="1005" name="W_7_loc_reg_575">
<pin_list>
<pin id="576" dir="0" index="0" bw="32" slack="3"/>
<pin id="577" dir="1" index="1" bw="32" slack="3"/>
</pin_list>
<bind>
<opset="W_7_loc "/>
</bind>
</comp>

<comp id="581" class="1005" name="W_8_loc_reg_581">
<pin_list>
<pin id="582" dir="0" index="0" bw="32" slack="3"/>
<pin id="583" dir="1" index="1" bw="32" slack="3"/>
</pin_list>
<bind>
<opset="W_8_loc "/>
</bind>
</comp>

<comp id="587" class="1005" name="W_9_loc_reg_587">
<pin_list>
<pin id="588" dir="0" index="0" bw="32" slack="3"/>
<pin id="589" dir="1" index="1" bw="32" slack="3"/>
</pin_list>
<bind>
<opset="W_9_loc "/>
</bind>
</comp>

<comp id="593" class="1005" name="W_10_loc_reg_593">
<pin_list>
<pin id="594" dir="0" index="0" bw="32" slack="3"/>
<pin id="595" dir="1" index="1" bw="32" slack="3"/>
</pin_list>
<bind>
<opset="W_10_loc "/>
</bind>
</comp>

<comp id="599" class="1005" name="W_11_loc_reg_599">
<pin_list>
<pin id="600" dir="0" index="0" bw="32" slack="3"/>
<pin id="601" dir="1" index="1" bw="32" slack="3"/>
</pin_list>
<bind>
<opset="W_11_loc "/>
</bind>
</comp>

<comp id="605" class="1005" name="W_12_loc_reg_605">
<pin_list>
<pin id="606" dir="0" index="0" bw="32" slack="3"/>
<pin id="607" dir="1" index="1" bw="32" slack="3"/>
</pin_list>
<bind>
<opset="W_12_loc "/>
</bind>
</comp>

<comp id="611" class="1005" name="W_13_loc_reg_611">
<pin_list>
<pin id="612" dir="0" index="0" bw="32" slack="3"/>
<pin id="613" dir="1" index="1" bw="32" slack="3"/>
</pin_list>
<bind>
<opset="W_13_loc "/>
</bind>
</comp>

<comp id="617" class="1005" name="W_14_loc_reg_617">
<pin_list>
<pin id="618" dir="0" index="0" bw="32" slack="3"/>
<pin id="619" dir="1" index="1" bw="32" slack="3"/>
</pin_list>
<bind>
<opset="W_14_loc "/>
</bind>
</comp>

<comp id="623" class="1005" name="W_15_loc_reg_623">
<pin_list>
<pin id="624" dir="0" index="0" bw="32" slack="3"/>
<pin id="625" dir="1" index="1" bw="32" slack="3"/>
</pin_list>
<bind>
<opset="W_15_loc "/>
</bind>
</comp>

<comp id="629" class="1005" name="e_reg_629">
<pin_list>
<pin id="630" dir="0" index="0" bw="1" slack="1"/>
<pin id="631" dir="1" index="1" bw="1" slack="1"/>
</pin_list>
<bind>
<opset="e "/>
</bind>
</comp>

<comp id="634" class="1005" name="n_reg_634">
<pin_list>
<pin id="635" dir="0" index="0" bw="64" slack="1"/>
<pin id="636" dir="1" index="1" bw="64" slack="1"/>
</pin_list>
<bind>
<opset="n "/>
</bind>
</comp>

<comp id="642" class="1005" name="i_reg_642">
<pin_list>
<pin id="643" dir="0" index="0" bw="64" slack="0"/>
<pin id="644" dir="1" index="1" bw="64" slack="0"/>
</pin_list>
<bind>
<opset="i "/>
</bind>
</comp>

<comp id="647" class="1005" name="blk_reg_647">
<pin_list>
<pin id="648" dir="0" index="0" bw="32" slack="1"/>
<pin id="649" dir="1" index="1" bw="32" slack="1"/>
</pin_list>
<bind>
<opset="blk "/>
</bind>
</comp>

<comp id="652" class="1005" name="blk_1_reg_652">
<pin_list>
<pin id="653" dir="0" index="0" bw="32" slack="1"/>
<pin id="654" dir="1" index="1" bw="32" slack="1"/>
</pin_list>
<bind>
<opset="blk_1 "/>
</bind>
</comp>

<comp id="657" class="1005" name="blk_2_reg_657">
<pin_list>
<pin id="658" dir="0" index="0" bw="32" slack="1"/>
<pin id="659" dir="1" index="1" bw="32" slack="1"/>
</pin_list>
<bind>
<opset="blk_2 "/>
</bind>
</comp>

<comp id="662" class="1005" name="blk_3_reg_662">
<pin_list>
<pin id="663" dir="0" index="0" bw="32" slack="1"/>
<pin id="664" dir="1" index="1" bw="32" slack="1"/>
</pin_list>
<bind>
<opset="blk_3 "/>
</bind>
</comp>

<comp id="667" class="1005" name="blk_4_reg_667">
<pin_list>
<pin id="668" dir="0" index="0" bw="32" slack="1"/>
<pin id="669" dir="1" index="1" bw="32" slack="1"/>
</pin_list>
<bind>
<opset="blk_4 "/>
</bind>
</comp>

<comp id="672" class="1005" name="blk_5_reg_672">
<pin_list>
<pin id="673" dir="0" index="0" bw="32" slack="1"/>
<pin id="674" dir="1" index="1" bw="32" slack="1"/>
</pin_list>
<bind>
<opset="blk_5 "/>
</bind>
</comp>

<comp id="677" class="1005" name="blk_6_reg_677">
<pin_list>
<pin id="678" dir="0" index="0" bw="32" slack="1"/>
<pin id="679" dir="1" index="1" bw="32" slack="1"/>
</pin_list>
<bind>
<opset="blk_6 "/>
</bind>
</comp>

<comp id="682" class="1005" name="blk_7_reg_682">
<pin_list>
<pin id="683" dir="0" index="0" bw="32" slack="1"/>
<pin id="684" dir="1" index="1" bw="32" slack="1"/>
</pin_list>
<bind>
<opset="blk_7 "/>
</bind>
</comp>

<comp id="687" class="1005" name="blk_8_reg_687">
<pin_list>
<pin id="688" dir="0" index="0" bw="32" slack="1"/>
<pin id="689" dir="1" index="1" bw="32" slack="1"/>
</pin_list>
<bind>
<opset="blk_8 "/>
</bind>
</comp>

<comp id="692" class="1005" name="blk_9_reg_692">
<pin_list>
<pin id="693" dir="0" index="0" bw="32" slack="1"/>
<pin id="694" dir="1" index="1" bw="32" slack="1"/>
</pin_list>
<bind>
<opset="blk_9 "/>
</bind>
</comp>

<comp id="697" class="1005" name="blk_15_reg_697">
<pin_list>
<pin id="698" dir="0" index="0" bw="32" slack="1"/>
<pin id="699" dir="1" index="1" bw="32" slack="1"/>
</pin_list>
<bind>
<opset="blk_15 "/>
</bind>
</comp>

<comp id="702" class="1005" name="blk_10_reg_702">
<pin_list>
<pin id="703" dir="0" index="0" bw="32" slack="1"/>
<pin id="704" dir="1" index="1" bw="32" slack="1"/>
</pin_list>
<bind>
<opset="blk_10 "/>
</bind>
</comp>

<comp id="707" class="1005" name="blk_11_reg_707">
<pin_list>
<pin id="708" dir="0" index="0" bw="32" slack="1"/>
<pin id="709" dir="1" index="1" bw="32" slack="1"/>
</pin_list>
<bind>
<opset="blk_11 "/>
</bind>
</comp>

<comp id="712" class="1005" name="blk_12_reg_712">
<pin_list>
<pin id="713" dir="0" index="0" bw="32" slack="1"/>
<pin id="714" dir="1" index="1" bw="32" slack="1"/>
</pin_list>
<bind>
<opset="blk_12 "/>
</bind>
</comp>

<comp id="717" class="1005" name="blk_13_reg_717">
<pin_list>
<pin id="718" dir="0" index="0" bw="32" slack="1"/>
<pin id="719" dir="1" index="1" bw="32" slack="1"/>
</pin_list>
<bind>
<opset="blk_13 "/>
</bind>
</comp>

<comp id="722" class="1005" name="blk_14_reg_722">
<pin_list>
<pin id="723" dir="0" index="0" bw="32" slack="1"/>
<pin id="724" dir="1" index="1" bw="32" slack="1"/>
</pin_list>
<bind>
<opset="blk_14 "/>
</bind>
</comp>

<comp id="727" class="1005" name="e_5_reg_727">
<pin_list>
<pin id="728" dir="0" index="0" bw="1" slack="1"/>
<pin id="729" dir="1" index="1" bw="1" slack="1"/>
</pin_list>
<bind>
<opset="e_5 "/>
</bind>
</comp>

</comp_list>

<net_list>
<net id="123"><net_src comp="8" pin="0"/><net_sink comp="120" pin=0"/></net>

<net id="127"><net_src comp="8" pin="0"/><net_sink comp="124" pin=0"/></net>

<net id="131"><net_src comp="8" pin="0"/><net_sink comp="128" pin=0"/></net>

<net id="135"><net_src comp="8" pin="0"/><net_sink comp="132" pin=0"/></net>

<net id="139"><net_src comp="8" pin="0"/><net_sink comp="136" pin=0"/></net>

<net id="143"><net_src comp="8" pin="0"/><net_sink comp="140" pin=0"/></net>

<net id="147"><net_src comp="8" pin="0"/><net_sink comp="144" pin=0"/></net>

<net id="151"><net_src comp="8" pin="0"/><net_sink comp="148" pin=0"/></net>

<net id="155"><net_src comp="8" pin="0"/><net_sink comp="152" pin=0"/></net>

<net id="159"><net_src comp="8" pin="0"/><net_sink comp="156" pin=0"/></net>

<net id="163"><net_src comp="8" pin="0"/><net_sink comp="160" pin=0"/></net>

<net id="167"><net_src comp="8" pin="0"/><net_sink comp="164" pin=0"/></net>

<net id="171"><net_src comp="8" pin="0"/><net_sink comp="168" pin=0"/></net>

<net id="175"><net_src comp="8" pin="0"/><net_sink comp="172" pin=0"/></net>

<net id="179"><net_src comp="8" pin="0"/><net_sink comp="176" pin=0"/></net>

<net id="183"><net_src comp="8" pin="0"/><net_sink comp="180" pin=0"/></net>

<net id="188"><net_src comp="28" pin="0"/><net_sink comp="184" pin=0"/></net>

<net id="189"><net_src comp="4" pin="0"/><net_sink comp="184" pin=1"/></net>

<net id="194"><net_src comp="34" pin="0"/><net_sink comp="190" pin=0"/></net>

<net id="195"><net_src comp="2" pin="0"/><net_sink comp="190" pin=1"/></net>

<net id="200"><net_src comp="38" pin="0"/><net_sink comp="196" pin=0"/></net>

<net id="201"><net_src comp="0" pin="0"/><net_sink comp="196" pin=1"/></net>

<net id="214"><net_src comp="36" pin="0"/><net_sink comp="211" pin=0"/></net>

<net id="221"><net_src comp="211" pin="1"/><net_sink comp="215" pin=0"/></net>

<net id="258"><net_src comp="104" pin="0"/><net_sink comp="222" pin=0"/></net>

<net id="259"><net_src comp="6" pin="0"/><net_sink comp="222" pin=1"/></net>

<net id="280"><net_src comp="106" pin="0"/><net_sink comp="260" pin=0"/></net>

<net id="281"><net_src comp="6" pin="0"/><net_sink comp="260" pin=17"/></net>

<net id="286"><net_src comp="215" pin="4"/><net_sink comp="282" pin=0"/></net>

<net id="291"><net_src comp="215" pin="4"/><net_sink comp="287" pin=0"/></net>

<net id="292"><net_src comp="8" pin="0"/><net_sink comp="287" pin=1"/></net>

<net id="296"><net_src comp="196" pin="2"/><net_sink comp="293" pin=0"/></net>

<net id="303"><net_src comp="40" pin="0"/><net_sink comp="297" pin=0"/></net>

<net id="304"><net_src comp="196" pin="2"/><net_sink comp="297" pin=1"/></net>

<net id="305"><net_src comp="42" pin="0"/><net_sink comp="297" pin=2"/></net>

<net id="306"><net_src comp="44" pin="0"/><net_sink comp="297" pin=3"/></net>

<net id="313"><net_src comp="40" pin="0"/><net_sink comp="307" pin=0"/></net>

<net id="314"><net_src comp="196" pin="2"/><net_sink comp="307" pin=1"/></net>

<net id="315"><net_src comp="46" pin="0"/><net_sink comp="307" pin=2"/></net>

<net id="316"><net_src comp="48" pin="0"/><net_sink comp="307" pin=3"/></net>

<net id="323"><net_src comp="40" pin="0"/><net_sink comp="317" pin=0"/></net>

<net id="324"><net_src comp="196" pin="2"/><net_sink comp="317" pin=1"/></net>

<net id="325"><net_src comp="50" pin="0"/><net_sink comp="317" pin=2"/></net>

<net id="326"><net_src comp="52" pin="0"/><net_sink comp="317" pin=3"/></net>

<net id="333"><net_src comp="40" pin="0"/><net_sink comp="327" pin=0"/></net>

<net id="334"><net_src comp="196" pin="2"/><net_sink comp="327" pin=1"/></net>

<net id="335"><net_src comp="54" pin="0"/><net_sink comp="327" pin=2"/></net>

<net id="336"><net_src comp="56" pin="0"/><net_sink comp="327" pin=3"/></net>

<net id="343"><net_src comp="40" pin="0"/><net_sink comp="337" pin=0"/></net>

<net id="344"><net_src comp="196" pin="2"/><net_sink comp="337" pin=1"/></net>

<net id="345"><net_src comp="58" pin="0"/><net_sink comp="337" pin=2"/></net>

<net id="346"><net_src comp="60" pin="0"/><net_sink comp="337" pin=3"/></net>

<net id="353"><net_src comp="40" pin="0"/><net_sink comp="347" pin=0"/></net>

<net id="354"><net_src comp="196" pin="2"/><net_sink comp="347" pin=1"/></net>

<net id="355"><net_src comp="62" pin="0"/><net_sink comp="347" pin=2"/></net>

<net id="356"><net_src comp="64" pin="0"/><net_sink comp="347" pin=3"/></net>

<net id="363"><net_src comp="40" pin="0"/><net_sink comp="357" pin=0"/></net>

<net id="364"><net_src comp="196" pin="2"/><net_sink comp="357" pin=1"/></net>

<net id="365"><net_src comp="66" pin="0"/><net_sink comp="357" pin=2"/></net>

<net id="366"><net_src comp="68" pin="0"/><net_sink comp="357" pin=3"/></net>

<net id="373"><net_src comp="40" pin="0"/><net_sink comp="367" pin=0"/></net>

<net id="374"><net_src comp="196" pin="2"/><net_sink comp="367" pin=1"/></net>

<net id="375"><net_src comp="70" pin="0"/><net_sink comp="367" pin=2"/></net>

<net id="376"><net_src comp="72" pin="0"/><net_sink comp="367" pin=3"/></net>

<net id="383"><net_src comp="40" pin="0"/><net_sink comp="377" pin=0"/></net>

<net id="384"><net_src comp="196" pin="2"/><net_sink comp="377" pin=1"/></net>

<net id="385"><net_src comp="74" pin="0"/><net_sink comp="377" pin=2"/></net>

<net id="386"><net_src comp="76" pin="0"/><net_sink comp="377" pin=3"/></net>

<net id="393"><net_src comp="40" pin="0"/><net_sink comp="387" pin=0"/></net>

<net id="394"><net_src comp="196" pin="2"/><net_sink comp="387" pin=1"/></net>

<net id="395"><net_src comp="78" pin="0"/><net_sink comp="387" pin=2"/></net>

<net id="396"><net_src comp="80" pin="0"/><net_sink comp="387" pin=3"/></net>

<net id="403"><net_src comp="40" pin="0"/><net_sink comp="397" pin=0"/></net>

<net id="404"><net_src comp="196" pin="2"/><net_sink comp="397" pin=1"/></net>

<net id="405"><net_src comp="82" pin="0"/><net_sink comp="397" pin=2"/></net>

<net id="406"><net_src comp="84" pin="0"/><net_sink comp="397" pin=3"/></net>

<net id="413"><net_src comp="40" pin="0"/><net_sink comp="407" pin=0"/></net>

<net id="414"><net_src comp="196" pin="2"/><net_sink comp="407" pin=1"/></net>

<net id="415"><net_src comp="86" pin="0"/><net_sink comp="407" pin=2"/></net>

<net id="416"><net_src comp="88" pin="0"/><net_sink comp="407" pin=3"/></net>

<net id="423"><net_src comp="40" pin="0"/><net_sink comp="417" pin=0"/></net>

<net id="424"><net_src comp="196" pin="2"/><net_sink comp="417" pin=1"/></net>

<net id="425"><net_src comp="90" pin="0"/><net_sink comp="417" pin=2"/></net>

<net id="426"><net_src comp="92" pin="0"/><net_sink comp="417" pin=3"/></net>

<net id="433"><net_src comp="40" pin="0"/><net_sink comp="427" pin=0"/></net>

<net id="434"><net_src comp="196" pin="2"/><net_sink comp="427" pin=1"/></net>

<net id="435"><net_src comp="94" pin="0"/><net_sink comp="427" pin=2"/></net>

<net id="436"><net_src comp="96" pin="0"/><net_sink comp="427" pin=3"/></net>

<net id="443"><net_src comp="40" pin="0"/><net_sink comp="437" pin=0"/></net>

<net id="444"><net_src comp="196" pin="2"/><net_sink comp="437" pin=1"/></net>

<net id="445"><net_src comp="98" pin="0"/><net_sink comp="437" pin=2"/></net>

<net id="446"><net_src comp="100" pin="0"/><net_sink comp="437" pin=3"/></net>

<net id="453"><net_src comp="102" pin="0"/><net_sink comp="447" pin=0"/></net>

<net id="454"><net_src comp="0" pin="0"/><net_sink comp="447" pin=1"/></net>

<net id="455"><net_src comp="26" pin="0"/><net_sink comp="447" pin=2"/></net>

<net id="456"><net_src comp="6" pin="0"/><net_sink comp="447" pin=3"/></net>

<net id="460"><net_src comp="457" pin="1"/><net_sink comp="260" pin=13"/></net>

<net id="464"><net_src comp="461" pin="1"/><net_sink comp="260" pin=14"/></net>

<net id="468"><net_src comp="465" pin="1"/><net_sink comp="260" pin=12"/></net>

<net id="472"><net_src comp="469" pin="1"/><net_sink comp="260" pin=11"/></net>

<net id="476"><net_src comp="473" pin="1"/><net_sink comp="260" pin=10"/></net>

<net id="480"><net_src comp="477" pin="1"/><net_sink comp="260" pin=9"/></net>

<net id="484"><net_src comp="481" pin="1"/><net_sink comp="260" pin=8"/></net>

<net id="488"><net_src comp="485" pin="1"/><net_sink comp="260" pin=7"/></net>

<net id="492"><net_src comp="489" pin="1"/><net_sink comp="260" pin=6"/></net>

<net id="496"><net_src comp="493" pin="1"/><net_sink comp="260" pin=15"/></net>

<net id="500"><net_src comp="497" pin="1"/><net_sink comp="260" pin=5"/></net>

<net id="504"><net_src comp="501" pin="1"/><net_sink comp="260" pin=4"/></net>

<net id="508"><net_src comp="505" pin="1"/><net_sink comp="260" pin=3"/></net>

<net id="512"><net_src comp="509" pin="1"/><net_sink comp="260" pin=2"/></net>

<net id="516"><net_src comp="513" pin="1"/><net_sink comp="260" pin=16"/></net>

<net id="520"><net_src comp="517" pin="1"/><net_sink comp="260" pin=1"/></net>

<net id="528"><net_src comp="102" pin="0"/><net_sink comp="521" pin=0"/></net>

<net id="529"><net_src comp="0" pin="0"/><net_sink comp="521" pin=1"/></net>

<net id="530"><net_src comp="6" pin="0"/><net_sink comp="521" pin=2"/></net>

<net id="531"><net_src comp="26" pin="0"/><net_sink comp="521" pin=3"/></net>

<net id="532"><net_src comp="6" pin="0"/><net_sink comp="521" pin=4"/></net>

<net id="536"><net_src comp="120" pin="1"/><net_sink comp="533" pin=0"/></net>

<net id="537"><net_src comp="533" pin="1"/><net_sink comp="222" pin=33"/></net>

<net id="538"><net_src comp="533" pin="1"/><net_sink comp="517" pin=0"/></net>

<net id="542"><net_src comp="124" pin="1"/><net_sink comp="539" pin=0"/></net>

<net id="543"><net_src comp="539" pin="1"/><net_sink comp="222" pin=32"/></net>

<net id="544"><net_src comp="539" pin="1"/><net_sink comp="513" pin=0"/></net>

<net id="548"><net_src comp="128" pin="1"/><net_sink comp="545" pin=0"/></net>

<net id="549"><net_src comp="545" pin="1"/><net_sink comp="222" pin=31"/></net>

<net id="550"><net_src comp="545" pin="1"/><net_sink comp="509" pin=0"/></net>

<net id="554"><net_src comp="132" pin="1"/><net_sink comp="551" pin=0"/></net>

<net id="555"><net_src comp="551" pin="1"/><net_sink comp="222" pin=30"/></net>

<net id="556"><net_src comp="551" pin="1"/><net_sink comp="505" pin=0"/></net>

<net id="560"><net_src comp="136" pin="1"/><net_sink comp="557" pin=0"/></net>

<net id="561"><net_src comp="557" pin="1"/><net_sink comp="222" pin=29"/></net>

<net id="562"><net_src comp="557" pin="1"/><net_sink comp="501" pin=0"/></net>

<net id="566"><net_src comp="140" pin="1"/><net_sink comp="563" pin=0"/></net>

<net id="567"><net_src comp="563" pin="1"/><net_sink comp="222" pin=28"/></net>

<net id="568"><net_src comp="563" pin="1"/><net_sink comp="497" pin=0"/></net>

<net id="572"><net_src comp="144" pin="1"/><net_sink comp="569" pin=0"/></net>

<net id="573"><net_src comp="569" pin="1"/><net_sink comp="222" pin=27"/></net>

<net id="574"><net_src comp="569" pin="1"/><net_sink comp="493" pin=0"/></net>

<net id="578"><net_src comp="148" pin="1"/><net_sink comp="575" pin=0"/></net>

<net id="579"><net_src comp="575" pin="1"/><net_sink comp="222" pin=26"/></net>

<net id="580"><net_src comp="575" pin="1"/><net_sink comp="489" pin=0"/></net>

<net id="584"><net_src comp="152" pin="1"/><net_sink comp="581" pin=0"/></net>

<net id="585"><net_src comp="581" pin="1"/><net_sink comp="222" pin=25"/></net>

<net id="586"><net_src comp="581" pin="1"/><net_sink comp="485" pin=0"/></net>

<net id="590"><net_src comp="156" pin="1"/><net_sink comp="587" pin=0"/></net>

<net id="591"><net_src comp="587" pin="1"/><net_sink comp="222" pin=24"/></net>

<net id="592"><net_src comp="587" pin="1"/><net_sink comp="481" pin=0"/></net>

<net id="596"><net_src comp="160" pin="1"/><net_sink comp="593" pin=0"/></net>

<net id="597"><net_src comp="593" pin="1"/><net_sink comp="222" pin=23"/></net>

<net id="598"><net_src comp="593" pin="1"/><net_sink comp="477" pin=0"/></net>

<net id="602"><net_src comp="164" pin="1"/><net_sink comp="599" pin=0"/></net>

<net id="603"><net_src comp="599" pin="1"/><net_sink comp="222" pin=22"/></net>

<net id="604"><net_src comp="599" pin="1"/><net_sink comp="473" pin=0"/></net>

<net id="608"><net_src comp="168" pin="1"/><net_sink comp="605" pin=0"/></net>

<net id="609"><net_src comp="605" pin="1"/><net_sink comp="222" pin=21"/></net>

<net id="610"><net_src comp="605" pin="1"/><net_sink comp="469" pin=0"/></net>

<net id="614"><net_src comp="172" pin="1"/><net_sink comp="611" pin=0"/></net>

<net id="615"><net_src comp="611" pin="1"/><net_sink comp="222" pin=20"/></net>

<net id="616"><net_src comp="611" pin="1"/><net_sink comp="465" pin=0"/></net>

<net id="620"><net_src comp="176" pin="1"/><net_sink comp="617" pin=0"/></net>

<net id="621"><net_src comp="617" pin="1"/><net_sink comp="222" pin=19"/></net>

<net id="622"><net_src comp="617" pin="1"/><net_sink comp="461" pin=0"/></net>

<net id="626"><net_src comp="180" pin="1"/><net_sink comp="623" pin=0"/></net>

<net id="627"><net_src comp="623" pin="1"/><net_sink comp="222" pin=18"/></net>

<net id="628"><net_src comp="623" pin="1"/><net_sink comp="457" pin=0"/></net>

<net id="632"><net_src comp="184" pin="2"/><net_sink comp="629" pin=0"/></net>

<net id="633"><net_src comp="629" pin="1"/><net_sink comp="205" pin=0"/></net>

<net id="637"><net_src comp="190" pin="2"/><net_sink comp="634" pin=0"/></net>

<net id="638"><net_src comp="634" pin="1"/><net_sink comp="282" pin=1"/></net>

<net id="645"><net_src comp="287" pin="2"/><net_sink comp="642" pin=0"/></net>

<net id="646"><net_src comp="642" pin="1"/><net_sink comp="215" pin=2"/></net>

<net id="650"><net_src comp="293" pin="1"/><net_sink comp="647" pin=0"/></net>

<net id="651"><net_src comp="647" pin="1"/><net_sink comp="222" pin=2"/></net>

<net id="655"><net_src comp="297" pin="4"/><net_sink comp="652" pin=0"/></net>

<net id="656"><net_src comp="652" pin="1"/><net_sink comp="222" pin=3"/></net>

<net id="660"><net_src comp="307" pin="4"/><net_sink comp="657" pin=0"/></net>

<net id="661"><net_src comp="657" pin="1"/><net_sink comp="222" pin=4"/></net>

<net id="665"><net_src comp="317" pin="4"/><net_sink comp="662" pin=0"/></net>

<net id="666"><net_src comp="662" pin="1"/><net_sink comp="222" pin=5"/></net>

<net id="670"><net_src comp="327" pin="4"/><net_sink comp="667" pin=0"/></net>

<net id="671"><net_src comp="667" pin="1"/><net_sink comp="222" pin=6"/></net>

<net id="675"><net_src comp="337" pin="4"/><net_sink comp="672" pin=0"/></net>

<net id="676"><net_src comp="672" pin="1"/><net_sink comp="222" pin=7"/></net>

<net id="680"><net_src comp="347" pin="4"/><net_sink comp="677" pin=0"/></net>

<net id="681"><net_src comp="677" pin="1"/><net_sink comp="222" pin=8"/></net>

<net id="685"><net_src comp="357" pin="4"/><net_sink comp="682" pin=0"/></net>

<net id="686"><net_src comp="682" pin="1"/><net_sink comp="222" pin=9"/></net>

<net id="690"><net_src comp="367" pin="4"/><net_sink comp="687" pin=0"/></net>

<net id="691"><net_src comp="687" pin="1"/><net_sink comp="222" pin=10"/></net>

<net id="695"><net_src comp="377" pin="4"/><net_sink comp="692" pin=0"/></net>

<net id="696"><net_src comp="692" pin="1"/><net_sink comp="222" pin=11"/></net>

<net id="700"><net_src comp="387" pin="4"/><net_sink comp="697" pin=0"/></net>

<net id="701"><net_src comp="697" pin="1"/><net_sink comp="222" pin=12"/></net>

<net id="705"><net_src comp="397" pin="4"/><net_sink comp="702" pin=0"/></net>

<net id="706"><net_src comp="702" pin="1"/><net_sink comp="222" pin=13"/></net>

<net id="710"><net_src comp="407" pin="4"/><net_sink comp="707" pin=0"/></net>

<net id="711"><net_src comp="707" pin="1"/><net_sink comp="222" pin=14"/></net>

<net id="715"><net_src comp="417" pin="4"/><net_sink comp="712" pin=0"/></net>

<net id="716"><net_src comp="712" pin="1"/><net_sink comp="222" pin=15"/></net>

<net id="720"><net_src comp="427" pin="4"/><net_sink comp="717" pin=0"/></net>

<net id="721"><net_src comp="717" pin="1"/><net_sink comp="222" pin=16"/></net>

<net id="725"><net_src comp="437" pin="4"/><net_sink comp="722" pin=0"/></net>

<net id="726"><net_src comp="722" pin="1"/><net_sink comp="222" pin=17"/></net>

<net id="730"><net_src comp="184" pin="2"/><net_sink comp="727" pin=0"/></net>

<net id="731"><net_src comp="727" pin="1"/><net_sink comp="205" pin=2"/></net>

</net_list>

</model> 
---------------- Datapath Model END ------------------

* FSMD analyzer results:
  - Output states:
	Port: w_strm | {4 5 6 7 }
 - Input state : 
	Port: generateMsgSchedule : blk_strm | {3 }
	Port: generateMsgSchedule : nblk_strm1 | {2 }
	Port: generateMsgSchedule : end_nblk_strm1 | {1 3 }
  - Chain level:
	State 1
	State 2
		br_ln528 : 1
	State 3
		icmp_ln530 : 1
		i : 1
		br_ln530 : 2
	State 4
	State 5
	State 6
		call_ln0 : 1
	State 7
		rend : 1


============================================================
+ Verbose Summary: Datapath Resource usage 
============================================================

* Functional unit list:
|----------|------------------------------------------------------------------|---------|---------|
| Operation|                          Functional Unit                         |    FF   |   LUT   |
|----------|------------------------------------------------------------------|---------|---------|
|   call   | grp_generateMsgSchedule_Pipeline_LOOP_SHA256_PREPARE_WT16_fu_222 |   549   |    91   |
|          | grp_generateMsgSchedule_Pipeline_LOOP_SHA256_PREPARE_WT64_fu_260 |   551   |   259   |
|----------|------------------------------------------------------------------|---------|---------|
|   icmp   |                         icmp_ln530_fu_282                        |    0    |    71   |
|----------|------------------------------------------------------------------|---------|---------|
|    add   |                             i_fu_287                             |    0    |    71   |
|----------|------------------------------------------------------------------|---------|---------|
|          |                          grp_read_fu_184                         |    0    |    0    |
|   read   |                           n_read_fu_190                          |    0    |    0    |
|          |                     blk_strm_read_read_fu_196                    |    0    |    0    |
|----------|------------------------------------------------------------------|---------|---------|
|   trunc  |                            blk_fu_293                            |    0    |    0    |
|----------|------------------------------------------------------------------|---------|---------|
|          |                           blk_1_fu_297                           |    0    |    0    |
|          |                           blk_2_fu_307                           |    0    |    0    |
|          |                           blk_3_fu_317                           |    0    |    0    |
|          |                           blk_4_fu_327                           |    0    |    0    |
|          |                           blk_5_fu_337                           |    0    |    0    |
|          |                           blk_6_fu_347                           |    0    |    0    |
|          |                           blk_7_fu_357                           |    0    |    0    |
|partselect|                           blk_8_fu_367                           |    0    |    0    |
|          |                           blk_9_fu_377                           |    0    |    0    |
|          |                           blk_15_fu_387                          |    0    |    0    |
|          |                           blk_10_fu_397                          |    0    |    0    |
|          |                           blk_11_fu_407                          |    0    |    0    |
|          |                           blk_12_fu_417                          |    0    |    0    |
|          |                           blk_13_fu_427                          |    0    |    0    |
|          |                           blk_14_fu_437                          |    0    |    0    |
|----------|------------------------------------------------------------------|---------|---------|
|   fence  |                        fence_ln541_fu_447                        |    0    |    0    |
|          |                        fence_ln549_fu_521                        |    0    |    0    |
|----------|------------------------------------------------------------------|---------|---------|
|   Total  |                                                                  |   1100  |   492   |
|----------|------------------------------------------------------------------|---------|---------|

Memories:
N/A

* Register list:
+----------------+--------+
|                |   FF   |
+----------------+--------+
|W_10_loc_reg_593|   32   |
|W_11_loc_reg_599|   32   |
|W_12_loc_reg_605|   32   |
|W_13_loc_reg_611|   32   |
|W_14_loc_reg_617|   32   |
|W_15_loc_reg_623|   32   |
| W_1_loc_reg_539|   32   |
| W_2_loc_reg_545|   32   |
| W_3_loc_reg_551|   32   |
| W_4_loc_reg_557|   32   |
| W_5_loc_reg_563|   32   |
| W_6_loc_reg_569|   32   |
| W_7_loc_reg_575|   32   |
| W_8_loc_reg_581|   32   |
| W_9_loc_reg_587|   32   |
|  W_loc_reg_533 |   32   |
| blk_10_reg_702 |   32   |
| blk_11_reg_707 |   32   |
| blk_12_reg_712 |   32   |
| blk_13_reg_717 |   32   |
| blk_14_reg_722 |   32   |
| blk_15_reg_697 |   32   |
|  blk_1_reg_652 |   32   |
|  blk_2_reg_657 |   32   |
|  blk_3_reg_662 |   32   |
|  blk_4_reg_667 |   32   |
|  blk_5_reg_672 |   32   |
|  blk_6_reg_677 |   32   |
|  blk_7_reg_682 |   32   |
|  blk_8_reg_687 |   32   |
|  blk_9_reg_692 |   32   |
|   blk_reg_647  |   32   |
|   e_4_reg_202  |    1   |
|   e_5_reg_727  |    1   |
|    e_reg_629   |    1   |
|   i_5_reg_211  |   64   |
|    i_reg_642   |   64   |
|    n_reg_634   |   64   |
+----------------+--------+
|      Total     |  1219  |
+----------------+--------+

* Multiplexer (MUX) list: 
|--------|------|------|------|--------|
|  Comp  |  Pin | Size |  BW  | S x BW |
|--------|------|------|------|--------|
|  Total |      |      |      |    0   |
|--------|------|------|------|--------|



* Summary:
+-----------+--------+--------+
|           |   FF   |   LUT  |
+-----------+--------+--------+
|  Function |  1100  |   492  |
|   Memory  |    -   |    -   |
|Multiplexer|    -   |    -   |
|  Register |  1219  |    -   |
+-----------+--------+--------+
|   Total   |  2319  |   492  |
+-----------+--------+--------+
