

================================================================
== Vitis HLS Report for 'generateMsgSchedule'
================================================================
* Date:           Sat Oct 18 18:24:23 2025

* Version:        2024.2 (Build 5238294 on Nov  8 2024)
* Project:        hmac_sha256_test.prj
* Solution:       solution1 (Vivado IP Flow Target)
* Product family: zynq
* Target device:  xc7z020-clg484-1


================================================================
== Performance Estimates
================================================================
+ Timing: 
    * Summary: 
    +--------+---------+----------+------------+
    |  Clock |  Target | Estimated| Uncertainty|
    +--------+---------+----------+------------+
    |ap_clk  |  3.33 ns|  7.847 ns|     1.05 ns|
    +--------+---------+----------+------------+

+ Latency: 
    * Summary: 
    +---------+---------+----------+----------+-----+-----+---------+
    |  Latency (cycles) |  Latency (absolute) |  Interval | Pipeline|
    |   min   |   max   |    min   |    max   | min | max |   Type  |
    +---------+---------+----------+----------+-----+-----+---------+
    |        ?|        ?|         ?|         ?|    ?|    ?|       no|
    +---------+---------+----------+----------+-----+-----+---------+

    + Detail: 
        * Instance: 
        N/A

        * Loop: 
        +---------------------+---------+---------+----------+-----------+-----------+------+----------+
        |                     |  Latency (cycles) | Iteration|  Initiation Interval  | Trip |          |
        |      Loop Name      |   min   |   max   |  Latency |  achieved |   target  | Count| Pipelined|
        +---------------------+---------+---------+----------+-----------+-----------+------+----------+
        |- VITIS_LOOP_528_1   |        ?|        ?|         ?|          -|          -|     ?|        no|
        | + VITIS_LOOP_530_2  |        ?|        ?|        77|          -|          -|     ?|        no|
        +---------------------+---------+---------+----------+-----------+-----------+------+----------+

============================================================
+ Verbose Summary: Synthesis Manager
============================================================
InlineROM: 1
ExposeGlobal: 0
============================================================
+ Verbose Summary: CDFG Model
============================================================
IsTopModel: 0
ResetActiveHigh: 1
IsCombinational: 2
IsDatapathOnly: 0
HasWiredReturn: 1
HasMFsm: 0
HasVarLatency: 1
IsPipeline: 0
IsRtlPipelined: 0
IsInstanceOverlapped: 0
IsDontTouch: 0
HasImplIP: 0
IsGatedGlobalClock: 0


============================================================
+ Verbose Summary: Schedule
============================================================
* Number of FSM states : 12
* Pipeline : 0
* Dataflow Pipeline: 0

* FSM state transitions: 
1 --> 2 
2 --> 3 
3 --> 4 
4 --> 5 
5 --> 6 
6 --> 7 12 
7 --> 8 
8 --> 9 
9 --> 10 
10 --> 11 
11 --> 4 
12 --> 3 

* FSM state operations: 

State 1 <SV = 0> <Delay = 1.14>
ST_1 : Operation 13 [1/1] (0.00ns)   --->   "%W_loc = alloca i64 1"   --->   Operation 13 'alloca' 'W_loc' <Predicate = true> <Delay = 0.00>
ST_1 : Operation 14 [1/1] (0.00ns)   --->   "%W_1_loc = alloca i64 1"   --->   Operation 14 'alloca' 'W_1_loc' <Predicate = true> <Delay = 0.00>
ST_1 : Operation 15 [1/1] (0.00ns)   --->   "%W_2_loc = alloca i64 1"   --->   Operation 15 'alloca' 'W_2_loc' <Predicate = true> <Delay = 0.00>
ST_1 : Operation 16 [1/1] (0.00ns)   --->   "%W_3_loc = alloca i64 1"   --->   Operation 16 'alloca' 'W_3_loc' <Predicate = true> <Delay = 0.00>
ST_1 : Operation 17 [1/1] (0.00ns)   --->   "%W_4_loc = alloca i64 1"   --->   Operation 17 'alloca' 'W_4_loc' <Predicate = true> <Delay = 0.00>
ST_1 : Operation 18 [1/1] (0.00ns)   --->   "%W_5_loc = alloca i64 1"   --->   Operation 18 'alloca' 'W_5_loc' <Predicate = true> <Delay = 0.00>
ST_1 : Operation 19 [1/1] (0.00ns)   --->   "%W_6_loc = alloca i64 1"   --->   Operation 19 'alloca' 'W_6_loc' <Predicate = true> <Delay = 0.00>
ST_1 : Operation 20 [1/1] (0.00ns)   --->   "%W_7_loc = alloca i64 1"   --->   Operation 20 'alloca' 'W_7_loc' <Predicate = true> <Delay = 0.00>
ST_1 : Operation 21 [1/1] (0.00ns)   --->   "%W_8_loc = alloca i64 1"   --->   Operation 21 'alloca' 'W_8_loc' <Predicate = true> <Delay = 0.00>
ST_1 : Operation 22 [1/1] (0.00ns)   --->   "%W_9_loc = alloca i64 1"   --->   Operation 22 'alloca' 'W_9_loc' <Predicate = true> <Delay = 0.00>
ST_1 : Operation 23 [1/1] (0.00ns)   --->   "%W_10_loc = alloca i64 1"   --->   Operation 23 'alloca' 'W_10_loc' <Predicate = true> <Delay = 0.00>
ST_1 : Operation 24 [1/1] (0.00ns)   --->   "%W_11_loc = alloca i64 1"   --->   Operation 24 'alloca' 'W_11_loc' <Predicate = true> <Delay = 0.00>
ST_1 : Operation 25 [1/1] (0.00ns)   --->   "%W_12_loc = alloca i64 1"   --->   Operation 25 'alloca' 'W_12_loc' <Predicate = true> <Delay = 0.00>
ST_1 : Operation 26 [1/1] (0.00ns)   --->   "%W_13_loc = alloca i64 1"   --->   Operation 26 'alloca' 'W_13_loc' <Predicate = true> <Delay = 0.00>
ST_1 : Operation 27 [1/1] (0.00ns)   --->   "%W_14_loc = alloca i64 1"   --->   Operation 27 'alloca' 'W_14_loc' <Predicate = true> <Delay = 0.00>
ST_1 : Operation 28 [1/1] (0.00ns)   --->   "%W_15_loc = alloca i64 1"   --->   Operation 28 'alloca' 'W_15_loc' <Predicate = true> <Delay = 0.00>
ST_1 : Operation 29 [1/1] ( I:1.14ns O:1.14ns )   --->   "%e = read i1 @_ssdm_op_Read.ap_fifo.volatile.i1P0A, i1 %end_nblk_strm1" [D:/hlstrack/hlstrack2025-master/security/L1/tests/hmac/sha256/../../../../L1/include\xf_security/sha224_256.hpp:527]   --->   Operation 29 'read' 'e' <Predicate = true> <Delay = 1.14> <CoreInst = "FIFO_LUTRAM">   --->   Core 79 'FIFO_LUTRAM' <Latency = 0> <II = 1> <Delay = 3.72> <Storage> <Opcode : 'read' 'write' 'nbread' 'nbwrite'> <Ports = 0> <Width = 1> <Depth = 32> <FIFO>

State 2 <SV = 1> <Delay = 1.58>
ST_2 : Operation 30 [1/1] (0.00ns)   --->   "%specmemcore_ln0 = specmemcore void @_ssdm_op_SpecMemCore, i32 %w_strm, i64 666, i64 9, i64 18446744073709551615"   --->   Operation 30 'specmemcore' 'specmemcore_ln0' <Predicate = true> <Delay = 0.00>
ST_2 : Operation 31 [1/1] (0.00ns)   --->   "%specmemcore_ln0 = specmemcore void @_ssdm_op_SpecMemCore, i1 %end_nblk_strm1, i64 666, i64 9, i64 18446744073709551615"   --->   Operation 31 'specmemcore' 'specmemcore_ln0' <Predicate = true> <Delay = 0.00>
ST_2 : Operation 32 [1/1] (0.00ns)   --->   "%specmemcore_ln0 = specmemcore void @_ssdm_op_SpecMemCore, i64 %nblk_strm1, i64 666, i64 9, i64 18446744073709551615"   --->   Operation 32 'specmemcore' 'specmemcore_ln0' <Predicate = true> <Delay = 0.00>
ST_2 : Operation 33 [1/1] (0.00ns)   --->   "%specmemcore_ln0 = specmemcore void @_ssdm_op_SpecMemCore, i512 %blk_strm, i64 666, i64 9, i64 18446744073709551615"   --->   Operation 33 'specmemcore' 'specmemcore_ln0' <Predicate = true> <Delay = 0.00>
ST_2 : Operation 34 [1/1] (0.00ns)   --->   "%specinterface_ln0 = specinterface void @_ssdm_op_SpecInterface, i32 %w_strm, void @empty_3, i32 0, i32 0, void @empty_1, i32 0, i32 0, void @empty_1, void @empty_1, void @empty_1, i32 0, i32 0, i32 0, i32 0, void @empty_1, void @empty_1, i32 4294967295, i32 0, i32 0"   --->   Operation 34 'specinterface' 'specinterface_ln0' <Predicate = true> <Delay = 0.00>
ST_2 : Operation 35 [1/1] (0.00ns)   --->   "%specinterface_ln0 = specinterface void @_ssdm_op_SpecInterface, i1 %end_nblk_strm1, void @empty_3, i32 0, i32 0, void @empty_1, i32 0, i32 0, void @empty_1, void @empty_1, void @empty_1, i32 0, i32 0, i32 0, i32 0, void @empty_1, void @empty_1, i32 4294967295, i32 0, i32 0"   --->   Operation 35 'specinterface' 'specinterface_ln0' <Predicate = true> <Delay = 0.00>
ST_2 : Operation 36 [1/1] (0.00ns)   --->   "%specinterface_ln0 = specinterface void @_ssdm_op_SpecInterface, i64 %nblk_strm1, void @empty_3, i32 0, i32 0, void @empty_1, i32 0, i32 0, void @empty_1, void @empty_1, void @empty_1, i32 0, i32 0, i32 0, i32 0, void @empty_1, void @empty_1, i32 4294967295, i32 0, i32 0"   --->   Operation 36 'specinterface' 'specinterface_ln0' <Predicate = true> <Delay = 0.00>
ST_2 : Operation 37 [1/1] (0.00ns)   --->   "%specinterface_ln0 = specinterface void @_ssdm_op_SpecInterface, i512 %blk_strm, void @empty_3, i32 0, i32 0, void @empty_1, i32 0, i32 0, void @empty_1, void @empty_1, void @empty_1, i32 0, i32 0, i32 0, i32 0, void @empty_1, void @empty_1, i32 4294967295, i32 0, i32 0"   --->   Operation 37 'specinterface' 'specinterface_ln0' <Predicate = true> <Delay = 0.00>
ST_2 : Operation 38 [1/1] (1.58ns)   --->   "%br_ln528 = br void %while.cond" [D:/hlstrack/hlstrack2025-master/security/L1/tests/hmac/sha256/../../../../L1/include\xf_security/sha224_256.hpp:528]   --->   Operation 38 'br' 'br_ln528' <Predicate = true> <Delay = 1.58>

State 3 <SV = 2> <Delay = 1.58>
ST_3 : Operation 39 [1/1] (0.00ns)   --->   "%e_4 = phi i1 %e, void %entry, i1 %e_5, void %for.end64.loopexit"   --->   Operation 39 'phi' 'e_4' <Predicate = true> <Delay = 0.00>
ST_3 : Operation 40 [1/1] (0.00ns)   --->   "%br_ln528 = br i1 %e_4, void %VITIS_LOOP_530_2, void %while.end" [D:/hlstrack/hlstrack2025-master/security/L1/tests/hmac/sha256/../../../../L1/include\xf_security/sha224_256.hpp:528]   --->   Operation 40 'br' 'br_ln528' <Predicate = true> <Delay = 0.00>
ST_3 : Operation 41 [1/1] (0.00ns)   --->   "%specloopname_ln528 = specloopname void @_ssdm_op_SpecLoopName, void @empty_14" [D:/hlstrack/hlstrack2025-master/security/L1/tests/hmac/sha256/../../../../L1/include\xf_security/sha224_256.hpp:528]   --->   Operation 41 'specloopname' 'specloopname_ln528' <Predicate = (!e_4)> <Delay = 0.00>
ST_3 : Operation 42 [1/1] ( I:1.14ns O:1.14ns )   --->   "%n = read i64 @_ssdm_op_Read.ap_fifo.volatile.i64P0A, i64 %nblk_strm1" [D:/hlstrack/hlstrack2025-master/security/L1/tests/hmac/sha256/../../../../L1/include\xf_security/sha224_256.hpp:529]   --->   Operation 42 'read' 'n' <Predicate = (!e_4)> <Delay = 1.14> <CoreInst = "FIFO_LUTRAM">   --->   Core 79 'FIFO_LUTRAM' <Latency = 0> <II = 1> <Delay = 3.72> <Storage> <Opcode : 'read' 'write' 'nbread' 'nbwrite'> <Ports = 0> <Width = 64> <Depth = 32> <FIFO>
ST_3 : Operation 43 [1/1] (1.58ns)   --->   "%br_ln530 = br void %LOOP_SHA256_PREPARE_WT16" [D:/hlstrack/hlstrack2025-master/security/L1/tests/hmac/sha256/../../../../L1/include\xf_security/sha224_256.hpp:530]   --->   Operation 43 'br' 'br_ln530' <Predicate = (!e_4)> <Delay = 1.58>
ST_3 : Operation 44 [1/1] (0.00ns)   --->   "%ret_ln563 = ret" [D:/hlstrack/hlstrack2025-master/security/L1/tests/hmac/sha256/../../../../L1/include\xf_security/sha224_256.hpp:563]   --->   Operation 44 'ret' 'ret_ln563' <Predicate = (e_4)> <Delay = 0.00>

State 4 <SV = 3> <Delay = 2.45>
ST_4 : Operation 45 [1/1] (0.00ns)   --->   "%i_5 = phi i64 0, void %VITIS_LOOP_530_2, i64 %i, void %xcl_latency.LOOP_SHA256_PREPARE_WT16.0"   --->   Operation 45 'phi' 'i_5' <Predicate = true> <Delay = 0.00>
ST_4 : Operation 46 [3/3] (2.45ns)   --->   "%icmp_ln530 = icmp_eq  i64 %i_5, i64 %n" [D:/hlstrack/hlstrack2025-master/security/L1/tests/hmac/sha256/../../../../L1/include\xf_security/sha224_256.hpp:530]   --->   Operation 46 'icmp' 'icmp_ln530' <Predicate = true> <Delay = 2.45> <CoreInst = "Cmp">   --->   Core 9 'Cmp' <Latency = 2> <II = 1> <Delay = 2.45> <FuncUnit> <Opcode : 'seteq' 'setne' 'setle' 'setge' 'setlt' 'setgt'> <InPorts = 2> <OutPorts = 1>
ST_4 : Operation 47 [3/3] (2.45ns)   --->   "%i = add i64 %i_5, i64 1" [D:/hlstrack/hlstrack2025-master/security/L1/tests/hmac/sha256/../../../../L1/include\xf_security/sha224_256.hpp:530]   --->   Operation 47 'add' 'i' <Predicate = true> <Delay = 2.45> <CoreInst = "Adder">   --->   Core 1 'Adder' <Latency = 2> <II = 1> <Delay = 2.45> <FuncUnit> <Opcode : 'add' 'sub'> <InPorts = 2> <OutPorts = 1>

State 5 <SV = 4> <Delay = 2.45>
ST_5 : Operation 48 [2/3] (2.45ns)   --->   "%icmp_ln530 = icmp_eq  i64 %i_5, i64 %n" [D:/hlstrack/hlstrack2025-master/security/L1/tests/hmac/sha256/../../../../L1/include\xf_security/sha224_256.hpp:530]   --->   Operation 48 'icmp' 'icmp_ln530' <Predicate = true> <Delay = 2.45> <CoreInst = "Cmp">   --->   Core 9 'Cmp' <Latency = 2> <II = 1> <Delay = 2.45> <FuncUnit> <Opcode : 'seteq' 'setne' 'setle' 'setge' 'setlt' 'setgt'> <InPorts = 2> <OutPorts = 1>
ST_5 : Operation 49 [2/3] (2.45ns)   --->   "%i = add i64 %i_5, i64 1" [D:/hlstrack/hlstrack2025-master/security/L1/tests/hmac/sha256/../../../../L1/include\xf_security/sha224_256.hpp:530]   --->   Operation 49 'add' 'i' <Predicate = true> <Delay = 2.45> <CoreInst = "Adder">   --->   Core 1 'Adder' <Latency = 2> <II = 1> <Delay = 2.45> <FuncUnit> <Opcode : 'add' 'sub'> <InPorts = 2> <OutPorts = 1>

State 6 <SV = 5> <Delay = 2.45>
ST_6 : Operation 50 [1/3] (2.45ns)   --->   "%icmp_ln530 = icmp_eq  i64 %i_5, i64 %n" [D:/hlstrack/hlstrack2025-master/security/L1/tests/hmac/sha256/../../../../L1/include\xf_security/sha224_256.hpp:530]   --->   Operation 50 'icmp' 'icmp_ln530' <Predicate = true> <Delay = 2.45> <CoreInst = "Cmp">   --->   Core 9 'Cmp' <Latency = 2> <II = 1> <Delay = 2.45> <FuncUnit> <Opcode : 'seteq' 'setne' 'setle' 'setge' 'setlt' 'setgt'> <InPorts = 2> <OutPorts = 1>
ST_6 : Operation 51 [1/3] (2.45ns)   --->   "%i = add i64 %i_5, i64 1" [D:/hlstrack/hlstrack2025-master/security/L1/tests/hmac/sha256/../../../../L1/include\xf_security/sha224_256.hpp:530]   --->   Operation 51 'add' 'i' <Predicate = true> <Delay = 2.45> <CoreInst = "Adder">   --->   Core 1 'Adder' <Latency = 2> <II = 1> <Delay = 2.45> <FuncUnit> <Opcode : 'add' 'sub'> <InPorts = 2> <OutPorts = 1>
ST_6 : Operation 52 [1/1] (0.00ns)   --->   "%br_ln530 = br i1 %icmp_ln530, void %xcl_latency.LOOP_SHA256_PREPARE_WT16.0, void %for.end64.loopexit" [D:/hlstrack/hlstrack2025-master/security/L1/tests/hmac/sha256/../../../../L1/include\xf_security/sha224_256.hpp:530]   --->   Operation 52 'br' 'br_ln530' <Predicate = true> <Delay = 0.00>

State 7 <SV = 6> <Delay = 1.14>
ST_7 : Operation 53 [1/1] ( I:1.14ns O:1.14ns )   --->   "%blk_strm_read = read i512 @_ssdm_op_Read.ap_fifo.volatile.i512P0A, i512 %blk_strm" [D:/hlstrack/hlstrack2025-master/security/L1/tests/hmac/sha256/../../../../L1/include\xf_security/sha224_256.hpp:533]   --->   Operation 53 'read' 'blk_strm_read' <Predicate = true> <Delay = 1.14> <CoreInst = "FIFO_LUTRAM">   --->   Core 79 'FIFO_LUTRAM' <Latency = 0> <II = 1> <Delay = 3.72> <Storage> <Opcode : 'read' 'write' 'nbread' 'nbwrite'> <Ports = 0> <Width = 512> <Depth = 32> <FIFO>
ST_7 : Operation 54 [1/1] (0.00ns)   --->   "%blk = trunc i512 %blk_strm_read" [D:/hlstrack/hlstrack2025-master/security/L1/tests/hmac/sha256/../../../../L1/include\xf_security/sha224_256.hpp:533]   --->   Operation 54 'trunc' 'blk' <Predicate = true> <Delay = 0.00>
ST_7 : Operation 55 [1/1] (0.00ns)   --->   "%blk_1 = partselect i32 @_ssdm_op_PartSelect.i32.i512.i32.i32, i512 %blk_strm_read, i32 32, i32 63" [D:/hlstrack/hlstrack2025-master/security/L1/tests/hmac/sha256/../../../../L1/include\xf_security/sha224_256.hpp:533]   --->   Operation 55 'partselect' 'blk_1' <Predicate = true> <Delay = 0.00>
ST_7 : Operation 56 [1/1] (0.00ns)   --->   "%blk_2 = partselect i32 @_ssdm_op_PartSelect.i32.i512.i32.i32, i512 %blk_strm_read, i32 64, i32 95" [D:/hlstrack/hlstrack2025-master/security/L1/tests/hmac/sha256/../../../../L1/include\xf_security/sha224_256.hpp:533]   --->   Operation 56 'partselect' 'blk_2' <Predicate = true> <Delay = 0.00>
ST_7 : Operation 57 [1/1] (0.00ns)   --->   "%blk_3 = partselect i32 @_ssdm_op_PartSelect.i32.i512.i32.i32, i512 %blk_strm_read, i32 96, i32 127" [D:/hlstrack/hlstrack2025-master/security/L1/tests/hmac/sha256/../../../../L1/include\xf_security/sha224_256.hpp:533]   --->   Operation 57 'partselect' 'blk_3' <Predicate = true> <Delay = 0.00>
ST_7 : Operation 58 [1/1] (0.00ns)   --->   "%blk_4 = partselect i32 @_ssdm_op_PartSelect.i32.i512.i32.i32, i512 %blk_strm_read, i32 128, i32 159" [D:/hlstrack/hlstrack2025-master/security/L1/tests/hmac/sha256/../../../../L1/include\xf_security/sha224_256.hpp:533]   --->   Operation 58 'partselect' 'blk_4' <Predicate = true> <Delay = 0.00>
ST_7 : Operation 59 [1/1] (0.00ns)   --->   "%blk_5 = partselect i32 @_ssdm_op_PartSelect.i32.i512.i32.i32, i512 %blk_strm_read, i32 160, i32 191" [D:/hlstrack/hlstrack2025-master/security/L1/tests/hmac/sha256/../../../../L1/include\xf_security/sha224_256.hpp:533]   --->   Operation 59 'partselect' 'blk_5' <Predicate = true> <Delay = 0.00>
ST_7 : Operation 60 [1/1] (0.00ns)   --->   "%blk_6 = partselect i32 @_ssdm_op_PartSelect.i32.i512.i32.i32, i512 %blk_strm_read, i32 192, i32 223" [D:/hlstrack/hlstrack2025-master/security/L1/tests/hmac/sha256/../../../../L1/include\xf_security/sha224_256.hpp:533]   --->   Operation 60 'partselect' 'blk_6' <Predicate = true> <Delay = 0.00>
ST_7 : Operation 61 [1/1] (0.00ns)   --->   "%blk_7 = partselect i32 @_ssdm_op_PartSelect.i32.i512.i32.i32, i512 %blk_strm_read, i32 224, i32 255" [D:/hlstrack/hlstrack2025-master/security/L1/tests/hmac/sha256/../../../../L1/include\xf_security/sha224_256.hpp:533]   --->   Operation 61 'partselect' 'blk_7' <Predicate = true> <Delay = 0.00>
ST_7 : Operation 62 [1/1] (0.00ns)   --->   "%blk_8 = partselect i32 @_ssdm_op_PartSelect.i32.i512.i32.i32, i512 %blk_strm_read, i32 256, i32 287" [D:/hlstrack/hlstrack2025-master/security/L1/tests/hmac/sha256/../../../../L1/include\xf_security/sha224_256.hpp:533]   --->   Operation 62 'partselect' 'blk_8' <Predicate = true> <Delay = 0.00>
ST_7 : Operation 63 [1/1] (0.00ns)   --->   "%blk_9 = partselect i32 @_ssdm_op_PartSelect.i32.i512.i32.i32, i512 %blk_strm_read, i32 288, i32 319" [D:/hlstrack/hlstrack2025-master/security/L1/tests/hmac/sha256/../../../../L1/include\xf_security/sha224_256.hpp:533]   --->   Operation 63 'partselect' 'blk_9' <Predicate = true> <Delay = 0.00>
ST_7 : Operation 64 [1/1] (0.00ns)   --->   "%blk_15 = partselect i32 @_ssdm_op_PartSelect.i32.i512.i32.i32, i512 %blk_strm_read, i32 320, i32 351" [D:/hlstrack/hlstrack2025-master/security/L1/tests/hmac/sha256/../../../../L1/include\xf_security/sha224_256.hpp:533]   --->   Operation 64 'partselect' 'blk_15' <Predicate = true> <Delay = 0.00>
ST_7 : Operation 65 [1/1] (0.00ns)   --->   "%blk_10 = partselect i32 @_ssdm_op_PartSelect.i32.i512.i32.i32, i512 %blk_strm_read, i32 352, i32 383" [D:/hlstrack/hlstrack2025-master/security/L1/tests/hmac/sha256/../../../../L1/include\xf_security/sha224_256.hpp:533]   --->   Operation 65 'partselect' 'blk_10' <Predicate = true> <Delay = 0.00>
ST_7 : Operation 66 [1/1] (0.00ns)   --->   "%blk_11 = partselect i32 @_ssdm_op_PartSelect.i32.i512.i32.i32, i512 %blk_strm_read, i32 384, i32 415" [D:/hlstrack/hlstrack2025-master/security/L1/tests/hmac/sha256/../../../../L1/include\xf_security/sha224_256.hpp:533]   --->   Operation 66 'partselect' 'blk_11' <Predicate = true> <Delay = 0.00>
ST_7 : Operation 67 [1/1] (0.00ns)   --->   "%blk_12 = partselect i32 @_ssdm_op_PartSelect.i32.i512.i32.i32, i512 %blk_strm_read, i32 416, i32 447" [D:/hlstrack/hlstrack2025-master/security/L1/tests/hmac/sha256/../../../../L1/include\xf_security/sha224_256.hpp:533]   --->   Operation 67 'partselect' 'blk_12' <Predicate = true> <Delay = 0.00>
ST_7 : Operation 68 [1/1] (0.00ns)   --->   "%blk_13 = partselect i32 @_ssdm_op_PartSelect.i32.i512.i32.i32, i512 %blk_strm_read, i32 448, i32 479" [D:/hlstrack/hlstrack2025-master/security/L1/tests/hmac/sha256/../../../../L1/include\xf_security/sha224_256.hpp:533]   --->   Operation 68 'partselect' 'blk_13' <Predicate = true> <Delay = 0.00>
ST_7 : Operation 69 [1/1] (0.00ns)   --->   "%blk_14 = partselect i32 @_ssdm_op_PartSelect.i32.i512.i32.i32, i512 %blk_strm_read, i32 480, i32 511" [D:/hlstrack/hlstrack2025-master/security/L1/tests/hmac/sha256/../../../../L1/include\xf_security/sha224_256.hpp:533]   --->   Operation 69 'partselect' 'blk_14' <Predicate = true> <Delay = 0.00>

State 8 <SV = 7> <Delay = 0.00>
ST_8 : Operation 70 [1/1] (0.00ns)   --->   "%fence_ln541 = fence void @_ssdm_op_Fence, i512 %blk_strm, i32 4294967295, i32 %w_strm" [D:/hlstrack/hlstrack2025-master/security/L1/tests/hmac/sha256/../../../../L1/include\xf_security/sha224_256.hpp:541]   --->   Operation 70 'fence' 'fence_ln541' <Predicate = true> <Delay = 0.00>
ST_8 : Operation 71 [2/2] (0.00ns)   --->   "%call_ln533 = call void @generateMsgSchedule_Pipeline_LOOP_SHA256_PREPARE_WT16, i32 %w_strm, i32 %blk, i32 %blk_1, i32 %blk_2, i32 %blk_3, i32 %blk_4, i32 %blk_5, i32 %blk_6, i32 %blk_7, i32 %blk_8, i32 %blk_9, i32 %blk_15, i32 %blk_10, i32 %blk_11, i32 %blk_12, i32 %blk_13, i32 %blk_14, i32 %W_15_loc, i32 %W_14_loc, i32 %W_13_loc, i32 %W_12_loc, i32 %W_11_loc, i32 %W_10_loc, i32 %W_9_loc, i32 %W_8_loc, i32 %W_7_loc, i32 %W_6_loc, i32 %W_5_loc, i32 %W_4_loc, i32 %W_3_loc, i32 %W_2_loc, i32 %W_1_loc, i32 %W_loc" [D:/hlstrack/hlstrack2025-master/security/L1/tests/hmac/sha256/../../../../L1/include\xf_security/sha224_256.hpp:533]   --->   Operation 71 'call' 'call_ln533' <Predicate = true> <Delay = 0.00> <CoreType = "Generic">   --->   Generic Core

State 9 <SV = 8> <Delay = 4.95>
ST_9 : Operation 72 [1/2] (4.95ns)   --->   "%call_ln533 = call void @generateMsgSchedule_Pipeline_LOOP_SHA256_PREPARE_WT16, i32 %w_strm, i32 %blk, i32 %blk_1, i32 %blk_2, i32 %blk_3, i32 %blk_4, i32 %blk_5, i32 %blk_6, i32 %blk_7, i32 %blk_8, i32 %blk_9, i32 %blk_15, i32 %blk_10, i32 %blk_11, i32 %blk_12, i32 %blk_13, i32 %blk_14, i32 %W_15_loc, i32 %W_14_loc, i32 %W_13_loc, i32 %W_12_loc, i32 %W_11_loc, i32 %W_10_loc, i32 %W_9_loc, i32 %W_8_loc, i32 %W_7_loc, i32 %W_6_loc, i32 %W_5_loc, i32 %W_4_loc, i32 %W_3_loc, i32 %W_2_loc, i32 %W_1_loc, i32 %W_loc" [D:/hlstrack/hlstrack2025-master/security/L1/tests/hmac/sha256/../../../../L1/include\xf_security/sha224_256.hpp:533]   --->   Operation 72 'call' 'call_ln533' <Predicate = true> <Delay = 4.95> <CoreType = "Generic">   --->   Generic Core

State 10 <SV = 9> <Delay = 1.58>
ST_10 : Operation 73 [1/1] (0.00ns)   --->   "%W_15_loc_load = load i32 %W_15_loc"   --->   Operation 73 'load' 'W_15_loc_load' <Predicate = true> <Delay = 0.00>
ST_10 : Operation 74 [1/1] (0.00ns)   --->   "%W_14_loc_load = load i32 %W_14_loc"   --->   Operation 74 'load' 'W_14_loc_load' <Predicate = true> <Delay = 0.00>
ST_10 : Operation 75 [1/1] (0.00ns)   --->   "%W_13_loc_load = load i32 %W_13_loc"   --->   Operation 75 'load' 'W_13_loc_load' <Predicate = true> <Delay = 0.00>
ST_10 : Operation 76 [1/1] (0.00ns)   --->   "%W_12_loc_load = load i32 %W_12_loc"   --->   Operation 76 'load' 'W_12_loc_load' <Predicate = true> <Delay = 0.00>
ST_10 : Operation 77 [1/1] (0.00ns)   --->   "%W_11_loc_load = load i32 %W_11_loc"   --->   Operation 77 'load' 'W_11_loc_load' <Predicate = true> <Delay = 0.00>
ST_10 : Operation 78 [1/1] (0.00ns)   --->   "%W_10_loc_load = load i32 %W_10_loc"   --->   Operation 78 'load' 'W_10_loc_load' <Predicate = true> <Delay = 0.00>
ST_10 : Operation 79 [1/1] (0.00ns)   --->   "%W_9_loc_load = load i32 %W_9_loc"   --->   Operation 79 'load' 'W_9_loc_load' <Predicate = true> <Delay = 0.00>
ST_10 : Operation 80 [1/1] (0.00ns)   --->   "%W_8_loc_load = load i32 %W_8_loc"   --->   Operation 80 'load' 'W_8_loc_load' <Predicate = true> <Delay = 0.00>
ST_10 : Operation 81 [1/1] (0.00ns)   --->   "%W_7_loc_load = load i32 %W_7_loc"   --->   Operation 81 'load' 'W_7_loc_load' <Predicate = true> <Delay = 0.00>
ST_10 : Operation 82 [1/1] (0.00ns)   --->   "%W_6_loc_load = load i32 %W_6_loc"   --->   Operation 82 'load' 'W_6_loc_load' <Predicate = true> <Delay = 0.00>
ST_10 : Operation 83 [1/1] (0.00ns)   --->   "%W_5_loc_load = load i32 %W_5_loc"   --->   Operation 83 'load' 'W_5_loc_load' <Predicate = true> <Delay = 0.00>
ST_10 : Operation 84 [1/1] (0.00ns)   --->   "%W_4_loc_load = load i32 %W_4_loc"   --->   Operation 84 'load' 'W_4_loc_load' <Predicate = true> <Delay = 0.00>
ST_10 : Operation 85 [1/1] (0.00ns)   --->   "%W_3_loc_load = load i32 %W_3_loc"   --->   Operation 85 'load' 'W_3_loc_load' <Predicate = true> <Delay = 0.00>
ST_10 : Operation 86 [1/1] (0.00ns)   --->   "%W_2_loc_load = load i32 %W_2_loc"   --->   Operation 86 'load' 'W_2_loc_load' <Predicate = true> <Delay = 0.00>
ST_10 : Operation 87 [1/1] (0.00ns)   --->   "%W_1_loc_load = load i32 %W_1_loc"   --->   Operation 87 'load' 'W_1_loc_load' <Predicate = true> <Delay = 0.00>
ST_10 : Operation 88 [1/1] (0.00ns)   --->   "%W_loc_load = load i32 %W_loc"   --->   Operation 88 'load' 'W_loc_load' <Predicate = true> <Delay = 0.00>
ST_10 : Operation 89 [1/1] (0.00ns)   --->   "%fence_ln549 = fence void @_ssdm_op_Fence, i512 %blk_strm, i32 %w_strm, i32 4294967295, i32 %w_strm" [D:/hlstrack/hlstrack2025-master/security/L1/tests/hmac/sha256/../../../../L1/include\xf_security/sha224_256.hpp:549]   --->   Operation 89 'fence' 'fence_ln549' <Predicate = true> <Delay = 0.00>
ST_10 : Operation 90 [2/2] (1.58ns)   --->   "%call_ln0 = call void @generateMsgSchedule_Pipeline_LOOP_SHA256_PREPARE_WT64, i32 %W_loc_load, i32 %W_2_loc_load, i32 %W_3_loc_load, i32 %W_4_loc_load, i32 %W_5_loc_load, i32 %W_7_loc_load, i32 %W_8_loc_load, i32 %W_9_loc_load, i32 %W_10_loc_load, i32 %W_11_loc_load, i32 %W_12_loc_load, i32 %W_13_loc_load, i32 %W_15_loc_load, i32 %W_14_loc_load, i32 %W_6_loc_load, i32 %W_1_loc_load, i32 %w_strm"   --->   Operation 90 'call' 'call_ln0' <Predicate = true> <Delay = 1.58> <CoreType = "Generic">   --->   Generic Core

State 11 <SV = 10> <Delay = 0.00>
ST_11 : Operation 91 [1/1] (0.00ns)   --->   "%specloopname_ln530 = specloopname void @_ssdm_op_SpecLoopName, void @empty_13" [D:/hlstrack/hlstrack2025-master/security/L1/tests/hmac/sha256/../../../../L1/include\xf_security/sha224_256.hpp:530]   --->   Operation 91 'specloopname' 'specloopname_ln530' <Predicate = true> <Delay = 0.00>
ST_11 : Operation 92 [1/1] (0.00ns)   --->   "%rbegin = specregionbegin i32 @_ssdm_op_SpecRegionBegin, void @empty_0" [D:/hlstrack/hlstrack2025-master/security/L1/tests/hmac/sha256/../../../../L1/include\xf_security/sha224_256.hpp:530]   --->   Operation 92 'specregionbegin' 'rbegin' <Predicate = true> <Delay = 0.00>
ST_11 : Operation 93 [1/2] (0.00ns)   --->   "%call_ln0 = call void @generateMsgSchedule_Pipeline_LOOP_SHA256_PREPARE_WT64, i32 %W_loc_load, i32 %W_2_loc_load, i32 %W_3_loc_load, i32 %W_4_loc_load, i32 %W_5_loc_load, i32 %W_7_loc_load, i32 %W_8_loc_load, i32 %W_9_loc_load, i32 %W_10_loc_load, i32 %W_11_loc_load, i32 %W_12_loc_load, i32 %W_13_loc_load, i32 %W_15_loc_load, i32 %W_14_loc_load, i32 %W_6_loc_load, i32 %W_1_loc_load, i32 %w_strm"   --->   Operation 93 'call' 'call_ln0' <Predicate = true> <Delay = 0.00> <CoreType = "Generic">   --->   Generic Core
ST_11 : Operation 94 [1/1] (0.00ns)   --->   "%speclatency_ln531 = speclatency void @_ssdm_op_SpecLatency, i64 0, i64 65, void @empty_1" [D:/hlstrack/hlstrack2025-master/security/L1/tests/hmac/sha256/../../../../L1/include\xf_security/sha224_256.hpp:531]   --->   Operation 94 'speclatency' 'speclatency_ln531' <Predicate = true> <Delay = 0.00>
ST_11 : Operation 95 [1/1] (0.00ns)   --->   "%rend = specregionend i32 @_ssdm_op_SpecRegionEnd, void @empty_0, i32 %rbegin" [D:/hlstrack/hlstrack2025-master/security/L1/tests/hmac/sha256/../../../../L1/include\xf_security/sha224_256.hpp:560]   --->   Operation 95 'specregionend' 'rend' <Predicate = true> <Delay = 0.00>
ST_11 : Operation 96 [1/1] (0.00ns)   --->   "%br_ln530 = br void %LOOP_SHA256_PREPARE_WT16" [D:/hlstrack/hlstrack2025-master/security/L1/tests/hmac/sha256/../../../../L1/include\xf_security/sha224_256.hpp:530]   --->   Operation 96 'br' 'br_ln530' <Predicate = true> <Delay = 0.00>

State 12 <SV = 6> <Delay = 1.14>
ST_12 : Operation 97 [1/1] ( I:1.14ns O:1.14ns )   --->   "%e_5 = read i1 @_ssdm_op_Read.ap_fifo.volatile.i1P0A, i1 %end_nblk_strm1" [D:/hlstrack/hlstrack2025-master/security/L1/tests/hmac/sha256/../../../../L1/include\xf_security/sha224_256.hpp:561]   --->   Operation 97 'read' 'e_5' <Predicate = true> <Delay = 1.14> <CoreInst = "FIFO_LUTRAM">   --->   Core 79 'FIFO_LUTRAM' <Latency = 0> <II = 1> <Delay = 3.72> <Storage> <Opcode : 'read' 'write' 'nbread' 'nbwrite'> <Ports = 0> <Width = 1> <Depth = 32> <FIFO>
ST_12 : Operation 98 [1/1] (0.00ns)   --->   "%br_ln528 = br void %while.cond" [D:/hlstrack/hlstrack2025-master/security/L1/tests/hmac/sha256/../../../../L1/include\xf_security/sha224_256.hpp:528]   --->   Operation 98 'br' 'br_ln528' <Predicate = true> <Delay = 0.00>


============================================================
+ Verbose Summary: Timing violations
============================================================
Target clock period: 3.330ns, clock uncertainty: 1.050ns.

 <State 1>: 1.140ns
The critical path consists of the following:
	fifo read operation ('e', D:/hlstrack/hlstrack2025-master/security/L1/tests/hmac/sha256/../../../../L1/include\xf_security/sha224_256.hpp:527) on port 'end_nblk_strm1' (D:/hlstrack/hlstrack2025-master/security/L1/tests/hmac/sha256/../../../../L1/include\xf_security/sha224_256.hpp:527) [29]  (1.140 ns)

 <State 2>: 1.588ns
The critical path consists of the following:
	multiplexor before 'phi' operation 1 bit ('e') with incoming values : ('e', D:/hlstrack/hlstrack2025-master/security/L1/tests/hmac/sha256/../../../../L1/include\xf_security/sha224_256.hpp:527) ('e', D:/hlstrack/hlstrack2025-master/security/L1/tests/hmac/sha256/../../../../L1/include\xf_security/sha224_256.hpp:561) [32]  (1.588 ns)

 <State 3>: 1.588ns
The critical path consists of the following:
	'phi' operation 1 bit ('e') with incoming values : ('e', D:/hlstrack/hlstrack2025-master/security/L1/tests/hmac/sha256/../../../../L1/include\xf_security/sha224_256.hpp:527) ('e', D:/hlstrack/hlstrack2025-master/security/L1/tests/hmac/sha256/../../../../L1/include\xf_security/sha224_256.hpp:561) [32]  (0.000 ns)
	multiplexor before 'phi' operation 64 bit ('i') with incoming values : ('i', D:/hlstrack/hlstrack2025-master/security/L1/tests/hmac/sha256/../../../../L1/include\xf_security/sha224_256.hpp:530) [39]  (1.588 ns)

 <State 4>: 2.451ns
The critical path consists of the following:
	'phi' operation 64 bit ('i') with incoming values : ('i', D:/hlstrack/hlstrack2025-master/security/L1/tests/hmac/sha256/../../../../L1/include\xf_security/sha224_256.hpp:530) [39]  (0.000 ns)
	'icmp' operation 1 bit ('icmp_ln530', D:/hlstrack/hlstrack2025-master/security/L1/tests/hmac/sha256/../../../../L1/include\xf_security/sha224_256.hpp:530) [40]  (2.451 ns)

 <State 5>: 2.451ns
The critical path consists of the following:
	'icmp' operation 1 bit ('icmp_ln530', D:/hlstrack/hlstrack2025-master/security/L1/tests/hmac/sha256/../../../../L1/include\xf_security/sha224_256.hpp:530) [40]  (2.451 ns)

 <State 6>: 2.451ns
The critical path consists of the following:
	'icmp' operation 1 bit ('icmp_ln530', D:/hlstrack/hlstrack2025-master/security/L1/tests/hmac/sha256/../../../../L1/include\xf_security/sha224_256.hpp:530) [40]  (2.451 ns)

 <State 7>: 1.140ns
The critical path consists of the following:
	fifo read operation ('blk_strm_read', D:/hlstrack/hlstrack2025-master/security/L1/tests/hmac/sha256/../../../../L1/include\xf_security/sha224_256.hpp:533) on port 'blk_strm' (D:/hlstrack/hlstrack2025-master/security/L1/tests/hmac/sha256/../../../../L1/include\xf_security/sha224_256.hpp:533) [46]  (1.140 ns)

 <State 8>: 0.000ns
The critical path consists of the following:

 <State 9>: 4.956ns
The critical path consists of the following:
	'call' operation 0 bit ('call_ln533', D:/hlstrack/hlstrack2025-master/security/L1/tests/hmac/sha256/../../../../L1/include\xf_security/sha224_256.hpp:533) to 'generateMsgSchedule_Pipeline_LOOP_SHA256_PREPARE_WT16' [64]  (4.956 ns)

 <State 10>: 1.588ns
The critical path consists of the following:
	'load' operation 32 bit ('W_15_loc_load') on local variable 'W_15_loc' [65]  (0.000 ns)
	'call' operation 0 bit ('call_ln0') to 'generateMsgSchedule_Pipeline_LOOP_SHA256_PREPARE_WT64' [82]  (1.588 ns)

 <State 11>: 0.000ns
The critical path consists of the following:

 <State 12>: 1.140ns
The critical path consists of the following:
	fifo read operation ('e', D:/hlstrack/hlstrack2025-master/security/L1/tests/hmac/sha256/../../../../L1/include\xf_security/sha224_256.hpp:561) on port 'end_nblk_strm1' (D:/hlstrack/hlstrack2025-master/security/L1/tests/hmac/sha256/../../../../L1/include\xf_security/sha224_256.hpp:561) [87]  (1.140 ns)


============================================================
+ Verbose Summary: Binding
============================================================
N/A
* FSMD analyzer results:
  - Output states:
 - Input state : 
  - Chain level:
	State 1
	State 2
	State 3
	State 4
	State 5
	State 6
	State 7
	State 8
	State 9
	State 10
	State 11
	State 12


============================================================
+ Verbose Summary: Datapath Resource usage 
============================================================
N/A
