

================================================================
== Vitis HLS Report for 'sha256Digest_256_Pipeline_LOOP_SHA256_UPDATE_64_ROUNDS'
================================================================
* Date:           Sat Oct 18 18:24:23 2025

* Version:        2024.2 (Build 5238294 on Nov  8 2024)
* Project:        hmac_sha256_test.prj
* Solution:       solution1 (Vivado IP Flow Target)
* Product family: zynq
* Target device:  xc7z020-clg484-1


================================================================
== Performance Estimates
================================================================
+ Timing: 
    * Summary: 
    +--------+---------+-----------+------------+
    |  Clock |  Target | Estimated | Uncertainty|
    +--------+---------+-----------+------------+
    |ap_clk  |  3.33 ns|  12.519 ns|     1.05 ns|
    +--------+---------+-----------+------------+

+ Latency: 
    * Summary: 
    +---------+---------+----------+----------+-----+-----+------------------------------------------------+
    |  Latency (cycles) |  Latency (absolute) |  Interval |                    Pipeline                    |
    |   min   |   max   |    min   |    max   | min | max |                      Type                      |
    +---------+---------+----------+----------+-----+-----+------------------------------------------------+
    |       68|       68|  0.851 us|  0.851 us|   65|   65|  loop auto-rewind stp (delay=0 clock cycles(s))|
    +---------+---------+----------+----------+-----+-----+------------------------------------------------+

    + Detail: 
        * Instance: 
        N/A

        * Loop: 
        +--------------------------------+---------+---------+----------+-----------+-----------+------+----------+
        |                                |  Latency (cycles) | Iteration|  Initiation Interval  | Trip |          |
        |            Loop Name           |   min   |   max   |  Latency |  achieved |   target  | Count| Pipelined|
        +--------------------------------+---------+---------+----------+-----------+-----------+------+----------+
        |- LOOP_SHA256_UPDATE_64_ROUNDS  |       66|       66|         4|          1|          1|    64|       yes|
        +--------------------------------+---------+---------+----------+-----------+-----------+------+----------+

============================================================
+ Verbose Summary: Synthesis Manager
============================================================
InlineROM: 1
ExposeGlobal: 0
============================================================
+ Verbose Summary: CDFG Model
============================================================
IsTopModel: 0
ResetActiveHigh: 1
IsCombinational: 0
IsDatapathOnly: 0
HasWiredReturn: 1
HasMFsm: 2
HasVarLatency: 1
IsPipeline: 0
IsRtlPipelined: 0
IsInstanceOverlapped: 0
IsDontTouch: 0
HasImplIP: 0
IsGatedGlobalClock: 0

+ Individual pipeline summary: 
  * Pipeline-0: initiation interval (II) = 1, depth = 5


============================================================
+ Verbose Summary: Schedule
============================================================
* Number of FSM states : 5
* Pipeline : 1
  Pipeline-0 : II = 1, D = 5, States = { 1 2 3 4 5 }
* Dataflow Pipeline: 0

* FSM state transitions: 
1 --> 2 
2 --> 3 
3 --> 4 
4 --> 5 
5 --> 

* FSM state operations: 

State 1 <SV = 0> <Delay = 1.58>
ST_1 : Operation 7 [1/1] (0.00ns)   --->   "%t = alloca i32 1" [D:/hlstrack/hlstrack2025-master/security/L1/tests/hmac/sha256/../../../../L1/include\xf_security/sha224_256.hpp:576->D:/hlstrack/hlstrack2025-master/security/L1/tests/hmac/sha256/../../../../L1/include\xf_security/sha224_256.hpp:684]   --->   Operation 7 'alloca' 't' <Predicate = true> <Delay = 0.00>
ST_1 : Operation 8 [1/1] (0.00ns)   --->   "%c_1 = alloca i32 1" [D:/hlstrack/hlstrack2025-master/security/L1/tests/hmac/sha256/../../../../L1/include\xf_security/sha224_256.hpp:668]   --->   Operation 8 'alloca' 'c_1' <Predicate = true> <Delay = 0.00>
ST_1 : Operation 9 [1/1] (0.00ns)   --->   "%d_1 = alloca i32 1" [D:/hlstrack/hlstrack2025-master/security/L1/tests/hmac/sha256/../../../../L1/include\xf_security/sha224_256.hpp:668]   --->   Operation 9 'alloca' 'd_1' <Predicate = true> <Delay = 0.00>
ST_1 : Operation 10 [1/1] (0.00ns)   --->   "%g_1 = alloca i32 1" [D:/hlstrack/hlstrack2025-master/security/L1/tests/hmac/sha256/../../../../L1/include\xf_security/sha224_256.hpp:668]   --->   Operation 10 'alloca' 'g_1' <Predicate = true> <Delay = 0.00>
ST_1 : Operation 11 [1/1] (0.00ns)   --->   "%h_1 = alloca i32 1" [D:/hlstrack/hlstrack2025-master/security/L1/tests/hmac/sha256/../../../../L1/include\xf_security/sha224_256.hpp:668]   --->   Operation 11 'alloca' 'h_1' <Predicate = true> <Delay = 0.00>
ST_1 : Operation 12 [1/1] (0.00ns)   --->   "%Kt = alloca i32 1" [D:/hlstrack/hlstrack2025-master/security/L1/tests/hmac/sha256/../../../../L1/include\xf_security/sha224_256.hpp:680]   --->   Operation 12 'alloca' 'Kt' <Predicate = true> <Delay = 0.00>
ST_1 : Operation 13 [1/1] (0.00ns)   --->   "%add_ln6951 = alloca i32 1"   --->   Operation 13 'alloca' 'add_ln6951' <Predicate = true> <Delay = 0.00>
ST_1 : Operation 14 [1/1] (0.00ns)   --->   "%add_ln6942 = alloca i32 1"   --->   Operation 14 'alloca' 'add_ln6942' <Predicate = true> <Delay = 0.00>
ST_1 : Operation 15 [1/1] (0.00ns)   --->   "%add_ln6933 = alloca i32 1"   --->   Operation 15 'alloca' 'add_ln6933' <Predicate = true> <Delay = 0.00>
ST_1 : Operation 16 [1/1] (0.00ns)   --->   "%add_ln6924 = alloca i32 1"   --->   Operation 16 'alloca' 'add_ln6924' <Predicate = true> <Delay = 0.00>
ST_1 : Operation 17 [1/1] (0.00ns)   --->   "%add_ln6915 = alloca i32 1"   --->   Operation 17 'alloca' 'add_ln6915' <Predicate = true> <Delay = 0.00>
ST_1 : Operation 18 [1/1] (0.00ns)   --->   "%add_ln6906 = alloca i32 1"   --->   Operation 18 'alloca' 'add_ln6906' <Predicate = true> <Delay = 0.00>
ST_1 : Operation 19 [1/1] (0.00ns)   --->   "%add_ln6897 = alloca i32 1"   --->   Operation 19 'alloca' 'add_ln6897' <Predicate = true> <Delay = 0.00>
ST_1 : Operation 20 [1/1] (0.00ns)   --->   "%add_ln6888 = alloca i32 1"   --->   Operation 20 'alloca' 'add_ln6888' <Predicate = true> <Delay = 0.00>
ST_1 : Operation 21 [1/1] (0.00ns)   --->   "%b_1 = alloca i32 1" [D:/hlstrack/hlstrack2025-master/security/L1/tests/hmac/sha256/../../../../L1/include\xf_security/sha224_256.hpp:668]   --->   Operation 21 'alloca' 'b_1' <Predicate = true> <Delay = 0.00>
ST_1 : Operation 22 [1/1] (0.00ns)   --->   "%d_2 = alloca i32 1" [D:/hlstrack/hlstrack2025-master/security/L1/tests/hmac/sha256/../../../../L1/include\xf_security/sha224_256.hpp:668]   --->   Operation 22 'alloca' 'd_2' <Predicate = true> <Delay = 0.00>
ST_1 : Operation 23 [1/1] (0.00ns)   --->   "%f_1 = alloca i32 1" [D:/hlstrack/hlstrack2025-master/security/L1/tests/hmac/sha256/../../../../L1/include\xf_security/sha224_256.hpp:668]   --->   Operation 23 'alloca' 'f_1' <Predicate = true> <Delay = 0.00>
ST_1 : Operation 24 [1/1] (0.00ns)   --->   "%h_2 = alloca i32 1" [D:/hlstrack/hlstrack2025-master/security/L1/tests/hmac/sha256/../../../../L1/include\xf_security/sha224_256.hpp:668]   --->   Operation 24 'alloca' 'h_2' <Predicate = true> <Delay = 0.00>
ST_1 : Operation 25 [1/1] (0.00ns)   --->   "%specmemcore_ln0 = specmemcore void @_ssdm_op_SpecMemCore, i32 %w_strm, i64 666, i64 9, i64 18446744073709551615"   --->   Operation 25 'specmemcore' 'specmemcore_ln0' <Predicate = true> <Delay = 0.00>
ST_1 : Operation 26 [1/1] (0.00ns)   --->   "%specinterface_ln0 = specinterface void @_ssdm_op_SpecInterface, i32 %w_strm, void @empty_3, i32 0, i32 0, void @empty_1, i32 0, i32 0, void @empty_1, void @empty_1, void @empty_1, i32 0, i32 0, i32 0, i32 0, void @empty_1, void @empty_1, i32 4294967295, i32 0, i32 0"   --->   Operation 26 'specinterface' 'specinterface_ln0' <Predicate = true> <Delay = 0.00>
ST_1 : Operation 27 [1/1] (0.00ns)   --->   "%a_read = read i32 @_ssdm_op_Read.ap_auto.i32, i32 %a" [D:/hlstrack/hlstrack2025-master/security/L1/tests/hmac/sha256/../../../../L1/include\xf_security/sha224_256.hpp:610]   --->   Operation 27 'read' 'a_read' <Predicate = true> <Delay = 0.00>
ST_1 : Operation 28 [1/1] (0.00ns)   --->   "%b_read = read i32 @_ssdm_op_Read.ap_auto.i32, i32 %b" [D:/hlstrack/hlstrack2025-master/security/L1/tests/hmac/sha256/../../../../L1/include\xf_security/sha224_256.hpp:610]   --->   Operation 28 'read' 'b_read' <Predicate = true> <Delay = 0.00>
ST_1 : Operation 29 [1/1] (0.00ns)   --->   "%c_read = read i32 @_ssdm_op_Read.ap_auto.i32, i32 %c" [D:/hlstrack/hlstrack2025-master/security/L1/tests/hmac/sha256/../../../../L1/include\xf_security/sha224_256.hpp:610]   --->   Operation 29 'read' 'c_read' <Predicate = true> <Delay = 0.00>
ST_1 : Operation 30 [1/1] (0.00ns)   --->   "%d_read = read i32 @_ssdm_op_Read.ap_auto.i32, i32 %d" [D:/hlstrack/hlstrack2025-master/security/L1/tests/hmac/sha256/../../../../L1/include\xf_security/sha224_256.hpp:610]   --->   Operation 30 'read' 'd_read' <Predicate = true> <Delay = 0.00>
ST_1 : Operation 31 [1/1] (0.00ns)   --->   "%e_read = read i32 @_ssdm_op_Read.ap_auto.i32, i32 %e" [D:/hlstrack/hlstrack2025-master/security/L1/tests/hmac/sha256/../../../../L1/include\xf_security/sha224_256.hpp:610]   --->   Operation 31 'read' 'e_read' <Predicate = true> <Delay = 0.00>
ST_1 : Operation 32 [1/1] (0.00ns)   --->   "%f_read = read i32 @_ssdm_op_Read.ap_auto.i32, i32 %f" [D:/hlstrack/hlstrack2025-master/security/L1/tests/hmac/sha256/../../../../L1/include\xf_security/sha224_256.hpp:610]   --->   Operation 32 'read' 'f_read' <Predicate = true> <Delay = 0.00>
ST_1 : Operation 33 [1/1] (0.00ns)   --->   "%g_read = read i32 @_ssdm_op_Read.ap_auto.i32, i32 %g" [D:/hlstrack/hlstrack2025-master/security/L1/tests/hmac/sha256/../../../../L1/include\xf_security/sha224_256.hpp:610]   --->   Operation 33 'read' 'g_read' <Predicate = true> <Delay = 0.00>
ST_1 : Operation 34 [1/1] (0.00ns)   --->   "%h_read = read i32 @_ssdm_op_Read.ap_auto.i32, i32 %h" [D:/hlstrack/hlstrack2025-master/security/L1/tests/hmac/sha256/../../../../L1/include\xf_security/sha224_256.hpp:610]   --->   Operation 34 'read' 'h_read' <Predicate = true> <Delay = 0.00>
ST_1 : Operation 35 [1/1] (1.58ns)   --->   "%store_ln668 = store i32 %g_read, i32 %h_2" [D:/hlstrack/hlstrack2025-master/security/L1/tests/hmac/sha256/../../../../L1/include\xf_security/sha224_256.hpp:668]   --->   Operation 35 'store' 'store_ln668' <Predicate = true> <Delay = 1.58>
ST_1 : Operation 36 [1/1] (1.58ns)   --->   "%store_ln668 = store i32 %e_read, i32 %f_1" [D:/hlstrack/hlstrack2025-master/security/L1/tests/hmac/sha256/../../../../L1/include\xf_security/sha224_256.hpp:668]   --->   Operation 36 'store' 'store_ln668' <Predicate = true> <Delay = 1.58>
ST_1 : Operation 37 [1/1] (1.58ns)   --->   "%store_ln668 = store i32 %c_read, i32 %d_2" [D:/hlstrack/hlstrack2025-master/security/L1/tests/hmac/sha256/../../../../L1/include\xf_security/sha224_256.hpp:668]   --->   Operation 37 'store' 'store_ln668' <Predicate = true> <Delay = 1.58>
ST_1 : Operation 38 [1/1] (1.58ns)   --->   "%store_ln668 = store i32 %a_read, i32 %b_1" [D:/hlstrack/hlstrack2025-master/security/L1/tests/hmac/sha256/../../../../L1/include\xf_security/sha224_256.hpp:668]   --->   Operation 38 'store' 'store_ln668' <Predicate = true> <Delay = 1.58>
ST_1 : Operation 39 [1/1] (1.58ns)   --->   "%store_ln680 = store i32 1116352408, i32 %Kt" [D:/hlstrack/hlstrack2025-master/security/L1/tests/hmac/sha256/../../../../L1/include\xf_security/sha224_256.hpp:680]   --->   Operation 39 'store' 'store_ln680' <Predicate = true> <Delay = 1.58>
ST_1 : Operation 40 [1/1] (1.58ns)   --->   "%store_ln668 = store i32 %h_read, i32 %h_1" [D:/hlstrack/hlstrack2025-master/security/L1/tests/hmac/sha256/../../../../L1/include\xf_security/sha224_256.hpp:668]   --->   Operation 40 'store' 'store_ln668' <Predicate = true> <Delay = 1.58>
ST_1 : Operation 41 [1/1] (1.58ns)   --->   "%store_ln668 = store i32 %f_read, i32 %g_1" [D:/hlstrack/hlstrack2025-master/security/L1/tests/hmac/sha256/../../../../L1/include\xf_security/sha224_256.hpp:668]   --->   Operation 41 'store' 'store_ln668' <Predicate = true> <Delay = 1.58>
ST_1 : Operation 42 [1/1] (1.58ns)   --->   "%store_ln668 = store i32 %d_read, i32 %d_1" [D:/hlstrack/hlstrack2025-master/security/L1/tests/hmac/sha256/../../../../L1/include\xf_security/sha224_256.hpp:668]   --->   Operation 42 'store' 'store_ln668' <Predicate = true> <Delay = 1.58>
ST_1 : Operation 43 [1/1] (1.58ns)   --->   "%store_ln668 = store i32 %b_read, i32 %c_1" [D:/hlstrack/hlstrack2025-master/security/L1/tests/hmac/sha256/../../../../L1/include\xf_security/sha224_256.hpp:668]   --->   Operation 43 'store' 'store_ln668' <Predicate = true> <Delay = 1.58>
ST_1 : Operation 44 [1/1] (1.58ns)   --->   "%store_ln576 = store i7 0, i7 %t" [D:/hlstrack/hlstrack2025-master/security/L1/tests/hmac/sha256/../../../../L1/include\xf_security/sha224_256.hpp:576->D:/hlstrack/hlstrack2025-master/security/L1/tests/hmac/sha256/../../../../L1/include\xf_security/sha224_256.hpp:684]   --->   Operation 44 'store' 'store_ln576' <Predicate = true> <Delay = 1.58>
ST_1 : Operation 45 [1/1] (0.00ns)   --->   "%br_ln682 = br void %for.inc" [D:/hlstrack/hlstrack2025-master/security/L1/tests/hmac/sha256/../../../../L1/include\xf_security/sha224_256.hpp:682]   --->   Operation 45 'br' 'br_ln682' <Predicate = true> <Delay = 0.00>

State 2 <SV = 1> <Delay = 6.59>
ST_2 : Operation 46 [1/1] (0.00ns)   --->   "%t_1 = load i7 %t" [D:/hlstrack/hlstrack2025-master/security/L1/tests/hmac/sha256/../../../../L1/include\xf_security/sha224_256.hpp:600->D:/hlstrack/hlstrack2025-master/security/L1/tests/hmac/sha256/../../../../L1/include\xf_security/sha224_256.hpp:684]   --->   Operation 46 'load' 't_1' <Predicate = true> <Delay = 0.00>
ST_2 : Operation 47 [1/1] (1.87ns)   --->   "%icmp_ln682 = icmp_eq  i7 %t_1, i7 64" [D:/hlstrack/hlstrack2025-master/security/L1/tests/hmac/sha256/../../../../L1/include\xf_security/sha224_256.hpp:682]   --->   Operation 47 'icmp' 'icmp_ln682' <Predicate = true> <Delay = 1.87> <CoreInst = "Cmp">   --->   Core 9 'Cmp' <Latency = 0> <II = 1> <Delay = 1.87> <FuncUnit> <Opcode : 'seteq' 'setne' 'setle' 'setge' 'setlt' 'setgt'> <InPorts = 2> <OutPorts = 1>
ST_2 : Operation 48 [1/1] (1.87ns)   --->   "%t_2 = add i7 %t_1, i7 1" [D:/hlstrack/hlstrack2025-master/security/L1/tests/hmac/sha256/../../../../L1/include\xf_security/sha224_256.hpp:600->D:/hlstrack/hlstrack2025-master/security/L1/tests/hmac/sha256/../../../../L1/include\xf_security/sha224_256.hpp:684]   --->   Operation 48 'add' 't_2' <Predicate = true> <Delay = 1.87> <CoreInst = "Adder">   --->   Core 1 'Adder' <Latency = 0> <II = 1> <Delay = 1.87> <FuncUnit> <Opcode : 'add' 'sub'> <InPorts = 2> <OutPorts = 1>
ST_2 : Operation 49 [1/1] (0.00ns)   --->   "%br_ln682 = br i1 %icmp_ln682, void %for.inc.split, void %xcl_latency.LOOP_SHA256_UPDATE_64_ROUNDS.1_end.exitStub" [D:/hlstrack/hlstrack2025-master/security/L1/tests/hmac/sha256/../../../../L1/include\xf_security/sha224_256.hpp:682]   --->   Operation 49 'br' 'br_ln682' <Predicate = true> <Delay = 0.00>
ST_2 : Operation 50 [1/1] (0.00ns)   --->   "%h_1_load = load i32 %h_1" [D:/hlstrack/hlstrack2025-master/security/L1/tests/hmac/sha256/../../../../L1/include\xf_security/sha224_256.hpp:580->D:/hlstrack/hlstrack2025-master/security/L1/tests/hmac/sha256/../../../../L1/include\xf_security/sha224_256.hpp:684]   --->   Operation 50 'load' 'h_1_load' <Predicate = (!icmp_ln682)> <Delay = 0.00>
ST_2 : Operation 51 [1/1] (0.00ns)   --->   "%Kt_load = load i32 %Kt" [D:/hlstrack/hlstrack2025-master/security/L1/tests/hmac/sha256/../../../../L1/include\xf_security/sha224_256.hpp:580->D:/hlstrack/hlstrack2025-master/security/L1/tests/hmac/sha256/../../../../L1/include\xf_security/sha224_256.hpp:684]   --->   Operation 51 'load' 'Kt_load' <Predicate = (!icmp_ln682)> <Delay = 0.00>
ST_2 : Operation 52 [2/2] (2.23ns)   --->   "%add_ln580_1 = add i32 %Kt_load, i32 %h_1_load" [D:/hlstrack/hlstrack2025-master/security/L1/tests/hmac/sha256/../../../../L1/include\xf_security/sha224_256.hpp:580->D:/hlstrack/hlstrack2025-master/security/L1/tests/hmac/sha256/../../../../L1/include\xf_security/sha224_256.hpp:684]   --->   Operation 52 'add' 'add_ln580_1' <Predicate = (!icmp_ln682)> <Delay = 2.23> <CoreInst = "Adder">   --->   Core 1 'Adder' <Latency = 1> <II = 1> <Delay = 2.23> <FuncUnit> <Opcode : 'add' 'sub'> <InPorts = 2> <OutPorts = 1>
ST_2 : Operation 53 [1/1] (0.00ns)   --->   "%trunc_ln600 = trunc i7 %t_2" [D:/hlstrack/hlstrack2025-master/security/L1/tests/hmac/sha256/../../../../L1/include\xf_security/sha224_256.hpp:600->D:/hlstrack/hlstrack2025-master/security/L1/tests/hmac/sha256/../../../../L1/include\xf_security/sha224_256.hpp:684]   --->   Operation 53 'trunc' 'trunc_ln600' <Predicate = (!icmp_ln682)> <Delay = 0.00>
ST_2 : Operation 54 [1/1] (3.13ns)   --->   "%Kt_1 = sparsemux i32 @_ssdm_op_SparseMux.ap_auto.64i32.i32.i6, i6 0, i32 1116352408, i6 1, i32 1899447441, i6 2, i32 3049323471, i6 3, i32 3921009573, i6 4, i32 961987163, i6 5, i32 1508970993, i6 6, i32 2453635748, i6 7, i32 2870763221, i6 8, i32 3624381080, i6 9, i32 310598401, i6 10, i32 607225278, i6 11, i32 1426881987, i6 12, i32 1925078388, i6 13, i32 2162078206, i6 14, i32 2614888103, i6 15, i32 3248222580, i6 16, i32 3835390401, i6 17, i32 4022224774, i6 18, i32 264347078, i6 19, i32 604807628, i6 20, i32 770255983, i6 21, i32 1249150122, i6 22, i32 1555081692, i6 23, i32 1996064986, i6 24, i32 2554220882, i6 25, i32 2821834349, i6 26, i32 2952996808, i6 27, i32 3210313671, i6 28, i32 3336571891, i6 29, i32 3584528711, i6 30, i32 113926993, i6 31, i32 338241895, i6 32, i32 666307205, i6 33, i32 773529912, i6 34, i32 1294757372, i6 35, i32 1396182291, i6 36, i32 1695183700, i6 37, i32 1986661051, i6 38, i32 2177026350, i6 39, i32 2456956037, i6 40, i32 2730485921, i6 41, i32 2820302411, i6 42, i32 3259730800, i6 43, i32 3345764771, i6 44, i32 3516065817, i6 45, i32 3600352804, i6 46, i32 4094571909, i6 47, i32 275423344, i6 48, i32 430227734, i6 49, i32 506948616, i6 50, i32 659060556, i6 51, i32 883997877, i6 52, i32 958139571, i6 53, i32 1322822218, i6 54, i32 1537002063, i6 55, i32 1747873779, i6 56, i32 1955562222, i6 57, i32 2024104815, i6 58, i32 2227730452, i6 59, i32 2361852424, i6 60, i32 2428436474, i6 61, i32 2756734187, i6 62, i32 3204031479, i6 63, i32 3329325298, i32 0, i6 %trunc_ln600" [D:/hlstrack/hlstrack2025-master/security/L1/tests/hmac/sha256/../../../../L1/include\xf_security/sha224_256.hpp:600->D:/hlstrack/hlstrack2025-master/security/L1/tests/hmac/sha256/../../../../L1/include\xf_security/sha224_256.hpp:684]   --->   Operation 54 'sparsemux' 'Kt_1' <Predicate = (!icmp_ln682)> <Delay = 3.13> <CoreInst = "BinarySparseMux_DontCare">   --->   Core 137 'BinarySparseMux_DontCare' <Latency = 0> <II = 1> <Delay = 3.13> <FuncUnit> <Opcode : 'sparsemux'> <InPorts = 2> <OutPorts = 1>
ST_2 : Operation 55 [1/1] (1.58ns)   --->   "%store_ln680 = store i32 %Kt_1, i32 %Kt" [D:/hlstrack/hlstrack2025-master/security/L1/tests/hmac/sha256/../../../../L1/include\xf_security/sha224_256.hpp:680]   --->   Operation 55 'store' 'store_ln680' <Predicate = (!icmp_ln682)> <Delay = 1.58>
ST_2 : Operation 56 [1/1] (1.58ns)   --->   "%store_ln576 = store i7 %t_2, i7 %t" [D:/hlstrack/hlstrack2025-master/security/L1/tests/hmac/sha256/../../../../L1/include\xf_security/sha224_256.hpp:576->D:/hlstrack/hlstrack2025-master/security/L1/tests/hmac/sha256/../../../../L1/include\xf_security/sha224_256.hpp:684]   --->   Operation 56 'store' 'store_ln576' <Predicate = (!icmp_ln682)> <Delay = 1.58>

State 3 <SV = 2> <Delay = 12.5>
ST_3 : Operation 57 [1/1] (0.00ns)   --->   "%a_3 = load i32 %b_1" [D:/hlstrack/hlstrack2025-master/security/L1/tests/hmac/sha256/../../../../L1/include\xf_security/sha224_256.hpp:581->D:/hlstrack/hlstrack2025-master/security/L1/tests/hmac/sha256/../../../../L1/include\xf_security/sha224_256.hpp:684]   --->   Operation 57 'load' 'a_3' <Predicate = true> <Delay = 0.00>
ST_3 : Operation 58 [1/1] (0.00ns)   --->   "%c_3 = load i32 %d_2" [D:/hlstrack/hlstrack2025-master/security/L1/tests/hmac/sha256/../../../../L1/include\xf_security/sha224_256.hpp:691]   --->   Operation 58 'load' 'c_3' <Predicate = true> <Delay = 0.00>
ST_3 : Operation 59 [1/1] (0.00ns)   --->   "%e_3 = load i32 %f_1" [D:/hlstrack/hlstrack2025-master/security/L1/tests/hmac/sha256/../../../../L1/include\xf_security/sha224_256.hpp:580->D:/hlstrack/hlstrack2025-master/security/L1/tests/hmac/sha256/../../../../L1/include\xf_security/sha224_256.hpp:684]   --->   Operation 59 'load' 'e_3' <Predicate = true> <Delay = 0.00>
ST_3 : Operation 60 [1/1] (0.00ns)   --->   "%g_3 = load i32 %h_2" [D:/hlstrack/hlstrack2025-master/security/L1/tests/hmac/sha256/../../../../L1/include\xf_security/sha224_256.hpp:695]   --->   Operation 60 'load' 'g_3' <Predicate = true> <Delay = 0.00>
ST_3 : Operation 61 [1/1] (0.00ns)   --->   "%c_1_load = load i32 %c_1" [D:/hlstrack/hlstrack2025-master/security/L1/tests/hmac/sha256/../../../../L1/include\xf_security/sha224_256.hpp:668]   --->   Operation 61 'load' 'c_1_load' <Predicate = (!icmp_ln682)> <Delay = 0.00>
ST_3 : Operation 62 [1/1] (0.00ns)   --->   "%d_1_load = load i32 %d_1" [D:/hlstrack/hlstrack2025-master/security/L1/tests/hmac/sha256/../../../../L1/include\xf_security/sha224_256.hpp:587->D:/hlstrack/hlstrack2025-master/security/L1/tests/hmac/sha256/../../../../L1/include\xf_security/sha224_256.hpp:684]   --->   Operation 62 'load' 'd_1_load' <Predicate = (!icmp_ln682)> <Delay = 0.00>
ST_3 : Operation 63 [1/1] (0.00ns)   --->   "%g_1_load = load i32 %g_1" [D:/hlstrack/hlstrack2025-master/security/L1/tests/hmac/sha256/../../../../L1/include\xf_security/sha224_256.hpp:668]   --->   Operation 63 'load' 'g_1_load' <Predicate = (!icmp_ln682)> <Delay = 0.00>
ST_3 : Operation 64 [1/1] ( I:1.14ns O:1.14ns )   --->   "%Wt = read i32 @_ssdm_op_Read.ap_fifo.volatile.i32P0A, i32 %w_strm" [D:/hlstrack/hlstrack2025-master/security/L1/tests/hmac/sha256/../../../../L1/include\xf_security/sha224_256.hpp:577->D:/hlstrack/hlstrack2025-master/security/L1/tests/hmac/sha256/../../../../L1/include\xf_security/sha224_256.hpp:684]   --->   Operation 64 'read' 'Wt' <Predicate = (!icmp_ln682)> <Delay = 1.14> <CoreInst = "FIFO_LUTRAM">   --->   Core 79 'FIFO_LUTRAM' <Latency = 0> <II = 1> <Delay = 3.72> <Storage> <Opcode : 'read' 'write' 'nbread' 'nbwrite'> <Ports = 0> <Width = 32> <Depth = 32> <FIFO>
ST_3 : Operation 65 [1/1] (0.00ns) (grouped into LUT with out node xor_ln580_3)   --->   "%lshr_ln = partselect i26 @_ssdm_op_PartSelect.i26.i32.i32.i32, i32 %e_3, i32 6, i32 31" [D:/hlstrack/hlstrack2025-master/security/L1/tests/hmac/sha256/../../../../L1/include\xf_security/sha224_256.hpp:580->D:/hlstrack/hlstrack2025-master/security/L1/tests/hmac/sha256/../../../../L1/include\xf_security/sha224_256.hpp:684]   --->   Operation 65 'partselect' 'lshr_ln' <Predicate = (!icmp_ln682)> <Delay = 0.00>
ST_3 : Operation 66 [1/1] (0.00ns) (grouped into LUT with out node xor_ln580_3)   --->   "%trunc_ln580 = trunc i32 %e_3" [D:/hlstrack/hlstrack2025-master/security/L1/tests/hmac/sha256/../../../../L1/include\xf_security/sha224_256.hpp:580->D:/hlstrack/hlstrack2025-master/security/L1/tests/hmac/sha256/../../../../L1/include\xf_security/sha224_256.hpp:684]   --->   Operation 66 'trunc' 'trunc_ln580' <Predicate = (!icmp_ln682)> <Delay = 0.00>
ST_3 : Operation 67 [1/1] (0.00ns) (grouped into LUT with out node xor_ln580_3)   --->   "%lshr_ln580_1 = partselect i21 @_ssdm_op_PartSelect.i21.i32.i32.i32, i32 %e_3, i32 11, i32 31" [D:/hlstrack/hlstrack2025-master/security/L1/tests/hmac/sha256/../../../../L1/include\xf_security/sha224_256.hpp:580->D:/hlstrack/hlstrack2025-master/security/L1/tests/hmac/sha256/../../../../L1/include\xf_security/sha224_256.hpp:684]   --->   Operation 67 'partselect' 'lshr_ln580_1' <Predicate = (!icmp_ln682)> <Delay = 0.00>
ST_3 : Operation 68 [1/1] (0.00ns) (grouped into LUT with out node xor_ln580_3)   --->   "%trunc_ln580_1 = trunc i32 %e_3" [D:/hlstrack/hlstrack2025-master/security/L1/tests/hmac/sha256/../../../../L1/include\xf_security/sha224_256.hpp:580->D:/hlstrack/hlstrack2025-master/security/L1/tests/hmac/sha256/../../../../L1/include\xf_security/sha224_256.hpp:684]   --->   Operation 68 'trunc' 'trunc_ln580_1' <Predicate = (!icmp_ln682)> <Delay = 0.00>
ST_3 : Operation 69 [1/1] (0.00ns) (grouped into LUT with out node xor_ln580_3)   --->   "%lshr_ln580_2 = partselect i7 @_ssdm_op_PartSelect.i7.i32.i32.i32, i32 %e_3, i32 25, i32 31" [D:/hlstrack/hlstrack2025-master/security/L1/tests/hmac/sha256/../../../../L1/include\xf_security/sha224_256.hpp:580->D:/hlstrack/hlstrack2025-master/security/L1/tests/hmac/sha256/../../../../L1/include\xf_security/sha224_256.hpp:684]   --->   Operation 69 'partselect' 'lshr_ln580_2' <Predicate = (!icmp_ln682)> <Delay = 0.00>
ST_3 : Operation 70 [1/1] (0.00ns) (grouped into LUT with out node xor_ln580_3)   --->   "%trunc_ln580_2 = trunc i32 %e_3" [D:/hlstrack/hlstrack2025-master/security/L1/tests/hmac/sha256/../../../../L1/include\xf_security/sha224_256.hpp:580->D:/hlstrack/hlstrack2025-master/security/L1/tests/hmac/sha256/../../../../L1/include\xf_security/sha224_256.hpp:684]   --->   Operation 70 'trunc' 'trunc_ln580_2' <Predicate = (!icmp_ln682)> <Delay = 0.00>
ST_3 : Operation 71 [1/1] (0.00ns) (grouped into LUT with out node xor_ln580_1)   --->   "%xor_ln580 = xor i32 %e_3, i32 4294967295" [D:/hlstrack/hlstrack2025-master/security/L1/tests/hmac/sha256/../../../../L1/include\xf_security/sha224_256.hpp:580->D:/hlstrack/hlstrack2025-master/security/L1/tests/hmac/sha256/../../../../L1/include\xf_security/sha224_256.hpp:684]   --->   Operation 71 'xor' 'xor_ln580' <Predicate = (!icmp_ln682)> <Delay = 0.00> <CoreInst = "LogicGate">   --->   Core 74 'LogicGate' <Latency = 0> <II = 1> <Delay = 0.99> <FuncUnit> <Opcode : 'and' 'or' 'xor'> <InPorts = 2> <OutPorts = 1>
ST_3 : Operation 72 [1/1] (0.00ns) (grouped into LUT with out node xor_ln580_3)   --->   "%or_ln = bitconcatenate i32 @_ssdm_op_BitConcatenate.i32.i6.i26, i6 %trunc_ln580, i26 %lshr_ln" [D:/hlstrack/hlstrack2025-master/security/L1/tests/hmac/sha256/../../../../L1/include\xf_security/sha224_256.hpp:580->D:/hlstrack/hlstrack2025-master/security/L1/tests/hmac/sha256/../../../../L1/include\xf_security/sha224_256.hpp:684]   --->   Operation 72 'bitconcatenate' 'or_ln' <Predicate = (!icmp_ln682)> <Delay = 0.00>
ST_3 : Operation 73 [1/1] (0.00ns) (grouped into LUT with out node xor_ln580_3)   --->   "%or_ln580_1 = bitconcatenate i32 @_ssdm_op_BitConcatenate.i32.i11.i21, i11 %trunc_ln580_1, i21 %lshr_ln580_1" [D:/hlstrack/hlstrack2025-master/security/L1/tests/hmac/sha256/../../../../L1/include\xf_security/sha224_256.hpp:580->D:/hlstrack/hlstrack2025-master/security/L1/tests/hmac/sha256/../../../../L1/include\xf_security/sha224_256.hpp:684]   --->   Operation 73 'bitconcatenate' 'or_ln580_1' <Predicate = (!icmp_ln682)> <Delay = 0.00>
ST_3 : Operation 74 [1/1] (0.00ns) (grouped into LUT with out node xor_ln580_1)   --->   "%and_ln580 = and i32 %e_3, i32 %g_1_load" [D:/hlstrack/hlstrack2025-master/security/L1/tests/hmac/sha256/../../../../L1/include\xf_security/sha224_256.hpp:580->D:/hlstrack/hlstrack2025-master/security/L1/tests/hmac/sha256/../../../../L1/include\xf_security/sha224_256.hpp:684]   --->   Operation 74 'and' 'and_ln580' <Predicate = (!icmp_ln682)> <Delay = 0.00> <CoreInst = "LogicGate">   --->   Core 74 'LogicGate' <Latency = 0> <II = 1> <Delay = 0.99> <FuncUnit> <Opcode : 'and' 'or' 'xor'> <InPorts = 2> <OutPorts = 1>
ST_3 : Operation 75 [1/1] (0.00ns) (grouped into LUT with out node xor_ln580_1)   --->   "%and_ln580_1 = and i32 %g_3, i32 %xor_ln580" [D:/hlstrack/hlstrack2025-master/security/L1/tests/hmac/sha256/../../../../L1/include\xf_security/sha224_256.hpp:580->D:/hlstrack/hlstrack2025-master/security/L1/tests/hmac/sha256/../../../../L1/include\xf_security/sha224_256.hpp:684]   --->   Operation 75 'and' 'and_ln580_1' <Predicate = (!icmp_ln682)> <Delay = 0.00> <CoreInst = "LogicGate">   --->   Core 74 'LogicGate' <Latency = 0> <II = 1> <Delay = 0.99> <FuncUnit> <Opcode : 'and' 'or' 'xor'> <InPorts = 2> <OutPorts = 1>
ST_3 : Operation 76 [1/1] (0.00ns) (grouped into LUT with out node xor_ln580_3)   --->   "%or_ln580_2 = bitconcatenate i32 @_ssdm_op_BitConcatenate.i32.i25.i7, i25 %trunc_ln580_2, i7 %lshr_ln580_2" [D:/hlstrack/hlstrack2025-master/security/L1/tests/hmac/sha256/../../../../L1/include\xf_security/sha224_256.hpp:580->D:/hlstrack/hlstrack2025-master/security/L1/tests/hmac/sha256/../../../../L1/include\xf_security/sha224_256.hpp:684]   --->   Operation 76 'bitconcatenate' 'or_ln580_2' <Predicate = (!icmp_ln682)> <Delay = 0.00>
ST_3 : Operation 77 [1/1] (0.99ns) (out node of the LUT)   --->   "%xor_ln580_1 = xor i32 %and_ln580, i32 %and_ln580_1" [D:/hlstrack/hlstrack2025-master/security/L1/tests/hmac/sha256/../../../../L1/include\xf_security/sha224_256.hpp:580->D:/hlstrack/hlstrack2025-master/security/L1/tests/hmac/sha256/../../../../L1/include\xf_security/sha224_256.hpp:684]   --->   Operation 77 'xor' 'xor_ln580_1' <Predicate = (!icmp_ln682)> <Delay = 0.99> <CoreInst = "LogicGate">   --->   Core 74 'LogicGate' <Latency = 0> <II = 1> <Delay = 0.99> <FuncUnit> <Opcode : 'and' 'or' 'xor'> <InPorts = 2> <OutPorts = 1>
ST_3 : Operation 78 [1/1] (0.00ns) (grouped into LUT with out node xor_ln580_3)   --->   "%xor_ln580_2 = xor i32 %or_ln580_1, i32 %or_ln580_2" [D:/hlstrack/hlstrack2025-master/security/L1/tests/hmac/sha256/../../../../L1/include\xf_security/sha224_256.hpp:580->D:/hlstrack/hlstrack2025-master/security/L1/tests/hmac/sha256/../../../../L1/include\xf_security/sha224_256.hpp:684]   --->   Operation 78 'xor' 'xor_ln580_2' <Predicate = (!icmp_ln682)> <Delay = 0.00> <CoreInst = "LogicGate">   --->   Core 74 'LogicGate' <Latency = 0> <II = 1> <Delay = 0.99> <FuncUnit> <Opcode : 'and' 'or' 'xor'> <InPorts = 2> <OutPorts = 1>
ST_3 : Operation 79 [1/1] (0.99ns) (out node of the LUT)   --->   "%xor_ln580_3 = xor i32 %xor_ln580_2, i32 %or_ln" [D:/hlstrack/hlstrack2025-master/security/L1/tests/hmac/sha256/../../../../L1/include\xf_security/sha224_256.hpp:580->D:/hlstrack/hlstrack2025-master/security/L1/tests/hmac/sha256/../../../../L1/include\xf_security/sha224_256.hpp:684]   --->   Operation 79 'xor' 'xor_ln580_3' <Predicate = (!icmp_ln682)> <Delay = 0.99> <CoreInst = "LogicGate">   --->   Core 74 'LogicGate' <Latency = 0> <II = 1> <Delay = 0.99> <FuncUnit> <Opcode : 'and' 'or' 'xor'> <InPorts = 2> <OutPorts = 1>
ST_3 : Operation 80 [1/2] (2.23ns)   --->   "%add_ln580_1 = add i32 %Kt_load, i32 %h_1_load" [D:/hlstrack/hlstrack2025-master/security/L1/tests/hmac/sha256/../../../../L1/include\xf_security/sha224_256.hpp:580->D:/hlstrack/hlstrack2025-master/security/L1/tests/hmac/sha256/../../../../L1/include\xf_security/sha224_256.hpp:684]   --->   Operation 80 'add' 'add_ln580_1' <Predicate = (!icmp_ln682)> <Delay = 2.23> <CoreInst = "Adder">   --->   Core 1 'Adder' <Latency = 1> <II = 1> <Delay = 2.23> <FuncUnit> <Opcode : 'add' 'sub'> <InPorts = 2> <OutPorts = 1>
ST_3 : Operation 81 [1/1] (4.02ns)   --->   "%add_ln580_2 = add i32 %add_ln580_1, i32 %xor_ln580_3" [D:/hlstrack/hlstrack2025-master/security/L1/tests/hmac/sha256/../../../../L1/include\xf_security/sha224_256.hpp:580->D:/hlstrack/hlstrack2025-master/security/L1/tests/hmac/sha256/../../../../L1/include\xf_security/sha224_256.hpp:684]   --->   Operation 81 'add' 'add_ln580_2' <Predicate = (!icmp_ln682)> <Delay = 4.02> <CoreInst = "AddSub_DSP">   --->   Core 2 'AddSub_DSP' <Latency = 0> <II = 1> <Delay = 4.02> <FuncUnit> <Opcode : 'add' 'sub'> <InPorts = 2> <OutPorts = 1>
ST_3 : Operation 82 [1/1] (4.02ns)   --->   "%add_ln580 = add i32 %xor_ln580_1, i32 %Wt" [D:/hlstrack/hlstrack2025-master/security/L1/tests/hmac/sha256/../../../../L1/include\xf_security/sha224_256.hpp:580->D:/hlstrack/hlstrack2025-master/security/L1/tests/hmac/sha256/../../../../L1/include\xf_security/sha224_256.hpp:684]   --->   Operation 82 'add' 'add_ln580' <Predicate = (!icmp_ln682)> <Delay = 4.02> <CoreInst = "AddSub_DSP">   --->   Core 2 'AddSub_DSP' <Latency = 0> <II = 1> <Delay = 4.02> <FuncUnit> <Opcode : 'add' 'sub'> <InPorts = 2> <OutPorts = 1>
ST_3 : Operation 83 [1/1] (4.02ns)   --->   "%T1 = add i32 %add_ln580, i32 %add_ln580_2" [D:/hlstrack/hlstrack2025-master/security/L1/tests/hmac/sha256/../../../../L1/include\xf_security/sha224_256.hpp:580->D:/hlstrack/hlstrack2025-master/security/L1/tests/hmac/sha256/../../../../L1/include\xf_security/sha224_256.hpp:684]   --->   Operation 83 'add' 'T1' <Predicate = (!icmp_ln682)> <Delay = 4.02> <CoreInst = "AddSub_DSP">   --->   Core 2 'AddSub_DSP' <Latency = 0> <II = 1> <Delay = 4.02> <FuncUnit> <Opcode : 'add' 'sub'> <InPorts = 2> <OutPorts = 1>
ST_3 : Operation 84 [1/1] (0.00ns) (grouped into LUT with out node xor_ln591_3)   --->   "%lshr_ln1 = partselect i30 @_ssdm_op_PartSelect.i30.i32.i32.i32, i32 %a_3, i32 2, i32 31" [D:/hlstrack/hlstrack2025-master/security/L1/tests/hmac/sha256/../../../../L1/include\xf_security/sha224_256.hpp:581->D:/hlstrack/hlstrack2025-master/security/L1/tests/hmac/sha256/../../../../L1/include\xf_security/sha224_256.hpp:684]   --->   Operation 84 'partselect' 'lshr_ln1' <Predicate = (!icmp_ln682)> <Delay = 0.00>
ST_3 : Operation 85 [1/1] (0.00ns) (grouped into LUT with out node xor_ln591_3)   --->   "%trunc_ln581 = trunc i32 %a_3" [D:/hlstrack/hlstrack2025-master/security/L1/tests/hmac/sha256/../../../../L1/include\xf_security/sha224_256.hpp:581->D:/hlstrack/hlstrack2025-master/security/L1/tests/hmac/sha256/../../../../L1/include\xf_security/sha224_256.hpp:684]   --->   Operation 85 'trunc' 'trunc_ln581' <Predicate = (!icmp_ln682)> <Delay = 0.00>
ST_3 : Operation 86 [1/1] (0.00ns) (grouped into LUT with out node xor_ln591_3)   --->   "%lshr_ln581_1 = partselect i19 @_ssdm_op_PartSelect.i19.i32.i32.i32, i32 %a_3, i32 13, i32 31" [D:/hlstrack/hlstrack2025-master/security/L1/tests/hmac/sha256/../../../../L1/include\xf_security/sha224_256.hpp:581->D:/hlstrack/hlstrack2025-master/security/L1/tests/hmac/sha256/../../../../L1/include\xf_security/sha224_256.hpp:684]   --->   Operation 86 'partselect' 'lshr_ln581_1' <Predicate = (!icmp_ln682)> <Delay = 0.00>
ST_3 : Operation 87 [1/1] (0.00ns) (grouped into LUT with out node xor_ln591_3)   --->   "%trunc_ln581_1 = trunc i32 %a_3" [D:/hlstrack/hlstrack2025-master/security/L1/tests/hmac/sha256/../../../../L1/include\xf_security/sha224_256.hpp:581->D:/hlstrack/hlstrack2025-master/security/L1/tests/hmac/sha256/../../../../L1/include\xf_security/sha224_256.hpp:684]   --->   Operation 87 'trunc' 'trunc_ln581_1' <Predicate = (!icmp_ln682)> <Delay = 0.00>
ST_3 : Operation 88 [1/1] (0.00ns) (grouped into LUT with out node xor_ln591_3)   --->   "%lshr_ln581_2 = partselect i10 @_ssdm_op_PartSelect.i10.i32.i32.i32, i32 %a_3, i32 22, i32 31" [D:/hlstrack/hlstrack2025-master/security/L1/tests/hmac/sha256/../../../../L1/include\xf_security/sha224_256.hpp:581->D:/hlstrack/hlstrack2025-master/security/L1/tests/hmac/sha256/../../../../L1/include\xf_security/sha224_256.hpp:684]   --->   Operation 88 'partselect' 'lshr_ln581_2' <Predicate = (!icmp_ln682)> <Delay = 0.00>
ST_3 : Operation 89 [1/1] (0.00ns) (grouped into LUT with out node xor_ln591_3)   --->   "%trunc_ln581_2 = trunc i32 %a_3" [D:/hlstrack/hlstrack2025-master/security/L1/tests/hmac/sha256/../../../../L1/include\xf_security/sha224_256.hpp:581->D:/hlstrack/hlstrack2025-master/security/L1/tests/hmac/sha256/../../../../L1/include\xf_security/sha224_256.hpp:684]   --->   Operation 89 'trunc' 'trunc_ln581_2' <Predicate = (!icmp_ln682)> <Delay = 0.00>
ST_3 : Operation 90 [2/2] (2.23ns)   --->   "%e_2 = add i32 %T1, i32 %d_1_load" [D:/hlstrack/hlstrack2025-master/security/L1/tests/hmac/sha256/../../../../L1/include\xf_security/sha224_256.hpp:587->D:/hlstrack/hlstrack2025-master/security/L1/tests/hmac/sha256/../../../../L1/include\xf_security/sha224_256.hpp:684]   --->   Operation 90 'add' 'e_2' <Predicate = (!icmp_ln682)> <Delay = 2.23> <CoreInst = "Adder">   --->   Core 1 'Adder' <Latency = 1> <II = 1> <Delay = 2.23> <FuncUnit> <Opcode : 'add' 'sub'> <InPorts = 2> <OutPorts = 1>
ST_3 : Operation 91 [1/1] (0.00ns) (grouped into LUT with out node xor_ln591_1)   --->   "%xor_ln591 = xor i32 %c_1_load, i32 %c_3" [D:/hlstrack/hlstrack2025-master/security/L1/tests/hmac/sha256/../../../../L1/include\xf_security/sha224_256.hpp:591->D:/hlstrack/hlstrack2025-master/security/L1/tests/hmac/sha256/../../../../L1/include\xf_security/sha224_256.hpp:684]   --->   Operation 91 'xor' 'xor_ln591' <Predicate = (!icmp_ln682)> <Delay = 0.00> <CoreInst = "LogicGate">   --->   Core 74 'LogicGate' <Latency = 0> <II = 1> <Delay = 0.99> <FuncUnit> <Opcode : 'and' 'or' 'xor'> <InPorts = 2> <OutPorts = 1>
ST_3 : Operation 92 [1/1] (0.00ns) (grouped into LUT with out node xor_ln591_1)   --->   "%and_ln591 = and i32 %a_3, i32 %xor_ln591" [D:/hlstrack/hlstrack2025-master/security/L1/tests/hmac/sha256/../../../../L1/include\xf_security/sha224_256.hpp:591->D:/hlstrack/hlstrack2025-master/security/L1/tests/hmac/sha256/../../../../L1/include\xf_security/sha224_256.hpp:684]   --->   Operation 92 'and' 'and_ln591' <Predicate = (!icmp_ln682)> <Delay = 0.00> <CoreInst = "LogicGate">   --->   Core 74 'LogicGate' <Latency = 0> <II = 1> <Delay = 0.99> <FuncUnit> <Opcode : 'and' 'or' 'xor'> <InPorts = 2> <OutPorts = 1>
ST_3 : Operation 93 [1/1] (0.00ns) (grouped into LUT with out node xor_ln591_1)   --->   "%and_ln591_1 = and i32 %c_1_load, i32 %c_3" [D:/hlstrack/hlstrack2025-master/security/L1/tests/hmac/sha256/../../../../L1/include\xf_security/sha224_256.hpp:591->D:/hlstrack/hlstrack2025-master/security/L1/tests/hmac/sha256/../../../../L1/include\xf_security/sha224_256.hpp:684]   --->   Operation 93 'and' 'and_ln591_1' <Predicate = (!icmp_ln682)> <Delay = 0.00> <CoreInst = "LogicGate">   --->   Core 74 'LogicGate' <Latency = 0> <II = 1> <Delay = 0.99> <FuncUnit> <Opcode : 'and' 'or' 'xor'> <InPorts = 2> <OutPorts = 1>
ST_3 : Operation 94 [1/1] (0.00ns) (grouped into LUT with out node xor_ln591_3)   --->   "%or_ln1 = bitconcatenate i32 @_ssdm_op_BitConcatenate.i32.i2.i30, i2 %trunc_ln581, i30 %lshr_ln1" [D:/hlstrack/hlstrack2025-master/security/L1/tests/hmac/sha256/../../../../L1/include\xf_security/sha224_256.hpp:591->D:/hlstrack/hlstrack2025-master/security/L1/tests/hmac/sha256/../../../../L1/include\xf_security/sha224_256.hpp:684]   --->   Operation 94 'bitconcatenate' 'or_ln1' <Predicate = (!icmp_ln682)> <Delay = 0.00>
ST_3 : Operation 95 [1/1] (0.00ns) (grouped into LUT with out node xor_ln591_3)   --->   "%or_ln591_1 = bitconcatenate i32 @_ssdm_op_BitConcatenate.i32.i13.i19, i13 %trunc_ln581_1, i19 %lshr_ln581_1" [D:/hlstrack/hlstrack2025-master/security/L1/tests/hmac/sha256/../../../../L1/include\xf_security/sha224_256.hpp:591->D:/hlstrack/hlstrack2025-master/security/L1/tests/hmac/sha256/../../../../L1/include\xf_security/sha224_256.hpp:684]   --->   Operation 95 'bitconcatenate' 'or_ln591_1' <Predicate = (!icmp_ln682)> <Delay = 0.00>
ST_3 : Operation 96 [1/1] (0.99ns) (out node of the LUT)   --->   "%xor_ln591_1 = xor i32 %and_ln591, i32 %and_ln591_1" [D:/hlstrack/hlstrack2025-master/security/L1/tests/hmac/sha256/../../../../L1/include\xf_security/sha224_256.hpp:591->D:/hlstrack/hlstrack2025-master/security/L1/tests/hmac/sha256/../../../../L1/include\xf_security/sha224_256.hpp:684]   --->   Operation 96 'xor' 'xor_ln591_1' <Predicate = (!icmp_ln682)> <Delay = 0.99> <CoreInst = "LogicGate">   --->   Core 74 'LogicGate' <Latency = 0> <II = 1> <Delay = 0.99> <FuncUnit> <Opcode : 'and' 'or' 'xor'> <InPorts = 2> <OutPorts = 1>
ST_3 : Operation 97 [1/1] (0.00ns) (grouped into LUT with out node xor_ln591_3)   --->   "%or_ln591_2 = bitconcatenate i32 @_ssdm_op_BitConcatenate.i32.i22.i10, i22 %trunc_ln581_2, i10 %lshr_ln581_2" [D:/hlstrack/hlstrack2025-master/security/L1/tests/hmac/sha256/../../../../L1/include\xf_security/sha224_256.hpp:591->D:/hlstrack/hlstrack2025-master/security/L1/tests/hmac/sha256/../../../../L1/include\xf_security/sha224_256.hpp:684]   --->   Operation 97 'bitconcatenate' 'or_ln591_2' <Predicate = (!icmp_ln682)> <Delay = 0.00>
ST_3 : Operation 98 [1/1] (0.00ns) (grouped into LUT with out node xor_ln591_3)   --->   "%xor_ln591_2 = xor i32 %or_ln591_1, i32 %or_ln591_2" [D:/hlstrack/hlstrack2025-master/security/L1/tests/hmac/sha256/../../../../L1/include\xf_security/sha224_256.hpp:591->D:/hlstrack/hlstrack2025-master/security/L1/tests/hmac/sha256/../../../../L1/include\xf_security/sha224_256.hpp:684]   --->   Operation 98 'xor' 'xor_ln591_2' <Predicate = (!icmp_ln682)> <Delay = 0.00> <CoreInst = "LogicGate">   --->   Core 74 'LogicGate' <Latency = 0> <II = 1> <Delay = 0.99> <FuncUnit> <Opcode : 'and' 'or' 'xor'> <InPorts = 2> <OutPorts = 1>
ST_3 : Operation 99 [1/1] (0.99ns) (out node of the LUT)   --->   "%xor_ln591_3 = xor i32 %xor_ln591_2, i32 %or_ln1" [D:/hlstrack/hlstrack2025-master/security/L1/tests/hmac/sha256/../../../../L1/include\xf_security/sha224_256.hpp:591->D:/hlstrack/hlstrack2025-master/security/L1/tests/hmac/sha256/../../../../L1/include\xf_security/sha224_256.hpp:684]   --->   Operation 99 'xor' 'xor_ln591_3' <Predicate = (!icmp_ln682)> <Delay = 0.99> <CoreInst = "LogicGate">   --->   Core 74 'LogicGate' <Latency = 0> <II = 1> <Delay = 0.99> <FuncUnit> <Opcode : 'and' 'or' 'xor'> <InPorts = 2> <OutPorts = 1>
ST_3 : Operation 100 [2/2] (2.23ns)   --->   "%add_ln591 = add i32 %T1, i32 %xor_ln591_1" [D:/hlstrack/hlstrack2025-master/security/L1/tests/hmac/sha256/../../../../L1/include\xf_security/sha224_256.hpp:591->D:/hlstrack/hlstrack2025-master/security/L1/tests/hmac/sha256/../../../../L1/include\xf_security/sha224_256.hpp:684]   --->   Operation 100 'add' 'add_ln591' <Predicate = (!icmp_ln682)> <Delay = 2.23> <CoreInst = "Adder">   --->   Core 1 'Adder' <Latency = 1> <II = 1> <Delay = 2.23> <FuncUnit> <Opcode : 'add' 'sub'> <InPorts = 2> <OutPorts = 1>
ST_3 : Operation 101 [2/2] (2.23ns)   --->   "%add_ln689 = add i32 %a_3, i32 %b_read" [D:/hlstrack/hlstrack2025-master/security/L1/tests/hmac/sha256/../../../../L1/include\xf_security/sha224_256.hpp:689]   --->   Operation 101 'add' 'add_ln689' <Predicate = (!icmp_ln682)> <Delay = 2.23> <CoreInst = "Adder">   --->   Core 1 'Adder' <Latency = 1> <II = 1> <Delay = 2.23> <FuncUnit> <Opcode : 'add' 'sub'> <InPorts = 2> <OutPorts = 1>
ST_3 : Operation 102 [2/2] (2.23ns)   --->   "%add_ln690 = add i32 %c_1_load, i32 %c_read" [D:/hlstrack/hlstrack2025-master/security/L1/tests/hmac/sha256/../../../../L1/include\xf_security/sha224_256.hpp:690]   --->   Operation 102 'add' 'add_ln690' <Predicate = (!icmp_ln682)> <Delay = 2.23> <CoreInst = "Adder">   --->   Core 1 'Adder' <Latency = 1> <II = 1> <Delay = 2.23> <FuncUnit> <Opcode : 'add' 'sub'> <InPorts = 2> <OutPorts = 1>
ST_3 : Operation 103 [2/2] (2.23ns)   --->   "%add_ln691 = add i32 %c_3, i32 %d_read" [D:/hlstrack/hlstrack2025-master/security/L1/tests/hmac/sha256/../../../../L1/include\xf_security/sha224_256.hpp:691]   --->   Operation 103 'add' 'add_ln691' <Predicate = (!icmp_ln682)> <Delay = 2.23> <CoreInst = "Adder">   --->   Core 1 'Adder' <Latency = 1> <II = 1> <Delay = 2.23> <FuncUnit> <Opcode : 'add' 'sub'> <InPorts = 2> <OutPorts = 1>
ST_3 : Operation 104 [2/2] (2.23ns)   --->   "%add_ln693 = add i32 %e_3, i32 %f_read" [D:/hlstrack/hlstrack2025-master/security/L1/tests/hmac/sha256/../../../../L1/include\xf_security/sha224_256.hpp:693]   --->   Operation 104 'add' 'add_ln693' <Predicate = (!icmp_ln682)> <Delay = 2.23> <CoreInst = "Adder">   --->   Core 1 'Adder' <Latency = 1> <II = 1> <Delay = 2.23> <FuncUnit> <Opcode : 'add' 'sub'> <InPorts = 2> <OutPorts = 1>
ST_3 : Operation 105 [2/2] (2.23ns)   --->   "%add_ln694 = add i32 %g_1_load, i32 %g_read" [D:/hlstrack/hlstrack2025-master/security/L1/tests/hmac/sha256/../../../../L1/include\xf_security/sha224_256.hpp:694]   --->   Operation 105 'add' 'add_ln694' <Predicate = (!icmp_ln682)> <Delay = 2.23> <CoreInst = "Adder">   --->   Core 1 'Adder' <Latency = 1> <II = 1> <Delay = 2.23> <FuncUnit> <Opcode : 'add' 'sub'> <InPorts = 2> <OutPorts = 1>
ST_3 : Operation 106 [2/2] (2.23ns)   --->   "%add_ln695 = add i32 %g_3, i32 %h_read" [D:/hlstrack/hlstrack2025-master/security/L1/tests/hmac/sha256/../../../../L1/include\xf_security/sha224_256.hpp:695]   --->   Operation 106 'add' 'add_ln695' <Predicate = (!icmp_ln682)> <Delay = 2.23> <CoreInst = "Adder">   --->   Core 1 'Adder' <Latency = 1> <II = 1> <Delay = 2.23> <FuncUnit> <Opcode : 'add' 'sub'> <InPorts = 2> <OutPorts = 1>
ST_3 : Operation 107 [1/1] (1.58ns)   --->   "%store_ln668 = store i32 %g_1_load, i32 %h_2" [D:/hlstrack/hlstrack2025-master/security/L1/tests/hmac/sha256/../../../../L1/include\xf_security/sha224_256.hpp:668]   --->   Operation 107 'store' 'store_ln668' <Predicate = (!icmp_ln682)> <Delay = 1.58>
ST_3 : Operation 108 [1/1] (1.58ns)   --->   "%store_ln668 = store i32 %c_1_load, i32 %d_2" [D:/hlstrack/hlstrack2025-master/security/L1/tests/hmac/sha256/../../../../L1/include\xf_security/sha224_256.hpp:668]   --->   Operation 108 'store' 'store_ln668' <Predicate = (!icmp_ln682)> <Delay = 1.58>
ST_3 : Operation 109 [1/1] (1.58ns)   --->   "%store_ln668 = store i32 %g_3, i32 %h_1" [D:/hlstrack/hlstrack2025-master/security/L1/tests/hmac/sha256/../../../../L1/include\xf_security/sha224_256.hpp:668]   --->   Operation 109 'store' 'store_ln668' <Predicate = (!icmp_ln682)> <Delay = 1.58>
ST_3 : Operation 110 [1/1] (1.58ns)   --->   "%store_ln668 = store i32 %e_3, i32 %g_1" [D:/hlstrack/hlstrack2025-master/security/L1/tests/hmac/sha256/../../../../L1/include\xf_security/sha224_256.hpp:668]   --->   Operation 110 'store' 'store_ln668' <Predicate = (!icmp_ln682)> <Delay = 1.58>
ST_3 : Operation 111 [1/1] (1.58ns)   --->   "%store_ln668 = store i32 %c_3, i32 %d_1" [D:/hlstrack/hlstrack2025-master/security/L1/tests/hmac/sha256/../../../../L1/include\xf_security/sha224_256.hpp:668]   --->   Operation 111 'store' 'store_ln668' <Predicate = (!icmp_ln682)> <Delay = 1.58>
ST_3 : Operation 112 [1/1] (1.58ns)   --->   "%store_ln668 = store i32 %a_3, i32 %c_1" [D:/hlstrack/hlstrack2025-master/security/L1/tests/hmac/sha256/../../../../L1/include\xf_security/sha224_256.hpp:668]   --->   Operation 112 'store' 'store_ln668' <Predicate = (!icmp_ln682)> <Delay = 1.58>

State 4 <SV = 3> <Delay = 8.49>
ST_4 : Operation 113 [1/2] (2.23ns)   --->   "%e_2 = add i32 %T1, i32 %d_1_load" [D:/hlstrack/hlstrack2025-master/security/L1/tests/hmac/sha256/../../../../L1/include\xf_security/sha224_256.hpp:587->D:/hlstrack/hlstrack2025-master/security/L1/tests/hmac/sha256/../../../../L1/include\xf_security/sha224_256.hpp:684]   --->   Operation 113 'add' 'e_2' <Predicate = true> <Delay = 2.23> <CoreInst = "Adder">   --->   Core 1 'Adder' <Latency = 1> <II = 1> <Delay = 2.23> <FuncUnit> <Opcode : 'add' 'sub'> <InPorts = 2> <OutPorts = 1>
ST_4 : Operation 114 [1/2] (2.23ns)   --->   "%add_ln591 = add i32 %T1, i32 %xor_ln591_1" [D:/hlstrack/hlstrack2025-master/security/L1/tests/hmac/sha256/../../../../L1/include\xf_security/sha224_256.hpp:591->D:/hlstrack/hlstrack2025-master/security/L1/tests/hmac/sha256/../../../../L1/include\xf_security/sha224_256.hpp:684]   --->   Operation 114 'add' 'add_ln591' <Predicate = true> <Delay = 2.23> <CoreInst = "Adder">   --->   Core 1 'Adder' <Latency = 1> <II = 1> <Delay = 2.23> <FuncUnit> <Opcode : 'add' 'sub'> <InPorts = 2> <OutPorts = 1>
ST_4 : Operation 115 [1/1] (4.02ns)   --->   "%a_2 = add i32 %add_ln591, i32 %xor_ln591_3" [D:/hlstrack/hlstrack2025-master/security/L1/tests/hmac/sha256/../../../../L1/include\xf_security/sha224_256.hpp:591->D:/hlstrack/hlstrack2025-master/security/L1/tests/hmac/sha256/../../../../L1/include\xf_security/sha224_256.hpp:684]   --->   Operation 115 'add' 'a_2' <Predicate = true> <Delay = 4.02> <CoreInst = "AddSub_DSP">   --->   Core 2 'AddSub_DSP' <Latency = 0> <II = 1> <Delay = 4.02> <FuncUnit> <Opcode : 'add' 'sub'> <InPorts = 2> <OutPorts = 1>
ST_4 : Operation 116 [2/2] (2.23ns)   --->   "%add_ln688 = add i32 %a_2, i32 %a_read" [D:/hlstrack/hlstrack2025-master/security/L1/tests/hmac/sha256/../../../../L1/include\xf_security/sha224_256.hpp:688]   --->   Operation 116 'add' 'add_ln688' <Predicate = true> <Delay = 2.23> <CoreInst = "Adder">   --->   Core 1 'Adder' <Latency = 1> <II = 1> <Delay = 2.23> <FuncUnit> <Opcode : 'add' 'sub'> <InPorts = 2> <OutPorts = 1>
ST_4 : Operation 117 [1/2] (2.23ns)   --->   "%add_ln689 = add i32 %a_3, i32 %b_read" [D:/hlstrack/hlstrack2025-master/security/L1/tests/hmac/sha256/../../../../L1/include\xf_security/sha224_256.hpp:689]   --->   Operation 117 'add' 'add_ln689' <Predicate = true> <Delay = 2.23> <CoreInst = "Adder">   --->   Core 1 'Adder' <Latency = 1> <II = 1> <Delay = 2.23> <FuncUnit> <Opcode : 'add' 'sub'> <InPorts = 2> <OutPorts = 1>
ST_4 : Operation 118 [1/2] (2.23ns)   --->   "%add_ln690 = add i32 %c_1_load, i32 %c_read" [D:/hlstrack/hlstrack2025-master/security/L1/tests/hmac/sha256/../../../../L1/include\xf_security/sha224_256.hpp:690]   --->   Operation 118 'add' 'add_ln690' <Predicate = true> <Delay = 2.23> <CoreInst = "Adder">   --->   Core 1 'Adder' <Latency = 1> <II = 1> <Delay = 2.23> <FuncUnit> <Opcode : 'add' 'sub'> <InPorts = 2> <OutPorts = 1>
ST_4 : Operation 119 [1/2] (2.23ns)   --->   "%add_ln691 = add i32 %c_3, i32 %d_read" [D:/hlstrack/hlstrack2025-master/security/L1/tests/hmac/sha256/../../../../L1/include\xf_security/sha224_256.hpp:691]   --->   Operation 119 'add' 'add_ln691' <Predicate = true> <Delay = 2.23> <CoreInst = "Adder">   --->   Core 1 'Adder' <Latency = 1> <II = 1> <Delay = 2.23> <FuncUnit> <Opcode : 'add' 'sub'> <InPorts = 2> <OutPorts = 1>
ST_4 : Operation 120 [2/2] (2.23ns)   --->   "%add_ln692 = add i32 %e_2, i32 %e_read" [D:/hlstrack/hlstrack2025-master/security/L1/tests/hmac/sha256/../../../../L1/include\xf_security/sha224_256.hpp:692]   --->   Operation 120 'add' 'add_ln692' <Predicate = true> <Delay = 2.23> <CoreInst = "Adder">   --->   Core 1 'Adder' <Latency = 1> <II = 1> <Delay = 2.23> <FuncUnit> <Opcode : 'add' 'sub'> <InPorts = 2> <OutPorts = 1>
ST_4 : Operation 121 [1/2] (2.23ns)   --->   "%add_ln693 = add i32 %e_3, i32 %f_read" [D:/hlstrack/hlstrack2025-master/security/L1/tests/hmac/sha256/../../../../L1/include\xf_security/sha224_256.hpp:693]   --->   Operation 121 'add' 'add_ln693' <Predicate = true> <Delay = 2.23> <CoreInst = "Adder">   --->   Core 1 'Adder' <Latency = 1> <II = 1> <Delay = 2.23> <FuncUnit> <Opcode : 'add' 'sub'> <InPorts = 2> <OutPorts = 1>
ST_4 : Operation 122 [1/2] (2.23ns)   --->   "%add_ln694 = add i32 %g_1_load, i32 %g_read" [D:/hlstrack/hlstrack2025-master/security/L1/tests/hmac/sha256/../../../../L1/include\xf_security/sha224_256.hpp:694]   --->   Operation 122 'add' 'add_ln694' <Predicate = true> <Delay = 2.23> <CoreInst = "Adder">   --->   Core 1 'Adder' <Latency = 1> <II = 1> <Delay = 2.23> <FuncUnit> <Opcode : 'add' 'sub'> <InPorts = 2> <OutPorts = 1>
ST_4 : Operation 123 [1/2] (2.23ns)   --->   "%add_ln695 = add i32 %g_3, i32 %h_read" [D:/hlstrack/hlstrack2025-master/security/L1/tests/hmac/sha256/../../../../L1/include\xf_security/sha224_256.hpp:695]   --->   Operation 123 'add' 'add_ln695' <Predicate = true> <Delay = 2.23> <CoreInst = "Adder">   --->   Core 1 'Adder' <Latency = 1> <II = 1> <Delay = 2.23> <FuncUnit> <Opcode : 'add' 'sub'> <InPorts = 2> <OutPorts = 1>
ST_4 : Operation 124 [1/1] (1.58ns)   --->   "%store_ln668 = store i32 %e_2, i32 %f_1" [D:/hlstrack/hlstrack2025-master/security/L1/tests/hmac/sha256/../../../../L1/include\xf_security/sha224_256.hpp:668]   --->   Operation 124 'store' 'store_ln668' <Predicate = true> <Delay = 1.58>
ST_4 : Operation 125 [1/1] (1.58ns)   --->   "%store_ln668 = store i32 %a_2, i32 %b_1" [D:/hlstrack/hlstrack2025-master/security/L1/tests/hmac/sha256/../../../../L1/include\xf_security/sha224_256.hpp:668]   --->   Operation 125 'store' 'store_ln668' <Predicate = true> <Delay = 1.58>
ST_4 : Operation 126 [1/1] (0.00ns)   --->   "%store_ln689 = store i32 %add_ln689, i32 %add_ln6897" [D:/hlstrack/hlstrack2025-master/security/L1/tests/hmac/sha256/../../../../L1/include\xf_security/sha224_256.hpp:689]   --->   Operation 126 'store' 'store_ln689' <Predicate = true> <Delay = 0.00>
ST_4 : Operation 127 [1/1] (0.00ns)   --->   "%store_ln690 = store i32 %add_ln690, i32 %add_ln6906" [D:/hlstrack/hlstrack2025-master/security/L1/tests/hmac/sha256/../../../../L1/include\xf_security/sha224_256.hpp:690]   --->   Operation 127 'store' 'store_ln690' <Predicate = true> <Delay = 0.00>
ST_4 : Operation 128 [1/1] (0.00ns)   --->   "%store_ln691 = store i32 %add_ln691, i32 %add_ln6915" [D:/hlstrack/hlstrack2025-master/security/L1/tests/hmac/sha256/../../../../L1/include\xf_security/sha224_256.hpp:691]   --->   Operation 128 'store' 'store_ln691' <Predicate = true> <Delay = 0.00>
ST_4 : Operation 129 [1/1] (0.00ns)   --->   "%store_ln693 = store i32 %add_ln693, i32 %add_ln6933" [D:/hlstrack/hlstrack2025-master/security/L1/tests/hmac/sha256/../../../../L1/include\xf_security/sha224_256.hpp:693]   --->   Operation 129 'store' 'store_ln693' <Predicate = true> <Delay = 0.00>
ST_4 : Operation 130 [1/1] (0.00ns)   --->   "%store_ln694 = store i32 %add_ln694, i32 %add_ln6942" [D:/hlstrack/hlstrack2025-master/security/L1/tests/hmac/sha256/../../../../L1/include\xf_security/sha224_256.hpp:694]   --->   Operation 130 'store' 'store_ln694' <Predicate = true> <Delay = 0.00>
ST_4 : Operation 131 [1/1] (0.00ns)   --->   "%store_ln695 = store i32 %add_ln695, i32 %add_ln6951" [D:/hlstrack/hlstrack2025-master/security/L1/tests/hmac/sha256/../../../../L1/include\xf_security/sha224_256.hpp:695]   --->   Operation 131 'store' 'store_ln695' <Predicate = true> <Delay = 0.00>
ST_4 : Operation 140 [1/1] (0.00ns)   --->   "%add_ln6951_load = load i32 %add_ln6951"   --->   Operation 140 'load' 'add_ln6951_load' <Predicate = (icmp_ln682)> <Delay = 0.00>
ST_4 : Operation 141 [1/1] (0.00ns)   --->   "%add_ln6942_load = load i32 %add_ln6942"   --->   Operation 141 'load' 'add_ln6942_load' <Predicate = (icmp_ln682)> <Delay = 0.00>
ST_4 : Operation 142 [1/1] (0.00ns)   --->   "%add_ln6933_load = load i32 %add_ln6933"   --->   Operation 142 'load' 'add_ln6933_load' <Predicate = (icmp_ln682)> <Delay = 0.00>
ST_4 : Operation 143 [1/1] (0.00ns)   --->   "%add_ln6924_load = load i32 %add_ln6924"   --->   Operation 143 'load' 'add_ln6924_load' <Predicate = (icmp_ln682)> <Delay = 0.00>
ST_4 : Operation 144 [1/1] (0.00ns)   --->   "%add_ln6915_load = load i32 %add_ln6915"   --->   Operation 144 'load' 'add_ln6915_load' <Predicate = (icmp_ln682)> <Delay = 0.00>
ST_4 : Operation 145 [1/1] (0.00ns)   --->   "%add_ln6906_load = load i32 %add_ln6906"   --->   Operation 145 'load' 'add_ln6906_load' <Predicate = (icmp_ln682)> <Delay = 0.00>
ST_4 : Operation 146 [1/1] (0.00ns)   --->   "%add_ln6897_load = load i32 %add_ln6897"   --->   Operation 146 'load' 'add_ln6897_load' <Predicate = (icmp_ln682)> <Delay = 0.00>
ST_4 : Operation 147 [1/1] (0.00ns)   --->   "%add_ln6888_load = load i32 %add_ln6888"   --->   Operation 147 'load' 'add_ln6888_load' <Predicate = (icmp_ln682)> <Delay = 0.00>
ST_4 : Operation 148 [1/1] (0.00ns)   --->   "%write_ln0 = write void @_ssdm_op_Write.ap_auto.i32P0A, i32 %add_ln6888_out, i32 %add_ln6888_load"   --->   Operation 148 'write' 'write_ln0' <Predicate = (icmp_ln682)> <Delay = 0.00>
ST_4 : Operation 149 [1/1] (0.00ns)   --->   "%write_ln0 = write void @_ssdm_op_Write.ap_auto.i32P0A, i32 %add_ln6897_out, i32 %add_ln6897_load"   --->   Operation 149 'write' 'write_ln0' <Predicate = (icmp_ln682)> <Delay = 0.00>
ST_4 : Operation 150 [1/1] (0.00ns)   --->   "%write_ln0 = write void @_ssdm_op_Write.ap_auto.i32P0A, i32 %add_ln6906_out, i32 %add_ln6906_load"   --->   Operation 150 'write' 'write_ln0' <Predicate = (icmp_ln682)> <Delay = 0.00>
ST_4 : Operation 151 [1/1] (0.00ns)   --->   "%write_ln0 = write void @_ssdm_op_Write.ap_auto.i32P0A, i32 %add_ln6915_out, i32 %add_ln6915_load"   --->   Operation 151 'write' 'write_ln0' <Predicate = (icmp_ln682)> <Delay = 0.00>
ST_4 : Operation 152 [1/1] (0.00ns)   --->   "%write_ln0 = write void @_ssdm_op_Write.ap_auto.i32P0A, i32 %add_ln6924_out, i32 %add_ln6924_load"   --->   Operation 152 'write' 'write_ln0' <Predicate = (icmp_ln682)> <Delay = 0.00>
ST_4 : Operation 153 [1/1] (0.00ns)   --->   "%write_ln0 = write void @_ssdm_op_Write.ap_auto.i32P0A, i32 %add_ln6933_out, i32 %add_ln6933_load"   --->   Operation 153 'write' 'write_ln0' <Predicate = (icmp_ln682)> <Delay = 0.00>
ST_4 : Operation 154 [1/1] (0.00ns)   --->   "%write_ln0 = write void @_ssdm_op_Write.ap_auto.i32P0A, i32 %add_ln6942_out, i32 %add_ln6942_load"   --->   Operation 154 'write' 'write_ln0' <Predicate = (icmp_ln682)> <Delay = 0.00>
ST_4 : Operation 155 [1/1] (0.00ns)   --->   "%write_ln0 = write void @_ssdm_op_Write.ap_auto.i32P0A, i32 %add_ln6951_out, i32 %add_ln6951_load"   --->   Operation 155 'write' 'write_ln0' <Predicate = (icmp_ln682)> <Delay = 0.00>
ST_4 : Operation 156 [1/1] (1.58ns)   --->   "%ret_ln0 = ret"   --->   Operation 156 'ret' 'ret_ln0' <Predicate = (icmp_ln682)> <Delay = 1.58>

State 5 <SV = 4> <Delay = 2.23>
ST_5 : Operation 132 [1/1] (0.00ns)   --->   "%specpipeline_ln683 = specpipeline void @_ssdm_op_SpecPipeline, i32 1, i32 0, i32 0, i32 0, void @empty_1" [D:/hlstrack/hlstrack2025-master/security/L1/tests/hmac/sha256/../../../../L1/include\xf_security/sha224_256.hpp:683]   --->   Operation 132 'specpipeline' 'specpipeline_ln683' <Predicate = true> <Delay = 0.00>
ST_5 : Operation 133 [1/1] (0.00ns)   --->   "%speclooptripcount_ln668 = speclooptripcount void @_ssdm_op_SpecLoopTripCount, i64 64, i64 64, i64 64" [D:/hlstrack/hlstrack2025-master/security/L1/tests/hmac/sha256/../../../../L1/include\xf_security/sha224_256.hpp:668]   --->   Operation 133 'speclooptripcount' 'speclooptripcount_ln668' <Predicate = true> <Delay = 0.00>
ST_5 : Operation 134 [1/1] (0.00ns)   --->   "%specloopname_ln682 = specloopname void @_ssdm_op_SpecLoopName, void @empty_21" [D:/hlstrack/hlstrack2025-master/security/L1/tests/hmac/sha256/../../../../L1/include\xf_security/sha224_256.hpp:682]   --->   Operation 134 'specloopname' 'specloopname_ln682' <Predicate = true> <Delay = 0.00>
ST_5 : Operation 135 [1/2] (2.23ns)   --->   "%add_ln688 = add i32 %a_2, i32 %a_read" [D:/hlstrack/hlstrack2025-master/security/L1/tests/hmac/sha256/../../../../L1/include\xf_security/sha224_256.hpp:688]   --->   Operation 135 'add' 'add_ln688' <Predicate = true> <Delay = 2.23> <CoreInst = "Adder">   --->   Core 1 'Adder' <Latency = 1> <II = 1> <Delay = 2.23> <FuncUnit> <Opcode : 'add' 'sub'> <InPorts = 2> <OutPorts = 1>
ST_5 : Operation 136 [1/2] (2.23ns)   --->   "%add_ln692 = add i32 %e_2, i32 %e_read" [D:/hlstrack/hlstrack2025-master/security/L1/tests/hmac/sha256/../../../../L1/include\xf_security/sha224_256.hpp:692]   --->   Operation 136 'add' 'add_ln692' <Predicate = true> <Delay = 2.23> <CoreInst = "Adder">   --->   Core 1 'Adder' <Latency = 1> <II = 1> <Delay = 2.23> <FuncUnit> <Opcode : 'add' 'sub'> <InPorts = 2> <OutPorts = 1>
ST_5 : Operation 137 [1/1] (0.00ns)   --->   "%store_ln688 = store i32 %add_ln688, i32 %add_ln6888" [D:/hlstrack/hlstrack2025-master/security/L1/tests/hmac/sha256/../../../../L1/include\xf_security/sha224_256.hpp:688]   --->   Operation 137 'store' 'store_ln688' <Predicate = true> <Delay = 0.00>
ST_5 : Operation 138 [1/1] (0.00ns)   --->   "%store_ln692 = store i32 %add_ln692, i32 %add_ln6924" [D:/hlstrack/hlstrack2025-master/security/L1/tests/hmac/sha256/../../../../L1/include\xf_security/sha224_256.hpp:692]   --->   Operation 138 'store' 'store_ln692' <Predicate = true> <Delay = 0.00>
ST_5 : Operation 139 [1/1] (0.00ns)   --->   "%br_ln682 = br void %for.inc" [D:/hlstrack/hlstrack2025-master/security/L1/tests/hmac/sha256/../../../../L1/include\xf_security/sha224_256.hpp:682]   --->   Operation 139 'br' 'br_ln682' <Predicate = true> <Delay = 0.00>


============================================================
+ Verbose Summary: Timing violations
============================================================
Target clock period: 3.330ns, clock uncertainty: 1.050ns.

 <State 1>: 1.588ns
The critical path consists of the following:
	'alloca' operation 32 bit ('h', D:/hlstrack/hlstrack2025-master/security/L1/tests/hmac/sha256/../../../../L1/include\xf_security/sha224_256.hpp:668) [35]  (0.000 ns)
	'store' operation 0 bit ('store_ln668', D:/hlstrack/hlstrack2025-master/security/L1/tests/hmac/sha256/../../../../L1/include\xf_security/sha224_256.hpp:668) of variable 'g_read', D:/hlstrack/hlstrack2025-master/security/L1/tests/hmac/sha256/../../../../L1/include\xf_security/sha224_256.hpp:610 on local variable 'h', D:/hlstrack/hlstrack2025-master/security/L1/tests/hmac/sha256/../../../../L1/include\xf_security/sha224_256.hpp:668 [46]  (1.588 ns)

 <State 2>: 6.594ns
The critical path consists of the following:
	'load' operation 7 bit ('t', D:/hlstrack/hlstrack2025-master/security/L1/tests/hmac/sha256/../../../../L1/include\xf_security/sha224_256.hpp:600->D:/hlstrack/hlstrack2025-master/security/L1/tests/hmac/sha256/../../../../L1/include\xf_security/sha224_256.hpp:684) on local variable 't', D:/hlstrack/hlstrack2025-master/security/L1/tests/hmac/sha256/../../../../L1/include\xf_security/sha224_256.hpp:576->D:/hlstrack/hlstrack2025-master/security/L1/tests/hmac/sha256/../../../../L1/include\xf_security/sha224_256.hpp:684 [58]  (0.000 ns)
	'add' operation 7 bit ('t', D:/hlstrack/hlstrack2025-master/security/L1/tests/hmac/sha256/../../../../L1/include\xf_security/sha224_256.hpp:600->D:/hlstrack/hlstrack2025-master/security/L1/tests/hmac/sha256/../../../../L1/include\xf_security/sha224_256.hpp:684) [64]  (1.870 ns)
	'sparsemux' operation 32 bit ('Kt', D:/hlstrack/hlstrack2025-master/security/L1/tests/hmac/sha256/../../../../L1/include\xf_security/sha224_256.hpp:600->D:/hlstrack/hlstrack2025-master/security/L1/tests/hmac/sha256/../../../../L1/include\xf_security/sha224_256.hpp:684) [114]  (3.136 ns)
	'store' operation 0 bit ('store_ln680', D:/hlstrack/hlstrack2025-master/security/L1/tests/hmac/sha256/../../../../L1/include\xf_security/sha224_256.hpp:680) of variable 'Kt', D:/hlstrack/hlstrack2025-master/security/L1/tests/hmac/sha256/../../../../L1/include\xf_security/sha224_256.hpp:600->D:/hlstrack/hlstrack2025-master/security/L1/tests/hmac/sha256/../../../../L1/include\xf_security/sha224_256.hpp:684 on local variable 'Kt', D:/hlstrack/hlstrack2025-master/security/L1/tests/hmac/sha256/../../../../L1/include\xf_security/sha224_256.hpp:680 [135]  (1.588 ns)

 <State 3>: 12.519ns
The critical path consists of the following:
	'add' operation 32 bit ('add_ln580_1', D:/hlstrack/hlstrack2025-master/security/L1/tests/hmac/sha256/../../../../L1/include\xf_security/sha224_256.hpp:580->D:/hlstrack/hlstrack2025-master/security/L1/tests/hmac/sha256/../../../../L1/include\xf_security/sha224_256.hpp:684) [91]  (2.236 ns)
	'add' operation 32 bit ('add_ln580_2', D:/hlstrack/hlstrack2025-master/security/L1/tests/hmac/sha256/../../../../L1/include\xf_security/sha224_256.hpp:580->D:/hlstrack/hlstrack2025-master/security/L1/tests/hmac/sha256/../../../../L1/include\xf_security/sha224_256.hpp:684) [92]  (4.023 ns)
	'add' operation 32 bit ('T1', D:/hlstrack/hlstrack2025-master/security/L1/tests/hmac/sha256/../../../../L1/include\xf_security/sha224_256.hpp:580->D:/hlstrack/hlstrack2025-master/security/L1/tests/hmac/sha256/../../../../L1/include\xf_security/sha224_256.hpp:684) [94]  (4.023 ns)
	'add' operation 32 bit ('e', D:/hlstrack/hlstrack2025-master/security/L1/tests/hmac/sha256/../../../../L1/include\xf_security/sha224_256.hpp:587->D:/hlstrack/hlstrack2025-master/security/L1/tests/hmac/sha256/../../../../L1/include\xf_security/sha224_256.hpp:684) [101]  (2.236 ns)

 <State 4>: 8.496ns
The critical path consists of the following:
	'add' operation 32 bit ('add_ln591', D:/hlstrack/hlstrack2025-master/security/L1/tests/hmac/sha256/../../../../L1/include\xf_security/sha224_256.hpp:591->D:/hlstrack/hlstrack2025-master/security/L1/tests/hmac/sha256/../../../../L1/include\xf_security/sha224_256.hpp:684) [111]  (2.236 ns)
	'add' operation 32 bit ('a', D:/hlstrack/hlstrack2025-master/security/L1/tests/hmac/sha256/../../../../L1/include\xf_security/sha224_256.hpp:591->D:/hlstrack/hlstrack2025-master/security/L1/tests/hmac/sha256/../../../../L1/include\xf_security/sha224_256.hpp:684) [112]  (4.023 ns)
	'add' operation 32 bit ('add_ln688', D:/hlstrack/hlstrack2025-master/security/L1/tests/hmac/sha256/../../../../L1/include\xf_security/sha224_256.hpp:688) [115]  (2.236 ns)

 <State 5>: 2.236ns
The critical path consists of the following:
	'add' operation 32 bit ('add_ln688', D:/hlstrack/hlstrack2025-master/security/L1/tests/hmac/sha256/../../../../L1/include\xf_security/sha224_256.hpp:688) [115]  (2.236 ns)


============================================================
+ Verbose Summary: Binding
============================================================
N/A
* FSMD analyzer results:
  - Output states:
 - Input state : 
  - Chain level:
	State 1
	State 2
	State 3
	State 4
	State 5


============================================================
+ Verbose Summary: Datapath Resource usage 
============================================================
N/A
