

================================================================
== Vitis HLS Report for 'sha256Digest_256_s'
================================================================
* Date:           Sat Oct 18 18:24:24 2025

* Version:        2024.2 (Build 5238294 on Nov  8 2024)
* Project:        hmac_sha256_test.prj
* Solution:       solution1 (Vivado IP Flow Target)
* Product family: zynq
* Target device:  xc7z020-clg484-1


================================================================
== Performance Estimates
================================================================
+ Timing: 
    * Summary: 
    +--------+---------+-----------+------------+
    |  Clock |  Target | Estimated | Uncertainty|
    +--------+---------+-----------+------------+
    |ap_clk  |  3.33 ns|  12.519 ns|     1.05 ns|
    +--------+---------+-----------+------------+

+ Latency: 
    * Summary: 
    +---------+---------+----------+----------+-----+-----+---------+
    |  Latency (cycles) |  Latency (absolute) |  Interval | Pipeline|
    |   min   |   max   |    min   |    max   | min | max |   Type  |
    +---------+---------+----------+----------+-----+-----+---------+
    |        ?|        ?|         ?|         ?|    ?|    ?|       no|
    +---------+---------+----------+----------+-----+-----+---------+

    + Detail: 
        * Instance: 
        N/A

        * Loop: 
        +----------------------------+---------+---------+----------+-----------+-----------+------+----------+
        |                            |  Latency (cycles) | Iteration|  Initiation Interval  | Trip |          |
        |          Loop Name         |   min   |   max   |  Latency |  achieved |   target  | Count| Pipelined|
        +----------------------------+---------+---------+----------+-----------+-----------+------+----------+
        |- LOOP_SHA256_DIGEST_MAIN   |        ?|        ?|        79|          -|          -|     ?|        no|
        | + LOOP_SHA256_DIGEST_NBLK  |       77|       77|        74|          -|          -|     1|        no|
        +----------------------------+---------+---------+----------+-----------+-----------+------+----------+

============================================================
+ Verbose Summary: Synthesis Manager
============================================================
InlineROM: 1
ExposeGlobal: 0
============================================================
+ Verbose Summary: CDFG Model
============================================================
IsTopModel: 0
ResetActiveHigh: 1
IsCombinational: 2
IsDatapathOnly: 0
HasWiredReturn: 1
HasMFsm: 0
HasVarLatency: 1
IsPipeline: 0
IsRtlPipelined: 0
IsInstanceOverlapped: 0
IsDontTouch: 0
HasImplIP: 0
IsGatedGlobalClock: 0


============================================================
+ Verbose Summary: Schedule
============================================================
* Number of FSM states : 9
* Pipeline : 0
* Dataflow Pipeline: 0

* FSM state transitions: 
1 --> 2 
2 --> 3 
3 --> 4 
4 --> 5 
5 --> 6 
6 --> 7 
7 --> 8 3 
8 --> 9 
9 --> 4 

* FSM state operations: 

State 1 <SV = 0> <Delay = 1.14>
ST_1 : Operation 10 [1/1] (0.00ns)   --->   "%add_ln6951_loc = alloca i64 1"   --->   Operation 10 'alloca' 'add_ln6951_loc' <Predicate = true> <Delay = 0.00>
ST_1 : Operation 11 [1/1] (0.00ns)   --->   "%add_ln6942_loc = alloca i64 1"   --->   Operation 11 'alloca' 'add_ln6942_loc' <Predicate = true> <Delay = 0.00>
ST_1 : Operation 12 [1/1] (0.00ns)   --->   "%add_ln6933_loc = alloca i64 1"   --->   Operation 12 'alloca' 'add_ln6933_loc' <Predicate = true> <Delay = 0.00>
ST_1 : Operation 13 [1/1] (0.00ns)   --->   "%add_ln6924_loc = alloca i64 1"   --->   Operation 13 'alloca' 'add_ln6924_loc' <Predicate = true> <Delay = 0.00>
ST_1 : Operation 14 [1/1] (0.00ns)   --->   "%add_ln6915_loc = alloca i64 1"   --->   Operation 14 'alloca' 'add_ln6915_loc' <Predicate = true> <Delay = 0.00>
ST_1 : Operation 15 [1/1] (0.00ns)   --->   "%add_ln6906_loc = alloca i64 1"   --->   Operation 15 'alloca' 'add_ln6906_loc' <Predicate = true> <Delay = 0.00>
ST_1 : Operation 16 [1/1] (0.00ns)   --->   "%add_ln6897_loc = alloca i64 1"   --->   Operation 16 'alloca' 'add_ln6897_loc' <Predicate = true> <Delay = 0.00>
ST_1 : Operation 17 [1/1] (0.00ns)   --->   "%add_ln6888_loc = alloca i64 1"   --->   Operation 17 'alloca' 'add_ln6888_loc' <Predicate = true> <Delay = 0.00>
ST_1 : Operation 18 [1/1] ( I:1.14ns O:1.14ns )   --->   "%end_flag = read i1 @_ssdm_op_Read.ap_fifo.volatile.i1P0A, i1 %end_nblk_strm2" [D:/hlstrack/hlstrack2025-master/security/L1/tests/hmac/sha256/../../../../L1/include\xf_security/sha224_256.hpp:632]   --->   Operation 18 'read' 'end_flag' <Predicate = true> <Delay = 1.14> <CoreInst = "FIFO_LUTRAM">   --->   Core 79 'FIFO_LUTRAM' <Latency = 0> <II = 1> <Delay = 3.72> <Storage> <Opcode : 'read' 'write' 'nbread' 'nbwrite'> <Ports = 0> <Width = 1> <Depth = 32> <FIFO>

State 2 <SV = 1> <Delay = 1.58>
ST_2 : Operation 19 [1/1] (0.00ns)   --->   "%specmemcore_ln0 = specmemcore void @_ssdm_op_SpecMemCore, i32 %w_strm, i64 666, i64 9, i64 18446744073709551615"   --->   Operation 19 'specmemcore' 'specmemcore_ln0' <Predicate = true> <Delay = 0.00>
ST_2 : Operation 20 [1/1] (0.00ns)   --->   "%specmemcore_ln0 = specmemcore void @_ssdm_op_SpecMemCore, i1 %end_nblk_strm2, i64 666, i64 9, i64 18446744073709551615"   --->   Operation 20 'specmemcore' 'specmemcore_ln0' <Predicate = true> <Delay = 0.00>
ST_2 : Operation 21 [1/1] (0.00ns)   --->   "%specmemcore_ln0 = specmemcore void @_ssdm_op_SpecMemCore, i64 %nblk_strm2, i64 666, i64 9, i64 18446744073709551615"   --->   Operation 21 'specmemcore' 'specmemcore_ln0' <Predicate = true> <Delay = 0.00>
ST_2 : Operation 22 [1/1] (0.00ns)   --->   "%specmemcore_ln0 = specmemcore void @_ssdm_op_SpecMemCore, i256 %msgHashStrm, i64 666, i64 9, i64 18446744073709551615"   --->   Operation 22 'specmemcore' 'specmemcore_ln0' <Predicate = true> <Delay = 0.00>
ST_2 : Operation 23 [1/1] (0.00ns)   --->   "%specmemcore_ln0 = specmemcore void @_ssdm_op_SpecMemCore, i1 %eMsgHashStrm, i64 666, i64 9, i64 18446744073709551615"   --->   Operation 23 'specmemcore' 'specmemcore_ln0' <Predicate = true> <Delay = 0.00>
ST_2 : Operation 24 [1/1] (0.00ns)   --->   "%specinterface_ln0 = specinterface void @_ssdm_op_SpecInterface, i32 %w_strm, void @empty_3, i32 0, i32 0, void @empty_1, i32 0, i32 0, void @empty_1, void @empty_1, void @empty_1, i32 0, i32 0, i32 0, i32 0, void @empty_1, void @empty_1, i32 4294967295, i32 0, i32 0"   --->   Operation 24 'specinterface' 'specinterface_ln0' <Predicate = true> <Delay = 0.00>
ST_2 : Operation 25 [1/1] (0.00ns)   --->   "%specinterface_ln0 = specinterface void @_ssdm_op_SpecInterface, i1 %end_nblk_strm2, void @empty_3, i32 0, i32 0, void @empty_1, i32 0, i32 0, void @empty_1, void @empty_1, void @empty_1, i32 0, i32 0, i32 0, i32 0, void @empty_1, void @empty_1, i32 4294967295, i32 0, i32 0"   --->   Operation 25 'specinterface' 'specinterface_ln0' <Predicate = true> <Delay = 0.00>
ST_2 : Operation 26 [1/1] (0.00ns)   --->   "%specinterface_ln0 = specinterface void @_ssdm_op_SpecInterface, i64 %nblk_strm2, void @empty_3, i32 0, i32 0, void @empty_1, i32 0, i32 0, void @empty_1, void @empty_1, void @empty_1, i32 0, i32 0, i32 0, i32 0, void @empty_1, void @empty_1, i32 4294967295, i32 0, i32 0"   --->   Operation 26 'specinterface' 'specinterface_ln0' <Predicate = true> <Delay = 0.00>
ST_2 : Operation 27 [1/1] (0.00ns)   --->   "%specinterface_ln0 = specinterface void @_ssdm_op_SpecInterface, i1 %eMsgHashStrm, void @empty_3, i32 0, i32 0, void @empty_1, i32 0, i32 0, void @empty_1, void @empty_1, void @empty_1, i32 0, i32 0, i32 0, i32 0, void @empty_1, void @empty_1, i32 4294967295, i32 0, i32 0"   --->   Operation 27 'specinterface' 'specinterface_ln0' <Predicate = true> <Delay = 0.00>
ST_2 : Operation 28 [1/1] (0.00ns)   --->   "%specinterface_ln0 = specinterface void @_ssdm_op_SpecInterface, i256 %msgHashStrm, void @empty_3, i32 0, i32 0, void @empty_1, i32 0, i32 0, void @empty_1, void @empty_1, void @empty_1, i32 0, i32 0, i32 0, i32 0, void @empty_1, void @empty_1, i32 4294967295, i32 0, i32 0"   --->   Operation 28 'specinterface' 'specinterface_ln0' <Predicate = true> <Delay = 0.00>
ST_2 : Operation 29 [1/1] (1.58ns)   --->   "%br_ln632 = br void %for.cond" [D:/hlstrack/hlstrack2025-master/security/L1/tests/hmac/sha256/../../../../L1/include\xf_security/sha224_256.hpp:632]   --->   Operation 29 'br' 'br_ln632' <Predicate = true> <Delay = 1.58>

State 3 <SV = 2> <Delay = 1.58>
ST_3 : Operation 30 [1/1] (0.00ns)   --->   "%end_flag_1 = phi i1 %end_flag, void %entry, i1 %end_flag_2, void %for.inc123.loopexit"   --->   Operation 30 'phi' 'end_flag_1' <Predicate = true> <Delay = 0.00>
ST_3 : Operation 31 [1/1] (0.00ns)   --->   "%br_ln632 = br i1 %end_flag_1, void %LOOP_SHA256_DIGEST_NBLK, void %for.end129" [D:/hlstrack/hlstrack2025-master/security/L1/tests/hmac/sha256/../../../../L1/include\xf_security/sha224_256.hpp:632]   --->   Operation 31 'br' 'br_ln632' <Predicate = true> <Delay = 0.00>
ST_3 : Operation 32 [1/1] (0.00ns)   --->   "%specloopname_ln632 = specloopname void @_ssdm_op_SpecLoopName, void @empty_4" [D:/hlstrack/hlstrack2025-master/security/L1/tests/hmac/sha256/../../../../L1/include\xf_security/sha224_256.hpp:632]   --->   Operation 32 'specloopname' 'specloopname_ln632' <Predicate = (!end_flag_1)> <Delay = 0.00>
ST_3 : Operation 33 [1/1] ( I:1.14ns O:1.14ns )   --->   "%blk_num = read i64 @_ssdm_op_Read.ap_fifo.volatile.i64P0A, i64 %nblk_strm2" [D:/hlstrack/hlstrack2025-master/security/L1/tests/hmac/sha256/../../../../L1/include\xf_security/sha224_256.hpp:634]   --->   Operation 33 'read' 'blk_num' <Predicate = (!end_flag_1)> <Delay = 1.14> <CoreInst = "FIFO_LUTRAM">   --->   Core 79 'FIFO_LUTRAM' <Latency = 0> <II = 1> <Delay = 3.72> <Storage> <Opcode : 'read' 'write' 'nbread' 'nbwrite'> <Ports = 0> <Width = 64> <Depth = 32> <FIFO>
ST_3 : Operation 34 [1/1] (1.58ns)   --->   "%br_ln663 = br void %LOOP_SHA256_UPDATE_64_ROUNDS" [D:/hlstrack/hlstrack2025-master/security/L1/tests/hmac/sha256/../../../../L1/include\xf_security/sha224_256.hpp:663]   --->   Operation 34 'br' 'br_ln663' <Predicate = (!end_flag_1)> <Delay = 1.58>
ST_3 : Operation 35 [1/1] ( I:1.14ns O:1.14ns )   --->   "%write_ln734 = write void @_ssdm_op_Write.ap_fifo.volatile.i1P0A, i1 %eMsgHashStrm, i1 1" [D:/hlstrack/hlstrack2025-master/security/L1/tests/hmac/sha256/../../../../L1/include\xf_security/sha224_256.hpp:734]   --->   Operation 35 'write' 'write_ln734' <Predicate = (end_flag_1)> <Delay = 1.14> <CoreInst = "FIFO_LUTRAM">   --->   Core 79 'FIFO_LUTRAM' <Latency = 0> <II = 1> <Delay = 3.63> <Storage> <Opcode : 'read' 'write' 'nbread' 'nbwrite'> <Ports = 0> <Width = 1> <Depth = 4> <FIFO>
ST_3 : Operation 36 [1/1] (0.00ns)   --->   "%ret_ln736 = ret" [D:/hlstrack/hlstrack2025-master/security/L1/tests/hmac/sha256/../../../../L1/include\xf_security/sha224_256.hpp:736]   --->   Operation 36 'ret' 'ret_ln736' <Predicate = (end_flag_1)> <Delay = 0.00>

State 4 <SV = 3> <Delay = 2.45>
ST_4 : Operation 37 [1/1] (0.00ns)   --->   "%n = phi i64 0, void %LOOP_SHA256_DIGEST_NBLK, i64 %n_1, void %xcl_latency.LOOP_SHA256_UPDATE_64_ROUNDS.1"   --->   Operation 37 'phi' 'n' <Predicate = true> <Delay = 0.00>
ST_4 : Operation 38 [3/3] (2.45ns)   --->   "%icmp_ln663 = icmp_eq  i64 %n, i64 %blk_num" [D:/hlstrack/hlstrack2025-master/security/L1/tests/hmac/sha256/../../../../L1/include\xf_security/sha224_256.hpp:663]   --->   Operation 38 'icmp' 'icmp_ln663' <Predicate = true> <Delay = 2.45> <CoreInst = "Cmp">   --->   Core 9 'Cmp' <Latency = 2> <II = 1> <Delay = 2.45> <FuncUnit> <Opcode : 'seteq' 'setne' 'setle' 'setge' 'setlt' 'setgt'> <InPorts = 2> <OutPorts = 1>
ST_4 : Operation 39 [3/3] (2.45ns)   --->   "%n_1 = add i64 %n, i64 1" [D:/hlstrack/hlstrack2025-master/security/L1/tests/hmac/sha256/../../../../L1/include\xf_security/sha224_256.hpp:663]   --->   Operation 39 'add' 'n_1' <Predicate = true> <Delay = 2.45> <CoreInst = "Adder">   --->   Core 1 'Adder' <Latency = 2> <II = 1> <Delay = 2.45> <FuncUnit> <Opcode : 'add' 'sub'> <InPorts = 2> <OutPorts = 1>

State 5 <SV = 4> <Delay = 2.45>
ST_5 : Operation 40 [2/3] (2.45ns)   --->   "%icmp_ln663 = icmp_eq  i64 %n, i64 %blk_num" [D:/hlstrack/hlstrack2025-master/security/L1/tests/hmac/sha256/../../../../L1/include\xf_security/sha224_256.hpp:663]   --->   Operation 40 'icmp' 'icmp_ln663' <Predicate = true> <Delay = 2.45> <CoreInst = "Cmp">   --->   Core 9 'Cmp' <Latency = 2> <II = 1> <Delay = 2.45> <FuncUnit> <Opcode : 'seteq' 'setne' 'setle' 'setge' 'setlt' 'setgt'> <InPorts = 2> <OutPorts = 1>
ST_5 : Operation 41 [2/3] (2.45ns)   --->   "%n_1 = add i64 %n, i64 1" [D:/hlstrack/hlstrack2025-master/security/L1/tests/hmac/sha256/../../../../L1/include\xf_security/sha224_256.hpp:663]   --->   Operation 41 'add' 'n_1' <Predicate = true> <Delay = 2.45> <CoreInst = "Adder">   --->   Core 1 'Adder' <Latency = 2> <II = 1> <Delay = 2.45> <FuncUnit> <Opcode : 'add' 'sub'> <InPorts = 2> <OutPorts = 1>

State 6 <SV = 5> <Delay = 2.45>
ST_6 : Operation 42 [1/3] (2.45ns)   --->   "%icmp_ln663 = icmp_eq  i64 %n, i64 %blk_num" [D:/hlstrack/hlstrack2025-master/security/L1/tests/hmac/sha256/../../../../L1/include\xf_security/sha224_256.hpp:663]   --->   Operation 42 'icmp' 'icmp_ln663' <Predicate = true> <Delay = 2.45> <CoreInst = "Cmp">   --->   Core 9 'Cmp' <Latency = 2> <II = 1> <Delay = 2.45> <FuncUnit> <Opcode : 'seteq' 'setne' 'setle' 'setge' 'setlt' 'setgt'> <InPorts = 2> <OutPorts = 1>
ST_6 : Operation 43 [1/3] (2.45ns)   --->   "%n_1 = add i64 %n, i64 1" [D:/hlstrack/hlstrack2025-master/security/L1/tests/hmac/sha256/../../../../L1/include\xf_security/sha224_256.hpp:663]   --->   Operation 43 'add' 'n_1' <Predicate = true> <Delay = 2.45> <CoreInst = "Adder">   --->   Core 1 'Adder' <Latency = 2> <II = 1> <Delay = 2.45> <FuncUnit> <Opcode : 'add' 'sub'> <InPorts = 2> <OutPorts = 1>

State 7 <SV = 6> <Delay = 1.58>
ST_7 : Operation 44 [1/1] (0.00ns)   --->   "%h = phi i32 1541459225, void %LOOP_SHA256_DIGEST_NBLK, i32 %add_ln6951_loc_load, void %xcl_latency.LOOP_SHA256_UPDATE_64_ROUNDS.1"   --->   Operation 44 'phi' 'h' <Predicate = true> <Delay = 0.00>
ST_7 : Operation 45 [1/1] (0.00ns)   --->   "%g = phi i32 528734635, void %LOOP_SHA256_DIGEST_NBLK, i32 %add_ln6942_loc_load, void %xcl_latency.LOOP_SHA256_UPDATE_64_ROUNDS.1"   --->   Operation 45 'phi' 'g' <Predicate = true> <Delay = 0.00>
ST_7 : Operation 46 [1/1] (0.00ns)   --->   "%f = phi i32 2600822924, void %LOOP_SHA256_DIGEST_NBLK, i32 %add_ln6933_loc_load, void %xcl_latency.LOOP_SHA256_UPDATE_64_ROUNDS.1"   --->   Operation 46 'phi' 'f' <Predicate = true> <Delay = 0.00>
ST_7 : Operation 47 [1/1] (0.00ns)   --->   "%e = phi i32 1359893119, void %LOOP_SHA256_DIGEST_NBLK, i32 %add_ln6924_loc_load, void %xcl_latency.LOOP_SHA256_UPDATE_64_ROUNDS.1"   --->   Operation 47 'phi' 'e' <Predicate = true> <Delay = 0.00>
ST_7 : Operation 48 [1/1] (0.00ns)   --->   "%d = phi i32 2773480762, void %LOOP_SHA256_DIGEST_NBLK, i32 %add_ln6915_loc_load, void %xcl_latency.LOOP_SHA256_UPDATE_64_ROUNDS.1"   --->   Operation 48 'phi' 'd' <Predicate = true> <Delay = 0.00>
ST_7 : Operation 49 [1/1] (0.00ns)   --->   "%c = phi i32 1013904242, void %LOOP_SHA256_DIGEST_NBLK, i32 %add_ln6906_loc_load, void %xcl_latency.LOOP_SHA256_UPDATE_64_ROUNDS.1"   --->   Operation 49 'phi' 'c' <Predicate = true> <Delay = 0.00>
ST_7 : Operation 50 [1/1] (0.00ns)   --->   "%b = phi i32 3144134277, void %LOOP_SHA256_DIGEST_NBLK, i32 %add_ln6897_loc_load, void %xcl_latency.LOOP_SHA256_UPDATE_64_ROUNDS.1"   --->   Operation 50 'phi' 'b' <Predicate = true> <Delay = 0.00>
ST_7 : Operation 51 [1/1] (0.00ns)   --->   "%a = phi i32 1779033703, void %LOOP_SHA256_DIGEST_NBLK, i32 %add_ln6888_loc_load, void %xcl_latency.LOOP_SHA256_UPDATE_64_ROUNDS.1"   --->   Operation 51 'phi' 'a' <Predicate = true> <Delay = 0.00>
ST_7 : Operation 52 [1/1] (0.00ns)   --->   "%br_ln663 = br i1 %icmp_ln663, void %xcl_latency.LOOP_SHA256_UPDATE_64_ROUNDS.1, void %for.inc123.loopexit" [D:/hlstrack/hlstrack2025-master/security/L1/tests/hmac/sha256/../../../../L1/include\xf_security/sha224_256.hpp:663]   --->   Operation 52 'br' 'br_ln663' <Predicate = true> <Delay = 0.00>
ST_7 : Operation 53 [2/2] (1.58ns)   --->   "%call_ln0 = call void @sha256Digest<256>_Pipeline_LOOP_SHA256_UPDATE_64_ROUNDS, i32 %h, i32 %g, i32 %f, i32 %e, i32 %d, i32 %c, i32 %b, i32 %a, i32 %w_strm, i32 %add_ln6888_loc, i32 %add_ln6897_loc, i32 %add_ln6906_loc, i32 %add_ln6915_loc, i32 %add_ln6924_loc, i32 %add_ln6933_loc, i32 %add_ln6942_loc, i32 %add_ln6951_loc"   --->   Operation 53 'call' 'call_ln0' <Predicate = (!icmp_ln663)> <Delay = 1.58> <CoreType = "Generic">   --->   Generic Core
ST_7 : Operation 54 [1/1] (0.00ns)   --->   "%t0 = partselect i8 @_ssdm_op_PartSelect.i8.i32.i32.i32, i32 %a, i32 24, i32 31" [D:/hlstrack/hlstrack2025-master/security/L1/tests/hmac/sha256/../../../../L1/include\xf_security/sha224_256.hpp:722]   --->   Operation 54 'partselect' 't0' <Predicate = (icmp_ln663)> <Delay = 0.00>
ST_7 : Operation 55 [1/1] (0.00ns)   --->   "%t3 = trunc i32 %a" [D:/hlstrack/hlstrack2025-master/security/L1/tests/hmac/sha256/../../../../L1/include\xf_security/sha224_256.hpp:725]   --->   Operation 55 'trunc' 't3' <Predicate = (icmp_ln663)> <Delay = 0.00>
ST_7 : Operation 56 [1/1] (0.00ns)   --->   "%tmp = partselect i8 @_ssdm_op_PartSelect.i8.i32.i32.i32, i32 %a, i32 16, i32 23" [D:/hlstrack/hlstrack2025-master/security/L1/tests/hmac/sha256/../../../../L1/include\xf_security/sha224_256.hpp:727]   --->   Operation 56 'partselect' 'tmp' <Predicate = (icmp_ln663)> <Delay = 0.00>
ST_7 : Operation 57 [1/1] (0.00ns)   --->   "%trunc_ln727_8 = partselect i8 @_ssdm_op_PartSelect.i8.i32.i32.i32, i32 %a, i32 8, i32 15" [D:/hlstrack/hlstrack2025-master/security/L1/tests/hmac/sha256/../../../../L1/include\xf_security/sha224_256.hpp:727]   --->   Operation 57 'partselect' 'trunc_ln727_8' <Predicate = (icmp_ln663)> <Delay = 0.00>
ST_7 : Operation 58 [1/1] (0.00ns)   --->   "%t0_1 = partselect i8 @_ssdm_op_PartSelect.i8.i32.i32.i32, i32 %b, i32 24, i32 31" [D:/hlstrack/hlstrack2025-master/security/L1/tests/hmac/sha256/../../../../L1/include\xf_security/sha224_256.hpp:722]   --->   Operation 58 'partselect' 't0_1' <Predicate = (icmp_ln663)> <Delay = 0.00>
ST_7 : Operation 59 [1/1] (0.00ns)   --->   "%t3_1 = trunc i32 %b" [D:/hlstrack/hlstrack2025-master/security/L1/tests/hmac/sha256/../../../../L1/include\xf_security/sha224_256.hpp:725]   --->   Operation 59 'trunc' 't3_1' <Predicate = (icmp_ln663)> <Delay = 0.00>
ST_7 : Operation 60 [1/1] (0.00ns)   --->   "%tmp_1 = partselect i8 @_ssdm_op_PartSelect.i8.i32.i32.i32, i32 %b, i32 16, i32 23" [D:/hlstrack/hlstrack2025-master/security/L1/tests/hmac/sha256/../../../../L1/include\xf_security/sha224_256.hpp:727]   --->   Operation 60 'partselect' 'tmp_1' <Predicate = (icmp_ln663)> <Delay = 0.00>
ST_7 : Operation 61 [1/1] (0.00ns)   --->   "%trunc_ln727_9 = partselect i8 @_ssdm_op_PartSelect.i8.i32.i32.i32, i32 %b, i32 8, i32 15" [D:/hlstrack/hlstrack2025-master/security/L1/tests/hmac/sha256/../../../../L1/include\xf_security/sha224_256.hpp:727]   --->   Operation 61 'partselect' 'trunc_ln727_9' <Predicate = (icmp_ln663)> <Delay = 0.00>
ST_7 : Operation 62 [1/1] (0.00ns)   --->   "%t0_2 = partselect i8 @_ssdm_op_PartSelect.i8.i32.i32.i32, i32 %c, i32 24, i32 31" [D:/hlstrack/hlstrack2025-master/security/L1/tests/hmac/sha256/../../../../L1/include\xf_security/sha224_256.hpp:722]   --->   Operation 62 'partselect' 't0_2' <Predicate = (icmp_ln663)> <Delay = 0.00>
ST_7 : Operation 63 [1/1] (0.00ns)   --->   "%t3_2 = trunc i32 %c" [D:/hlstrack/hlstrack2025-master/security/L1/tests/hmac/sha256/../../../../L1/include\xf_security/sha224_256.hpp:725]   --->   Operation 63 'trunc' 't3_2' <Predicate = (icmp_ln663)> <Delay = 0.00>
ST_7 : Operation 64 [1/1] (0.00ns)   --->   "%tmp_2 = partselect i8 @_ssdm_op_PartSelect.i8.i32.i32.i32, i32 %c, i32 16, i32 23" [D:/hlstrack/hlstrack2025-master/security/L1/tests/hmac/sha256/../../../../L1/include\xf_security/sha224_256.hpp:727]   --->   Operation 64 'partselect' 'tmp_2' <Predicate = (icmp_ln663)> <Delay = 0.00>
ST_7 : Operation 65 [1/1] (0.00ns)   --->   "%trunc_ln727_s = partselect i8 @_ssdm_op_PartSelect.i8.i32.i32.i32, i32 %c, i32 8, i32 15" [D:/hlstrack/hlstrack2025-master/security/L1/tests/hmac/sha256/../../../../L1/include\xf_security/sha224_256.hpp:727]   --->   Operation 65 'partselect' 'trunc_ln727_s' <Predicate = (icmp_ln663)> <Delay = 0.00>
ST_7 : Operation 66 [1/1] (0.00ns)   --->   "%t0_3 = partselect i8 @_ssdm_op_PartSelect.i8.i32.i32.i32, i32 %d, i32 24, i32 31" [D:/hlstrack/hlstrack2025-master/security/L1/tests/hmac/sha256/../../../../L1/include\xf_security/sha224_256.hpp:722]   --->   Operation 66 'partselect' 't0_3' <Predicate = (icmp_ln663)> <Delay = 0.00>
ST_7 : Operation 67 [1/1] (0.00ns)   --->   "%t3_3 = trunc i32 %d" [D:/hlstrack/hlstrack2025-master/security/L1/tests/hmac/sha256/../../../../L1/include\xf_security/sha224_256.hpp:725]   --->   Operation 67 'trunc' 't3_3' <Predicate = (icmp_ln663)> <Delay = 0.00>
ST_7 : Operation 68 [1/1] (0.00ns)   --->   "%tmp_3 = partselect i8 @_ssdm_op_PartSelect.i8.i32.i32.i32, i32 %d, i32 16, i32 23" [D:/hlstrack/hlstrack2025-master/security/L1/tests/hmac/sha256/../../../../L1/include\xf_security/sha224_256.hpp:727]   --->   Operation 68 'partselect' 'tmp_3' <Predicate = (icmp_ln663)> <Delay = 0.00>
ST_7 : Operation 69 [1/1] (0.00ns)   --->   "%trunc_ln727_1 = partselect i8 @_ssdm_op_PartSelect.i8.i32.i32.i32, i32 %d, i32 8, i32 15" [D:/hlstrack/hlstrack2025-master/security/L1/tests/hmac/sha256/../../../../L1/include\xf_security/sha224_256.hpp:727]   --->   Operation 69 'partselect' 'trunc_ln727_1' <Predicate = (icmp_ln663)> <Delay = 0.00>
ST_7 : Operation 70 [1/1] (0.00ns)   --->   "%t0_4 = partselect i8 @_ssdm_op_PartSelect.i8.i32.i32.i32, i32 %e, i32 24, i32 31" [D:/hlstrack/hlstrack2025-master/security/L1/tests/hmac/sha256/../../../../L1/include\xf_security/sha224_256.hpp:722]   --->   Operation 70 'partselect' 't0_4' <Predicate = (icmp_ln663)> <Delay = 0.00>
ST_7 : Operation 71 [1/1] (0.00ns)   --->   "%t3_4 = trunc i32 %e" [D:/hlstrack/hlstrack2025-master/security/L1/tests/hmac/sha256/../../../../L1/include\xf_security/sha224_256.hpp:725]   --->   Operation 71 'trunc' 't3_4' <Predicate = (icmp_ln663)> <Delay = 0.00>
ST_7 : Operation 72 [1/1] (0.00ns)   --->   "%tmp_4 = partselect i8 @_ssdm_op_PartSelect.i8.i32.i32.i32, i32 %e, i32 16, i32 23" [D:/hlstrack/hlstrack2025-master/security/L1/tests/hmac/sha256/../../../../L1/include\xf_security/sha224_256.hpp:727]   --->   Operation 72 'partselect' 'tmp_4' <Predicate = (icmp_ln663)> <Delay = 0.00>
ST_7 : Operation 73 [1/1] (0.00ns)   --->   "%trunc_ln727_2 = partselect i8 @_ssdm_op_PartSelect.i8.i32.i32.i32, i32 %e, i32 8, i32 15" [D:/hlstrack/hlstrack2025-master/security/L1/tests/hmac/sha256/../../../../L1/include\xf_security/sha224_256.hpp:727]   --->   Operation 73 'partselect' 'trunc_ln727_2' <Predicate = (icmp_ln663)> <Delay = 0.00>
ST_7 : Operation 74 [1/1] (0.00ns)   --->   "%t0_5 = partselect i8 @_ssdm_op_PartSelect.i8.i32.i32.i32, i32 %f, i32 24, i32 31" [D:/hlstrack/hlstrack2025-master/security/L1/tests/hmac/sha256/../../../../L1/include\xf_security/sha224_256.hpp:722]   --->   Operation 74 'partselect' 't0_5' <Predicate = (icmp_ln663)> <Delay = 0.00>
ST_7 : Operation 75 [1/1] (0.00ns)   --->   "%t3_5 = trunc i32 %f" [D:/hlstrack/hlstrack2025-master/security/L1/tests/hmac/sha256/../../../../L1/include\xf_security/sha224_256.hpp:725]   --->   Operation 75 'trunc' 't3_5' <Predicate = (icmp_ln663)> <Delay = 0.00>
ST_7 : Operation 76 [1/1] (0.00ns)   --->   "%tmp_5 = partselect i8 @_ssdm_op_PartSelect.i8.i32.i32.i32, i32 %f, i32 16, i32 23" [D:/hlstrack/hlstrack2025-master/security/L1/tests/hmac/sha256/../../../../L1/include\xf_security/sha224_256.hpp:727]   --->   Operation 76 'partselect' 'tmp_5' <Predicate = (icmp_ln663)> <Delay = 0.00>
ST_7 : Operation 77 [1/1] (0.00ns)   --->   "%trunc_ln727_3 = partselect i8 @_ssdm_op_PartSelect.i8.i32.i32.i32, i32 %f, i32 8, i32 15" [D:/hlstrack/hlstrack2025-master/security/L1/tests/hmac/sha256/../../../../L1/include\xf_security/sha224_256.hpp:727]   --->   Operation 77 'partselect' 'trunc_ln727_3' <Predicate = (icmp_ln663)> <Delay = 0.00>
ST_7 : Operation 78 [1/1] (0.00ns)   --->   "%t0_6 = partselect i8 @_ssdm_op_PartSelect.i8.i32.i32.i32, i32 %g, i32 24, i32 31" [D:/hlstrack/hlstrack2025-master/security/L1/tests/hmac/sha256/../../../../L1/include\xf_security/sha224_256.hpp:722]   --->   Operation 78 'partselect' 't0_6' <Predicate = (icmp_ln663)> <Delay = 0.00>
ST_7 : Operation 79 [1/1] (0.00ns)   --->   "%t3_6 = trunc i32 %g" [D:/hlstrack/hlstrack2025-master/security/L1/tests/hmac/sha256/../../../../L1/include\xf_security/sha224_256.hpp:725]   --->   Operation 79 'trunc' 't3_6' <Predicate = (icmp_ln663)> <Delay = 0.00>
ST_7 : Operation 80 [1/1] (0.00ns)   --->   "%tmp_6 = partselect i8 @_ssdm_op_PartSelect.i8.i32.i32.i32, i32 %g, i32 16, i32 23" [D:/hlstrack/hlstrack2025-master/security/L1/tests/hmac/sha256/../../../../L1/include\xf_security/sha224_256.hpp:727]   --->   Operation 80 'partselect' 'tmp_6' <Predicate = (icmp_ln663)> <Delay = 0.00>
ST_7 : Operation 81 [1/1] (0.00ns)   --->   "%trunc_ln727_4 = partselect i8 @_ssdm_op_PartSelect.i8.i32.i32.i32, i32 %g, i32 8, i32 15" [D:/hlstrack/hlstrack2025-master/security/L1/tests/hmac/sha256/../../../../L1/include\xf_security/sha224_256.hpp:727]   --->   Operation 81 'partselect' 'trunc_ln727_4' <Predicate = (icmp_ln663)> <Delay = 0.00>
ST_7 : Operation 82 [1/1] (0.00ns)   --->   "%t0_7 = partselect i8 @_ssdm_op_PartSelect.i8.i32.i32.i32, i32 %h, i32 24, i32 31" [D:/hlstrack/hlstrack2025-master/security/L1/tests/hmac/sha256/../../../../L1/include\xf_security/sha224_256.hpp:722]   --->   Operation 82 'partselect' 't0_7' <Predicate = (icmp_ln663)> <Delay = 0.00>
ST_7 : Operation 83 [1/1] (0.00ns)   --->   "%t3_7 = trunc i32 %h" [D:/hlstrack/hlstrack2025-master/security/L1/tests/hmac/sha256/../../../../L1/include\xf_security/sha224_256.hpp:725]   --->   Operation 83 'trunc' 't3_7' <Predicate = (icmp_ln663)> <Delay = 0.00>
ST_7 : Operation 84 [1/1] (0.00ns)   --->   "%tmp_7 = partselect i8 @_ssdm_op_PartSelect.i8.i32.i32.i32, i32 %h, i32 16, i32 23" [D:/hlstrack/hlstrack2025-master/security/L1/tests/hmac/sha256/../../../../L1/include\xf_security/sha224_256.hpp:727]   --->   Operation 84 'partselect' 'tmp_7' <Predicate = (icmp_ln663)> <Delay = 0.00>
ST_7 : Operation 85 [1/1] (0.00ns)   --->   "%trunc_ln727_5 = partselect i8 @_ssdm_op_PartSelect.i8.i32.i32.i32, i32 %h, i32 8, i32 15" [D:/hlstrack/hlstrack2025-master/security/L1/tests/hmac/sha256/../../../../L1/include\xf_security/sha224_256.hpp:727]   --->   Operation 85 'partselect' 'trunc_ln727_5' <Predicate = (icmp_ln663)> <Delay = 0.00>
ST_7 : Operation 86 [1/1] (0.00ns)   --->   "%w256 = bitconcatenate i256 @_ssdm_op_BitConcatenate.i256.i8.i8.i8.i8.i8.i8.i8.i8.i8.i8.i8.i8.i8.i8.i8.i8.i8.i8.i8.i8.i8.i8.i8.i8.i8.i8.i8.i8.i8.i8.i8.i8, i8 %t3_7, i8 %trunc_ln727_5, i8 %tmp_7, i8 %t0_7, i8 %t3_6, i8 %trunc_ln727_4, i8 %tmp_6, i8 %t0_6, i8 %t3_5, i8 %trunc_ln727_3, i8 %tmp_5, i8 %t0_5, i8 %t3_4, i8 %trunc_ln727_2, i8 %tmp_4, i8 %t0_4, i8 %t3_3, i8 %trunc_ln727_1, i8 %tmp_3, i8 %t0_3, i8 %t3_2, i8 %trunc_ln727_s, i8 %tmp_2, i8 %t0_2, i8 %t3_1, i8 %trunc_ln727_9, i8 %tmp_1, i8 %t0_1, i8 %t3, i8 %trunc_ln727_8, i8 %tmp, i8 %t0" [D:/hlstrack/hlstrack2025-master/security/L1/tests/hmac/sha256/../../../../L1/include\xf_security/sha224_256.hpp:728]   --->   Operation 86 'bitconcatenate' 'w256' <Predicate = (icmp_ln663)> <Delay = 0.00>
ST_7 : Operation 87 [1/1] ( I:1.14ns O:1.14ns )   --->   "%write_ln730 = write void @_ssdm_op_Write.ap_fifo.volatile.i256P0A, i256 %msgHashStrm, i256 %w256" [D:/hlstrack/hlstrack2025-master/security/L1/tests/hmac/sha256/../../../../L1/include\xf_security/sha224_256.hpp:730]   --->   Operation 87 'write' 'write_ln730' <Predicate = (icmp_ln663)> <Delay = 1.14> <CoreInst = "FIFO_LUTRAM">   --->   Core 79 'FIFO_LUTRAM' <Latency = 0> <II = 1> <Delay = 3.63> <Storage> <Opcode : 'read' 'write' 'nbread' 'nbwrite'> <Ports = 0> <Width = 256> <Depth = 4> <FIFO>
ST_7 : Operation 88 [1/1] ( I:1.14ns O:1.14ns )   --->   "%write_ln732 = write void @_ssdm_op_Write.ap_fifo.volatile.i1P0A, i1 %eMsgHashStrm, i1 0" [D:/hlstrack/hlstrack2025-master/security/L1/tests/hmac/sha256/../../../../L1/include\xf_security/sha224_256.hpp:732]   --->   Operation 88 'write' 'write_ln732' <Predicate = (icmp_ln663)> <Delay = 1.14> <CoreInst = "FIFO_LUTRAM">   --->   Core 79 'FIFO_LUTRAM' <Latency = 0> <II = 1> <Delay = 3.63> <Storage> <Opcode : 'read' 'write' 'nbread' 'nbwrite'> <Ports = 0> <Width = 1> <Depth = 4> <FIFO>
ST_7 : Operation 89 [1/1] ( I:1.14ns O:1.14ns )   --->   "%end_flag_2 = read i1 @_ssdm_op_Read.ap_fifo.volatile.i1P0A, i1 %end_nblk_strm2" [D:/hlstrack/hlstrack2025-master/security/L1/tests/hmac/sha256/../../../../L1/include\xf_security/sha224_256.hpp:632]   --->   Operation 89 'read' 'end_flag_2' <Predicate = (icmp_ln663)> <Delay = 1.14> <CoreInst = "FIFO_LUTRAM">   --->   Core 79 'FIFO_LUTRAM' <Latency = 0> <II = 1> <Delay = 3.72> <Storage> <Opcode : 'read' 'write' 'nbread' 'nbwrite'> <Ports = 0> <Width = 1> <Depth = 32> <FIFO>
ST_7 : Operation 90 [1/1] (0.00ns)   --->   "%br_ln632 = br void %for.cond" [D:/hlstrack/hlstrack2025-master/security/L1/tests/hmac/sha256/../../../../L1/include\xf_security/sha224_256.hpp:632]   --->   Operation 90 'br' 'br_ln632' <Predicate = (icmp_ln663)> <Delay = 0.00>

State 8 <SV = 7> <Delay = 0.00>
ST_8 : Operation 91 [1/2] (0.00ns)   --->   "%call_ln0 = call void @sha256Digest<256>_Pipeline_LOOP_SHA256_UPDATE_64_ROUNDS, i32 %h, i32 %g, i32 %f, i32 %e, i32 %d, i32 %c, i32 %b, i32 %a, i32 %w_strm, i32 %add_ln6888_loc, i32 %add_ln6897_loc, i32 %add_ln6906_loc, i32 %add_ln6915_loc, i32 %add_ln6924_loc, i32 %add_ln6933_loc, i32 %add_ln6942_loc, i32 %add_ln6951_loc"   --->   Operation 91 'call' 'call_ln0' <Predicate = true> <Delay = 0.00> <CoreType = "Generic">   --->   Generic Core

State 9 <SV = 8> <Delay = 0.00>
ST_9 : Operation 92 [1/1] (0.00ns)   --->   "%speclooptripcount_ln664 = speclooptripcount void @_ssdm_op_SpecLoopTripCount, i64 1, i64 1, i64 1" [D:/hlstrack/hlstrack2025-master/security/L1/tests/hmac/sha256/../../../../L1/include\xf_security/sha224_256.hpp:664]   --->   Operation 92 'speclooptripcount' 'speclooptripcount_ln664' <Predicate = true> <Delay = 0.00>
ST_9 : Operation 93 [1/1] (0.00ns)   --->   "%specloopname_ln663 = specloopname void @_ssdm_op_SpecLoopName, void @empty_22" [D:/hlstrack/hlstrack2025-master/security/L1/tests/hmac/sha256/../../../../L1/include\xf_security/sha224_256.hpp:663]   --->   Operation 93 'specloopname' 'specloopname_ln663' <Predicate = true> <Delay = 0.00>
ST_9 : Operation 94 [1/1] (0.00ns)   --->   "%rbegin = specregionbegin i32 @_ssdm_op_SpecRegionBegin, void @empty_2" [D:/hlstrack/hlstrack2025-master/security/L1/tests/hmac/sha256/../../../../L1/include\xf_security/sha224_256.hpp:663]   --->   Operation 94 'specregionbegin' 'rbegin' <Predicate = true> <Delay = 0.00>
ST_9 : Operation 95 [1/1] (0.00ns)   --->   "%add_ln6888_loc_load = load i32 %add_ln6888_loc"   --->   Operation 95 'load' 'add_ln6888_loc_load' <Predicate = true> <Delay = 0.00>
ST_9 : Operation 96 [1/1] (0.00ns)   --->   "%add_ln6897_loc_load = load i32 %add_ln6897_loc"   --->   Operation 96 'load' 'add_ln6897_loc_load' <Predicate = true> <Delay = 0.00>
ST_9 : Operation 97 [1/1] (0.00ns)   --->   "%add_ln6906_loc_load = load i32 %add_ln6906_loc"   --->   Operation 97 'load' 'add_ln6906_loc_load' <Predicate = true> <Delay = 0.00>
ST_9 : Operation 98 [1/1] (0.00ns)   --->   "%add_ln6915_loc_load = load i32 %add_ln6915_loc"   --->   Operation 98 'load' 'add_ln6915_loc_load' <Predicate = true> <Delay = 0.00>
ST_9 : Operation 99 [1/1] (0.00ns)   --->   "%add_ln6924_loc_load = load i32 %add_ln6924_loc"   --->   Operation 99 'load' 'add_ln6924_loc_load' <Predicate = true> <Delay = 0.00>
ST_9 : Operation 100 [1/1] (0.00ns)   --->   "%add_ln6933_loc_load = load i32 %add_ln6933_loc"   --->   Operation 100 'load' 'add_ln6933_loc_load' <Predicate = true> <Delay = 0.00>
ST_9 : Operation 101 [1/1] (0.00ns)   --->   "%add_ln6942_loc_load = load i32 %add_ln6942_loc"   --->   Operation 101 'load' 'add_ln6942_loc_load' <Predicate = true> <Delay = 0.00>
ST_9 : Operation 102 [1/1] (0.00ns)   --->   "%add_ln6951_loc_load = load i32 %add_ln6951_loc"   --->   Operation 102 'load' 'add_ln6951_loc_load' <Predicate = true> <Delay = 0.00>
ST_9 : Operation 103 [1/1] (0.00ns)   --->   "%speclatency_ln665 = speclatency void @_ssdm_op_SpecLatency, i64 0, i64 65, void @empty_1" [D:/hlstrack/hlstrack2025-master/security/L1/tests/hmac/sha256/../../../../L1/include\xf_security/sha224_256.hpp:665]   --->   Operation 103 'speclatency' 'speclatency_ln665' <Predicate = true> <Delay = 0.00>
ST_9 : Operation 104 [1/1] (0.00ns)   --->   "%rend = specregionend i32 @_ssdm_op_SpecRegionEnd, void @empty_2, i32 %rbegin" [D:/hlstrack/hlstrack2025-master/security/L1/tests/hmac/sha256/../../../../L1/include\xf_security/sha224_256.hpp:696]   --->   Operation 104 'specregionend' 'rend' <Predicate = true> <Delay = 0.00>
ST_9 : Operation 105 [1/1] (0.00ns)   --->   "%br_ln663 = br void %LOOP_SHA256_UPDATE_64_ROUNDS" [D:/hlstrack/hlstrack2025-master/security/L1/tests/hmac/sha256/../../../../L1/include\xf_security/sha224_256.hpp:663]   --->   Operation 105 'br' 'br_ln663' <Predicate = true> <Delay = 0.00>


============================================================
+ Verbose Summary: Timing violations
============================================================
Target clock period: 3.330ns, clock uncertainty: 1.050ns.

 <State 1>: 1.140ns
The critical path consists of the following:
	fifo read operation ('end_flag', D:/hlstrack/hlstrack2025-master/security/L1/tests/hmac/sha256/../../../../L1/include\xf_security/sha224_256.hpp:632) on port 'end_nblk_strm2' (D:/hlstrack/hlstrack2025-master/security/L1/tests/hmac/sha256/../../../../L1/include\xf_security/sha224_256.hpp:632) [24]  (1.140 ns)

 <State 2>: 1.588ns
The critical path consists of the following:
	multiplexor before 'phi' operation 1 bit ('end_flag') with incoming values : ('end_flag', D:/hlstrack/hlstrack2025-master/security/L1/tests/hmac/sha256/../../../../L1/include\xf_security/sha224_256.hpp:632) [27]  (1.588 ns)

 <State 3>: 1.588ns
The critical path consists of the following:
	'phi' operation 1 bit ('end_flag') with incoming values : ('end_flag', D:/hlstrack/hlstrack2025-master/security/L1/tests/hmac/sha256/../../../../L1/include\xf_security/sha224_256.hpp:632) [27]  (0.000 ns)
	multiplexor before 'phi' operation 32 bit ('h') with incoming values : ('add_ln6951_loc_load') [34]  (1.588 ns)

 <State 4>: 2.451ns
The critical path consists of the following:
	'phi' operation 64 bit ('n') with incoming values : ('n', D:/hlstrack/hlstrack2025-master/security/L1/tests/hmac/sha256/../../../../L1/include\xf_security/sha224_256.hpp:663) [42]  (0.000 ns)
	'icmp' operation 1 bit ('icmp_ln663', D:/hlstrack/hlstrack2025-master/security/L1/tests/hmac/sha256/../../../../L1/include\xf_security/sha224_256.hpp:663) [43]  (2.451 ns)

 <State 5>: 2.451ns
The critical path consists of the following:
	'icmp' operation 1 bit ('icmp_ln663', D:/hlstrack/hlstrack2025-master/security/L1/tests/hmac/sha256/../../../../L1/include\xf_security/sha224_256.hpp:663) [43]  (2.451 ns)

 <State 6>: 2.451ns
The critical path consists of the following:
	'icmp' operation 1 bit ('icmp_ln663', D:/hlstrack/hlstrack2025-master/security/L1/tests/hmac/sha256/../../../../L1/include\xf_security/sha224_256.hpp:663) [43]  (2.451 ns)

 <State 7>: 1.588ns
The critical path consists of the following:
	'phi' operation 32 bit ('h') with incoming values : ('add_ln6951_loc_load') [34]  (0.000 ns)
	'call' operation 0 bit ('call_ln0') to 'sha256Digest<256>_Pipeline_LOOP_SHA256_UPDATE_64_ROUNDS' [50]  (1.588 ns)

 <State 8>: 0.000ns
The critical path consists of the following:

 <State 9>: 0.000ns
The critical path consists of the following:


============================================================
+ Verbose Summary: Binding
============================================================
N/A
* FSMD analyzer results:
  - Output states:
 - Input state : 
  - Chain level:
	State 1
	State 2
	State 3
	State 4
	State 5
	State 6
	State 7
	State 8
	State 9


============================================================
+ Verbose Summary: Datapath Resource usage 
============================================================
N/A
