

================================================================
== Vitis HLS Report for 'sha256_top_32_256_s'
================================================================
* Date:           Sat Oct 18 18:24:24 2025

* Version:        2024.2 (Build 5238294 on Nov  8 2024)
* Project:        hmac_sha256_test.prj
* Solution:       solution1 (Vivado IP Flow Target)
* Product family: zynq
* Target device:  xc7z020-clg484-1


================================================================
== Performance Estimates
================================================================
+ Timing: 
    * Summary: 
    +--------+---------+-----------+------------+
    |  Clock |  Target | Estimated | Uncertainty|
    +--------+---------+-----------+------------+
    |ap_clk  |  3.33 ns|  12.519 ns|     1.05 ns|
    +--------+---------+-----------+------------+

+ Latency: 
    * Summary: 
    +---------+---------+----------+----------+-----+-----+----------+
    |  Latency (cycles) |  Latency (absolute) |  Interval | Pipeline |
    |   min   |   max   |    min   |    max   | min | max |   Type   |
    +---------+---------+----------+----------+-----+-----+----------+
    |        ?|        ?|         ?|         ?|    ?|    ?|  dataflow|
    +---------+---------+----------+----------+-----+-----+----------+

    + Detail: 
        * Instance: 
        +--------------------------------+---------------------+---------+---------+-----------+-----------+-----+-----+---------+
        |                                |                     |  Latency (cycles) |   Latency (absolute)  |  Interval | Pipeline|
        |            Instance            |        Module       |   min   |   max   |    min    |    max    | min | max |   Type  |
        +--------------------------------+---------------------+---------+---------+-----------+-----------+-----+-----+---------+
        |grp_preProcessing_fu_96         |preProcessing        |        ?|        ?|          ?|          ?|    ?|    ?|       no|
        |grp_dup_strm_fu_109             |dup_strm             |        6|        6|  19.980 ns|  19.980 ns|    6|    6|       no|
        |grp_generateMsgSchedule_fu_119  |generateMsgSchedule  |        ?|        ?|          ?|          ?|    ?|    ?|       no|
        |grp_sha256Digest_256_s_fu_127   |sha256Digest_256_s   |        ?|        ?|          ?|          ?|    ?|    ?|       no|
        +--------------------------------+---------------------+---------+---------+-----------+-----------+-----+-----+---------+

        * Loop: 
        N/A

============================================================
+ Verbose Summary: Synthesis Manager
============================================================
InlineROM: 1
ExposeGlobal: 0
============================================================
+ Verbose Summary: CDFG Model
============================================================
IsTopModel: 0
ResetActiveHigh: 1
IsCombinational: 2
IsDatapathOnly: 0
HasWiredReturn: 1
HasMFsm: 0
HasVarLatency: 1
IsPipeline: 0
IsRtlPipelined: 0
IsInstanceOverlapped: 0
IsDontTouch: 0
HasImplIP: 0
IsGatedGlobalClock: 0


============================================================
+ Verbose Summary: Schedule
============================================================
* Number of FSM states : 8
* Pipeline : 0
* Dataflow Pipeline: 1
  DF-Pipeline-0: Size = 8, States = { 1 2 3 4 5 6 7 8 }

* FSM state transitions: 
1 --> 2 
2 --> 3 
3 --> 4 
4 --> 5 
5 --> 6 
6 --> 7 
7 --> 8 
8 --> 

* FSM state operations: 

State 1 <SV = 0> <Delay = 0.00>
ST_1 : Operation 9 [1/1] (0.00ns)   --->   "%blk_strm = alloca i64 1"   --->   Operation 9 'alloca' 'blk_strm' <Predicate = true> <Delay = 0.00> <CoreInst = "FIFO_LUTRAM">   --->   Core 79 'FIFO_LUTRAM' <Latency = 0> <II = 1> <Delay = 3.72> <Storage> <Opcode : 'read' 'write' 'nbread' 'nbwrite'> <Ports = 0> <Width = 512> <Depth = 32> <FIFO>
ST_1 : Operation 10 [1/1] (0.00ns)   --->   "%nblk_strm = alloca i64 1" [D:/hlstrack/hlstrack2025-master/security/L1/tests/hmac/sha256/../../../../L1/include\xf_security/sha224_256.hpp:759]   --->   Operation 10 'alloca' 'nblk_strm' <Predicate = true> <Delay = 0.00> <CoreInst = "FIFO_LUTRAM">   --->   Core 79 'FIFO_LUTRAM' <Latency = 0> <II = 1> <Delay = 3.72> <Storage> <Opcode : 'read' 'write' 'nbread' 'nbwrite'> <Ports = 0> <Width = 64> <Depth = 32> <FIFO>
ST_1 : Operation 11 [1/1] (0.00ns)   --->   "%nblk_strm1 = alloca i64 1" [D:/hlstrack/hlstrack2025-master/security/L1/tests/hmac/sha256/../../../../L1/include\xf_security/sha224_256.hpp:762]   --->   Operation 11 'alloca' 'nblk_strm1' <Predicate = true> <Delay = 0.00> <CoreInst = "FIFO_LUTRAM">   --->   Core 79 'FIFO_LUTRAM' <Latency = 0> <II = 1> <Delay = 3.72> <Storage> <Opcode : 'read' 'write' 'nbread' 'nbwrite'> <Ports = 0> <Width = 64> <Depth = 32> <FIFO>
ST_1 : Operation 12 [1/1] (0.00ns)   --->   "%nblk_strm2 = alloca i64 1" [D:/hlstrack/hlstrack2025-master/security/L1/tests/hmac/sha256/../../../../L1/include\xf_security/sha224_256.hpp:765]   --->   Operation 12 'alloca' 'nblk_strm2' <Predicate = true> <Delay = 0.00> <CoreInst = "FIFO_LUTRAM">   --->   Core 79 'FIFO_LUTRAM' <Latency = 0> <II = 1> <Delay = 3.72> <Storage> <Opcode : 'read' 'write' 'nbread' 'nbwrite'> <Ports = 0> <Width = 64> <Depth = 32> <FIFO>
ST_1 : Operation 13 [1/1] (0.00ns)   --->   "%end_nblk_strm = alloca i64 1" [D:/hlstrack/hlstrack2025-master/security/L1/tests/hmac/sha256/../../../../L1/include\xf_security/sha224_256.hpp:770]   --->   Operation 13 'alloca' 'end_nblk_strm' <Predicate = true> <Delay = 0.00> <CoreInst = "FIFO_LUTRAM">   --->   Core 79 'FIFO_LUTRAM' <Latency = 0> <II = 1> <Delay = 3.72> <Storage> <Opcode : 'read' 'write' 'nbread' 'nbwrite'> <Ports = 0> <Width = 1> <Depth = 32> <FIFO>
ST_1 : Operation 14 [1/1] (0.00ns)   --->   "%end_nblk_strm1 = alloca i64 1" [D:/hlstrack/hlstrack2025-master/security/L1/tests/hmac/sha256/../../../../L1/include\xf_security/sha224_256.hpp:773]   --->   Operation 14 'alloca' 'end_nblk_strm1' <Predicate = true> <Delay = 0.00> <CoreInst = "FIFO_LUTRAM">   --->   Core 79 'FIFO_LUTRAM' <Latency = 0> <II = 1> <Delay = 3.72> <Storage> <Opcode : 'read' 'write' 'nbread' 'nbwrite'> <Ports = 0> <Width = 1> <Depth = 32> <FIFO>
ST_1 : Operation 15 [1/1] (0.00ns)   --->   "%end_nblk_strm2 = alloca i64 1" [D:/hlstrack/hlstrack2025-master/security/L1/tests/hmac/sha256/../../../../L1/include\xf_security/sha224_256.hpp:776]   --->   Operation 15 'alloca' 'end_nblk_strm2' <Predicate = true> <Delay = 0.00> <CoreInst = "FIFO_LUTRAM">   --->   Core 79 'FIFO_LUTRAM' <Latency = 0> <II = 1> <Delay = 3.72> <Storage> <Opcode : 'read' 'write' 'nbread' 'nbwrite'> <Ports = 0> <Width = 1> <Depth = 32> <FIFO>
ST_1 : Operation 16 [1/1] (0.00ns)   --->   "%w_strm = alloca i64 1" [D:/hlstrack/hlstrack2025-master/security/L1/tests/hmac/sha256/../../../../L1/include\xf_security/sha224_256.hpp:781]   --->   Operation 16 'alloca' 'w_strm' <Predicate = true> <Delay = 0.00> <CoreInst = "FIFO_LUTRAM">   --->   Core 79 'FIFO_LUTRAM' <Latency = 0> <II = 1> <Delay = 3.72> <Storage> <Opcode : 'read' 'write' 'nbread' 'nbwrite'> <Ports = 0> <Width = 32> <Depth = 32> <FIFO>
ST_1 : Operation 17 [2/2] (0.00ns)   --->   "%call_ln786 = call void @preProcessing, i32 %mergeKopadStrm, i64 %mergeKopadLenStrm, i1 %eMergeKopadLenStrm, i512 %blk_strm, i64 %nblk_strm, i1 %end_nblk_strm" [D:/hlstrack/hlstrack2025-master/security/L1/tests/hmac/sha256/../../../../L1/include\xf_security/sha224_256.hpp:786]   --->   Operation 17 'call' 'call_ln786' <Predicate = true> <Delay = 0.00> <CoreType = "Generic">   --->   Generic Core

State 2 <SV = 1> <Delay = 0.00>
ST_2 : Operation 18 [1/2] (0.00ns)   --->   "%call_ln786 = call void @preProcessing, i32 %mergeKopadStrm, i64 %mergeKopadLenStrm, i1 %eMergeKopadLenStrm, i512 %blk_strm, i64 %nblk_strm, i1 %end_nblk_strm" [D:/hlstrack/hlstrack2025-master/security/L1/tests/hmac/sha256/../../../../L1/include\xf_security/sha224_256.hpp:786]   --->   Operation 18 'call' 'call_ln786' <Predicate = true> <Delay = 0.00> <CoreType = "Generic">   --->   Generic Core

State 3 <SV = 2> <Delay = 0.00>
ST_3 : Operation 19 [2/2] (0.00ns)   --->   "%call_ln790 = call void @dup_strm, i64 %nblk_strm, i1 %end_nblk_strm, i64 %nblk_strm1, i1 %end_nblk_strm1, i64 %nblk_strm2, i1 %end_nblk_strm2" [D:/hlstrack/hlstrack2025-master/security/L1/tests/hmac/sha256/../../../../L1/include\xf_security/sha224_256.hpp:790]   --->   Operation 19 'call' 'call_ln790' <Predicate = true> <Delay = 0.00> <CoreType = "Generic">   --->   Generic Core

State 4 <SV = 3> <Delay = 0.00>
ST_4 : Operation 20 [1/2] (0.00ns)   --->   "%call_ln790 = call void @dup_strm, i64 %nblk_strm, i1 %end_nblk_strm, i64 %nblk_strm1, i1 %end_nblk_strm1, i64 %nblk_strm2, i1 %end_nblk_strm2" [D:/hlstrack/hlstrack2025-master/security/L1/tests/hmac/sha256/../../../../L1/include\xf_security/sha224_256.hpp:790]   --->   Operation 20 'call' 'call_ln790' <Predicate = true> <Delay = 0.00> <CoreType = "Generic">   --->   Generic Core

State 5 <SV = 4> <Delay = 0.00>
ST_5 : Operation 21 [2/2] (0.00ns)   --->   "%call_ln793 = call void @generateMsgSchedule, i512 %blk_strm, i64 %nblk_strm1, i1 %end_nblk_strm1, i32 %w_strm" [D:/hlstrack/hlstrack2025-master/security/L1/tests/hmac/sha256/../../../../L1/include\xf_security/sha224_256.hpp:793]   --->   Operation 21 'call' 'call_ln793' <Predicate = true> <Delay = 0.00> <CoreType = "Generic">   --->   Generic Core

State 6 <SV = 5> <Delay = 0.00>
ST_6 : Operation 22 [1/2] (0.00ns)   --->   "%call_ln793 = call void @generateMsgSchedule, i512 %blk_strm, i64 %nblk_strm1, i1 %end_nblk_strm1, i32 %w_strm" [D:/hlstrack/hlstrack2025-master/security/L1/tests/hmac/sha256/../../../../L1/include\xf_security/sha224_256.hpp:793]   --->   Operation 22 'call' 'call_ln793' <Predicate = true> <Delay = 0.00> <CoreType = "Generic">   --->   Generic Core

State 7 <SV = 6> <Delay = 0.00>
ST_7 : Operation 23 [2/2] (0.00ns)   --->   "%call_ln797 = call void @sha256Digest<256>, i64 %nblk_strm2, i1 %end_nblk_strm2, i32 %w_strm, i256 %hshStrm, i1 %eHshStrm" [D:/hlstrack/hlstrack2025-master/security/L1/tests/hmac/sha256/../../../../L1/include\xf_security/sha224_256.hpp:797]   --->   Operation 23 'call' 'call_ln797' <Predicate = true> <Delay = 0.00> <CoreType = "Generic">   --->   Generic Core

State 8 <SV = 7> <Delay = 0.00>
ST_8 : Operation 24 [1/1] (0.00ns)   --->   "%specdataflowpipeline_ln752 = specdataflowpipeline void @_ssdm_op_SpecDataflowPipeline, i32 4294967295, i32 0, void @empty_1" [D:/hlstrack/hlstrack2025-master/security/L1/tests/hmac/sha256/../../../../L1/include\xf_security/sha224_256.hpp:752]   --->   Operation 24 'specdataflowpipeline' 'specdataflowpipeline_ln752' <Predicate = true> <Delay = 0.00>
ST_8 : Operation 25 [1/1] (0.00ns)   --->   "%specmemcore_ln0 = specmemcore void @_ssdm_op_SpecMemCore, i1 %eHshStrm, i64 666, i64 9, i64 18446744073709551615"   --->   Operation 25 'specmemcore' 'specmemcore_ln0' <Predicate = true> <Delay = 0.00>
ST_8 : Operation 26 [1/1] (0.00ns)   --->   "%specmemcore_ln0 = specmemcore void @_ssdm_op_SpecMemCore, i256 %hshStrm, i64 666, i64 9, i64 18446744073709551615"   --->   Operation 26 'specmemcore' 'specmemcore_ln0' <Predicate = true> <Delay = 0.00>
ST_8 : Operation 27 [1/1] (0.00ns)   --->   "%specmemcore_ln0 = specmemcore void @_ssdm_op_SpecMemCore, i32 %mergeKopadStrm, i64 666, i64 9, i64 18446744073709551615"   --->   Operation 27 'specmemcore' 'specmemcore_ln0' <Predicate = true> <Delay = 0.00>
ST_8 : Operation 28 [1/1] (0.00ns)   --->   "%specmemcore_ln0 = specmemcore void @_ssdm_op_SpecMemCore, i64 %mergeKopadLenStrm, i64 666, i64 9, i64 18446744073709551615"   --->   Operation 28 'specmemcore' 'specmemcore_ln0' <Predicate = true> <Delay = 0.00>
ST_8 : Operation 29 [1/1] (0.00ns)   --->   "%specmemcore_ln0 = specmemcore void @_ssdm_op_SpecMemCore, i1 %eMergeKopadLenStrm, i64 666, i64 9, i64 18446744073709551615"   --->   Operation 29 'specmemcore' 'specmemcore_ln0' <Predicate = true> <Delay = 0.00>
ST_8 : Operation 30 [1/1] (0.00ns)   --->   "%specinterface_ln0 = specinterface void @_ssdm_op_SpecInterface, i256 %hshStrm, void @empty_3, i32 0, i32 0, void @empty_1, i32 0, i32 0, void @empty_1, void @empty_1, void @empty_1, i32 0, i32 0, i32 0, i32 0, void @empty_1, void @empty_1, i32 4294967295, i32 0, i32 0"   --->   Operation 30 'specinterface' 'specinterface_ln0' <Predicate = true> <Delay = 0.00>
ST_8 : Operation 31 [1/1] (0.00ns)   --->   "%specinterface_ln0 = specinterface void @_ssdm_op_SpecInterface, i1 %eHshStrm, void @empty_3, i32 0, i32 0, void @empty_1, i32 0, i32 0, void @empty_1, void @empty_1, void @empty_1, i32 0, i32 0, i32 0, i32 0, void @empty_1, void @empty_1, i32 4294967295, i32 0, i32 0"   --->   Operation 31 'specinterface' 'specinterface_ln0' <Predicate = true> <Delay = 0.00>
ST_8 : Operation 32 [1/1] (0.00ns)   --->   "%specinterface_ln0 = specinterface void @_ssdm_op_SpecInterface, i32 %mergeKopadStrm, void @empty_3, i32 0, i32 0, void @empty_1, i32 0, i32 0, void @empty_1, void @empty_1, void @empty_1, i32 0, i32 0, i32 0, i32 0, void @empty_1, void @empty_1, i32 4294967295, i32 0, i32 0"   --->   Operation 32 'specinterface' 'specinterface_ln0' <Predicate = true> <Delay = 0.00>
ST_8 : Operation 33 [1/1] (0.00ns)   --->   "%specinterface_ln0 = specinterface void @_ssdm_op_SpecInterface, i64 %mergeKopadLenStrm, void @empty_3, i32 0, i32 0, void @empty_1, i32 0, i32 0, void @empty_1, void @empty_1, void @empty_1, i32 0, i32 0, i32 0, i32 0, void @empty_1, void @empty_1, i32 4294967295, i32 0, i32 0"   --->   Operation 33 'specinterface' 'specinterface_ln0' <Predicate = true> <Delay = 0.00>
ST_8 : Operation 34 [1/1] (0.00ns)   --->   "%specinterface_ln0 = specinterface void @_ssdm_op_SpecInterface, i1 %eMergeKopadLenStrm, void @empty_3, i32 0, i32 0, void @empty_1, i32 0, i32 0, void @empty_1, void @empty_1, void @empty_1, i32 0, i32 0, i32 0, i32 0, void @empty_1, void @empty_1, i32 4294967295, i32 0, i32 0"   --->   Operation 34 'specinterface' 'specinterface_ln0' <Predicate = true> <Delay = 0.00>
ST_8 : Operation 35 [1/1] (0.00ns)   --->   "%empty = specchannel i32 @_ssdm_op_SpecChannel, void @blk_strm_str, i32 1, void @p_str, void @p_str, i32 32, i32 32, i512 %blk_strm, i512 %blk_strm"   --->   Operation 35 'specchannel' 'empty' <Predicate = true> <Delay = 0.00>
ST_8 : Operation 36 [1/1] (0.00ns)   --->   "%specinterface_ln0 = specinterface void @_ssdm_op_SpecInterface, i512 %blk_strm, void @empty_3, i32 0, i32 0, void @empty_1, i32 0, i32 0, void @empty_1, void @empty_1, void @empty_1, i32 0, i32 0, i32 0, i32 0, void @empty_1, void @empty_1, i32 4294967295, i32 0, i32 0"   --->   Operation 36 'specinterface' 'specinterface_ln0' <Predicate = true> <Delay = 0.00>
ST_8 : Operation 37 [1/1] (0.00ns)   --->   "%empty_41 = specchannel i32 @_ssdm_op_SpecChannel, void @nblk_strm_str, i32 1, void @p_str, void @p_str, i32 32, i32 32, i64 %nblk_strm, i64 %nblk_strm"   --->   Operation 37 'specchannel' 'empty_41' <Predicate = true> <Delay = 0.00>
ST_8 : Operation 38 [1/1] (0.00ns)   --->   "%specinterface_ln0 = specinterface void @_ssdm_op_SpecInterface, i64 %nblk_strm, void @empty_3, i32 0, i32 0, void @empty_1, i32 0, i32 0, void @empty_1, void @empty_1, void @empty_1, i32 0, i32 0, i32 0, i32 0, void @empty_1, void @empty_1, i32 4294967295, i32 0, i32 0"   --->   Operation 38 'specinterface' 'specinterface_ln0' <Predicate = true> <Delay = 0.00>
ST_8 : Operation 39 [1/1] (0.00ns)   --->   "%empty_42 = specchannel i32 @_ssdm_op_SpecChannel, void @nblk_strm1_str, i32 1, void @p_str, void @p_str, i32 32, i32 32, i64 %nblk_strm1, i64 %nblk_strm1"   --->   Operation 39 'specchannel' 'empty_42' <Predicate = true> <Delay = 0.00>
ST_8 : Operation 40 [1/1] (0.00ns)   --->   "%specinterface_ln0 = specinterface void @_ssdm_op_SpecInterface, i64 %nblk_strm1, void @empty_3, i32 0, i32 0, void @empty_1, i32 0, i32 0, void @empty_1, void @empty_1, void @empty_1, i32 0, i32 0, i32 0, i32 0, void @empty_1, void @empty_1, i32 4294967295, i32 0, i32 0"   --->   Operation 40 'specinterface' 'specinterface_ln0' <Predicate = true> <Delay = 0.00>
ST_8 : Operation 41 [1/1] (0.00ns)   --->   "%empty_43 = specchannel i32 @_ssdm_op_SpecChannel, void @nblk_strm2_str, i32 1, void @p_str, void @p_str, i32 32, i32 32, i64 %nblk_strm2, i64 %nblk_strm2"   --->   Operation 41 'specchannel' 'empty_43' <Predicate = true> <Delay = 0.00>
ST_8 : Operation 42 [1/1] (0.00ns)   --->   "%specinterface_ln0 = specinterface void @_ssdm_op_SpecInterface, i64 %nblk_strm2, void @empty_3, i32 0, i32 0, void @empty_1, i32 0, i32 0, void @empty_1, void @empty_1, void @empty_1, i32 0, i32 0, i32 0, i32 0, void @empty_1, void @empty_1, i32 4294967295, i32 0, i32 0"   --->   Operation 42 'specinterface' 'specinterface_ln0' <Predicate = true> <Delay = 0.00>
ST_8 : Operation 43 [1/1] (0.00ns)   --->   "%empty_44 = specchannel i32 @_ssdm_op_SpecChannel, void @end_nblk_strm_str, i32 1, void @p_str, void @p_str, i32 32, i32 32, i1 %end_nblk_strm, i1 %end_nblk_strm"   --->   Operation 43 'specchannel' 'empty_44' <Predicate = true> <Delay = 0.00>
ST_8 : Operation 44 [1/1] (0.00ns)   --->   "%specinterface_ln0 = specinterface void @_ssdm_op_SpecInterface, i1 %end_nblk_strm, void @empty_3, i32 0, i32 0, void @empty_1, i32 0, i32 0, void @empty_1, void @empty_1, void @empty_1, i32 0, i32 0, i32 0, i32 0, void @empty_1, void @empty_1, i32 4294967295, i32 0, i32 0"   --->   Operation 44 'specinterface' 'specinterface_ln0' <Predicate = true> <Delay = 0.00>
ST_8 : Operation 45 [1/1] (0.00ns)   --->   "%empty_45 = specchannel i32 @_ssdm_op_SpecChannel, void @end_nblk_strm1_str, i32 1, void @p_str, void @p_str, i32 32, i32 32, i1 %end_nblk_strm1, i1 %end_nblk_strm1"   --->   Operation 45 'specchannel' 'empty_45' <Predicate = true> <Delay = 0.00>
ST_8 : Operation 46 [1/1] (0.00ns)   --->   "%specinterface_ln0 = specinterface void @_ssdm_op_SpecInterface, i1 %end_nblk_strm1, void @empty_3, i32 0, i32 0, void @empty_1, i32 0, i32 0, void @empty_1, void @empty_1, void @empty_1, i32 0, i32 0, i32 0, i32 0, void @empty_1, void @empty_1, i32 4294967295, i32 0, i32 0"   --->   Operation 46 'specinterface' 'specinterface_ln0' <Predicate = true> <Delay = 0.00>
ST_8 : Operation 47 [1/1] (0.00ns)   --->   "%empty_46 = specchannel i32 @_ssdm_op_SpecChannel, void @end_nblk_strm2_str, i32 1, void @p_str, void @p_str, i32 32, i32 32, i1 %end_nblk_strm2, i1 %end_nblk_strm2"   --->   Operation 47 'specchannel' 'empty_46' <Predicate = true> <Delay = 0.00>
ST_8 : Operation 48 [1/1] (0.00ns)   --->   "%specinterface_ln0 = specinterface void @_ssdm_op_SpecInterface, i1 %end_nblk_strm2, void @empty_3, i32 0, i32 0, void @empty_1, i32 0, i32 0, void @empty_1, void @empty_1, void @empty_1, i32 0, i32 0, i32 0, i32 0, void @empty_1, void @empty_1, i32 4294967295, i32 0, i32 0"   --->   Operation 48 'specinterface' 'specinterface_ln0' <Predicate = true> <Delay = 0.00>
ST_8 : Operation 49 [1/1] (0.00ns)   --->   "%empty_47 = specchannel i32 @_ssdm_op_SpecChannel, void @w_strm_str, i32 1, void @p_str, void @p_str, i32 32, i32 32, i32 %w_strm, i32 %w_strm"   --->   Operation 49 'specchannel' 'empty_47' <Predicate = true> <Delay = 0.00>
ST_8 : Operation 50 [1/1] (0.00ns)   --->   "%specinterface_ln0 = specinterface void @_ssdm_op_SpecInterface, i32 %w_strm, void @empty_3, i32 0, i32 0, void @empty_1, i32 0, i32 0, void @empty_1, void @empty_1, void @empty_1, i32 0, i32 0, i32 0, i32 0, void @empty_1, void @empty_1, i32 4294967295, i32 0, i32 0"   --->   Operation 50 'specinterface' 'specinterface_ln0' <Predicate = true> <Delay = 0.00>
ST_8 : Operation 51 [1/1] (0.00ns)   --->   "%specmemcore_ln756 = specmemcore void @_ssdm_op_SpecMemCore, i512 %blk_strm, i64 666, i64 9, i64 18446744073709551615" [D:/hlstrack/hlstrack2025-master/security/L1/tests/hmac/sha256/../../../../L1/include\xf_security/sha224_256.hpp:756]   --->   Operation 51 'specmemcore' 'specmemcore_ln756' <Predicate = true> <Delay = 0.00>
ST_8 : Operation 52 [1/1] (0.00ns)   --->   "%specmemcore_ln761 = specmemcore void @_ssdm_op_SpecMemCore, i64 %nblk_strm, i64 666, i64 9, i64 18446744073709551615" [D:/hlstrack/hlstrack2025-master/security/L1/tests/hmac/sha256/../../../../L1/include\xf_security/sha224_256.hpp:761]   --->   Operation 52 'specmemcore' 'specmemcore_ln761' <Predicate = true> <Delay = 0.00>
ST_8 : Operation 53 [1/1] (0.00ns)   --->   "%specmemcore_ln764 = specmemcore void @_ssdm_op_SpecMemCore, i64 %nblk_strm1, i64 666, i64 9, i64 18446744073709551615" [D:/hlstrack/hlstrack2025-master/security/L1/tests/hmac/sha256/../../../../L1/include\xf_security/sha224_256.hpp:764]   --->   Operation 53 'specmemcore' 'specmemcore_ln764' <Predicate = true> <Delay = 0.00>
ST_8 : Operation 54 [1/1] (0.00ns)   --->   "%specmemcore_ln767 = specmemcore void @_ssdm_op_SpecMemCore, i64 %nblk_strm2, i64 666, i64 9, i64 18446744073709551615" [D:/hlstrack/hlstrack2025-master/security/L1/tests/hmac/sha256/../../../../L1/include\xf_security/sha224_256.hpp:767]   --->   Operation 54 'specmemcore' 'specmemcore_ln767' <Predicate = true> <Delay = 0.00>
ST_8 : Operation 55 [1/1] (0.00ns)   --->   "%specmemcore_ln772 = specmemcore void @_ssdm_op_SpecMemCore, i1 %end_nblk_strm, i64 666, i64 9, i64 18446744073709551615" [D:/hlstrack/hlstrack2025-master/security/L1/tests/hmac/sha256/../../../../L1/include\xf_security/sha224_256.hpp:772]   --->   Operation 55 'specmemcore' 'specmemcore_ln772' <Predicate = true> <Delay = 0.00>
ST_8 : Operation 56 [1/1] (0.00ns)   --->   "%specmemcore_ln775 = specmemcore void @_ssdm_op_SpecMemCore, i1 %end_nblk_strm1, i64 666, i64 9, i64 18446744073709551615" [D:/hlstrack/hlstrack2025-master/security/L1/tests/hmac/sha256/../../../../L1/include\xf_security/sha224_256.hpp:775]   --->   Operation 56 'specmemcore' 'specmemcore_ln775' <Predicate = true> <Delay = 0.00>
ST_8 : Operation 57 [1/1] (0.00ns)   --->   "%specmemcore_ln778 = specmemcore void @_ssdm_op_SpecMemCore, i1 %end_nblk_strm2, i64 666, i64 9, i64 18446744073709551615" [D:/hlstrack/hlstrack2025-master/security/L1/tests/hmac/sha256/../../../../L1/include\xf_security/sha224_256.hpp:778]   --->   Operation 57 'specmemcore' 'specmemcore_ln778' <Predicate = true> <Delay = 0.00>
ST_8 : Operation 58 [1/1] (0.00ns)   --->   "%specmemcore_ln783 = specmemcore void @_ssdm_op_SpecMemCore, i32 %w_strm, i64 666, i64 9, i64 18446744073709551615" [D:/hlstrack/hlstrack2025-master/security/L1/tests/hmac/sha256/../../../../L1/include\xf_security/sha224_256.hpp:783]   --->   Operation 58 'specmemcore' 'specmemcore_ln783' <Predicate = true> <Delay = 0.00>
ST_8 : Operation 59 [1/2] (0.00ns)   --->   "%call_ln797 = call void @sha256Digest<256>, i64 %nblk_strm2, i1 %end_nblk_strm2, i32 %w_strm, i256 %hshStrm, i1 %eHshStrm" [D:/hlstrack/hlstrack2025-master/security/L1/tests/hmac/sha256/../../../../L1/include\xf_security/sha224_256.hpp:797]   --->   Operation 59 'call' 'call_ln797' <Predicate = true> <Delay = 0.00> <CoreType = "Generic">   --->   Generic Core
ST_8 : Operation 60 [1/1] (0.00ns)   --->   "%ret_ln799 = ret" [D:/hlstrack/hlstrack2025-master/security/L1/tests/hmac/sha256/../../../../L1/include\xf_security/sha224_256.hpp:799]   --->   Operation 60 'ret' 'ret_ln799' <Predicate = true> <Delay = 0.00>


============================================================
+ Verbose Summary: Binding
============================================================
STG Binding: 
---------------- STG Properties BEGIN ----------------
- Is combinational: 0
- Is one-state seq: 0
- Is datapath-only: 0
- Is pipelined: 0
- Is top level: 0
Port [ Return ] is wired: 1; IO mode=ap_ctrl_hs:ce=0
Port [ mergeKopadStrm]:  wired=1; compound=1; hidden=0; nouse=0; global=0; static=0; extern=0; dir=0; type=3; pingpong=0; private_global=0; IO mode=ap_fifo:ce=0
Port [ mergeKopadLenStrm]:  wired=1; compound=1; hidden=0; nouse=0; global=0; static=0; extern=0; dir=0; type=3; pingpong=0; private_global=0; IO mode=ap_fifo:ce=0
Port [ eMergeKopadLenStrm]:  wired=1; compound=1; hidden=0; nouse=0; global=0; static=0; extern=0; dir=0; type=3; pingpong=0; private_global=0; IO mode=ap_fifo:ce=0
Port [ hshStrm]:  wired=1; compound=1; hidden=0; nouse=0; global=0; static=0; extern=0; dir=1; type=3; pingpong=0; private_global=0; IO mode=ap_fifo:ce=0
Port [ eHshStrm]:  wired=1; compound=1; hidden=0; nouse=0; global=0; static=0; extern=0; dir=1; type=3; pingpong=0; private_global=0; IO mode=ap_fifo:ce=0
---------------- STG Properties END ------------------

---------------- Datapath Model BEGIN ----------------

<LifeTime>
<method=bitvector/>
blk_strm                   (alloca              ) [ 011111111]
nblk_strm                  (alloca              ) [ 011111111]
nblk_strm1                 (alloca              ) [ 001111111]
nblk_strm2                 (alloca              ) [ 001111111]
end_nblk_strm              (alloca              ) [ 011111111]
end_nblk_strm1             (alloca              ) [ 001111111]
end_nblk_strm2             (alloca              ) [ 001111111]
w_strm                     (alloca              ) [ 001111111]
call_ln786                 (call                ) [ 000000000]
call_ln790                 (call                ) [ 000000000]
call_ln793                 (call                ) [ 000000000]
specdataflowpipeline_ln752 (specdataflowpipeline) [ 000000000]
specmemcore_ln0            (specmemcore         ) [ 000000000]
specmemcore_ln0            (specmemcore         ) [ 000000000]
specmemcore_ln0            (specmemcore         ) [ 000000000]
specmemcore_ln0            (specmemcore         ) [ 000000000]
specmemcore_ln0            (specmemcore         ) [ 000000000]
specinterface_ln0          (specinterface       ) [ 000000000]
specinterface_ln0          (specinterface       ) [ 000000000]
specinterface_ln0          (specinterface       ) [ 000000000]
specinterface_ln0          (specinterface       ) [ 000000000]
specinterface_ln0          (specinterface       ) [ 000000000]
empty                      (specchannel         ) [ 000000000]
specinterface_ln0          (specinterface       ) [ 000000000]
empty_41                   (specchannel         ) [ 000000000]
specinterface_ln0          (specinterface       ) [ 000000000]
empty_42                   (specchannel         ) [ 000000000]
specinterface_ln0          (specinterface       ) [ 000000000]
empty_43                   (specchannel         ) [ 000000000]
specinterface_ln0          (specinterface       ) [ 000000000]
empty_44                   (specchannel         ) [ 000000000]
specinterface_ln0          (specinterface       ) [ 000000000]
empty_45                   (specchannel         ) [ 000000000]
specinterface_ln0          (specinterface       ) [ 000000000]
empty_46                   (specchannel         ) [ 000000000]
specinterface_ln0          (specinterface       ) [ 000000000]
empty_47                   (specchannel         ) [ 000000000]
specinterface_ln0          (specinterface       ) [ 000000000]
specmemcore_ln756          (specmemcore         ) [ 000000000]
specmemcore_ln761          (specmemcore         ) [ 000000000]
specmemcore_ln764          (specmemcore         ) [ 000000000]
specmemcore_ln767          (specmemcore         ) [ 000000000]
specmemcore_ln772          (specmemcore         ) [ 000000000]
specmemcore_ln775          (specmemcore         ) [ 000000000]
specmemcore_ln778          (specmemcore         ) [ 000000000]
specmemcore_ln783          (specmemcore         ) [ 000000000]
call_ln797                 (call                ) [ 000000000]
ret_ln799                  (ret                 ) [ 000000000]
</LifeTime>

<model>

<comp_list>
<comp id="0" class="1000" name="mergeKopadStrm">
<pin_list>
<pin id="1" dir="1" index="0" bw="1" slack="0"/>
</pin_list>
<bind>
<StgValue><ssdm name="mergeKopadStrm"/></StgValue>
</bind>
</comp>

<comp id="2" class="1000" name="mergeKopadLenStrm">
<pin_list>
<pin id="3" dir="1" index="0" bw="1" slack="0"/>
</pin_list>
<bind>
<StgValue><ssdm name="mergeKopadLenStrm"/></StgValue>
</bind>
</comp>

<comp id="4" class="1000" name="eMergeKopadLenStrm">
<pin_list>
<pin id="5" dir="1" index="0" bw="1" slack="0"/>
</pin_list>
<bind>
<StgValue><ssdm name="eMergeKopadLenStrm"/></StgValue>
</bind>
</comp>

<comp id="6" class="1000" name="hshStrm">
<pin_list>
<pin id="7" dir="1" index="0" bw="1" slack="0"/>
</pin_list>
<bind>
<StgValue><ssdm name="hshStrm"/></StgValue>
</bind>
</comp>

<comp id="8" class="1000" name="eHshStrm">
<pin_list>
<pin id="9" dir="1" index="0" bw="1" slack="0"/>
</pin_list>
<bind>
<StgValue><ssdm name="eHshStrm"/></StgValue>
</bind>
</comp>

<comp id="10" class="1001" name="const_10">
<pin_list>
<pin id="11" dir="1" index="0" bw="1" slack="0"/>
</pin_list>
<bind>
<StgValue><ssdm name=""/></StgValue>
</bind>
</comp>

<comp id="12" class="1001" name="const_12">
<pin_list>
<pin id="13" dir="1" index="0" bw="1" slack="0"/>
</pin_list>
<bind>
<StgValue><ssdm name="preProcessing"/></StgValue>
</bind>
</comp>

<comp id="14" class="1001" name="const_14">
<pin_list>
<pin id="15" dir="1" index="0" bw="1" slack="0"/>
</pin_list>
<bind>
<StgValue><ssdm name="dup_strm"/></StgValue>
</bind>
</comp>

<comp id="16" class="1001" name="const_16">
<pin_list>
<pin id="17" dir="1" index="0" bw="1" slack="0"/>
</pin_list>
<bind>
<StgValue><ssdm name="generateMsgSchedule"/></StgValue>
</bind>
</comp>

<comp id="18" class="1001" name="const_18">
<pin_list>
<pin id="19" dir="1" index="0" bw="1" slack="0"/>
</pin_list>
<bind>
<StgValue><ssdm name="sha256Digest<256>"/></StgValue>
</bind>
</comp>

<comp id="20" class="1001" name="const_20">
<pin_list>
<pin id="21" dir="1" index="0" bw="1" slack="2147483647"/>
</pin_list>
<bind>
<StgValue><ssdm name="_ssdm_op_SpecDataflowPipeline"/></StgValue>
</bind>
</comp>

<comp id="22" class="1001" name="const_22">
<pin_list>
<pin id="23" dir="1" index="0" bw="1" slack="2147483647"/>
</pin_list>
<bind>
<StgValue><ssdm name=""/></StgValue>
</bind>
</comp>

<comp id="24" class="1001" name="const_24">
<pin_list>
<pin id="25" dir="1" index="0" bw="1" slack="2147483647"/>
</pin_list>
<bind>
<StgValue><ssdm name=""/></StgValue>
</bind>
</comp>

<comp id="26" class="1001" name="const_26">
<pin_list>
<pin id="27" dir="1" index="0" bw="1" slack="2147483647"/>
</pin_list>
<bind>
<StgValue><ssdm name="empty_1"/></StgValue>
</bind>
</comp>

<comp id="28" class="1001" name="const_28">
<pin_list>
<pin id="29" dir="1" index="0" bw="1" slack="2147483647"/>
</pin_list>
<bind>
<StgValue><ssdm name="_ssdm_op_SpecMemCore"/></StgValue>
</bind>
</comp>

<comp id="30" class="1001" name="const_30">
<pin_list>
<pin id="31" dir="1" index="0" bw="1" slack="2147483647"/>
</pin_list>
<bind>
<StgValue><ssdm name=""/></StgValue>
</bind>
</comp>

<comp id="32" class="1001" name="const_32">
<pin_list>
<pin id="33" dir="1" index="0" bw="1" slack="2147483647"/>
</pin_list>
<bind>
<StgValue><ssdm name=""/></StgValue>
</bind>
</comp>

<comp id="34" class="1001" name="const_34">
<pin_list>
<pin id="35" dir="1" index="0" bw="1" slack="2147483647"/>
</pin_list>
<bind>
<StgValue><ssdm name=""/></StgValue>
</bind>
</comp>

<comp id="36" class="1001" name="const_36">
<pin_list>
<pin id="37" dir="1" index="0" bw="1" slack="2147483647"/>
</pin_list>
<bind>
<StgValue><ssdm name="_ssdm_op_SpecInterface"/></StgValue>
</bind>
</comp>

<comp id="38" class="1001" name="const_38">
<pin_list>
<pin id="39" dir="1" index="0" bw="1" slack="2147483647"/>
</pin_list>
<bind>
<StgValue><ssdm name="empty_3"/></StgValue>
</bind>
</comp>

<comp id="40" class="1001" name="const_40">
<pin_list>
<pin id="41" dir="1" index="0" bw="1" slack="2147483647"/>
</pin_list>
<bind>
<StgValue><ssdm name="_ssdm_op_SpecChannel"/></StgValue>
</bind>
</comp>

<comp id="42" class="1001" name="const_42">
<pin_list>
<pin id="43" dir="1" index="0" bw="1" slack="2147483647"/>
</pin_list>
<bind>
<StgValue><ssdm name="blk_strm_str"/></StgValue>
</bind>
</comp>

<comp id="44" class="1001" name="const_44">
<pin_list>
<pin id="45" dir="1" index="0" bw="1" slack="2147483647"/>
</pin_list>
<bind>
<StgValue><ssdm name=""/></StgValue>
</bind>
</comp>

<comp id="46" class="1001" name="const_46">
<pin_list>
<pin id="47" dir="1" index="0" bw="1" slack="2147483647"/>
</pin_list>
<bind>
<StgValue><ssdm name="p_str"/></StgValue>
</bind>
</comp>

<comp id="48" class="1001" name="const_48">
<pin_list>
<pin id="49" dir="1" index="0" bw="1" slack="2147483647"/>
</pin_list>
<bind>
<StgValue><ssdm name=""/></StgValue>
</bind>
</comp>

<comp id="50" class="1001" name="const_50">
<pin_list>
<pin id="51" dir="1" index="0" bw="1" slack="2147483647"/>
</pin_list>
<bind>
<StgValue><ssdm name="nblk_strm_str"/></StgValue>
</bind>
</comp>

<comp id="52" class="1001" name="const_52">
<pin_list>
<pin id="53" dir="1" index="0" bw="1" slack="2147483647"/>
</pin_list>
<bind>
<StgValue><ssdm name="nblk_strm1_str"/></StgValue>
</bind>
</comp>

<comp id="54" class="1001" name="const_54">
<pin_list>
<pin id="55" dir="1" index="0" bw="1" slack="2147483647"/>
</pin_list>
<bind>
<StgValue><ssdm name="nblk_strm2_str"/></StgValue>
</bind>
</comp>

<comp id="56" class="1001" name="const_56">
<pin_list>
<pin id="57" dir="1" index="0" bw="1" slack="2147483647"/>
</pin_list>
<bind>
<StgValue><ssdm name="end_nblk_strm_str"/></StgValue>
</bind>
</comp>

<comp id="58" class="1001" name="const_58">
<pin_list>
<pin id="59" dir="1" index="0" bw="1" slack="2147483647"/>
</pin_list>
<bind>
<StgValue><ssdm name="end_nblk_strm1_str"/></StgValue>
</bind>
</comp>

<comp id="60" class="1001" name="const_60">
<pin_list>
<pin id="61" dir="1" index="0" bw="1" slack="2147483647"/>
</pin_list>
<bind>
<StgValue><ssdm name="end_nblk_strm2_str"/></StgValue>
</bind>
</comp>

<comp id="62" class="1001" name="const_62">
<pin_list>
<pin id="63" dir="1" index="0" bw="1" slack="2147483647"/>
</pin_list>
<bind>
<StgValue><ssdm name="w_strm_str"/></StgValue>
</bind>
</comp>

<comp id="64" class="1004" name="blk_strm_fu_64">
<pin_list>
<pin id="65" dir="0" index="0" bw="1" slack="0"/>
<pin id="66" dir="1" index="1" bw="512" slack="0"/>
</pin_list>
<bind>
<opcode="alloca(26) " fcode="alloca"/>
<opset="blk_strm/1 "/>
</bind>
</comp>

<comp id="68" class="1004" name="nblk_strm_fu_68">
<pin_list>
<pin id="69" dir="0" index="0" bw="1" slack="0"/>
<pin id="70" dir="1" index="1" bw="64" slack="0"/>
</pin_list>
<bind>
<opcode="alloca(26) " fcode="alloca"/>
<opset="nblk_strm/1 "/>
</bind>
</comp>

<comp id="72" class="1004" name="nblk_strm1_fu_72">
<pin_list>
<pin id="73" dir="0" index="0" bw="1" slack="0"/>
<pin id="74" dir="1" index="1" bw="64" slack="2"/>
</pin_list>
<bind>
<opcode="alloca(26) " fcode="alloca"/>
<opset="nblk_strm1/1 "/>
</bind>
</comp>

<comp id="76" class="1004" name="nblk_strm2_fu_76">
<pin_list>
<pin id="77" dir="0" index="0" bw="1" slack="0"/>
<pin id="78" dir="1" index="1" bw="64" slack="2"/>
</pin_list>
<bind>
<opcode="alloca(26) " fcode="alloca"/>
<opset="nblk_strm2/1 "/>
</bind>
</comp>

<comp id="80" class="1004" name="end_nblk_strm_fu_80">
<pin_list>
<pin id="81" dir="0" index="0" bw="1" slack="0"/>
<pin id="82" dir="1" index="1" bw="1" slack="0"/>
</pin_list>
<bind>
<opcode="alloca(26) " fcode="alloca"/>
<opset="end_nblk_strm/1 "/>
</bind>
</comp>

<comp id="84" class="1004" name="end_nblk_strm1_fu_84">
<pin_list>
<pin id="85" dir="0" index="0" bw="1" slack="0"/>
<pin id="86" dir="1" index="1" bw="1" slack="2"/>
</pin_list>
<bind>
<opcode="alloca(26) " fcode="alloca"/>
<opset="end_nblk_strm1/1 "/>
</bind>
</comp>

<comp id="88" class="1004" name="end_nblk_strm2_fu_88">
<pin_list>
<pin id="89" dir="0" index="0" bw="1" slack="0"/>
<pin id="90" dir="1" index="1" bw="1" slack="2"/>
</pin_list>
<bind>
<opcode="alloca(26) " fcode="alloca"/>
<opset="end_nblk_strm2/1 "/>
</bind>
</comp>

<comp id="92" class="1004" name="w_strm_fu_92">
<pin_list>
<pin id="93" dir="0" index="0" bw="1" slack="0"/>
<pin id="94" dir="1" index="1" bw="32" slack="4"/>
</pin_list>
<bind>
<opcode="alloca(26) " fcode="alloca"/>
<opset="w_strm/1 "/>
</bind>
</comp>

<comp id="96" class="1004" name="grp_preProcessing_fu_96">
<pin_list>
<pin id="97" dir="0" index="0" bw="0" slack="0"/>
<pin id="98" dir="0" index="1" bw="32" slack="0"/>
<pin id="99" dir="0" index="2" bw="64" slack="0"/>
<pin id="100" dir="0" index="3" bw="1" slack="0"/>
<pin id="101" dir="0" index="4" bw="512" slack="0"/>
<pin id="102" dir="0" index="5" bw="64" slack="0"/>
<pin id="103" dir="0" index="6" bw="1" slack="0"/>
<pin id="104" dir="1" index="7" bw="0" slack="2147483647"/>
</pin_list>
<bind>
<opcode="call(48) " fcode="call"/>
<opset="call_ln786/1 "/>
</bind>
</comp>

<comp id="109" class="1004" name="grp_dup_strm_fu_109">
<pin_list>
<pin id="110" dir="0" index="0" bw="0" slack="0"/>
<pin id="111" dir="0" index="1" bw="64" slack="2"/>
<pin id="112" dir="0" index="2" bw="1" slack="2"/>
<pin id="113" dir="0" index="3" bw="64" slack="2"/>
<pin id="114" dir="0" index="4" bw="1" slack="2"/>
<pin id="115" dir="0" index="5" bw="64" slack="2"/>
<pin id="116" dir="0" index="6" bw="1" slack="2"/>
<pin id="117" dir="1" index="7" bw="0" slack="2147483647"/>
</pin_list>
<bind>
<opcode="call(48) " fcode="call"/>
<opset="call_ln790/3 "/>
</bind>
</comp>

<comp id="119" class="1004" name="grp_generateMsgSchedule_fu_119">
<pin_list>
<pin id="120" dir="0" index="0" bw="0" slack="0"/>
<pin id="121" dir="0" index="1" bw="512" slack="4"/>
<pin id="122" dir="0" index="2" bw="64" slack="4"/>
<pin id="123" dir="0" index="3" bw="1" slack="4"/>
<pin id="124" dir="0" index="4" bw="32" slack="4"/>
<pin id="125" dir="1" index="5" bw="0" slack="2147483647"/>
</pin_list>
<bind>
<opcode="call(48) " fcode="call"/>
<opset="call_ln793/5 "/>
</bind>
</comp>

<comp id="127" class="1004" name="grp_sha256Digest_256_s_fu_127">
<pin_list>
<pin id="128" dir="0" index="0" bw="0" slack="0"/>
<pin id="129" dir="0" index="1" bw="64" slack="6"/>
<pin id="130" dir="0" index="2" bw="1" slack="6"/>
<pin id="131" dir="0" index="3" bw="32" slack="6"/>
<pin id="132" dir="0" index="4" bw="256" slack="0"/>
<pin id="133" dir="0" index="5" bw="1" slack="0"/>
<pin id="134" dir="1" index="6" bw="0" slack="2147483647"/>
</pin_list>
<bind>
<opcode="call(48) " fcode="call"/>
<opset="call_ln797/7 "/>
</bind>
</comp>

<comp id="138" class="1005" name="blk_strm_reg_138">
<pin_list>
<pin id="139" dir="0" index="0" bw="512" slack="0"/>
<pin id="140" dir="1" index="1" bw="512" slack="0"/>
</pin_list>
<bind>
<opset="blk_strm "/>
</bind>
</comp>

<comp id="144" class="1005" name="nblk_strm_reg_144">
<pin_list>
<pin id="145" dir="0" index="0" bw="64" slack="0"/>
<pin id="146" dir="1" index="1" bw="64" slack="0"/>
</pin_list>
<bind>
<opset="nblk_strm "/>
</bind>
</comp>

<comp id="150" class="1005" name="nblk_strm1_reg_150">
<pin_list>
<pin id="151" dir="0" index="0" bw="64" slack="2"/>
<pin id="152" dir="1" index="1" bw="64" slack="2"/>
</pin_list>
<bind>
<opset="nblk_strm1 "/>
</bind>
</comp>

<comp id="156" class="1005" name="nblk_strm2_reg_156">
<pin_list>
<pin id="157" dir="0" index="0" bw="64" slack="2"/>
<pin id="158" dir="1" index="1" bw="64" slack="2"/>
</pin_list>
<bind>
<opset="nblk_strm2 "/>
</bind>
</comp>

<comp id="162" class="1005" name="end_nblk_strm_reg_162">
<pin_list>
<pin id="163" dir="0" index="0" bw="1" slack="0"/>
<pin id="164" dir="1" index="1" bw="1" slack="0"/>
</pin_list>
<bind>
<opset="end_nblk_strm "/>
</bind>
</comp>

<comp id="168" class="1005" name="end_nblk_strm1_reg_168">
<pin_list>
<pin id="169" dir="0" index="0" bw="1" slack="2"/>
<pin id="170" dir="1" index="1" bw="1" slack="2"/>
</pin_list>
<bind>
<opset="end_nblk_strm1 "/>
</bind>
</comp>

<comp id="174" class="1005" name="end_nblk_strm2_reg_174">
<pin_list>
<pin id="175" dir="0" index="0" bw="1" slack="2"/>
<pin id="176" dir="1" index="1" bw="1" slack="2"/>
</pin_list>
<bind>
<opset="end_nblk_strm2 "/>
</bind>
</comp>

<comp id="180" class="1005" name="w_strm_reg_180">
<pin_list>
<pin id="181" dir="0" index="0" bw="32" slack="4"/>
<pin id="182" dir="1" index="1" bw="32" slack="4"/>
</pin_list>
<bind>
<opset="w_strm "/>
</bind>
</comp>

</comp_list>

<net_list>
<net id="67"><net_src comp="10" pin="0"/><net_sink comp="64" pin=0"/></net>

<net id="71"><net_src comp="10" pin="0"/><net_sink comp="68" pin=0"/></net>

<net id="75"><net_src comp="10" pin="0"/><net_sink comp="72" pin=0"/></net>

<net id="79"><net_src comp="10" pin="0"/><net_sink comp="76" pin=0"/></net>

<net id="83"><net_src comp="10" pin="0"/><net_sink comp="80" pin=0"/></net>

<net id="87"><net_src comp="10" pin="0"/><net_sink comp="84" pin=0"/></net>

<net id="91"><net_src comp="10" pin="0"/><net_sink comp="88" pin=0"/></net>

<net id="95"><net_src comp="10" pin="0"/><net_sink comp="92" pin=0"/></net>

<net id="105"><net_src comp="12" pin="0"/><net_sink comp="96" pin=0"/></net>

<net id="106"><net_src comp="0" pin="0"/><net_sink comp="96" pin=1"/></net>

<net id="107"><net_src comp="2" pin="0"/><net_sink comp="96" pin=2"/></net>

<net id="108"><net_src comp="4" pin="0"/><net_sink comp="96" pin=3"/></net>

<net id="118"><net_src comp="14" pin="0"/><net_sink comp="109" pin=0"/></net>

<net id="126"><net_src comp="16" pin="0"/><net_sink comp="119" pin=0"/></net>

<net id="135"><net_src comp="18" pin="0"/><net_sink comp="127" pin=0"/></net>

<net id="136"><net_src comp="6" pin="0"/><net_sink comp="127" pin=4"/></net>

<net id="137"><net_src comp="8" pin="0"/><net_sink comp="127" pin=5"/></net>

<net id="141"><net_src comp="64" pin="1"/><net_sink comp="138" pin=0"/></net>

<net id="142"><net_src comp="138" pin="1"/><net_sink comp="96" pin=4"/></net>

<net id="143"><net_src comp="138" pin="1"/><net_sink comp="119" pin=1"/></net>

<net id="147"><net_src comp="68" pin="1"/><net_sink comp="144" pin=0"/></net>

<net id="148"><net_src comp="144" pin="1"/><net_sink comp="96" pin=5"/></net>

<net id="149"><net_src comp="144" pin="1"/><net_sink comp="109" pin=1"/></net>

<net id="153"><net_src comp="72" pin="1"/><net_sink comp="150" pin=0"/></net>

<net id="154"><net_src comp="150" pin="1"/><net_sink comp="109" pin=3"/></net>

<net id="155"><net_src comp="150" pin="1"/><net_sink comp="119" pin=2"/></net>

<net id="159"><net_src comp="76" pin="1"/><net_sink comp="156" pin=0"/></net>

<net id="160"><net_src comp="156" pin="1"/><net_sink comp="109" pin=5"/></net>

<net id="161"><net_src comp="156" pin="1"/><net_sink comp="127" pin=1"/></net>

<net id="165"><net_src comp="80" pin="1"/><net_sink comp="162" pin=0"/></net>

<net id="166"><net_src comp="162" pin="1"/><net_sink comp="96" pin=6"/></net>

<net id="167"><net_src comp="162" pin="1"/><net_sink comp="109" pin=2"/></net>

<net id="171"><net_src comp="84" pin="1"/><net_sink comp="168" pin=0"/></net>

<net id="172"><net_src comp="168" pin="1"/><net_sink comp="109" pin=4"/></net>

<net id="173"><net_src comp="168" pin="1"/><net_sink comp="119" pin=3"/></net>

<net id="177"><net_src comp="88" pin="1"/><net_sink comp="174" pin=0"/></net>

<net id="178"><net_src comp="174" pin="1"/><net_sink comp="109" pin=6"/></net>

<net id="179"><net_src comp="174" pin="1"/><net_sink comp="127" pin=2"/></net>

<net id="183"><net_src comp="92" pin="1"/><net_sink comp="180" pin=0"/></net>

<net id="184"><net_src comp="180" pin="1"/><net_sink comp="119" pin=4"/></net>

<net id="185"><net_src comp="180" pin="1"/><net_sink comp="127" pin=3"/></net>

</net_list>

</model> 
---------------- Datapath Model END ------------------

* FSMD analyzer results:
  - Output states:
	Port: hshStrm | {7 8 }
	Port: eHshStrm | {7 8 }
 - Input state : 
	Port: sha256_top<32, 256> : mergeKopadStrm | {1 2 }
	Port: sha256_top<32, 256> : mergeKopadLenStrm | {1 2 }
	Port: sha256_top<32, 256> : eMergeKopadLenStrm | {1 2 }
  - Chain level:
	State 1
		call_ln786 : 1
	State 2
	State 3
	State 4
	State 5
	State 6
	State 7
	State 8


============================================================
+ Verbose Summary: Datapath Resource usage 
============================================================

* Functional unit list:
|----------|--------------------------------|---------|---------|---------|---------|
| Operation|         Functional Unit        |   DSP   |  Delay  |    FF   |   LUT   |
|----------|--------------------------------|---------|---------|---------|---------|
|          |     grp_preProcessing_fu_96    |    0    | 11.3546 |   3712  |   438   |
|   call   |       grp_dup_strm_fu_109      |    0    |    0    |    3    |    0    |
|          | grp_generateMsgSchedule_fu_119 |    1    |   7.94  |   3974  |   496   |
|          |  grp_sha256Digest_256_s_fu_127 |    4    |  38.112 |   4370  |   1420  |
|----------|--------------------------------|---------|---------|---------|---------|
|   Total  |                                |    5    | 57.4066 |  12059  |   2354  |
|----------|--------------------------------|---------|---------|---------|---------|

Memories:
N/A

* Register list:
+----------------------+--------+
|                      |   FF   |
+----------------------+--------+
|   blk_strm_reg_138   |   512  |
|end_nblk_strm1_reg_168|    1   |
|end_nblk_strm2_reg_174|    1   |
| end_nblk_strm_reg_162|    1   |
|  nblk_strm1_reg_150  |   64   |
|  nblk_strm2_reg_156  |   64   |
|   nblk_strm_reg_144  |   64   |
|    w_strm_reg_180    |   32   |
+----------------------+--------+
|         Total        |   739  |
+----------------------+--------+

* Multiplexer (MUX) list: 
|--------|------|------|------|--------|
|  Comp  |  Pin | Size |  BW  | S x BW |
|--------|------|------|------|--------|
|  Total |      |      |      |    0   |
|--------|------|------|------|--------|



* Summary:
+-----------+--------+--------+--------+--------+
|           |   DSP  |  Delay |   FF   |   LUT  |
+-----------+--------+--------+--------+--------+
|  Function |    5   |   57   |  12059 |  2354  |
|   Memory  |    -   |    -   |    -   |    -   |
|Multiplexer|    -   |    -   |    -   |    -   |
|  Register |    -   |    -   |   739  |    -   |
+-----------+--------+--------+--------+--------+
|   Total   |    5   |   57   |  12798 |  2354  |
+-----------+--------+--------+--------+--------+
