********************************
   Testing hmac+SHA256 on HLS project   
********************************
key = key00000000000000000000000000000   len=32
0x3079656b0x303030300x303030300x303030300x303030300x303030300x303030300x30303030
msg = The quick brown fox jumps over the lazy dog. Its hmac is 80070713463e7749b90c2dc   len=50
0x206568540x636975710x7262206b0x206e776f0x20786f660x706d756a0x766f20730x742072650x6c2065680x20797a610x2e676f640x737449200x616d68200x736920630x303038200x313730370x333634330x343737650x303962390x63643263
key = key00000000000000000000000000000   len=20
0x3079656b0x303030300x303030300x303030300x303030300x303030300x303030300x30303030
msg = The quick brown fox jumps over the lazy dog. Its hmac is 80070713463e7749b90c2dc2   len=51
0x206568540x636975710x7262206b0x206e776f0x20786f660x706d756a0x766f20730x742072650x6c2065680x20797a610x2e676f640x737449200x616d68200x736920630x303038200x313730370x333634330x343737650x303962390x636432630x32
output:   
cfe02059a070abd71b5f41f0d06bf644975c061095ca363608957f3ceb112688
output:   
21e10b27d582d0103c3e07972d9ea5a9029520f328360922e72f02219bafb260

PASS: 2 inputs verified, no error found.
INFO [HLS SIM]: The maximum depth reached by any hls::stream() instance in the design is 384

D:\hlstrack\hlstrack2025-master\security\L1\tests\hmac\sha256\hmac_sha256_test.prj\solution1\sim\verilog>set PATH= 

D:\hlstrack\hlstrack2025-master\security\L1\tests\hmac\sha256\hmac_sha256_test.prj\solution1\sim\verilog>call T:/Xilinx/Vivado/2024.2/bin/xelab xil_defaultlib.apatb_test_hmac_sha256_top glbl -Oenable_linking_all_libraries  -prj test_hmac_sha256.prj -L smartconnect_v1_0 -L axi_protocol_checker_v1_1_12 -L axi_protocol_checker_v1_1_13 -L axis_protocol_checker_v1_1_11 -L axis_protocol_checker_v1_1_12 -L xil_defaultlib -L unisims_ver -L xpm  -L floating_point_v7_0_24 -L floating_point_v7_1_19 --lib "ieee_proposed=./ieee_proposed" -s test_hmac_sha256  
Vivado Simulator v2024.2.0
Copyright 1986-2022 Xilinx, Inc. All Rights Reserved.
Copyright 2022-2024 Advanced Micro Devices, Inc. All Rights Reserved.
Running: T:/Xilinx/Vivado/2024.2/bin/unwrapped/win64.o/xelab.exe xil_defaultlib.apatb_test_hmac_sha256_top glbl -Oenable_linking_all_libraries -prj test_hmac_sha256.prj -L smartconnect_v1_0 -L axi_protocol_checker_v1_1_12 -L axi_protocol_checker_v1_1_13 -L axis_protocol_checker_v1_1_11 -L axis_protocol_checker_v1_1_12 -L xil_defaultlib -L unisims_ver -L xpm -L floating_point_v7_0_24 -L floating_point_v7_1_19 --lib ieee_proposed=./ieee_proposed -s test_hmac_sha256 
Multi-threading is on. Using 14 slave threads.
INFO: [VRFC 10-2263] Analyzing SystemVerilog file "D:/hlstrack/hlstrack2025-master/security/L1/tests/hmac/sha256/hmac_sha256_test.prj/solution1/sim/verilog/glbl.v" into library work
INFO: [VRFC 10-311] analyzing module glbl
INFO: [VRFC 10-2263] Analyzing SystemVerilog file "D:/hlstrack/hlstrack2025-master/security/L1/tests/hmac/sha256/hmac_sha256_test.prj/solution1/sim/verilog/AESL_autofifo_eHshStrm.v" into library xil_defaultlib
INFO: [VRFC 10-311] analyzing module AESL_autofifo_eHshStrm
INFO: [VRFC 10-2263] Analyzing SystemVerilog file "D:/hlstrack/hlstrack2025-master/security/L1/tests/hmac/sha256/hmac_sha256_test.prj/solution1/sim/verilog/AESL_autofifo_eLenStrm.v" into library xil_defaultlib
INFO: [VRFC 10-311] analyzing module AESL_autofifo_eLenStrm
INFO: [VRFC 10-2263] Analyzing SystemVerilog file "D:/hlstrack/hlstrack2025-master/security/L1/tests/hmac/sha256/hmac_sha256_test.prj/solution1/sim/verilog/AESL_autofifo_hshStrm.v" into library xil_defaultlib
INFO: [VRFC 10-311] analyzing module AESL_autofifo_hshStrm
INFO: [VRFC 10-2263] Analyzing SystemVerilog file "D:/hlstrack/hlstrack2025-master/security/L1/tests/hmac/sha256/hmac_sha256_test.prj/solution1/sim/verilog/AESL_autofifo_keyStrm.v" into library xil_defaultlib
INFO: [VRFC 10-311] analyzing module AESL_autofifo_keyStrm
INFO: [VRFC 10-2263] Analyzing SystemVerilog file "D:/hlstrack/hlstrack2025-master/security/L1/tests/hmac/sha256/hmac_sha256_test.prj/solution1/sim/verilog/AESL_autofifo_lenStrm.v" into library xil_defaultlib
INFO: [VRFC 10-311] analyzing module AESL_autofifo_lenStrm
INFO: [VRFC 10-2263] Analyzing SystemVerilog file "D:/hlstrack/hlstrack2025-master/security/L1/tests/hmac/sha256/hmac_sha256_test.prj/solution1/sim/verilog/AESL_autofifo_msgStrm.v" into library xil_defaultlib
INFO: [VRFC 10-311] analyzing module AESL_autofifo_msgStrm
INFO: [VRFC 10-2263] Analyzing SystemVerilog file "D:/hlstrack/hlstrack2025-master/security/L1/tests/hmac/sha256/hmac_sha256_test.prj/solution1/sim/verilog/AESL_deadlock_detection_unit.v" into library xil_defaultlib
INFO: [VRFC 10-311] analyzing module AESL_deadlock_detect_unit
INFO: [VRFC 10-2263] Analyzing SystemVerilog file "D:/hlstrack/hlstrack2025-master/security/L1/tests/hmac/sha256/hmac_sha256_test.prj/solution1/sim/verilog/AESL_deadlock_detector.v" into library xil_defaultlib
INFO: [VRFC 10-311] analyzing module AESL_deadlock_detector
INFO: [VRFC 10-2263] Analyzing SystemVerilog file "D:/hlstrack/hlstrack2025-master/security/L1/tests/hmac/sha256/hmac_sha256_test.prj/solution1/sim/verilog/AESL_deadlock_report_unit.v" into library xil_defaultlib
INFO: [VRFC 10-311] analyzing module AESL_deadlock_report_unit
INFO: [VRFC 10-2263] Analyzing SystemVerilog file "D:/hlstrack/hlstrack2025-master/security/L1/tests/hmac/sha256/hmac_sha256_test.prj/solution1/sim/verilog/test_hmac_sha256.autotb.v" into library xil_defaultlib
INFO: [VRFC 10-311] analyzing module apatb_test_hmac_sha256_top
INFO: [VRFC 10-2263] Analyzing SystemVerilog file "D:/hlstrack/hlstrack2025-master/security/L1/tests/hmac/sha256/hmac_sha256_test.prj/solution1/sim/verilog/test_hmac_sha256.v" into library xil_defaultlib
INFO: [VRFC 10-311] analyzing module test_hmac_sha256
INFO: [VRFC 10-2263] Analyzing SystemVerilog file "D:/hlstrack/hlstrack2025-master/security/L1/tests/hmac/sha256/hmac_sha256_test.prj/solution1/sim/verilog/test_hmac_sha256_dup_strm.v" into library xil_defaultlib
INFO: [VRFC 10-311] analyzing module test_hmac_sha256_dup_strm
INFO: [VRFC 10-2263] Analyzing SystemVerilog file "D:/hlstrack/hlstrack2025-master/security/L1/tests/hmac/sha256/hmac_sha256_test.prj/solution1/sim/verilog/test_hmac_sha256_dup_strm_Pipeline_VITIS_LOOP_506_1.v" into library xil_defaultlib
INFO: [VRFC 10-311] analyzing module test_hmac_sha256_dup_strm_Pipeline_VITIS_LOOP_506_1
INFO: [VRFC 10-2263] Analyzing SystemVerilog file "D:/hlstrack/hlstrack2025-master/security/L1/tests/hmac/sha256/hmac_sha256_test.prj/solution1/sim/verilog/test_hmac_sha256_fifo_w1_d32_D.v" into library xil_defaultlib
INFO: [VRFC 10-311] analyzing module test_hmac_sha256_fifo_w1_d32_D
INFO: [VRFC 10-311] analyzing module test_hmac_sha256_fifo_w1_d32_D_ram
INFO: [VRFC 10-2263] Analyzing SystemVerilog file "D:/hlstrack/hlstrack2025-master/security/L1/tests/hmac/sha256/hmac_sha256_test.prj/solution1/sim/verilog/test_hmac_sha256_fifo_w1_d4_D.v" into library xil_defaultlib
INFO: [VRFC 10-311] analyzing module test_hmac_sha256_fifo_w1_d4_D
INFO: [VRFC 10-311] analyzing module test_hmac_sha256_fifo_w1_d4_D_ram
INFO: [VRFC 10-2263] Analyzing SystemVerilog file "D:/hlstrack/hlstrack2025-master/security/L1/tests/hmac/sha256/hmac_sha256_test.prj/solution1/sim/verilog/test_hmac_sha256_fifo_w1_d4_D_x.v" into library xil_defaultlib
INFO: [VRFC 10-311] analyzing module test_hmac_sha256_fifo_w1_d4_D_x
INFO: [VRFC 10-311] analyzing module test_hmac_sha256_fifo_w1_d4_D_x_ram
INFO: [VRFC 10-2263] Analyzing SystemVerilog file "D:/hlstrack/hlstrack2025-master/security/L1/tests/hmac/sha256/hmac_sha256_test.prj/solution1/sim/verilog/test_hmac_sha256_fifo_w1_d4_D_x0.v" into library xil_defaultlib
INFO: [VRFC 10-311] analyzing module test_hmac_sha256_fifo_w1_d4_D_x0
INFO: [VRFC 10-311] analyzing module test_hmac_sha256_fifo_w1_d4_D_x0_ram
INFO: [VRFC 10-2263] Analyzing SystemVerilog file "D:/hlstrack/hlstrack2025-master/security/L1/tests/hmac/sha256/hmac_sha256_test.prj/solution1/sim/verilog/test_hmac_sha256_fifo_w256_d4_D.v" into library xil_defaultlib
INFO: [VRFC 10-311] analyzing module test_hmac_sha256_fifo_w256_d4_D
INFO: [VRFC 10-311] analyzing module test_hmac_sha256_fifo_w256_d4_D_ram
INFO: [VRFC 10-2263] Analyzing SystemVerilog file "D:/hlstrack/hlstrack2025-master/security/L1/tests/hmac/sha256/hmac_sha256_test.prj/solution1/sim/verilog/test_hmac_sha256_fifo_w32_d128_B.v" into library xil_defaultlib
INFO: [VRFC 10-311] analyzing module test_hmac_sha256_fifo_w32_d128_B
INFO: [VRFC 10-311] analyzing module test_hmac_sha256_fifo_w32_d128_B_ram
INFO: [VRFC 10-2263] Analyzing SystemVerilog file "D:/hlstrack/hlstrack2025-master/security/L1/tests/hmac/sha256/hmac_sha256_test.prj/solution1/sim/verilog/test_hmac_sha256_fifo_w32_d32_D.v" into library xil_defaultlib
INFO: [VRFC 10-311] analyzing module test_hmac_sha256_fifo_w32_d32_D
INFO: [VRFC 10-311] analyzing module test_hmac_sha256_fifo_w32_d32_D_ram
INFO: [VRFC 10-2263] Analyzing SystemVerilog file "D:/hlstrack/hlstrack2025-master/security/L1/tests/hmac/sha256/hmac_sha256_test.prj/solution1/sim/verilog/test_hmac_sha256_fifo_w32_d4_D.v" into library xil_defaultlib
INFO: [VRFC 10-311] analyzing module test_hmac_sha256_fifo_w32_d4_D
INFO: [VRFC 10-311] analyzing module test_hmac_sha256_fifo_w32_d4_D_ram
INFO: [VRFC 10-2263] Analyzing SystemVerilog file "D:/hlstrack/hlstrack2025-master/security/L1/tests/hmac/sha256/hmac_sha256_test.prj/solution1/sim/verilog/test_hmac_sha256_fifo_w512_d32_D.v" into library xil_defaultlib
INFO: [VRFC 10-311] analyzing module test_hmac_sha256_fifo_w512_d32_D
INFO: [VRFC 10-311] analyzing module test_hmac_sha256_fifo_w512_d32_D_ram
INFO: [VRFC 10-2263] Analyzing SystemVerilog file "D:/hlstrack/hlstrack2025-master/security/L1/tests/hmac/sha256/hmac_sha256_test.prj/solution1/sim/verilog/test_hmac_sha256_fifo_w512_d4_D.v" into library xil_defaultlib
INFO: [VRFC 10-311] analyzing module test_hmac_sha256_fifo_w512_d4_D
INFO: [VRFC 10-311] analyzing module test_hmac_sha256_fifo_w512_d4_D_ram
INFO: [VRFC 10-2263] Analyzing SystemVerilog file "D:/hlstrack/hlstrack2025-master/security/L1/tests/hmac/sha256/hmac_sha256_test.prj/solution1/sim/verilog/test_hmac_sha256_fifo_w64_d32_D.v" into library xil_defaultlib
INFO: [VRFC 10-311] analyzing module test_hmac_sha256_fifo_w64_d32_D
INFO: [VRFC 10-311] analyzing module test_hmac_sha256_fifo_w64_d32_D_ram
INFO: [VRFC 10-2263] Analyzing SystemVerilog file "D:/hlstrack/hlstrack2025-master/security/L1/tests/hmac/sha256/hmac_sha256_test.prj/solution1/sim/verilog/test_hmac_sha256_fifo_w64_d4_D.v" into library xil_defaultlib
INFO: [VRFC 10-311] analyzing module test_hmac_sha256_fifo_w64_d4_D
INFO: [VRFC 10-311] analyzing module test_hmac_sha256_fifo_w64_d4_D_ram
INFO: [VRFC 10-2263] Analyzing SystemVerilog file "D:/hlstrack/hlstrack2025-master/security/L1/tests/hmac/sha256/hmac_sha256_test.prj/solution1/sim/verilog/test_hmac_sha256_fifo_w64_d4_D_x.v" into library xil_defaultlib
INFO: [VRFC 10-311] analyzing module test_hmac_sha256_fifo_w64_d4_D_x
INFO: [VRFC 10-311] analyzing module test_hmac_sha256_fifo_w64_d4_D_x_ram
INFO: [VRFC 10-2263] Analyzing SystemVerilog file "D:/hlstrack/hlstrack2025-master/security/L1/tests/hmac/sha256/hmac_sha256_test.prj/solution1/sim/verilog/test_hmac_sha256_flow_control_loop_pipe_sequential_init.v" into library xil_defaultlib
INFO: [VRFC 10-311] analyzing module test_hmac_sha256_flow_control_loop_pipe_sequential_init
INFO: [VRFC 10-2263] Analyzing SystemVerilog file "D:/hlstrack/hlstrack2025-master/security/L1/tests/hmac/sha256/hmac_sha256_test.prj/solution1/sim/verilog/test_hmac_sha256_generateMsgSchedule.v" into library xil_defaultlib
INFO: [VRFC 10-311] analyzing module test_hmac_sha256_generateMsgSchedule
INFO: [VRFC 10-2263] Analyzing SystemVerilog file "D:/hlstrack/hlstrack2025-master/security/L1/tests/hmac/sha256/hmac_sha256_test.prj/solution1/sim/verilog/test_hmac_sha256_generateMsgSchedule_Pipeline_LOOP_SHA256_PREPARE_WT16.v" into library xil_defaultlib
INFO: [VRFC 10-311] analyzing module test_hmac_sha256_generateMsgSchedule_Pipeline_LOOP_SHA256_PREPARE_WT16
INFO: [VRFC 10-2263] Analyzing SystemVerilog file "D:/hlstrack/hlstrack2025-master/security/L1/tests/hmac/sha256/hmac_sha256_test.prj/solution1/sim/verilog/test_hmac_sha256_generateMsgSchedule_Pipeline_LOOP_SHA256_PREPARE_WT64.v" into library xil_defaultlib
INFO: [VRFC 10-311] analyzing module test_hmac_sha256_generateMsgSchedule_Pipeline_LOOP_SHA256_PREPARE_WT64
INFO: [VRFC 10-2263] Analyzing SystemVerilog file "D:/hlstrack/hlstrack2025-master/security/L1/tests/hmac/sha256/hmac_sha256_test.prj/solution1/sim/verilog/test_hmac_sha256_hash.v" into library xil_defaultlib
INFO: [VRFC 10-311] analyzing module test_hmac_sha256_hash
INFO: [VRFC 10-2263] Analyzing SystemVerilog file "D:/hlstrack/hlstrack2025-master/security/L1/tests/hmac/sha256/hmac_sha256_test.prj/solution1/sim/verilog/test_hmac_sha256_hash_1.v" into library xil_defaultlib
INFO: [VRFC 10-311] analyzing module test_hmac_sha256_hash_1
INFO: [VRFC 10-2263] Analyzing SystemVerilog file "D:/hlstrack/hlstrack2025-master/security/L1/tests/hmac/sha256/hmac_sha256_test.prj/solution1/sim/verilog/test_hmac_sha256_hmacDataflow_32_64_256_32_64_sha256_wrapper_s.v" into library xil_defaultlib
INFO: [VRFC 10-311] analyzing module test_hmac_sha256_hmacDataflow_32_64_256_32_64_sha256_wrapper_s
INFO: [VRFC 10-2263] Analyzing SystemVerilog file "D:/hlstrack/hlstrack2025-master/security/L1/tests/hmac/sha256/hmac_sha256_test.prj/solution1/sim/verilog/test_hmac_sha256_kpad_32_64_256_32_64_sha256_wrapper_Pipeline_VITIS_LOOP_120_2.v" into library xil_defaultlib
INFO: [VRFC 10-311] analyzing module test_hmac_sha256_kpad_32_64_256_32_64_sha256_wrapper_Pipeline_VITIS_LOOP_120_2
INFO: [VRFC 10-2263] Analyzing SystemVerilog file "D:/hlstrack/hlstrack2025-master/security/L1/tests/hmac/sha256/hmac_sha256_test.prj/solution1/sim/verilog/test_hmac_sha256_kpad_32_64_256_32_64_sha256_wrapper_s.v" into library xil_defaultlib
INFO: [VRFC 10-311] analyzing module test_hmac_sha256_kpad_32_64_256_32_64_sha256_wrapper_s
INFO: [VRFC 10-2263] Analyzing SystemVerilog file "D:/hlstrack/hlstrack2025-master/security/L1/tests/hmac/sha256/hmac_sha256_test.prj/solution1/sim/verilog/test_hmac_sha256_mergeKipad_32_64_256_64_Pipeline_VITIS_LOOP_162_2.v" into library xil_defaultlib
INFO: [VRFC 10-311] analyzing module test_hmac_sha256_mergeKipad_32_64_256_64_Pipeline_VITIS_LOOP_162_2
INFO: [VRFC 10-2263] Analyzing SystemVerilog file "D:/hlstrack/hlstrack2025-master/security/L1/tests/hmac/sha256/hmac_sha256_test.prj/solution1/sim/verilog/test_hmac_sha256_mergeKipad_32_64_256_64_Pipeline_VITIS_LOOP_171_3.v" into library xil_defaultlib
INFO: [VRFC 10-311] analyzing module test_hmac_sha256_mergeKipad_32_64_256_64_Pipeline_VITIS_LOOP_171_3
INFO: [VRFC 10-2263] Analyzing SystemVerilog file "D:/hlstrack/hlstrack2025-master/security/L1/tests/hmac/sha256/hmac_sha256_test.prj/solution1/sim/verilog/test_hmac_sha256_mergeKipad_32_64_256_64_s.v" into library xil_defaultlib
INFO: [VRFC 10-311] analyzing module test_hmac_sha256_mergeKipad_32_64_256_64_s
INFO: [VRFC 10-2263] Analyzing SystemVerilog file "D:/hlstrack/hlstrack2025-master/security/L1/tests/hmac/sha256/hmac_sha256_test.prj/solution1/sim/verilog/test_hmac_sha256_mergeKopad_32_64_256_32_64_Pipeline_VITIS_LOOP_220_2.v" into library xil_defaultlib
INFO: [VRFC 10-311] analyzing module test_hmac_sha256_mergeKopad_32_64_256_32_64_Pipeline_VITIS_LOOP_220_2
INFO: [VRFC 10-2263] Analyzing SystemVerilog file "D:/hlstrack/hlstrack2025-master/security/L1/tests/hmac/sha256/hmac_sha256_test.prj/solution1/sim/verilog/test_hmac_sha256_mergeKopad_32_64_256_32_64_Pipeline_VITIS_LOOP_226_3.v" into library xil_defaultlib
INFO: [VRFC 10-311] analyzing module test_hmac_sha256_mergeKopad_32_64_256_32_64_Pipeline_VITIS_LOOP_226_3
INFO: [VRFC 10-2263] Analyzing SystemVerilog file "D:/hlstrack/hlstrack2025-master/security/L1/tests/hmac/sha256/hmac_sha256_test.prj/solution1/sim/verilog/test_hmac_sha256_mergeKopad_32_64_256_32_64_s.v" into library xil_defaultlib
INFO: [VRFC 10-311] analyzing module test_hmac_sha256_mergeKopad_32_64_256_32_64_s
INFO: [VRFC 10-2263] Analyzing SystemVerilog file "D:/hlstrack/hlstrack2025-master/security/L1/tests/hmac/sha256/hmac_sha256_test.prj/solution1/sim/verilog/test_hmac_sha256_msgHash_32_64_256_32_64_sha256_wrapper_s.v" into library xil_defaultlib
INFO: [VRFC 10-311] analyzing module test_hmac_sha256_msgHash_32_64_256_32_64_sha256_wrapper_s
INFO: [VRFC 10-2263] Analyzing SystemVerilog file "D:/hlstrack/hlstrack2025-master/security/L1/tests/hmac/sha256/hmac_sha256_test.prj/solution1/sim/verilog/test_hmac_sha256_preProcessing.v" into library xil_defaultlib
INFO: [VRFC 10-311] analyzing module test_hmac_sha256_preProcessing
INFO: [VRFC 10-2263] Analyzing SystemVerilog file "D:/hlstrack/hlstrack2025-master/security/L1/tests/hmac/sha256/hmac_sha256_test.prj/solution1/sim/verilog/test_hmac_sha256_preProcessing_Pipeline_LOOP_SHA256_GEN_COPY_TAIL_AND_ONE.v" into library xil_defaultlib
INFO: [VRFC 10-311] analyzing module test_hmac_sha256_preProcessing_Pipeline_LOOP_SHA256_GEN_COPY_TAIL_AND_ONE
INFO: [VRFC 10-2263] Analyzing SystemVerilog file "D:/hlstrack/hlstrack2025-master/security/L1/tests/hmac/sha256/hmac_sha256_test.prj/solution1/sim/verilog/test_hmac_sha256_preProcessing_Pipeline_LOOP_SHA256_GEN_FULL_BLKS.v" into library xil_defaultlib
INFO: [VRFC 10-311] analyzing module test_hmac_sha256_preProcessing_Pipeline_LOOP_SHA256_GEN_FULL_BLKS
INFO: [VRFC 10-2263] Analyzing SystemVerilog file "D:/hlstrack/hlstrack2025-master/security/L1/tests/hmac/sha256/hmac_sha256_test.prj/solution1/sim/verilog/test_hmac_sha256_resHash_32_64_256_32_64_sha256_wrapper_s.v" into library xil_defaultlib
INFO: [VRFC 10-311] analyzing module test_hmac_sha256_resHash_32_64_256_32_64_sha256_wrapper_s
INFO: [VRFC 10-2263] Analyzing SystemVerilog file "D:/hlstrack/hlstrack2025-master/security/L1/tests/hmac/sha256/hmac_sha256_test.prj/solution1/sim/verilog/test_hmac_sha256_sha256Digest_256_Pipeline_LOOP_SHA256_UPDATE_64_ROUNDS.v" into library xil_defaultlib
INFO: [VRFC 10-311] analyzing module test_hmac_sha256_sha256Digest_256_Pipeline_LOOP_SHA256_UPDATE_64_ROUNDS
INFO: [VRFC 10-2263] Analyzing SystemVerilog file "D:/hlstrack/hlstrack2025-master/security/L1/tests/hmac/sha256/hmac_sha256_test.prj/solution1/sim/verilog/test_hmac_sha256_sha256Digest_256_s.v" into library xil_defaultlib
INFO: [VRFC 10-311] analyzing module test_hmac_sha256_sha256Digest_256_s
INFO: [VRFC 10-2263] Analyzing SystemVerilog file "D:/hlstrack/hlstrack2025-master/security/L1/tests/hmac/sha256/hmac_sha256_test.prj/solution1/sim/verilog/test_hmac_sha256_sha256_top_32_256_s.v" into library xil_defaultlib
INFO: [VRFC 10-311] analyzing module test_hmac_sha256_sha256_top_32_256_s
INFO: [VRFC 10-2263] Analyzing SystemVerilog file "D:/hlstrack/hlstrack2025-master/security/L1/tests/hmac/sha256/hmac_sha256_test.prj/solution1/sim/verilog/test_hmac_sha256_sparsemux_129_6_32_1_1.v" into library xil_defaultlib
INFO: [VRFC 10-311] analyzing module test_hmac_sha256_sparsemux_129_6_32_1_1
INFO: [VRFC 10-2263] Analyzing SystemVerilog file "D:/hlstrack/hlstrack2025-master/security/L1/tests/hmac/sha256/hmac_sha256_test.prj/solution1/sim/verilog/test_hmac_sha256_sparsemux_33_4_32_1_1.v" into library xil_defaultlib
INFO: [VRFC 10-311] analyzing module test_hmac_sha256_sparsemux_33_4_32_1_1
INFO: [VRFC 10-2263] Analyzing SystemVerilog file "D:/hlstrack/hlstrack2025-master/security/L1/tests/hmac/sha256/hmac_sha256_test.prj/solution1/sim/verilog/test_hmac_sha256_start_for_dup_strm_U0.v" into library xil_defaultlib
INFO: [VRFC 10-311] analyzing module test_hmac_sha256_start_for_dup_strm_U0
INFO: [VRFC 10-311] analyzing module test_hmac_sha256_start_for_dup_strm_U0_ShiftReg
INFO: [VRFC 10-2263] Analyzing SystemVerilog file "D:/hlstrack/hlstrack2025-master/security/L1/tests/hmac/sha256/hmac_sha256_test.prj/solution1/sim/verilog/test_hmac_sha256_start_for_generateMsgSchedule_U0.v" into library xil_defaultlib
INFO: [VRFC 10-311] analyzing module test_hmac_sha256_start_for_generateMsgSchedule_U0
INFO: [VRFC 10-311] analyzing module test_hmac_sha256_start_for_generateMsgSchedule_U0_ShiftReg
INFO: [VRFC 10-2263] Analyzing SystemVerilog file "D:/hlstrack/hlstrack2025-master/security/L1/tests/hmac/sha256/hmac_sha256_test.prj/solution1/sim/verilog/test_hmac_sha256_start_for_hash_1_U0.v" into library xil_defaultlib
INFO: [VRFC 10-311] analyzing module test_hmac_sha256_start_for_hash_1_U0
INFO: [VRFC 10-311] analyzing module test_hmac_sha256_start_for_hash_1_U0_ShiftReg
INFO: [VRFC 10-2263] Analyzing SystemVerilog file "D:/hlstrack/hlstrack2025-master/security/L1/tests/hmac/sha256/hmac_sha256_test.prj/solution1/sim/verilog/test_hmac_sha256_start_for_hash_U0.v" into library xil_defaultlib
INFO: [VRFC 10-311] analyzing module test_hmac_sha256_start_for_hash_U0
INFO: [VRFC 10-311] analyzing module test_hmac_sha256_start_for_hash_U0_ShiftReg
INFO: [VRFC 10-2263] Analyzing SystemVerilog file "D:/hlstrack/hlstrack2025-master/security/L1/tests/hmac/sha256/hmac_sha256_test.prj/solution1/sim/verilog/test_hmac_sha256_start_for_msgHash_32_64_256_32_64_sha256_wrapper_U0.v" into library xil_defaultlib
INFO: [VRFC 10-311] analyzing module test_hmac_sha256_start_for_msgHash_32_64_256_32_64_sha256_wrapper_U0
INFO: [VRFC 10-311] analyzing module test_hmac_sha256_start_for_msgHash_32_64_256_32_64_sha256_wrapper_U0_ShiftReg
INFO: [VRFC 10-2263] Analyzing SystemVerilog file "D:/hlstrack/hlstrack2025-master/security/L1/tests/hmac/sha256/hmac_sha256_test.prj/solution1/sim/verilog/test_hmac_sha256_start_for_resHash_32_64_256_32_64_sha256_wrapper_U0.v" into library xil_defaultlib
INFO: [VRFC 10-311] analyzing module test_hmac_sha256_start_for_resHash_32_64_256_32_64_sha256_wrapper_U0
INFO: [VRFC 10-311] analyzing module test_hmac_sha256_start_for_resHash_32_64_256_32_64_sha256_wrapper_U0_ShiftReg
INFO: [VRFC 10-2263] Analyzing SystemVerilog file "D:/hlstrack/hlstrack2025-master/security/L1/tests/hmac/sha256/hmac_sha256_test.prj/solution1/sim/verilog/test_hmac_sha256_start_for_sha256Digest_256_U0.v" into library xil_defaultlib
INFO: [VRFC 10-311] analyzing module test_hmac_sha256_start_for_sha256Digest_256_U0
INFO: [VRFC 10-311] analyzing module test_hmac_sha256_start_for_sha256Digest_256_U0_ShiftReg
INFO: [VRFC 10-2263] Analyzing SystemVerilog file "D:/hlstrack/hlstrack2025-master/security/L1/tests/hmac/sha256/hmac_sha256_test.prj/solution1/sim/verilog/dataflow_monitor.sv" into library xil_defaultlib
INFO: [VRFC 10-311] analyzing module dataflow_monitor
Starting static elaboration
Pass Through NonSizing Optimizer
Completed static elaboration
Starting simulation data flow analysis
Completed simulation data flow analysis
Time Resolution for simulation is 1ps
Compiling package xil_defaultlib.$unit_dataflow_monitor_sv
Compiling module xil_defaultlib.test_hmac_sha256_flow_control_lo...
Compiling module xil_defaultlib.test_hmac_sha256_kpad_32_64_256_...
Compiling module xil_defaultlib.test_hmac_sha256_kpad_32_64_256_...
Compiling module xil_defaultlib.test_hmac_sha256_mergeKipad_32_6...
Compiling module xil_defaultlib.test_hmac_sha256_mergeKipad_32_6...
Compiling module xil_defaultlib.test_hmac_sha256_mergeKipad_32_6...
Compiling module xil_defaultlib.test_hmac_sha256_preProcessing_P...
Compiling module xil_defaultlib.test_hmac_sha256_preProcessing_P...
Compiling module xil_defaultlib.test_hmac_sha256_preProcessing
Compiling module xil_defaultlib.test_hmac_sha256_dup_strm_Pipeli...
Compiling module xil_defaultlib.test_hmac_sha256_dup_strm
Compiling module xil_defaultlib.test_hmac_sha256_sparsemux_33_4_...
Compiling module xil_defaultlib.test_hmac_sha256_generateMsgSche...
Compiling module xil_defaultlib.test_hmac_sha256_generateMsgSche...
Compiling module xil_defaultlib.test_hmac_sha256_generateMsgSche...
Compiling module xil_defaultlib.test_hmac_sha256_sparsemux_129_6...
Compiling module xil_defaultlib.test_hmac_sha256_sha256Digest_25...
Compiling module xil_defaultlib.test_hmac_sha256_sha256Digest_25...
Compiling module xil_defaultlib.test_hmac_sha256_fifo_w512_d32_D...
Compiling module xil_defaultlib.test_hmac_sha256_fifo_w512_d32_D...
Compiling module xil_defaultlib.test_hmac_sha256_fifo_w64_d32_D_...
Compiling module xil_defaultlib.test_hmac_sha256_fifo_w64_d32_D_...
Compiling module xil_defaultlib.test_hmac_sha256_fifo_w1_d32_D_r...
Compiling module xil_defaultlib.test_hmac_sha256_fifo_w1_d32_D_d...
Compiling module xil_defaultlib.test_hmac_sha256_fifo_w32_d32_D_...
Compiling module xil_defaultlib.test_hmac_sha256_fifo_w32_d32_D_...
Compiling module xil_defaultlib.test_hmac_sha256_start_for_dup_s...
Compiling module xil_defaultlib.test_hmac_sha256_start_for_dup_s...
Compiling module xil_defaultlib.test_hmac_sha256_start_for_gener...
Compiling module xil_defaultlib.test_hmac_sha256_start_for_gener...
Compiling module xil_defaultlib.test_hmac_sha256_start_for_sha25...
Compiling module xil_defaultlib.test_hmac_sha256_start_for_sha25...
Compiling module xil_defaultlib.test_hmac_sha256_sha256_top_32_2...
Compiling module xil_defaultlib.test_hmac_sha256_hash
Compiling module xil_defaultlib.test_hmac_sha256_fifo_w32_d128_B...
Compiling module xil_defaultlib.test_hmac_sha256_fifo_w32_d128_B...
Compiling module xil_defaultlib.test_hmac_sha256_fifo_w64_d4_D_r...
Compiling module xil_defaultlib.test_hmac_sha256_fifo_w64_d4_D_d...
Compiling module xil_defaultlib.test_hmac_sha256_fifo_w1_d4_D_ra...
Compiling module xil_defaultlib.test_hmac_sha256_fifo_w1_d4_D_de...
Compiling module xil_defaultlib.test_hmac_sha256_start_for_hash_...
Compiling module xil_defaultlib.test_hmac_sha256_start_for_hash_...
Compiling module xil_defaultlib.test_hmac_sha256_msgHash_32_64_2...
Compiling module xil_defaultlib.test_hmac_sha256_mergeKopad_32_6...
Compiling module xil_defaultlib.test_hmac_sha256_mergeKopad_32_6...
Compiling module xil_defaultlib.test_hmac_sha256_mergeKopad_32_6...
Compiling module xil_defaultlib.test_hmac_sha256_hash_1
Compiling module xil_defaultlib.test_hmac_sha256_fifo_w32_d4_D_r...
Compiling module xil_defaultlib.test_hmac_sha256_fifo_w32_d4_D_d...
Compiling module xil_defaultlib.test_hmac_sha256_fifo_w64_d4_D_x...
Compiling module xil_defaultlib.test_hmac_sha256_fifo_w64_d4_D_x...
Compiling module xil_defaultlib.test_hmac_sha256_fifo_w1_d4_D_x_...
Compiling module xil_defaultlib.test_hmac_sha256_fifo_w1_d4_D_x_...
Compiling module xil_defaultlib.test_hmac_sha256_start_for_hash_...
Compiling module xil_defaultlib.test_hmac_sha256_start_for_hash_...
Compiling module xil_defaultlib.test_hmac_sha256_resHash_32_64_2...
Compiling module xil_defaultlib.test_hmac_sha256_fifo_w512_d4_D_...
Compiling module xil_defaultlib.test_hmac_sha256_fifo_w512_d4_D_...
Compiling module xil_defaultlib.test_hmac_sha256_fifo_w1_d4_D_x0...
Compiling module xil_defaultlib.test_hmac_sha256_fifo_w1_d4_D_x0...
Compiling module xil_defaultlib.test_hmac_sha256_fifo_w256_d4_D_...
Compiling module xil_defaultlib.test_hmac_sha256_fifo_w256_d4_D_...
Compiling module xil_defaultlib.test_hmac_sha256_start_for_msgHa...
Compiling module xil_defaultlib.test_hmac_sha256_start_for_msgHa...
Compiling module xil_defaultlib.test_hmac_sha256_start_for_resHa...
Compiling module xil_defaultlib.test_hmac_sha256_start_for_resHa...
Compiling module xil_defaultlib.test_hmac_sha256_hmacDataflow_32...
Compiling module xil_defaultlib.test_hmac_sha256
Compiling module xil_defaultlib.AESL_autofifo_keyStrm
Compiling module xil_defaultlib.AESL_autofifo_msgStrm
Compiling module xil_defaultlib.AESL_autofifo_lenStrm
Compiling module xil_defaultlib.AESL_autofifo_eLenStrm
Compiling module xil_defaultlib.AESL_autofifo_hshStrm
Compiling module xil_defaultlib.AESL_autofifo_eHshStrm
Compiling module xil_defaultlib.AESL_deadlock_detect_unit(PROC_N...
Compiling module xil_defaultlib.AESL_deadlock_detect_unit(PROC_N...
Compiling module xil_defaultlib.AESL_deadlock_detect_unit(PROC_N...
Compiling module xil_defaultlib.AESL_deadlock_detect_unit(PROC_N...
Compiling module xil_defaultlib.AESL_deadlock_detect_unit(PROC_N...
Compiling module xil_defaultlib.AESL_deadlock_detect_unit(PROC_N...
Compiling module xil_defaultlib.AESL_deadlock_detect_unit(PROC_N...
Compiling module xil_defaultlib.AESL_deadlock_detect_unit(PROC_N...
Compiling module xil_defaultlib.AESL_deadlock_detect_unit(PROC_N...
Compiling module xil_defaultlib.AESL_deadlock_detect_unit(PROC_N...
Compiling module xil_defaultlib.AESL_deadlock_detect_unit(PROC_N...
Compiling module xil_defaultlib.AESL_deadlock_detect_unit(PROC_N...
Compiling module xil_defaultlib.AESL_deadlock_detect_unit(PROC_N...
Compiling module xil_defaultlib.AESL_deadlock_detect_unit(PROC_N...
Compiling module xil_defaultlib.AESL_deadlock_detect_unit(PROC_N...
Compiling module xil_defaultlib.AESL_deadlock_report_unit(PROC_N...
Compiling module xil_defaultlib.AESL_deadlock_detector_2
Compiling module xil_defaultlib.df_fifo_intf_default
Compiling module xil_defaultlib.df_process_intf_default
Compiling module xil_defaultlib.nodf_module_intf_default
Compiling module xil_defaultlib.seq_loop_intf(FSM_WIDTH=5)
Compiling module xil_defaultlib.seq_loop_intf(FSM_WIDTH=7)
Compiling module xil_defaultlib.seq_loop_intf(FSM_WIDTH=23)
Compiling module xil_defaultlib.seq_loop_intf(FSM_WIDTH=6)
Compiling module xil_defaultlib.upc_loop_intf(FSM_WIDTH=1)
Compiling module xil_defaultlib.upc_loop_intf(FSM_WIDTH=16)
Compiling module xil_defaultlib.dataflow_monitor_1
Compiling module xil_defaultlib.apatb_test_hmac_sha256_top
Compiling module work.glbl
Built simulation snapshot test_hmac_sha256

****** xsim v2024.2 (64-bit)
  **** SW Build 5239630 on Fri Nov 08 22:35:27 MST 2024
  **** IP Build 5239520 on Sun Nov 10 16:12:51 MST 2024
  **** SharedData Build 5239561 on Fri Nov 08 14:39:27 MST 2024
  **** Start of session at: Tue Oct 21 20:20:33 2025
    ** Copyright 1986-2022 Xilinx, Inc. All Rights Reserved.
    ** Copyright 2022-2024 Advanced Micro Devices, Inc. All Rights Reserved.

source xsim.dir/test_hmac_sha256/xsim_script.tcl
# xsim {test_hmac_sha256} -autoloadwcfg -tclbatch {test_hmac_sha256.tcl}
Time resolution is 1 ps
source test_hmac_sha256.tcl
## run all
////////////////////////////////////////////////////////////////////////////////////
// Inter-Transaction Progress: Completed Transaction / Total Transaction
// Intra-Transaction Progress: Measured Latency / Latency Estimation * 100%
//
// RTL Simulation : "Inter-Transaction Progress" ["Intra-Transaction Progress"] @ "Simulation Time"
////////////////////////////////////////////////////////////////////////////////////
// RTL Simulation : 0 / 1 [n/a] @ "143000"
// RTL Simulation : 1 / 1 [n/a] @ "12308000"
////////////////////////////////////////////////////////////////////////////////////
$finish called at time : 12397500 ps : File "D:/hlstrack/hlstrack2025-master/security/L1/tests/hmac/sha256/hmac_sha256_test.prj/solution1/sim/verilog/test_hmac_sha256.autotb.v" Line 490
## quit
INFO: [Common 17-206] Exiting xsim at Tue Oct 21 20:20:37 2025...
********************************
   Testing hmac+SHA256 on HLS project   
********************************
key = key00000000000000000000000000000   len=32
0x3079656b0x303030300x303030300x303030300x303030300x303030300x303030300x30303030
msg = The quick brown fox jumps over the lazy dog. Its hmac is 80070713463e7749b90c2dc   len=50
0x206568540x636975710x7262206b0x206e776f0x20786f660x706d756a0x766f20730x742072650x6c2065680x20797a610x2e676f640x737449200x616d68200x736920630x303038200x313730370x333634330x343737650x303962390x63643263
key = key00000000000000000000000000000   len=20
0x3079656b0x303030300x303030300x303030300x303030300x303030300x303030300x30303030
msg = The quick brown fox jumps over the lazy dog. Its hmac is 80070713463e7749b90c2dc2   len=51
0x206568540x636975710x7262206b0x206e776f0x20786f660x706d756a0x766f20730x742072650x6c2065680x20797a610x2e676f640x737449200x616d68200x736920630x303038200x313730370x333634330x343737650x303962390x636432630x32
output:   
cfe02059a070abd71b5f41f0d06bf644975c061095ca363608957f3ceb112688
output:   
21e10b27d582d0103c3e07972d9ea5a9029520f328360922e72f02219bafb260

PASS: 2 inputs verified, no error found.
INFO [HLS SIM]: The maximum depth reached by any hls::stream() instance in the design is 41
